******************************************************************************
                  TI ARM Linker PC v18.12.1                    
******************************************************************************
>> Linked Thu Apr  4 11:58:13 2019

OUTPUT FILE NAME:   <transceiver_mode.out>
ENTRY POINT SYMBOL: "_c_int00_noargs"  address: 2000c485


MEMORY CONFIGURATION

         name            origin    length      used     unused   attr    fill
----------------------  --------  ---------  --------  --------  ----  --------
  SRAM_CODE             20004000   00013000  0000931e  00009ce2  RW X
  SRAM_DATA             20017000   00019000  00009883  0000f77d  RW X


SEGMENT ALLOCATION MAP

run origin  load origin   length   init length attrs members
----------  ----------- ---------- ----------- ----- -------
20004000    20004000    00009320   00009320    r-x
  20004000    20004000    00000400   00000400    r-- .intvecs
  20004400    20004400    000088aa   000088aa    r-x .text
  2000ccac    2000ccac    000005ec   000005ec    r-- .const
  2000d298    2000d298    00000088   00000088    r-- .cinit
20017000    20017000    00008384   00000000    rw-
  20017000    20017000    00008000   00000000    rw- .sysmem
  2001f000    2001f000    000001eb   00000000    rw- .bss
  2001f1ec    2001f1ec    00000198   00000000    rw- .data
2002eb00    2002eb00    00001500   00000000    rw-
  2002eb00    2002eb00    00001500   00000000    rw- .stack


SECTION ALLOCATION MAP

 output                                  attributes/
section   page    origin      length       input sections
--------  ----  ----------  ----------   ----------------
.intvecs   0    20004000    00000400     
                  20004000    00000400     startup_ccs.obj (.intvecs)

.init_array 
*          0    20004000    00000000     UNINITIALIZED

.text      0    20004400    000088aa     
                  20004400    00001ad8     main.obj (.text)
                  20005ed8    00000a4e     rtsv7M4_T_le_v4SPD16_eabi.lib : _printfi.c.obj (.text:__TI_printfi)
                  20006926    00000002     driverlib.a : interrupt.obj (.text:IntDefaultHandler)
                  20006928    00000590     simplelink.a : driver.obj (.text:_SlDrvMsgRead)
                  20006eb8    000002bc     uart_if.obj (.text)
                  20007174    00000270     rtsv7M4_T_le_v4SPD16_eabi.lib : _printfi.c.obj (.text:_pconv_a)
                  200073e4    0000024c     simplelink.a : driver.obj (.text:_SlDrvRxHdrRead)
                  20007630    000001e4                  : driver.obj (.text:_SlDrvDataReadOp)
                  20007814    000001d0                  : driver.obj (.text:_SlDrvReleasePoolObj)
                  200079e4    000001d0     rtsv7M4_T_le_v4SPD16_eabi.lib : _printfi.c.obj (.text:_pconv_g)
                  20007bb4    000001b6                                   : fd_add_t2.asm.obj (.text)
                  20007d6a    00000002                                   : _lock.c.obj (.text:_nop)
                  20007d6c    000001b4     simplelink.a : driver.obj (.text:_SlDrvDriverCBInit)
                  20007f20    0000019c                  : driver.obj (.text:_SlDrvMsgWrite)
                  200080bc    00000190                  : driver.obj (.text:_SlDrvWaitForPoolObj)
                  2000824c    00000178     driverlib.a : prcm.obj (.text:PRCMCC3200MCUInit)
                  200083c4    00000170     simplelink.a : driver.obj (.text:_SlFindAndSetActiveObj)
                  20008534    00000150                  : driver.obj (.text:_SlDrvDataWriteOp)
                  20008684    00000148                  : cc_pal.obj (.text:spi_Open)
                  200087cc    00000144                  : driver.obj (.text:_SlDrvMsgReadCmdCtx)
                  20008910    0000013c     rtsv7M4_T_le_v4SPD16_eabi.lib : _printfi.c.obj (.text:_pconv_e)
                  20008a4c    00000136                                   : fd_div_t2.asm.obj (.text)
                  20008b82    00000002                                   : div0.asm.obj (.text)
                  20008b84    00000134     simplelink.a : socket.obj (.text:sl_Send)
                  20008cb8    00000130                  : driver.obj (.text:_SlDrvDriverCBDeinit)
                  20008de8    00000124     rtsv7M4_T_le_v4SPD16_eabi.lib : _printfi.c.obj (.text:fcvt)
                  20008f0c    00000110                                   : s_scalbn.c.obj (.text:scalbn)
                  2000901c    00000110                                   : strtoul.c.obj (.text:strtoul)
                  2000912c    00000104     simplelink.a : netapp.obj (.text:_SlDrvNetAppEventHandler)
                  20009230    000000fc     rtsv7M4_T_le_v4SPD16_eabi.lib : fd_mul_t2.asm.obj (.text)
                  2000932c    000000f4                                   : memory.c.obj (.text:aligned_alloc)
                  20009420    000000f0     simplelink.a : device.obj (.text:sl_Stop)
                  20009510    000000f0                  : cc_pal.obj (.text:spi_Read)
                  20009600    000000f0     driverlib.a : udma.obj (.text:uDMAChannelTransferSet)
                  200096f0    000000ec     simplelink.a : device.obj (.text:sl_Start)
                  200097dc    000000e8                  : driver.obj (.text:_SlAsyncEventGenericHandler)
                  200098c4    000000e8                  : driver.obj (.text:_SlDrvMsgReadSpawnCtx)
                  200099ac    000000e8     rtsv7M4_T_le_v4SPD16_eabi.lib : memory.c.obj (.text:free)
                  20009a94    000000e4     simplelink.a : netapp.obj (.text:sl_NetAppMDNSRegisterUnregisterService)
                  20009b78    000000dc                  : driver.obj (.text:_SlDrvClassifyRxMsg)
                  20009c54    000000d8     rtsv7M4_T_le_v4SPD16_eabi.lib : memory.c.obj (.text:realloc)
                  20009d2c    000000d8     simplelink.a : netcfg.obj (.text:sl_NetCfgGet)
                  20009e04    000000cc                  : netapp.obj (.text:_sl_HandleAsync_DnsGetHostByService)
                  20009ed0    000000cc                  : device.obj (.text:sl_DevGet)
                  20009f9c    000000c4                  : driver.obj (.text:_SlRemoveFromList)
                  2000a060    000000c0                  : driver.obj (.text:_SlDrvCmdOp)
                  2000a120    000000b1     rtsv7M4_T_le_v4SPD16_eabi.lib : _printfi.c.obj (.text:_ltostr)
                  2000a1d1    00000003     --HOLE-- [fill = 0]
                  2000a1d4    000000b0     simplelink.a : nonos.obj (.text:_SlNonOsSemGet)
                  2000a284    000000a8     driverlib.a : interrupt.obj (.text:IntDisable)
                  2000a32c    000000a8                 : interrupt.obj (.text:IntEnable)
                  2000a3d4    000000a4     simplelink.a : driver.obj (.text:_SlDriverHandleError)
                  2000a478    000000a0     driverlib.a : spi.obj (.text:SPIConfigSetExpClk)
                  2000a518    000000a0     simplelink.a : socket.obj (.text:sl_Recv)
                  2000a5b8    0000009c     rtsv7M4_T_le_v4SPD16_eabi.lib : memcpy_t2.asm.obj (.text)
                  2000a654    0000009a     simplelink.a : device.obj (.text:_SlDrvDeviceEventHandler)
                  2000a6ee    00000002     --HOLE-- [fill = 0]
                  2000a6f0    00000098                  : netcfg.obj (.text:sl_NetCfgSet)
                  2000a788    00000098                  : socket.obj (.text:sl_SetSockOpt)
                  2000a820    00000098                  : wlan.obj (.text:sl_WlanSet)
                  2000a8b8    00000098                  : cc_pal.obj (.text:spi_Write)
                  2000a950    00000096     rtsv7M4_T_le_v4SPD16_eabi.lib : ull_div_t2.asm.obj (.text)
                  2000a9e6    00000002     --HOLE-- [fill = 0]
                  2000a9e8    00000094     driverlib.a : prcm.obj (.text:PRCMPeripheralClockGet)
                  2000aa7c    00000090     simplelink.a : netapp.obj (.text:_sl_HandleAsync_DnsGetHostByName)
                  2000ab0c    00000090                  : netapp.obj (.text:_sl_HandleAsync_PingResponse)
                  2000ab9c    00000090                  : wlan.obj (.text:sl_WlanPolicySet)
                  2000ac2c    0000008c                  : cc_pal.obj (.text:SetupDMAReceive)
                  2000acb8    0000008c                  : cc_pal.obj (.text:SetupDMASend)
                  2000ad44    0000008c                  : driver.obj (.text:_SlDrvIsTimeoutExpired)
                  2000add0    0000008c                  : device.obj (.text:_sl_HandleAsync_InitComplete)
                  2000ae5c    0000008c                  : socket.obj (.text:sl_Socket)
                  2000aee8    00000088     driverlib.a : pin.obj (.text:PinConfigSet)
                  2000af70    00000086     rtsv7M4_T_le_v4SPD16_eabi.lib : fd_cmp_t2.asm.obj (.text:__aeabi_cdcmple)
                  2000aff6    00000086                                   : fd_cmp_t2.asm.obj (.text:__aeabi_cdrcmple)
                  2000b07c    00000084     simplelink.a : wlan.obj (.text:sl_WlanRxFilterSet)
                  2000b100    00000080                  : socket.obj (.text:_sl_HandleAsync_Connect)
                  2000b180    00000080                  : cc_pal.obj (.text:spi_Read_CPU)
                  2000b200    00000080                  : cc_pal.obj (.text:spi_Write_CPU)
                  2000b280    0000007c     rtsv7M4_T_le_v4SPD16_eabi.lib : memory.c.obj (.text:split)
                  2000b2fc    0000007a                                   : memset_t2.asm.obj (.text)
                  2000b376    00000002     --HOLE-- [fill = 0]
                  2000b378    00000078     simplelink.a : cc_pal.obj (.text:spi_Close)
                  2000b3f0    00000076     driverlib.a : uart.obj (.text:UARTConfigSetExpClk)
                  2000b466    00000002     --HOLE-- [fill = 0]
                  2000b468    00000074     simplelink.a : nonos.obj (.text:_SlNonOsMainLoopTask)
                  2000b4dc    0000006e     rtsv7M4_T_le_v4SPD16_eabi.lib : _printfi.c.obj (.text:_mcpy)
                  2000b54a    00000002     --HOLE-- [fill = 0]
                  2000b54c    0000006c     simplelink.a : driver.obj (.text:_SlDrvCmdSend)
                  2000b5b8    0000006c                  : netapp.obj (.text:_sl_NetAppSendTokenValue)
                  2000b624    00000068     rtsv7M4_T_le_v4SPD16_eabi.lib : copy_decompress_lzss.c.obj (.text:decompress:lzss:__TI_decompress_lzss)
                  2000b68c    00000068     simplelink.a : wlan.obj (.text:sl_WlanRxStatGet)
                  2000b6f4    00000064                  : nonos.obj (.text:_SlNonOsSpawn)
                  2000b758    00000064                  : socket.obj (.text:_sl_HandleAsync_Accept)
                  2000b7bc    00000064     rtsv7M4_T_le_v4SPD16_eabi.lib : s_frexp.c.obj (.text:frexp)
                  2000b820    00000064     simplelink.a : netapp.obj (.text:sl_NetAppMDNSUnRegisterService)
                  2000b884    00000064     driverlib.a : udma.obj (.text:uDMAChannelAttributeDisable)
                  2000b8e8    00000064                 : udma.obj (.text:uDMAChannelAttributeEnable)
                  2000b94c    00000060     simplelink.a : socket.obj (.text:sl_Close)
                  2000b9ac    00000060                  : wlan.obj (.text:sl_WlanProfileDel)
                  2000ba0c    00000060                  : wlan.obj (.text:sl_WlanSetMode)
                  2000ba6c    00000058     driverlib.a : interrupt.obj (.text:IntPendClear)
                  2000bac4    00000058                 : prcm.obj (.text:PRCMPeripheralReset)
                  2000bb1c    00000056     rtsv7M4_T_le_v4SPD16_eabi.lib : _printfi.c.obj (.text:_pconv_f)
                  2000bb72    00000002     --HOLE-- [fill = 0]
                  2000bb74    00000054     driverlib.a : interrupt.obj (.text:IntPrioritySet)
                  2000bbc8    00000054     simplelink.a : driver.obj (.text:_SlDrvRxIrqHandler)
                  2000bc1c    00000054                  : socket.obj (.text:_sl_HandleAsync_Select)
                  2000bc70    00000054     rtsv7M4_T_le_v4SPD16_eabi.lib : ltoa.c.obj (.text:ltoa)
                  2000bcc4    00000052                                   : _printfi.c.obj (.text:_ecpy)
                  2000bd16    00000002     --HOLE-- [fill = 0]
                  2000bd18    00000050     simplelink.a : device.obj (.text:_sl_HandleAsync_Stop)
                  2000bd68    0000004c     driverlib.a : spi.obj (.text:SPIIntEnable)
                  2000bdb4    0000004c                 : spi.obj (.text:SPIIntNumberGet)
                  2000be00    0000004c     simplelink.a : driver.obj (.text:_SlDrvProtectAsyncRespSetting)
                  2000be4c    0000004c     rtsv7M4_T_le_v4SPD16_eabi.lib : atoi.c.obj (.text:atoi)
                  2000be98    0000004c     driverlib.a : udma.obj (.text:uDMAChannelAssign)
                  2000bee4    00000048                 : spi.obj (.text:SPIIntClear)
                  2000bf2c    00000048     simplelink.a : driver.obj (.text:_SlDrvBasicCmd)
                  2000bf74    00000048     rtsv7M4_T_le_v4SPD16_eabi.lib : fd_toi_t2.asm.obj (.text)
                  2000bfbc    00000044     driverlib.a : spi.obj (.text:SPIDmaMaskGet)
                  2000c000    00000044                 : timer.obj (.text:TimerConfigure)
                  2000c044    00000044     simplelink.a : driver.obj (.text:_SlDrvSyncObjWaitTimeout)
                  2000c088    00000044     rtsv7M4_T_le_v4SPD16_eabi.lib : autoinit.c.obj (.text:__TI_auto_init_nobinit_nopinit:__TI_auto_init_nobinit_nopinit)
                  2000c0cc    00000044     simplelink.a : cc_pal.obj (.text:cc_SetupTransfer)
                  2000c110    00000040     driverlib.a : pin.obj (.text:PinModeSet)
                  2000c150    00000040     simplelink.a : socket.obj (.text:_sl_TruncatePayloadByProtocol)
                  2000c190    00000040     rtsv7M4_T_le_v4SPD16_eabi.lib : vsnprintf.c.obj (.text:vsnprintf)
                  2000c1d0    0000003e     simplelink.a : cc_pal.obj (.text:NwpRegisterInterruptHandler)
                  2000c20e    0000003e     rtsv7M4_T_le_v4SPD16_eabi.lib : _printfi.c.obj (.text:_fcpy)
                  2000c24c    0000003c     simplelink.a : netapp.obj (.text:CopyPingResultsToReport)
                  2000c288    0000003c     driverlib.a : prcm.obj (.text:PRCMPeripheralClkEnable)
                  2000c2c4    0000003c     simplelink.a : cc_pal.obj (.text:simplelink_timerA2_start)
                  2000c300    0000003c     driverlib.a : udma.obj (.text:uDMAChannelControlSet)
                  2000c33c    00000038     simplelink.a : cc_pal.obj (.text:NwpPowerOff)
                  2000c374    00000038                  : wlan.obj (.text:sl_WlanDisconnect)
                  2000c3ac    00000038                  : wlan.obj (.text:sl_WlanRxStatStart)
                  2000c3e4    00000038                  : wlan.obj (.text:sl_WlanRxStatStop)
                  2000c41c    00000034     driverlib.a : prcm.obj (.text:PRCMPeripheralStatusGet)
                  2000c450    00000034                 : spi.obj (.text:SPIFIFOLevelSet)
                  2000c484    00000034     rtsv7M4_T_le_v4SPD16_eabi.lib : boot_cortex_m.c.obj (.text:_c_int00_noargs:_c_int00_noargs)
                  2000c4b8    00000030     driverlib.a : uart.obj (.text:UARTDisable)
                  2000c4e8    00000030     rtsv7M4_T_le_v4SPD16_eabi.lib : vsnprintf.c.obj (.text:_outs)
                  2000c518    0000002e                                   : i_tofd_t2.asm.obj (.text)
                  2000c546    00000002     --HOLE-- [fill = 0]
                  2000c548    0000002c     simplelink.a : cc_pal.obj (.text:NwpPowerOn)
                  2000c574    0000002c     driverlib.a : prcm.obj (.text:PRCMSysResetCauseGet)
                  2000c5a0    0000002c     simplelink.a : driver.obj (.text:_SlDrvObjGlobalLockWaitForever)
                  2000c5cc    0000002c                  : driver.obj (.text:_SlDrvProtectionObjLockWaitForever)
                  2000c5f8    0000002a     driverlib.a : timer.obj (.text:TimerLoadSet)
                  2000c622    0000002a                 : timer.obj (.text:TimerPrescaleSet)
                  2000c64c    00000028                 : prcm.obj (.text:PRCMPeripheralClkDisable)
                  2000c674    00000028     simplelink.a : driver.obj (.text:_SlDrvGlobalObjUnLock)
                  2000c69c    00000028                  : driver.obj (.text:_SlDrvProtectionObjUnLock)
                  2000c6c4    00000028                  : driver.obj (.text:_SlDrvSyncObjWaitForever)
                  2000c6ec    00000028     rtsv7M4_T_le_v4SPD16_eabi.lib : memory.c.obj (.text:free_list_insert)
                  2000c714    00000026     simplelink.a : driver.obj (.text:_SlDrvObjLockWaitForever)
                  2000c73a    00000002     --HOLE-- [fill = 0]
                  2000c73c    00000024                  : cc_pal.obj (.text:DmaSpiSwIntHandler)
                  2000c760    00000024     driverlib.a : interrupt.obj (.text:IntUnregister)
                  2000c784    00000024                 : uart.obj (.text:UARTEnable)
                  2000c7a8    00000024     rtsv7M4_T_le_v4SPD16_eabi.lib : memmov.c.obj (.text:memmove)
                  2000c7cc    00000022     driverlib.a : spi.obj (.text:SPIReset)
                  2000c7ee    00000022                 : spi.obj (.text:SPIWordCountSet)
                  2000c810    00000022     startup_ccs.obj (.text)
                  2000c832    00000002     --HOLE-- [fill = 0]
                  2000c834    00000020     driverlib.a : interrupt.obj (.text:IntRegister)
                  2000c854    00000020     simplelink.a : cc_pal.obj (.text:NwpPrePowerOffTimout0)
                  2000c874    00000020                  : cc_pal.obj (.text:TimerGetCurrentTimestamp)
                  2000c894    00000020                  : driver.obj (.text:_SlDrvObjUnLock)
                  2000c8b4    00000020                  : driver.obj (.text:_SlDrvSyncObjSignal)
                  2000c8d4    0000001e     driverlib.a : timer.obj (.text:TimerEnable)
                  2000c8f2    0000001e                 : uart.obj (.text:UARTCharPut)
                  2000c910    0000001e     simplelink.a : cc_pal.obj (.text:cc_UDMAChannelSelect)
                  2000c92e    0000001c     driverlib.a : timer.obj (.text:TimerValueGet)
                  2000c94a    0000001c                 : uart.obj (.text:UARTCharGetNonBlocking)
                  2000c966    0000001c     simplelink.a : driver.obj (.text:_SlDrvStartMeasureTimeout)
                  2000c982    00000002     --HOLE-- [fill = 0]
                  2000c984    0000001c     rtsv7M4_T_le_v4SPD16_eabi.lib : memory.c.obj (.text:free_list_remove)
                  2000c9a0    0000001c                                   : memccpy.c.obj (.text:memccpy)
                  2000c9bc    00000004                                   : pre_init.c.obj (.text:_system_pre_init)
                  2000c9c0    0000001c     pinmux.obj (.text)
                  2000c9dc    0000001c     driverlib.a : udma.obj (.text:uDMAChannelEnable)
                  2000c9f8    0000001a                 : pin.obj (.text:PinTypeUART)
                  2000ca12    0000001a                 : spi.obj (.text:SPIDmaDisable)
                  2000ca2c    0000001a                 : spi.obj (.text:SPIDmaEnable)
                  2000ca46    0000001a                 : spi.obj (.text:SPIFIFODisable)
                  2000ca60    0000001a                 : spi.obj (.text:SPIFIFOEnable)
                  2000ca7a    0000001a                 : spi.obj (.text:SPIIntUnregister)
                  2000ca94    0000001a     rtsv7M4_T_le_v4SPD16_eabi.lib : s_copysign.c.obj (.text:copysign)
                  2000caae    00000018     driverlib.a : spi.obj (.text:SPICSDisable)
                  2000cac6    00000018                 : spi.obj (.text:SPICSEnable)
                  2000cade    00000018                 : spi.obj (.text:SPIDisable)
                  2000caf6    00000018                 : spi.obj (.text:SPIEnable)
                  2000cb0e    00000018                 : uart.obj (.text:UARTCharsAvail)
                  2000cb26    00000018     simplelink.a : nonos.obj (.text:_SlNonOsSemSet)
                  2000cb3e    00000018     rtsv7M4_T_le_v4SPD16_eabi.lib : vsnprintf.c.obj (.text:_outc)
                  2000cb56    00000002     --HOLE-- [fill = 0]
                  2000cb58    00000018     simplelink.a : device.obj (.text:_sl_GetStartResponseConvert)
                  2000cb70    00000016     driverlib.a : prcm.obj (.text:PRCMHIBRegRead)
                  2000cb86    00000016                 : prcm.obj (.text:PRCMHIBRegWrite)
                  2000cb9c    00000016                 : uart.obj (.text:UARTCharGet)
                  2000cbb2    00000016     simplelink.a : driver.obj (.text:_SlDrvMemZero)
                  2000cbc8    00000016     rtsv7M4_T_le_v4SPD16_eabi.lib : strchr.c.obj (.text:strchr)
                  2000cbde    00000014     driverlib.a : cpu.obj (.text:CPUcpsie)
                  2000cbf2    00000002     --HOLE-- [fill = 0]
                  2000cbf4    00000014                 : interrupt.obj (.text:IntVTableBaseSet)
                  2000cc08    00000014     rtsv7M4_T_le_v4SPD16_eabi.lib : strlen.c.obj (.text:strlen)
                  2000cc1c    00000012                                   : copy_zero_init.c.obj (.text:decompress:ZI:__TI_zero_init_nomemset:__TI_zero_init_nomemset)
                  2000cc2e    00000012                                   : wcslen.c.obj (.text:wcslen)
                  2000cc40    00000010     simplelink.a : driver.obj (.text:_SlDrvDispatchHttpServerEvents)
                  2000cc50    0000000e                  : driver.obj (.text:_SlDrvResetCmdExt)
                  2000cc5e    0000000e     rtsv7M4_T_le_v4SPD16_eabi.lib : copy_decompress_none.c.obj (.text:decompress:none:__TI_decompress_none)
                  2000cc6c    0000000c     simplelink.a : cc_pal.obj (.text:NwpMaskInterrupt)
                  2000cc78    0000000c                  : cc_pal.obj (.text:NwpUnMaskInterrupt)
                  2000cc84    0000000a     driverlib.a : interrupt.obj (.text:IntMasterEnable)
                  2000cc8e    00000002     --HOLE-- [fill = 0]
                  2000cc90    00000008     rtsv7M4_T_le_v4SPD16_eabi.lib : errno.c.obj (.text:__aeabi_errno_addr)
                  2000cc98    00000008                                   : memory.c.obj (.text:malloc)
                  2000cca0    00000006     driverlib.a : utils.obj (.text:UtilsDelay)
                  2000cca6    00000004     rtsv7M4_T_le_v4SPD16_eabi.lib : exit.c.obj (.text:abort:abort)

.const     0    2000ccac    000005ec     
                  2000ccac    00000101     rtsv7M4_T_le_v4SPD16_eabi.lib : ctype.c.obj (.const:.string:_ctypes_)
                  2000cdad    00000003     --HOLE-- [fill = 0]
                  2000cdb0    00000100     driverlib.a : pin.obj (.const:g_ulPinToPadMap)
                  2000ceb0    000000d4                 : interrupt.obj (.const:g_pulRegs)
                  2000cf84    000000a8                 : prcm.obj (.const:PRCM_PeriphRegsList)
                  2000d02c    00000080                 : interrupt.obj (.const)
                  2000d0ac    0000003c     simplelink.a : driver.obj (.const:OpcodeTranslateTable)
                  2000d0e8    00000038                  : driver.obj (.const:_SlActionLookupTable)
                  2000d120    0000002c     main.obj (.const:$P$T1$2)
                  2000d14c    00000024     driverlib.a : spi.obj (.const:g_ppulSPIIntMap)
                  2000d170    00000022     main.obj (.const:.string:$P$T0$1)
                  2000d192    00000002     --HOLE-- [fill = 0]
                  2000d194    00000020     simplelink.a : driver.obj (.const:RxMsgClassLUT)
                  2000d1b4    00000018     driverlib.a : spi.obj (.const)
                  2000d1cc    00000014     simplelink.a : driver.obj (.const:$P$T0$1)
                  2000d1e0    00000014                  : nonos.obj (.const:$P$T0$1)
                  2000d1f4    00000014     main.obj (.const:$P$T2$3)
                  2000d208    00000014     main.obj (.const:.string:$P$T4$5)
                  2000d21c    00000010     simplelink.a : socket.obj (.const:.string:_SlPayloadByProtocolLUT)
                  2000d22c    0000000e     main.obj (.const:.string:$P$T3$4)
                  2000d23a    00000008     simplelink.a : device.obj (.const:StartResponseLUT)
                  2000d242    00000002     --HOLE-- [fill = 0]
                  2000d244    00000008                  : driver.obj (.const:g_H2NCnysPattern)
                  2000d24c    00000008                  : driver.obj (.const:g_H2NSyncPattern)
                  2000d254    00000004                  : wlan.obj (.const:$P$T2$3)
                  2000d258    00000004                  : device.obj (.const:_SlDeviceGetCmdCtrl)
                  2000d25c    00000004                  : netapp.obj (.const:_SlNetAppSendTokenValueCmdCtrl)
                  2000d260    00000004                  : netcfg.obj (.const:_SlNetCfgGetCmdCtrl)
                  2000d264    00000004                  : netcfg.obj (.const:_SlNetCfgSetCmdCtrl)
                  2000d268    00000004                  : wlan.obj (.const:_SlPolicySetCmdCtrl)
                  2000d26c    00000004                  : wlan.obj (.const:_SlProfileDelCmdCtrl)
                  2000d270    00000004                  : socket.obj (.const:_SlRecvCmdCtrl)
                  2000d274    00000004                  : netapp.obj (.const:_SlRegisterServiceCtrl)
                  2000d278    00000004                  : wlan.obj (.const:_SlRxFilterSetCmdCtrl)
                  2000d27c    00000004                  : socket.obj (.const:_SlSendCmdCtrl)
                  2000d280    00000004                  : socket.obj (.const:_SlSetSockOptCmdCtrl)
                  2000d284    00000004                  : socket.obj (.const:_SlSockCloseCmdCtrl)
                  2000d288    00000004                  : socket.obj (.const:_SlSockSocketCmdCtrl)
                  2000d28c    00000004                  : device.obj (.const:_SlStopCmdCtrl)
                  2000d290    00000004                  : wlan.obj (.const:_SlWlanCfgSetCmdCtrl)
                  2000d294    00000004                  : wlan.obj (.const:_SlWlanSetModeCmdCtrl)

.cinit     0    2000d298    00000088     
                  2000d298    00000060     (.cinit..data.load) [load image, compression = lzss]
                  2000d2f8    0000000c     (__TI_handler_table)
                  2000d304    00000004     --HOLE-- [fill = 0]
                  2000d308    00000008     (.cinit..bss.load) [load image, compression = zero_init]
                  2000d310    00000010     (__TI_cinit_table)

.sysmem    0    20017000    00008000     UNINITIALIZED
                  20017000    00000010     rtsv7M4_T_le_v4SPD16_eabi.lib : memory.c.obj (.sysmem)
                  20017010    00007ff0     --HOLE--

.bss       0    2001f000    000001eb     UNINITIALIZED
                  2001f000    00000168     simplelink.a : driver.obj (.bss:g_StatMem)
                  2001f168    00000050     (.common:g_ucDinDout)
                  2001f1b8    00000024     (.common:g_ucConnectionSSID)
                  2001f1dc    00000008     (.common:g_ucConnectionBSSID)
                  2001f1e4    00000004     uart_if.obj (.bss)
                  2001f1e8    00000001     (.common:RxIrqCnt)
                  2001f1e9    00000001     (.common:g_bDeviceRestartIsRequired)
                  2001f1ea    00000001     (.common:g_cDummy)

.data      0    2001f1ec    00000198     UNINITIALIZED
                  2001f1ec    00000122     main.obj (.data:RawData_Ping)
                  2001f30e    00000002     --HOLE--
                  2001f310    0000003c     simplelink.a : nonos.obj (.data:g__SlNonOsCB)
                  2001f34c    0000000d                  : driver.obj (.data)
                  2001f359    00000003     --HOLE--
                  2001f35c    00000009                  : cc_pal.obj (.data)
                  2001f365    00000003     --HOLE--
                  2001f368    00000008     rtsv7M4_T_le_v4SPD16_eabi.lib : _lock.c.obj (.data:$O1$$)
                  2001f370    00000008                                   : memory.c.obj (.data:$O1$$)
                  2001f378    00000008     main.obj (.data)
                  2001f380    00000004     rtsv7M4_T_le_v4SPD16_eabi.lib : errno.c.obj (.data)

.stack     0    2002eb00    00001500     UNINITIALIZED
                  2002eb00    00000004     rtsv7M4_T_le_v4SPD16_eabi.lib : boot_cortex_m.c.obj (.stack)
                  2002eb04    000014fc     --HOLE--

MODULE SUMMARY

       Module                       code    ro data   rw data
       ------                       ----    -------   -------
    .\
       main.obj                     6872    132       342    
       startup_ccs.obj              34      1024      0      
       uart_if.obj                  700     0         4      
       pinmux.obj                   28      0         0      
    +--+----------------------------+-------+---------+---------+
       Total:                       7634    1156      346    
                                                             
    C:/ti/CC3200SDK_1.3.0/cc3200-sdk/driverlib/ccs/Release/driverlib.a
       prcm.obj                     852     168       0      
       interrupt.obj                608     340       0      
       spi.obj                      798     60        0      
       udma.obj                     604     0         0      
       pin.obj                      226     256       0      
       uart.obj                     306     0         0      
       timer.obj                    210     0         0      
       cpu.obj                      20      0         0      
       utils.obj                    6       0         0      
    +--+----------------------------+-------+---------+---------+
       Total:                       3630    824       0      
                                                             
    C:/ti/CC3200SDK_1.3.0/cc3200-sdk/simplelink/ccs/NON_OS/simplelink.a
       driver.obj                   7714    184       375    
       cc_pal.obj                   1820    0         90     
       socket.obj                   1232    36        0      
       netapp.obj                   1248    8         0      
       device.obj                   1078    16        0      
       wlan.obj                     892     24        0      
       nonos.obj                    416     20        60     
       netcfg.obj                   368     8         0      
    +--+----------------------------+-------+---------+---------+
       Total:                       14768   296       525    
                                                             
    C:\ti\ccs900\ccs\tools\compiler\ti-cgt-arm_18.12.1.LTS\lib\rtsv7M4_T_le_v4SPD16_eabi.lib
       _printfi.c.obj               4851    0         0      
       memory.c.obj                 892     0         8      
       fd_add_t2.asm.obj            438     0         0      
       fd_div_t2.asm.obj            310     0         0      
       s_scalbn.c.obj               272     0         0      
       strtoul.c.obj                272     0         0      
       fd_cmp_t2.asm.obj            268     0         0      
       ctype.c.obj                  0       257       0      
       fd_mul_t2.asm.obj            252     0         0      
       memcpy_t2.asm.obj            156     0         0      
       ull_div_t2.asm.obj           150     0         0      
       vsnprintf.c.obj              136     0         0      
       memset_t2.asm.obj            122     0         0      
       copy_decompress_lzss.c.obj   104     0         0      
       s_frexp.c.obj                100     0         0      
       ltoa.c.obj                   84      0         0      
       atoi.c.obj                   76      0         0      
       fd_toi_t2.asm.obj            72      0         0      
       autoinit.c.obj               68      0         0      
       boot_cortex_m.c.obj          52      0         0      
       i_tofd_t2.asm.obj            46      0         0      
       memmov.c.obj                 36      0         0      
       memccpy.c.obj                28      0         0      
       s_copysign.c.obj             26      0         0      
       strchr.c.obj                 22      0         0      
       strlen.c.obj                 20      0         0      
       copy_zero_init.c.obj         18      0         0      
       wcslen.c.obj                 18      0         0      
       copy_decompress_none.c.obj   14      0         0      
       errno.c.obj                  8       0         4      
       _lock.c.obj                  2       0         8      
       exit.c.obj                   4       0         0      
       pre_init.c.obj               4       0         0      
       div0.asm.obj                 2       0         0      
    +--+----------------------------+-------+---------+---------+
       Total:                       8923    257       20     
                                                             
       Heap:                        0       0         32768  
       Stack:                       0       0         5376   
       Linker Generated:            0       132       0      
    +--+----------------------------+-------+---------+---------+
       Grand Total:                 34955   2665      39035  


LINKER GENERATED COPY TABLES

__TI_cinit_table @ 2000d310 records: 2, size/record: 8, table size: 16
	.data: load addr=2000d298, load size=00000060 bytes, run addr=2001f1ec, run size=00000198 bytes, compression=lzss
	.bss: load addr=2000d308, load size=00000008 bytes, run addr=2001f000, run size=000001eb bytes, compression=zero_init


LINKER GENERATED HANDLER TABLE

__TI_handler_table @ 2000d2f8 records: 3, size/record: 4, table size: 12
	index: 0, handler: __TI_decompress_lzss
	index: 1, handler: __TI_decompress_none
	index: 2, handler: __TI_zero_init


GLOBAL SYMBOLS: SORTED ALPHABETICALLY BY Name 

address   name                                  
-------   ----                                  
2000cca7  C$$EXIT                               
2000cbdf  CPUcpsie                              
20006f01  ClearTerm                             
2000c73d  DmaSpiSwIntHandler                    
20006f11  Error                                 
20006f49  GetCmd                                
20006eb9  InitTerm                              
2000a285  IntDisable                            
2000a32d  IntEnable                             
2000cc85  IntMasterEnable                       
2000ba6d  IntPendClear                          
2000bb75  IntPrioritySet                        
2000c835  IntRegister                           
2000c761  IntUnregister                         
2000cbf5  IntVTableBaseSet                      
20006ed9  Message                               
2000cc6d  NwpMaskInterrupt                      
2000c33d  NwpPowerOff                           
2000c549  NwpPowerOn                            
2000c855  NwpPrePowerOffTimout0                 
2000c1d1  NwpRegisterInterruptHandler           
2000cc79  NwpUnMaskInterrupt                    
2000d0ac  OpcodeTranslateTable                  
2000824d  PRCMCC3200MCUInit                     
2000cb71  PRCMHIBRegRead                        
2000cb87  PRCMHIBRegWrite                       
2000c64d  PRCMPeripheralClkDisable              
2000c289  PRCMPeripheralClkEnable               
2000a9e9  PRCMPeripheralClockGet                
2000bac5  PRCMPeripheralReset                   
2000c41d  PRCMPeripheralStatusGet               
2000c575  PRCMSysResetCauseGet                  
2000aee9  PinConfigSet                          
2000c111  PinModeSet                            
2000c9c1  PinMuxConfig                          
2000c9f9  PinTypeUART                           
2001f1ec  RawData_Ping                          
200070b1  Report                                
2000c811  ResetISR                              
2001f1e8  RxIrqCnt                              
2000caaf  SPICSDisable                          
2000cac7  SPICSEnable                           
2000a479  SPIConfigSetExpClk                    
2000cadf  SPIDisable                            
2000ca13  SPIDmaDisable                         
2000ca2d  SPIDmaEnable                          
2000caf7  SPIEnable                             
2000ca47  SPIFIFODisable                        
2000ca61  SPIFIFOEnable                         
2000c451  SPIFIFOLevelSet                       
2000bee5  SPIIntClear                           
2000bd69  SPIIntEnable                          
2000ca7b  SPIIntUnregister                      
2000c7cd  SPIReset                              
2000c7ef  SPIWordCountSet                       
200045e1  SimpleLinkGeneralEventHandler         
200045c9  SimpleLinkHttpServerCallback          
20004521  SimpleLinkNetAppEventHandler          
200045f9  SimpleLinkSockEventHandler            
20004401  SimpleLinkWlanEventHandler            
2000c001  TimerConfigure                        
2000c8d5  TimerEnable                           
2000c875  TimerGetCurrentTimestamp              
2000c5f9  TimerLoadSet                          
2000c623  TimerPrescaleSet                      
2000c92f  TimerValueGet                         
20007009  TrimSpace                             
2000cb9d  UARTCharGet                           
2000c94b  UARTCharGetNonBlocking                
2000c8f3  UARTCharPut                           
2000cb0f  UARTCharsAvail                        
2000b3f1  UARTConfigSetExpClk                   
2000c4b9  UARTDisable                           
2000c785  UARTEnable                            
2000cca1  UtilsDelay                            
2000d0e8  _SlActionLookupTable                  
2000a3d5  _SlDriverHandleError                  
2000bf2d  _SlDrvBasicCmd                        
2000a061  _SlDrvCmdOp                           
2000b54d  _SlDrvCmdSend                         
20007631  _SlDrvDataReadOp                      
20008535  _SlDrvDataWriteOp                     
2000a655  _SlDrvDeviceEventHandler              
2000cc41  _SlDrvDispatchHttpServerEvents        
20008cb9  _SlDrvDriverCBDeinit                  
20007d6d  _SlDrvDriverCBInit                    
2000c675  _SlDrvGlobalObjUnLock                 
2000ad45  _SlDrvIsTimeoutExpired                
2000cbb3  _SlDrvMemZero                         
200098c5  _SlDrvMsgReadSpawnCtx                 
2000912d  _SlDrvNetAppEventHandler              
2000c715  _SlDrvObjLockWaitForever              
2000c895  _SlDrvObjUnLock                       
2000be01  _SlDrvProtectAsyncRespSetting         
2000c5cd  _SlDrvProtectionObjLockWaitForever    
2000c69d  _SlDrvProtectionObjUnLock             
20007815  _SlDrvReleasePoolObj                  
2000cc51  _SlDrvResetCmdExt                     
2000bbc9  _SlDrvRxIrqHandler                    
2000c967  _SlDrvStartMeasureTimeout             
2000c8b5  _SlDrvSyncObjSignal                   
2000c6c5  _SlDrvSyncObjWaitForever              
2000c045  _SlDrvSyncObjWaitTimeout              
200080bd  _SlDrvWaitForPoolObj                  
2000d25c  _SlNetAppSendTokenValueCmdCtrl        
2000b469  _SlNonOsMainLoopTask                  
2000a1d5  _SlNonOsSemGet                        
2000cb27  _SlNonOsSemSet                        
2000b6f5  _SlNonOsSpawn                         
20030000  __STACK_END                           
00001500  __STACK_SIZE                          
00008000  __SYSMEM_SIZE                         
2000d310  __TI_CINIT_Base                       
2000d320  __TI_CINIT_Limit                      
2000d2f8  __TI_Handler_Table_Base               
2000d304  __TI_Handler_Table_Limit              
2000c089  __TI_auto_init_nobinit_nopinit        
2000b625  __TI_decompress_lzss                  
2000cc5f  __TI_decompress_none                  
ffffffff  __TI_pprof_out_hndl                   
20005ed9  __TI_printfi                          
ffffffff  __TI_prof_data_size                   
ffffffff  __TI_prof_data_start                  
2000d298  __TI_static_base__                    
2000cc1d  __TI_zero_init_nomemset               
2000af71  __aeabi_cdcmpeq                       
2000af71  __aeabi_cdcmple                       
2000aff7  __aeabi_cdrcmple                      
2000bf75  __aeabi_d2iz                          
20007bbf  __aeabi_dadd                          
20008a4d  __aeabi_ddiv                          
20009231  __aeabi_dmul                          
20007bb5  __aeabi_dsub                          
2000cc91  __aeabi_errno_addr                    
2000c519  __aeabi_i2d                           
20008b83  __aeabi_idiv0                         
20008b83  __aeabi_ldiv0                         
2000b2fd  __aeabi_memclr                        
2000b2fd  __aeabi_memclr4                       
2000b2fd  __aeabi_memclr8                       
2000a5b9  __aeabi_memcpy                        
2000a5b9  __aeabi_memcpy4                       
2000a5b9  __aeabi_memcpy8                       
2000b2ff  __aeabi_memset                        
2000b2ff  __aeabi_memset4                       
2000b2ff  __aeabi_memset8                       
2000a951  __aeabi_uldivmod                      
ffffffff  __binit__                             
ffffffff  __c_args__                            
UNDEFED   __mpu_init                            
2002eb00  __stack                               
2000c485  _c_int00_noargs                       
2000ccac  _ctypes_                              
2001f368  _lock                                 
20007d6b  _nop                                  
2000b759  _sl_HandleAsync_Accept                
2000b101  _sl_HandleAsync_Connect               
2000aa7d  _sl_HandleAsync_DnsGetHostByName      
20009e05  _sl_HandleAsync_DnsGetHostByService   
2000add1  _sl_HandleAsync_InitComplete          
2000ab0d  _sl_HandleAsync_PingResponse          
2000bc1d  _sl_HandleAsync_Select                
2000bd19  _sl_HandleAsync_Stop                  
2000b5b9  _sl_NetAppSendTokenValue              
20017000  _sys_memory                           
UNDEFED   _system_post_cinit                    
2000c9bd  _system_pre_init                      
2001f36c  _unlock                               
2000cca7  abort                                 
2000932d  aligned_alloc                         
2000be4d  atoi                                  
ffffffff  binit                                 
2000ca95  copysign                              
2000ca95  copysignl                             
2001f380  errno                                 
200099ad  free                                  
2000b7bd  frexp                                 
2000b7bd  frexpl                                
2001f34c  g_SlDeviceStatus                      
2001f35c  g_SpiFd                               
2001f310  g__SlNonOsCB                          
2001f1e9  g_bDeviceRestartIsRequired            
2001f1ea  g_cDummy                              
2001f350  g_pCB                                 
2001f360  g_pHostIntHdl                         
20004000  g_pfnVectors                          
2001f1dc  g_ucConnectionBSSID                   
2001f1b8  g_ucConnectionSSID                    
2001f364  g_ucDMAEnabled                        
2001f168  g_ucDinDout                           
2001f37c  g_ulGatewayIP                         
2001f378  g_ulStatus                            
20008f0d  ldexp                                 
20008f0d  ldexpl                                
2000bc71  ltoa                                  
20005bb9  main                                  
2000cc99  malloc                                
2000932d  memalign                              
2000c9a1  memccpy                               
2000a5b9  memcpy                                
2000c7a9  memmove                               
2000b305  memset                                
2001f354  pPingCallBackFunc                     
20009c55  realloc                               
20008f0d  scalbn                                
20008f0d  scalbnl                               
2000c2c5  simplelink_timerA2_start              
2000b94d  sl_Close                              
20009ed1  sl_DevGet                             
20009a95  sl_NetAppMDNSRegisterUnregisterService
2000b821  sl_NetAppMDNSUnRegisterService        
20009d2d  sl_NetCfgGet                          
2000a6f1  sl_NetCfgSet                          
2000a519  sl_Recv                               
20008b85  sl_Send                               
2000a789  sl_SetSockOpt                         
2000ae5d  sl_Socket                             
200096f1  sl_Start                              
20009421  sl_Stop                               
2000c375  sl_WlanDisconnect                     
2000ab9d  sl_WlanPolicySet                      
2000b9ad  sl_WlanProfileDel                     
2000b07d  sl_WlanRxFilterSet                    
2000b68d  sl_WlanRxStatGet                      
2000c3ad  sl_WlanRxStatStart                    
2000c3e5  sl_WlanRxStatStop                     
2000a821  sl_WlanSet                            
2000ba0d  sl_WlanSetMode                        
2000b379  spi_Close                             
20008685  spi_Open                              
20009511  spi_Read                              
2000a8b9  spi_Write                             
2000cbc9  strchr                                
2000cc09  strlen                                
2000901d  strtoul                               
2000be99  uDMAChannelAssign                     
2000b885  uDMAChannelAttributeDisable           
2000b8e9  uDMAChannelAttributeEnable            
2000c301  uDMAChannelControlSet                 
2000c9dd  uDMAChannelEnable                     
20009601  uDMAChannelTransferSet                
2000c191  vsnprintf                             
2000cc2f  wcslen                                


GLOBAL SYMBOLS: SORTED BY Symbol Address 

address   name                                  
-------   ----                                  
00001500  __STACK_SIZE                          
00008000  __SYSMEM_SIZE                         
20004000  g_pfnVectors                          
20004401  SimpleLinkWlanEventHandler            
20004521  SimpleLinkNetAppEventHandler          
200045c9  SimpleLinkHttpServerCallback          
200045e1  SimpleLinkGeneralEventHandler         
200045f9  SimpleLinkSockEventHandler            
20005bb9  main                                  
20005ed9  __TI_printfi                          
20006eb9  InitTerm                              
20006ed9  Message                               
20006f01  ClearTerm                             
20006f11  Error                                 
20006f49  GetCmd                                
20007009  TrimSpace                             
200070b1  Report                                
20007631  _SlDrvDataReadOp                      
20007815  _SlDrvReleasePoolObj                  
20007bb5  __aeabi_dsub                          
20007bbf  __aeabi_dadd                          
20007d6b  _nop                                  
20007d6d  _SlDrvDriverCBInit                    
200080bd  _SlDrvWaitForPoolObj                  
2000824d  PRCMCC3200MCUInit                     
20008535  _SlDrvDataWriteOp                     
20008685  spi_Open                              
20008a4d  __aeabi_ddiv                          
20008b83  __aeabi_idiv0                         
20008b83  __aeabi_ldiv0                         
20008b85  sl_Send                               
20008cb9  _SlDrvDriverCBDeinit                  
20008f0d  ldexp                                 
20008f0d  ldexpl                                
20008f0d  scalbn                                
20008f0d  scalbnl                               
2000901d  strtoul                               
2000912d  _SlDrvNetAppEventHandler              
20009231  __aeabi_dmul                          
2000932d  aligned_alloc                         
2000932d  memalign                              
20009421  sl_Stop                               
20009511  spi_Read                              
20009601  uDMAChannelTransferSet                
200096f1  sl_Start                              
200098c5  _SlDrvMsgReadSpawnCtx                 
200099ad  free                                  
20009a95  sl_NetAppMDNSRegisterUnregisterService
20009c55  realloc                               
20009d2d  sl_NetCfgGet                          
20009e05  _sl_HandleAsync_DnsGetHostByService   
20009ed1  sl_DevGet                             
2000a061  _SlDrvCmdOp                           
2000a1d5  _SlNonOsSemGet                        
2000a285  IntDisable                            
2000a32d  IntEnable                             
2000a3d5  _SlDriverHandleError                  
2000a479  SPIConfigSetExpClk                    
2000a519  sl_Recv                               
2000a5b9  __aeabi_memcpy                        
2000a5b9  __aeabi_memcpy4                       
2000a5b9  __aeabi_memcpy8                       
2000a5b9  memcpy                                
2000a655  _SlDrvDeviceEventHandler              
2000a6f1  sl_NetCfgSet                          
2000a789  sl_SetSockOpt                         
2000a821  sl_WlanSet                            
2000a8b9  spi_Write                             
2000a951  __aeabi_uldivmod                      
2000a9e9  PRCMPeripheralClockGet                
2000aa7d  _sl_HandleAsync_DnsGetHostByName      
2000ab0d  _sl_HandleAsync_PingResponse          
2000ab9d  sl_WlanPolicySet                      
2000ad45  _SlDrvIsTimeoutExpired                
2000add1  _sl_HandleAsync_InitComplete          
2000ae5d  sl_Socket                             
2000aee9  PinConfigSet                          
2000af71  __aeabi_cdcmpeq                       
2000af71  __aeabi_cdcmple                       
2000aff7  __aeabi_cdrcmple                      
2000b07d  sl_WlanRxFilterSet                    
2000b101  _sl_HandleAsync_Connect               
2000b2fd  __aeabi_memclr                        
2000b2fd  __aeabi_memclr4                       
2000b2fd  __aeabi_memclr8                       
2000b2ff  __aeabi_memset                        
2000b2ff  __aeabi_memset4                       
2000b2ff  __aeabi_memset8                       
2000b305  memset                                
2000b379  spi_Close                             
2000b3f1  UARTConfigSetExpClk                   
2000b469  _SlNonOsMainLoopTask                  
2000b54d  _SlDrvCmdSend                         
2000b5b9  _sl_NetAppSendTokenValue              
2000b625  __TI_decompress_lzss                  
2000b68d  sl_WlanRxStatGet                      
2000b6f5  _SlNonOsSpawn                         
2000b759  _sl_HandleAsync_Accept                
2000b7bd  frexp                                 
2000b7bd  frexpl                                
2000b821  sl_NetAppMDNSUnRegisterService        
2000b885  uDMAChannelAttributeDisable           
2000b8e9  uDMAChannelAttributeEnable            
2000b94d  sl_Close                              
2000b9ad  sl_WlanProfileDel                     
2000ba0d  sl_WlanSetMode                        
2000ba6d  IntPendClear                          
2000bac5  PRCMPeripheralReset                   
2000bb75  IntPrioritySet                        
2000bbc9  _SlDrvRxIrqHandler                    
2000bc1d  _sl_HandleAsync_Select                
2000bc71  ltoa                                  
2000bd19  _sl_HandleAsync_Stop                  
2000bd69  SPIIntEnable                          
2000be01  _SlDrvProtectAsyncRespSetting         
2000be4d  atoi                                  
2000be99  uDMAChannelAssign                     
2000bee5  SPIIntClear                           
2000bf2d  _SlDrvBasicCmd                        
2000bf75  __aeabi_d2iz                          
2000c001  TimerConfigure                        
2000c045  _SlDrvSyncObjWaitTimeout              
2000c089  __TI_auto_init_nobinit_nopinit        
2000c111  PinModeSet                            
2000c191  vsnprintf                             
2000c1d1  NwpRegisterInterruptHandler           
2000c289  PRCMPeripheralClkEnable               
2000c2c5  simplelink_timerA2_start              
2000c301  uDMAChannelControlSet                 
2000c33d  NwpPowerOff                           
2000c375  sl_WlanDisconnect                     
2000c3ad  sl_WlanRxStatStart                    
2000c3e5  sl_WlanRxStatStop                     
2000c41d  PRCMPeripheralStatusGet               
2000c451  SPIFIFOLevelSet                       
2000c485  _c_int00_noargs                       
2000c4b9  UARTDisable                           
2000c519  __aeabi_i2d                           
2000c549  NwpPowerOn                            
2000c575  PRCMSysResetCauseGet                  
2000c5cd  _SlDrvProtectionObjLockWaitForever    
2000c5f9  TimerLoadSet                          
2000c623  TimerPrescaleSet                      
2000c64d  PRCMPeripheralClkDisable              
2000c675  _SlDrvGlobalObjUnLock                 
2000c69d  _SlDrvProtectionObjUnLock             
2000c6c5  _SlDrvSyncObjWaitForever              
2000c715  _SlDrvObjLockWaitForever              
2000c73d  DmaSpiSwIntHandler                    
2000c761  IntUnregister                         
2000c785  UARTEnable                            
2000c7a9  memmove                               
2000c7cd  SPIReset                              
2000c7ef  SPIWordCountSet                       
2000c811  ResetISR                              
2000c835  IntRegister                           
2000c855  NwpPrePowerOffTimout0                 
2000c875  TimerGetCurrentTimestamp              
2000c895  _SlDrvObjUnLock                       
2000c8b5  _SlDrvSyncObjSignal                   
2000c8d5  TimerEnable                           
2000c8f3  UARTCharPut                           
2000c92f  TimerValueGet                         
2000c94b  UARTCharGetNonBlocking                
2000c967  _SlDrvStartMeasureTimeout             
2000c9a1  memccpy                               
2000c9bd  _system_pre_init                      
2000c9c1  PinMuxConfig                          
2000c9dd  uDMAChannelEnable                     
2000c9f9  PinTypeUART                           
2000ca13  SPIDmaDisable                         
2000ca2d  SPIDmaEnable                          
2000ca47  SPIFIFODisable                        
2000ca61  SPIFIFOEnable                         
2000ca7b  SPIIntUnregister                      
2000ca95  copysign                              
2000ca95  copysignl                             
2000caaf  SPICSDisable                          
2000cac7  SPICSEnable                           
2000cadf  SPIDisable                            
2000caf7  SPIEnable                             
2000cb0f  UARTCharsAvail                        
2000cb27  _SlNonOsSemSet                        
2000cb71  PRCMHIBRegRead                        
2000cb87  PRCMHIBRegWrite                       
2000cb9d  UARTCharGet                           
2000cbb3  _SlDrvMemZero                         
2000cbc9  strchr                                
2000cbdf  CPUcpsie                              
2000cbf5  IntVTableBaseSet                      
2000cc09  strlen                                
2000cc1d  __TI_zero_init_nomemset               
2000cc2f  wcslen                                
2000cc41  _SlDrvDispatchHttpServerEvents        
2000cc51  _SlDrvResetCmdExt                     
2000cc5f  __TI_decompress_none                  
2000cc6d  NwpMaskInterrupt                      
2000cc79  NwpUnMaskInterrupt                    
2000cc85  IntMasterEnable                       
2000cc91  __aeabi_errno_addr                    
2000cc99  malloc                                
2000cca1  UtilsDelay                            
2000cca7  C$$EXIT                               
2000cca7  abort                                 
2000ccac  _ctypes_                              
2000d0ac  OpcodeTranslateTable                  
2000d0e8  _SlActionLookupTable                  
2000d25c  _SlNetAppSendTokenValueCmdCtrl        
2000d298  __TI_static_base__                    
2000d2f8  __TI_Handler_Table_Base               
2000d304  __TI_Handler_Table_Limit              
2000d310  __TI_CINIT_Base                       
2000d320  __TI_CINIT_Limit                      
20017000  _sys_memory                           
2001f168  g_ucDinDout                           
2001f1b8  g_ucConnectionSSID                    
2001f1dc  g_ucConnectionBSSID                   
2001f1e8  RxIrqCnt                              
2001f1e9  g_bDeviceRestartIsRequired            
2001f1ea  g_cDummy                              
2001f1ec  RawData_Ping                          
2001f310  g__SlNonOsCB                          
2001f34c  g_SlDeviceStatus                      
2001f350  g_pCB                                 
2001f354  pPingCallBackFunc                     
2001f35c  g_SpiFd                               
2001f360  g_pHostIntHdl                         
2001f364  g_ucDMAEnabled                        
2001f368  _lock                                 
2001f36c  _unlock                               
2001f378  g_ulStatus                            
2001f37c  g_ulGatewayIP                         
2001f380  errno                                 
2002eb00  __stack                               
20030000  __STACK_END                           
ffffffff  __TI_pprof_out_hndl                   
ffffffff  __TI_prof_data_size                   
ffffffff  __TI_prof_data_start                  
ffffffff  __binit__                             
ffffffff  __c_args__                            
ffffffff  binit                                 
UNDEFED   __mpu_init                            
UNDEFED   _system_post_cinit                    

[243 symbols]
