<?xml version="1.0" encoding="ISO-8859-1" ?>
<link_info>
   <banner>TI ARM Linker PC v18.12.1.LTS</banner>
   <copyright>Copyright (c) 1996-2018 Texas Instruments Incorporated</copyright>
   <link_time>0x5ca5d535</link_time>
   <link_errors>0x0</link_errors>
   <output_file>transceiver_mode.out</output_file>
   <entry_point>
      <name>_c_int00_noargs</name>
      <address>0x2000c485</address>
   </entry_point>
   <input_file_list>
      <input_file id="fl-2">
         <path>.\</path>
         <kind>object</kind>
         <file>main.obj</file>
         <name>main.obj</name>
      </input_file>
      <input_file id="fl-3">
         <path>.\</path>
         <kind>object</kind>
         <file>network_common.obj</file>
         <name>network_common.obj</name>
      </input_file>
      <input_file id="fl-4">
         <path>.\</path>
         <kind>object</kind>
         <file>pinmux.obj</file>
         <name>pinmux.obj</name>
      </input_file>
      <input_file id="fl-5">
         <path>.\</path>
         <kind>object</kind>
         <file>startup_ccs.obj</file>
         <name>startup_ccs.obj</name>
      </input_file>
      <input_file id="fl-6">
         <path>.\</path>
         <kind>object</kind>
         <file>uart_if.obj</file>
         <name>uart_if.obj</name>
      </input_file>
      <input_file id="fl-c">
         <kind>object</kind>
         <file>&lt;internal&gt;</file>
         <name>&lt;internal&gt;</name>
      </input_file>
      <input_file id="fl-c2">
         <path>C:\ti\ccs900\ccs\tools\compiler\ti-cgt-arm_18.12.1.LTS\lib\</path>
         <kind>archive</kind>
         <file>rtsv7M4_T_le_v4SPD16_eabi.lib</file>
         <name>vsnprintf.c.obj</name>
      </input_file>
      <input_file id="fl-c3">
         <path>C:\ti\ccs900\ccs\tools\compiler\ti-cgt-arm_18.12.1.LTS\lib\</path>
         <kind>archive</kind>
         <file>rtsv7M4_T_le_v4SPD16_eabi.lib</file>
         <name>memcpy_t2.asm.obj</name>
      </input_file>
      <input_file id="fl-c4">
         <path>C:\ti\ccs900\ccs\tools\compiler\ti-cgt-arm_18.12.1.LTS\lib\</path>
         <kind>archive</kind>
         <file>rtsv7M4_T_le_v4SPD16_eabi.lib</file>
         <name>memset_t2.asm.obj</name>
      </input_file>
      <input_file id="fl-c5">
         <path>C:\ti\ccs900\ccs\tools\compiler\ti-cgt-arm_18.12.1.LTS\lib\</path>
         <kind>archive</kind>
         <file>rtsv7M4_T_le_v4SPD16_eabi.lib</file>
         <name>copy_zero_init.c.obj</name>
      </input_file>
      <input_file id="fl-c6">
         <path>C:\ti\ccs900\ccs\tools\compiler\ti-cgt-arm_18.12.1.LTS\lib\</path>
         <kind>archive</kind>
         <file>rtsv7M4_T_le_v4SPD16_eabi.lib</file>
         <name>copy_decompress_none.c.obj</name>
      </input_file>
      <input_file id="fl-c7">
         <path>C:\ti\ccs900\ccs\tools\compiler\ti-cgt-arm_18.12.1.LTS\lib\</path>
         <kind>archive</kind>
         <file>rtsv7M4_T_le_v4SPD16_eabi.lib</file>
         <name>copy_decompress_lzss.c.obj</name>
      </input_file>
      <input_file id="fl-c8">
         <path>C:\ti\ccs900\ccs\tools\compiler\ti-cgt-arm_18.12.1.LTS\lib\</path>
         <kind>archive</kind>
         <file>rtsv7M4_T_le_v4SPD16_eabi.lib</file>
         <name>atoi.c.obj</name>
      </input_file>
      <input_file id="fl-c9">
         <path>C:\ti\ccs900\ccs\tools\compiler\ti-cgt-arm_18.12.1.LTS\lib\</path>
         <kind>archive</kind>
         <file>rtsv7M4_T_le_v4SPD16_eabi.lib</file>
         <name>ctype.c.obj</name>
      </input_file>
      <input_file id="fl-ca">
         <path>C:\ti\ccs900\ccs\tools\compiler\ti-cgt-arm_18.12.1.LTS\lib\</path>
         <kind>archive</kind>
         <file>rtsv7M4_T_le_v4SPD16_eabi.lib</file>
         <name>memmov.c.obj</name>
      </input_file>
      <input_file id="fl-cb">
         <path>C:\ti\ccs900\ccs\tools\compiler\ti-cgt-arm_18.12.1.LTS\lib\</path>
         <kind>archive</kind>
         <file>rtsv7M4_T_le_v4SPD16_eabi.lib</file>
         <name>memory.c.obj</name>
      </input_file>
      <input_file id="fl-cc">
         <path>C:\ti\ccs900\ccs\tools\compiler\ti-cgt-arm_18.12.1.LTS\lib\</path>
         <kind>archive</kind>
         <file>rtsv7M4_T_le_v4SPD16_eabi.lib</file>
         <name>strlen.c.obj</name>
      </input_file>
      <input_file id="fl-cd">
         <path>C:\ti\ccs900\ccs\tools\compiler\ti-cgt-arm_18.12.1.LTS\lib\</path>
         <kind>archive</kind>
         <file>rtsv7M4_T_le_v4SPD16_eabi.lib</file>
         <name>strtoul.c.obj</name>
      </input_file>
      <input_file id="fl-ce">
         <path>C:\ti\ccs900\ccs\tools\compiler\ti-cgt-arm_18.12.1.LTS\lib\</path>
         <kind>archive</kind>
         <file>rtsv7M4_T_le_v4SPD16_eabi.lib</file>
         <name>errno.c.obj</name>
      </input_file>
      <input_file id="fl-cf">
         <path>C:\ti\ccs900\ccs\tools\compiler\ti-cgt-arm_18.12.1.LTS\lib\</path>
         <kind>archive</kind>
         <file>rtsv7M4_T_le_v4SPD16_eabi.lib</file>
         <name>boot_cortex_m.c.obj</name>
      </input_file>
      <input_file id="fl-d0">
         <path>C:\ti\ccs900\ccs\tools\compiler\ti-cgt-arm_18.12.1.LTS\lib\</path>
         <kind>archive</kind>
         <file>rtsv7M4_T_le_v4SPD16_eabi.lib</file>
         <name>_printfi.c.obj</name>
      </input_file>
      <input_file id="fl-d1">
         <path>C:\ti\ccs900\ccs\tools\compiler\ti-cgt-arm_18.12.1.LTS\lib\</path>
         <kind>archive</kind>
         <file>rtsv7M4_T_le_v4SPD16_eabi.lib</file>
         <name>s_frexp.c.obj</name>
      </input_file>
      <input_file id="fl-d2">
         <path>C:\ti\ccs900\ccs\tools\compiler\ti-cgt-arm_18.12.1.LTS\lib\</path>
         <kind>archive</kind>
         <file>rtsv7M4_T_le_v4SPD16_eabi.lib</file>
         <name>s_scalbn.c.obj</name>
      </input_file>
      <input_file id="fl-d3">
         <path>C:\ti\ccs900\ccs\tools\compiler\ti-cgt-arm_18.12.1.LTS\lib\</path>
         <kind>archive</kind>
         <file>rtsv7M4_T_le_v4SPD16_eabi.lib</file>
         <name>s_copysign.c.obj</name>
      </input_file>
      <input_file id="fl-d4">
         <path>C:\ti\ccs900\ccs\tools\compiler\ti-cgt-arm_18.12.1.LTS\lib\</path>
         <kind>archive</kind>
         <file>rtsv7M4_T_le_v4SPD16_eabi.lib</file>
         <name>ull_div_t2.asm.obj</name>
      </input_file>
      <input_file id="fl-d5">
         <path>C:\ti\ccs900\ccs\tools\compiler\ti-cgt-arm_18.12.1.LTS\lib\</path>
         <kind>archive</kind>
         <file>rtsv7M4_T_le_v4SPD16_eabi.lib</file>
         <name>fd_add_t2.asm.obj</name>
      </input_file>
      <input_file id="fl-d6">
         <path>C:\ti\ccs900\ccs\tools\compiler\ti-cgt-arm_18.12.1.LTS\lib\</path>
         <kind>archive</kind>
         <file>rtsv7M4_T_le_v4SPD16_eabi.lib</file>
         <name>fd_cmp_t2.asm.obj</name>
      </input_file>
      <input_file id="fl-d7">
         <path>C:\ti\ccs900\ccs\tools\compiler\ti-cgt-arm_18.12.1.LTS\lib\</path>
         <kind>archive</kind>
         <file>rtsv7M4_T_le_v4SPD16_eabi.lib</file>
         <name>fd_div_t2.asm.obj</name>
      </input_file>
      <input_file id="fl-d8">
         <path>C:\ti\ccs900\ccs\tools\compiler\ti-cgt-arm_18.12.1.LTS\lib\</path>
         <kind>archive</kind>
         <file>rtsv7M4_T_le_v4SPD16_eabi.lib</file>
         <name>fd_mul_t2.asm.obj</name>
      </input_file>
      <input_file id="fl-d9">
         <path>C:\ti\ccs900\ccs\tools\compiler\ti-cgt-arm_18.12.1.LTS\lib\</path>
         <kind>archive</kind>
         <file>rtsv7M4_T_le_v4SPD16_eabi.lib</file>
         <name>fd_toi_t2.asm.obj</name>
      </input_file>
      <input_file id="fl-da">
         <path>C:\ti\ccs900\ccs\tools\compiler\ti-cgt-arm_18.12.1.LTS\lib\</path>
         <kind>archive</kind>
         <file>rtsv7M4_T_le_v4SPD16_eabi.lib</file>
         <name>i_tofd_t2.asm.obj</name>
      </input_file>
      <input_file id="fl-db">
         <path>C:\ti\ccs900\ccs\tools\compiler\ti-cgt-arm_18.12.1.LTS\lib\</path>
         <kind>archive</kind>
         <file>rtsv7M4_T_le_v4SPD16_eabi.lib</file>
         <name>autoinit.c.obj</name>
      </input_file>
      <input_file id="fl-dc">
         <path>C:\ti\ccs900\ccs\tools\compiler\ti-cgt-arm_18.12.1.LTS\lib\</path>
         <kind>archive</kind>
         <file>rtsv7M4_T_le_v4SPD16_eabi.lib</file>
         <name>pre_init.c.obj</name>
      </input_file>
      <input_file id="fl-dd">
         <path>C:\ti\ccs900\ccs\tools\compiler\ti-cgt-arm_18.12.1.LTS\lib\</path>
         <kind>archive</kind>
         <file>rtsv7M4_T_le_v4SPD16_eabi.lib</file>
         <name>cpy_tbl.c.obj</name>
      </input_file>
      <input_file id="fl-de">
         <path>C:\ti\ccs900\ccs\tools\compiler\ti-cgt-arm_18.12.1.LTS\lib\</path>
         <kind>archive</kind>
         <file>rtsv7M4_T_le_v4SPD16_eabi.lib</file>
         <name>exit.c.obj</name>
      </input_file>
      <input_file id="fl-df">
         <path>C:\ti\ccs900\ccs\tools\compiler\ti-cgt-arm_18.12.1.LTS\lib\</path>
         <kind>archive</kind>
         <file>rtsv7M4_T_le_v4SPD16_eabi.lib</file>
         <name>_lock.c.obj</name>
      </input_file>
      <input_file id="fl-e0">
         <path>C:\ti\ccs900\ccs\tools\compiler\ti-cgt-arm_18.12.1.LTS\lib\</path>
         <kind>archive</kind>
         <file>rtsv7M4_T_le_v4SPD16_eabi.lib</file>
         <name>args_main.c.obj</name>
      </input_file>
      <input_file id="fl-e1">
         <path>C:\ti\ccs900\ccs\tools\compiler\ti-cgt-arm_18.12.1.LTS\lib\</path>
         <kind>archive</kind>
         <file>rtsv7M4_T_le_v4SPD16_eabi.lib</file>
         <name>ltoa.c.obj</name>
      </input_file>
      <input_file id="fl-e2">
         <path>C:\ti\ccs900\ccs\tools\compiler\ti-cgt-arm_18.12.1.LTS\lib\</path>
         <kind>archive</kind>
         <file>rtsv7M4_T_le_v4SPD16_eabi.lib</file>
         <name>memccpy.c.obj</name>
      </input_file>
      <input_file id="fl-e3">
         <path>C:\ti\ccs900\ccs\tools\compiler\ti-cgt-arm_18.12.1.LTS\lib\</path>
         <kind>archive</kind>
         <file>rtsv7M4_T_le_v4SPD16_eabi.lib</file>
         <name>strchr.c.obj</name>
      </input_file>
      <input_file id="fl-e4">
         <path>C:\ti\ccs900\ccs\tools\compiler\ti-cgt-arm_18.12.1.LTS\lib\</path>
         <kind>archive</kind>
         <file>rtsv7M4_T_le_v4SPD16_eabi.lib</file>
         <name>wcslen.c.obj</name>
      </input_file>
      <input_file id="fl-e5">
         <path>C:\ti\ccs900\ccs\tools\compiler\ti-cgt-arm_18.12.1.LTS\lib\</path>
         <kind>archive</kind>
         <file>rtsv7M4_T_le_v4SPD16_eabi.lib</file>
         <name>div0.asm.obj</name>
      </input_file>
      <input_file id="fl-e6">
         <path>C:\ti\CC3200SDK_1.3.0\cc3200-sdk\driverlib\ccs\Release\</path>
         <kind>archive</kind>
         <file>driverlib.a</file>
         <name>interrupt.obj</name>
      </input_file>
      <input_file id="fl-e7">
         <path>C:\ti\CC3200SDK_1.3.0\cc3200-sdk\driverlib\ccs\Release\</path>
         <kind>archive</kind>
         <file>driverlib.a</file>
         <name>pin.obj</name>
      </input_file>
      <input_file id="fl-e8">
         <path>C:\ti\CC3200SDK_1.3.0\cc3200-sdk\driverlib\ccs\Release\</path>
         <kind>archive</kind>
         <file>driverlib.a</file>
         <name>prcm.obj</name>
      </input_file>
      <input_file id="fl-e9">
         <path>C:\ti\CC3200SDK_1.3.0\cc3200-sdk\driverlib\ccs\Release\</path>
         <kind>archive</kind>
         <file>driverlib.a</file>
         <name>uart.obj</name>
      </input_file>
      <input_file id="fl-ea">
         <path>C:\ti\CC3200SDK_1.3.0\cc3200-sdk\driverlib\ccs\Release\</path>
         <kind>archive</kind>
         <file>driverlib.a</file>
         <name>utils.obj</name>
      </input_file>
      <input_file id="fl-eb">
         <path>C:\ti\CC3200SDK_1.3.0\cc3200-sdk\driverlib\ccs\Release\</path>
         <kind>archive</kind>
         <file>driverlib.a</file>
         <name>cpu.obj</name>
      </input_file>
      <input_file id="fl-ec">
         <path>C:\ti\CC3200SDK_1.3.0\cc3200-sdk\driverlib\ccs\Release\</path>
         <kind>archive</kind>
         <file>driverlib.a</file>
         <name>flash.obj</name>
      </input_file>
      <input_file id="fl-ed">
         <path>C:\ti\CC3200SDK_1.3.0\cc3200-sdk\simplelink\ccs\NON_OS\</path>
         <kind>archive</kind>
         <file>simplelink.a</file>
         <name>device.obj</name>
      </input_file>
      <input_file id="fl-ee">
         <path>C:\ti\CC3200SDK_1.3.0\cc3200-sdk\simplelink\ccs\NON_OS\</path>
         <kind>archive</kind>
         <file>simplelink.a</file>
         <name>driver.obj</name>
      </input_file>
      <input_file id="fl-ef">
         <path>C:\ti\CC3200SDK_1.3.0\cc3200-sdk\simplelink\ccs\NON_OS\</path>
         <kind>archive</kind>
         <file>simplelink.a</file>
         <name>netapp.obj</name>
      </input_file>
      <input_file id="fl-f0">
         <path>C:\ti\CC3200SDK_1.3.0\cc3200-sdk\simplelink\ccs\NON_OS\</path>
         <kind>archive</kind>
         <file>simplelink.a</file>
         <name>netcfg.obj</name>
      </input_file>
      <input_file id="fl-f1">
         <path>C:\ti\CC3200SDK_1.3.0\cc3200-sdk\simplelink\ccs\NON_OS\</path>
         <kind>archive</kind>
         <file>simplelink.a</file>
         <name>nonos.obj</name>
      </input_file>
      <input_file id="fl-f2">
         <path>C:\ti\CC3200SDK_1.3.0\cc3200-sdk\simplelink\ccs\NON_OS\</path>
         <kind>archive</kind>
         <file>simplelink.a</file>
         <name>socket.obj</name>
      </input_file>
      <input_file id="fl-f3">
         <path>C:\ti\CC3200SDK_1.3.0\cc3200-sdk\simplelink\ccs\NON_OS\</path>
         <kind>archive</kind>
         <file>simplelink.a</file>
         <name>wlan.obj</name>
      </input_file>
      <input_file id="fl-f4">
         <path>C:\ti\CC3200SDK_1.3.0\cc3200-sdk\simplelink\ccs\NON_OS\</path>
         <kind>archive</kind>
         <file>simplelink.a</file>
         <name>cc_pal.obj</name>
      </input_file>
      <input_file id="fl-f5">
         <path>C:\ti\CC3200SDK_1.3.0\cc3200-sdk\driverlib\ccs\Release\</path>
         <kind>archive</kind>
         <file>driverlib.a</file>
         <name>spi.obj</name>
      </input_file>
      <input_file id="fl-f6">
         <path>C:\ti\CC3200SDK_1.3.0\cc3200-sdk\driverlib\ccs\Release\</path>
         <kind>archive</kind>
         <file>driverlib.a</file>
         <name>timer.obj</name>
      </input_file>
      <input_file id="fl-f7">
         <path>C:\ti\CC3200SDK_1.3.0\cc3200-sdk\driverlib\ccs\Release\</path>
         <kind>archive</kind>
         <file>driverlib.a</file>
         <name>udma.obj</name>
      </input_file>
   </input_file_list>
   <object_component_list>
      <object_component id="oc-f">
         <name>.intvecs</name>
         <load_address>0x20004000</load_address>
         <run_address>0x20004000</run_address>
         <size>0x400</size>
         <input_file_ref idref="fl-5"/>
      </object_component>
      <object_component id="oc-94">
         <name>.text</name>
         <load_address>0x20004400</load_address>
         <run_address>0x20004400</run_address>
         <size>0x1ad8</size>
         <input_file_ref idref="fl-2"/>
      </object_component>
      <object_component id="oc-3bd">
         <name>.text:__TI_printfi</name>
         <load_address>0x20005ed8</load_address>
         <run_address>0x20005ed8</run_address>
         <size>0xa4e</size>
         <input_file_ref idref="fl-d0"/>
      </object_component>
      <object_component id="oc-63d">
         <name>.text:IntDefaultHandler</name>
         <load_address>0x20006926</load_address>
         <run_address>0x20006926</run_address>
         <size>0x2</size>
         <input_file_ref idref="fl-e6"/>
      </object_component>
      <object_component id="oc-64c">
         <name>.text:_SlDrvMsgRead</name>
         <load_address>0x20006928</load_address>
         <run_address>0x20006928</run_address>
         <size>0x590</size>
         <input_file_ref idref="fl-ee"/>
      </object_component>
      <object_component id="oc-c2">
         <name>.text</name>
         <load_address>0x20006eb8</load_address>
         <run_address>0x20006eb8</run_address>
         <size>0x2bc</size>
         <input_file_ref idref="fl-6"/>
      </object_component>
      <object_component id="oc-5c4">
         <name>.text:_pconv_a</name>
         <load_address>0x20007174</load_address>
         <run_address>0x20007174</run_address>
         <size>0x270</size>
         <input_file_ref idref="fl-d0"/>
      </object_component>
      <object_component id="oc-71f">
         <name>.text:_SlDrvRxHdrRead</name>
         <load_address>0x200073e4</load_address>
         <run_address>0x200073e4</run_address>
         <size>0x24c</size>
         <input_file_ref idref="fl-ee"/>
      </object_component>
      <object_component id="oc-36c">
         <name>.text:_SlDrvDataReadOp</name>
         <load_address>0x20007630</load_address>
         <run_address>0x20007630</run_address>
         <size>0x1e4</size>
         <input_file_ref idref="fl-ee"/>
      </object_component>
      <object_component id="oc-27a">
         <name>.text:_SlDrvReleasePoolObj</name>
         <load_address>0x20007814</load_address>
         <run_address>0x20007814</run_address>
         <size>0x1d0</size>
         <input_file_ref idref="fl-ee"/>
      </object_component>
      <object_component id="oc-5b2">
         <name>.text:_pconv_g</name>
         <load_address>0x200079e4</load_address>
         <run_address>0x200079e4</run_address>
         <size>0x1d0</size>
         <input_file_ref idref="fl-d0"/>
      </object_component>
      <object_component id="oc-6c1">
         <name>.text</name>
         <load_address>0x20007bb4</load_address>
         <run_address>0x20007bb4</run_address>
         <size>0x1b6</size>
         <input_file_ref idref="fl-d5"/>
      </object_component>
      <object_component id="oc-586">
         <name>.text:_nop</name>
         <load_address>0x20007d6a</load_address>
         <run_address>0x20007d6a</run_address>
         <size>0x2</size>
         <input_file_ref idref="fl-df"/>
      </object_component>
      <object_component id="oc-250">
         <name>.text:_SlDrvDriverCBInit</name>
         <load_address>0x20007d6c</load_address>
         <run_address>0x20007d6c</run_address>
         <size>0x1b4</size>
         <input_file_ref idref="fl-ee"/>
      </object_component>
      <object_component id="oc-4f1">
         <name>.text:_SlDrvMsgWrite</name>
         <load_address>0x20007f20</load_address>
         <run_address>0x20007f20</run_address>
         <size>0x19c</size>
         <input_file_ref idref="fl-ee"/>
      </object_component>
      <object_component id="oc-478">
         <name>.text:_SlDrvWaitForPoolObj</name>
         <load_address>0x200080bc</load_address>
         <run_address>0x200080bc</run_address>
         <size>0x190</size>
         <input_file_ref idref="fl-ee"/>
      </object_component>
      <object_component id="oc-130">
         <name>.text:PRCMCC3200MCUInit</name>
         <load_address>0x2000824c</load_address>
         <run_address>0x2000824c</run_address>
         <size>0x178</size>
         <input_file_ref idref="fl-e8"/>
      </object_component>
      <object_component id="oc-731">
         <name>.text:_SlFindAndSetActiveObj</name>
         <load_address>0x200083c4</load_address>
         <run_address>0x200083c4</run_address>
         <size>0x170</size>
         <input_file_ref idref="fl-ee"/>
      </object_component>
      <object_component id="oc-355">
         <name>.text:_SlDrvDataWriteOp</name>
         <load_address>0x20008534</load_address>
         <run_address>0x20008534</run_address>
         <size>0x150</size>
         <input_file_ref idref="fl-ee"/>
      </object_component>
      <object_component id="oc-256">
         <name>.text:spi_Open</name>
         <load_address>0x20008684</load_address>
         <run_address>0x20008684</run_address>
         <size>0x148</size>
         <input_file_ref idref="fl-f4"/>
      </object_component>
      <object_component id="oc-4f7">
         <name>.text:_SlDrvMsgReadCmdCtx</name>
         <load_address>0x200087cc</load_address>
         <run_address>0x200087cc</run_address>
         <size>0x144</size>
         <input_file_ref idref="fl-ee"/>
      </object_component>
      <object_component id="oc-5be">
         <name>.text:_pconv_e</name>
         <load_address>0x20008910</load_address>
         <run_address>0x20008910</run_address>
         <size>0x13c</size>
         <input_file_ref idref="fl-d0"/>
      </object_component>
      <object_component id="oc-6a7">
         <name>.text</name>
         <load_address>0x20008a4c</load_address>
         <run_address>0x20008a4c</run_address>
         <size>0x136</size>
         <input_file_ref idref="fl-d7"/>
      </object_component>
      <object_component id="oc-75e">
         <name>.text</name>
         <load_address>0x20008b82</load_address>
         <run_address>0x20008b82</run_address>
         <size>0x2</size>
         <input_file_ref idref="fl-e5"/>
      </object_component>
      <object_component id="oc-142">
         <name>.text:sl_Send</name>
         <load_address>0x20008b84</load_address>
         <run_address>0x20008b84</run_address>
         <size>0x134</size>
         <input_file_ref idref="fl-f2"/>
      </object_component>
      <object_component id="oc-2bf">
         <name>.text:_SlDrvDriverCBDeinit</name>
         <load_address>0x20008cb8</load_address>
         <run_address>0x20008cb8</run_address>
         <size>0x130</size>
         <input_file_ref idref="fl-ee"/>
      </object_component>
      <object_component id="oc-6d3">
         <name>.text:fcvt</name>
         <load_address>0x20008de8</load_address>
         <run_address>0x20008de8</run_address>
         <size>0x124</size>
         <input_file_ref idref="fl-d0"/>
      </object_component>
      <object_component id="oc-6e7">
         <name>.text:scalbn</name>
         <load_address>0x20008f0c</load_address>
         <run_address>0x20008f0c</run_address>
         <size>0x110</size>
         <input_file_ref idref="fl-d2"/>
      </object_component>
      <object_component id="oc-136">
         <name>.text:strtoul</name>
         <load_address>0x2000901c</load_address>
         <run_address>0x2000901c</run_address>
         <size>0x110</size>
         <input_file_ref idref="fl-cd"/>
      </object_component>
      <object_component id="oc-7a9">
         <name>.text:_SlDrvNetAppEventHandler</name>
         <load_address>0x2000912c</load_address>
         <run_address>0x2000912c</run_address>
         <size>0x104</size>
         <input_file_ref idref="fl-ef"/>
      </object_component>
      <object_component id="oc-6a2">
         <name>.text</name>
         <load_address>0x20009230</load_address>
         <run_address>0x20009230</run_address>
         <size>0xfc</size>
         <input_file_ref idref="fl-d8"/>
      </object_component>
      <object_component id="oc-3e1">
         <name>.text:aligned_alloc</name>
         <load_address>0x2000932c</load_address>
         <run_address>0x2000932c</run_address>
         <size>0xf4</size>
         <input_file_ref idref="fl-cb"/>
      </object_component>
      <object_component id="oc-e1">
         <name>.text:sl_Stop</name>
         <load_address>0x20009420</load_address>
         <run_address>0x20009420</run_address>
         <size>0xf0</size>
         <input_file_ref idref="fl-ed"/>
      </object_component>
      <object_component id="oc-72b">
         <name>.text:spi_Read</name>
         <load_address>0x20009510</load_address>
         <run_address>0x20009510</run_address>
         <size>0xf0</size>
         <input_file_ref idref="fl-f4"/>
      </object_component>
      <object_component id="oc-856">
         <name>.text:uDMAChannelTransferSet</name>
         <load_address>0x20009600</load_address>
         <run_address>0x20009600</run_address>
         <size>0xf0</size>
         <input_file_ref idref="fl-f7"/>
      </object_component>
      <object_component id="oc-cf">
         <name>.text:sl_Start</name>
         <load_address>0x200096f0</load_address>
         <run_address>0x200096f0</run_address>
         <size>0xec</size>
         <input_file_ref idref="fl-ed"/>
      </object_component>
      <object_component id="oc-652">
         <name>.text:_SlAsyncEventGenericHandler</name>
         <load_address>0x200097dc</load_address>
         <run_address>0x200097dc</run_address>
         <size>0xe8</size>
         <input_file_ref idref="fl-ee"/>
      </object_component>
      <object_component id="oc-4d8">
         <name>.text:_SlDrvMsgReadSpawnCtx</name>
         <load_address>0x200098c4</load_address>
         <run_address>0x200098c4</run_address>
         <size>0xe8</size>
         <input_file_ref idref="fl-ee"/>
      </object_component>
      <object_component id="oc-21e">
         <name>.text:free</name>
         <load_address>0x200099ac</load_address>
         <run_address>0x200099ac</run_address>
         <size>0xe8</size>
         <input_file_ref idref="fl-cb"/>
      </object_component>
      <object_component id="oc-2fe">
         <name>.text:sl_NetAppMDNSRegisterUnregisterService</name>
         <load_address>0x20009a94</load_address>
         <run_address>0x20009a94</run_address>
         <size>0xe4</size>
         <input_file_ref idref="fl-ef"/>
      </object_component>
      <object_component id="oc-725">
         <name>.text:_SlDrvClassifyRxMsg</name>
         <load_address>0x20009b78</load_address>
         <run_address>0x20009b78</run_address>
         <size>0xdc</size>
         <input_file_ref idref="fl-ee"/>
      </object_component>
      <object_component id="oc-218">
         <name>.text:realloc</name>
         <load_address>0x20009c54</load_address>
         <run_address>0x20009c54</run_address>
         <size>0xd8</size>
         <input_file_ref idref="fl-cb"/>
      </object_component>
      <object_component id="oc-18a">
         <name>.text:sl_NetCfgGet</name>
         <load_address>0x20009d2c</load_address>
         <run_address>0x20009d2c</run_address>
         <size>0xd8</size>
         <input_file_ref idref="fl-f0"/>
      </object_component>
      <object_component id="oc-814">
         <name>.text:_sl_HandleAsync_DnsGetHostByService</name>
         <load_address>0x20009e04</load_address>
         <run_address>0x20009e04</run_address>
         <size>0xcc</size>
         <input_file_ref idref="fl-ef"/>
      </object_component>
      <object_component id="oc-e7">
         <name>.text:sl_DevGet</name>
         <load_address>0x20009ed0</load_address>
         <run_address>0x20009ed0</run_address>
         <size>0xcc</size>
         <input_file_ref idref="fl-ed"/>
      </object_component>
      <object_component id="oc-4b3">
         <name>.text:_SlRemoveFromList</name>
         <load_address>0x20009f9c</load_address>
         <run_address>0x20009f9c</run_address>
         <size>0xc4</size>
         <input_file_ref idref="fl-ee"/>
      </object_component>
      <object_component id="oc-2a3">
         <name>.text:_SlDrvCmdOp</name>
         <load_address>0x2000a060</load_address>
         <run_address>0x2000a060</run_address>
         <size>0xc0</size>
         <input_file_ref idref="fl-ee"/>
      </object_component>
      <object_component id="oc-5a7">
         <name>.text:_ltostr</name>
         <load_address>0x2000a120</load_address>
         <run_address>0x2000a120</run_address>
         <size>0xb1</size>
         <input_file_ref idref="fl-d0"/>
      </object_component>
      <object_component id="oc-40c">
         <name>.text:_SlNonOsSemGet</name>
         <load_address>0x2000a1d4</load_address>
         <run_address>0x2000a1d4</run_address>
         <size>0xb0</size>
         <input_file_ref idref="fl-f1"/>
      </object_component>
      <object_component id="oc-492">
         <name>.text:IntDisable</name>
         <load_address>0x2000a284</load_address>
         <run_address>0x2000a284</run_address>
         <size>0xa8</size>
         <input_file_ref idref="fl-e6"/>
      </object_component>
      <object_component id="oc-12a">
         <name>.text:IntEnable</name>
         <load_address>0x2000a32c</load_address>
         <run_address>0x2000a32c</run_address>
         <size>0xa8</size>
         <input_file_ref idref="fl-e6"/>
      </object_component>
      <object_component id="oc-4ac">
         <name>.text:_SlDriverHandleError</name>
         <load_address>0x2000a3d4</load_address>
         <run_address>0x2000a3d4</run_address>
         <size>0xa4</size>
         <input_file_ref idref="fl-ee"/>
      </object_component>
      <object_component id="oc-429">
         <name>.text:SPIConfigSetExpClk</name>
         <load_address>0x2000a478</load_address>
         <run_address>0x2000a478</run_address>
         <size>0xa0</size>
         <input_file_ref idref="fl-f5"/>
      </object_component>
      <object_component id="oc-165">
         <name>.text:sl_Recv</name>
         <load_address>0x2000a518</load_address>
         <run_address>0x2000a518</run_address>
         <size>0xa0</size>
         <input_file_ref idref="fl-f2"/>
      </object_component>
      <object_component id="oc-3a">
         <name>.text</name>
         <load_address>0x2000a5b8</load_address>
         <run_address>0x2000a5b8</run_address>
         <size>0x9c</size>
         <input_file_ref idref="fl-c3"/>
      </object_component>
      <object_component id="oc-806">
         <name>.text:_SlDrvDeviceEventHandler</name>
         <load_address>0x2000a654</load_address>
         <run_address>0x2000a654</run_address>
         <size>0x9a</size>
         <input_file_ref idref="fl-ed"/>
      </object_component>
      <object_component id="oc-ff">
         <name>.text:sl_NetCfgSet</name>
         <load_address>0x2000a6f0</load_address>
         <run_address>0x2000a6f0</run_address>
         <size>0x98</size>
         <input_file_ref idref="fl-f0"/>
      </object_component>
      <object_component id="oc-15f">
         <name>.text:sl_SetSockOpt</name>
         <load_address>0x2000a788</load_address>
         <run_address>0x2000a788</run_address>
         <size>0x98</size>
         <input_file_ref idref="fl-f2"/>
      </object_component>
      <object_component id="oc-105">
         <name>.text:sl_WlanSet</name>
         <load_address>0x2000a820</load_address>
         <run_address>0x2000a820</run_address>
         <size>0x98</size>
         <input_file_ref idref="fl-f3"/>
      </object_component>
      <object_component id="oc-65b">
         <name>.text:spi_Write</name>
         <load_address>0x2000a8b8</load_address>
         <run_address>0x2000a8b8</run_address>
         <size>0x98</size>
         <input_file_ref idref="fl-f4"/>
      </object_component>
      <object_component id="oc-69b">
         <name>.text</name>
         <load_address>0x2000a950</load_address>
         <run_address>0x2000a950</run_address>
         <size>0x96</size>
         <input_file_ref idref="fl-d4"/>
      </object_component>
      <object_component id="oc-1e8">
         <name>.text:PRCMPeripheralClockGet</name>
         <load_address>0x2000a9e8</load_address>
         <run_address>0x2000a9e8</run_address>
         <size>0x94</size>
         <input_file_ref idref="fl-e8"/>
      </object_component>
      <object_component id="oc-80e">
         <name>.text:_sl_HandleAsync_DnsGetHostByName</name>
         <load_address>0x2000aa7c</load_address>
         <run_address>0x2000aa7c</run_address>
         <size>0x90</size>
         <input_file_ref idref="fl-ef"/>
      </object_component>
      <object_component id="oc-7af">
         <name>.text:_sl_HandleAsync_PingResponse</name>
         <load_address>0x2000ab0c</load_address>
         <run_address>0x2000ab0c</run_address>
         <size>0x90</size>
         <input_file_ref idref="fl-ef"/>
      </object_component>
      <object_component id="oc-ed">
         <name>.text:sl_WlanPolicySet</name>
         <load_address>0x2000ab9c</load_address>
         <run_address>0x2000ab9c</run_address>
         <size>0x90</size>
         <input_file_ref idref="fl-f3"/>
      </object_component>
      <object_component id="oc-7b6">
         <name>.text:SetupDMAReceive</name>
         <load_address>0x2000ac2c</load_address>
         <run_address>0x2000ac2c</run_address>
         <size>0x8c</size>
         <input_file_ref idref="fl-f4"/>
      </object_component>
      <object_component id="oc-73c">
         <name>.text:SetupDMASend</name>
         <load_address>0x2000acb8</load_address>
         <run_address>0x2000acb8</run_address>
         <size>0x8c</size>
         <input_file_ref idref="fl-f4"/>
      </object_component>
      <object_component id="oc-5fa">
         <name>.text:_SlDrvIsTimeoutExpired</name>
         <load_address>0x2000ad44</load_address>
         <run_address>0x2000ad44</run_address>
         <size>0x8c</size>
         <input_file_ref idref="fl-ee"/>
      </object_component>
      <object_component id="oc-867">
         <name>.text:_sl_HandleAsync_InitComplete</name>
         <load_address>0x2000add0</load_address>
         <run_address>0x2000add0</run_address>
         <size>0x8c</size>
         <input_file_ref idref="fl-ed"/>
      </object_component>
      <object_component id="oc-13c">
         <name>.text:sl_Socket</name>
         <load_address>0x2000ae5c</load_address>
         <run_address>0x2000ae5c</run_address>
         <size>0x8c</size>
         <input_file_ref idref="fl-f2"/>
      </object_component>
      <object_component id="oc-579">
         <name>.text:PinConfigSet</name>
         <load_address>0x2000aee8</load_address>
         <run_address>0x2000aee8</run_address>
         <size>0x88</size>
         <input_file_ref idref="fl-e7"/>
      </object_component>
      <object_component id="oc-5ad">
         <name>.text:__aeabi_cdcmple</name>
         <load_address>0x2000af70</load_address>
         <run_address>0x2000af70</run_address>
         <size>0x86</size>
         <input_file_ref idref="fl-d6"/>
      </object_component>
      <object_component id="oc-6ac">
         <name>.text:__aeabi_cdrcmple</name>
         <load_address>0x2000aff6</load_address>
         <run_address>0x2000aff6</run_address>
         <size>0x86</size>
         <input_file_ref idref="fl-d6"/>
      </object_component>
      <object_component id="oc-118">
         <name>.text:sl_WlanRxFilterSet</name>
         <load_address>0x2000b07c</load_address>
         <run_address>0x2000b07c</run_address>
         <size>0x84</size>
         <input_file_ref idref="fl-f3"/>
      </object_component>
      <object_component id="oc-836">
         <name>.text:_sl_HandleAsync_Connect</name>
         <load_address>0x2000b100</load_address>
         <run_address>0x2000b100</run_address>
         <size>0x80</size>
         <input_file_ref idref="fl-f2"/>
      </object_component>
      <object_component id="oc-7bc">
         <name>.text:spi_Read_CPU</name>
         <load_address>0x2000b180</load_address>
         <run_address>0x2000b180</run_address>
         <size>0x80</size>
         <input_file_ref idref="fl-f4"/>
      </object_component>
      <object_component id="oc-74e">
         <name>.text:spi_Write_CPU</name>
         <load_address>0x2000b200</load_address>
         <run_address>0x2000b200</run_address>
         <size>0x80</size>
         <input_file_ref idref="fl-f4"/>
      </object_component>
      <object_component id="oc-3ee">
         <name>.text:split</name>
         <load_address>0x2000b280</load_address>
         <run_address>0x2000b280</run_address>
         <size>0x7c</size>
         <input_file_ref idref="fl-cb"/>
      </object_component>
      <object_component id="oc-88">
         <name>.text</name>
         <load_address>0x2000b2fc</load_address>
         <run_address>0x2000b2fc</run_address>
         <size>0x7a</size>
         <input_file_ref idref="fl-c4"/>
      </object_component>
      <object_component id="oc-2b9">
         <name>.text:spi_Close</name>
         <load_address>0x2000b378</load_address>
         <run_address>0x2000b378</run_address>
         <size>0x78</size>
         <input_file_ref idref="fl-f4"/>
      </object_component>
      <object_component id="oc-1ee">
         <name>.text:UARTConfigSetExpClk</name>
         <load_address>0x2000b3f0</load_address>
         <run_address>0x2000b3f0</run_address>
         <size>0x76</size>
         <input_file_ref idref="fl-e9"/>
      </object_component>
      <object_component id="oc-d5">
         <name>.text:_SlNonOsMainLoopTask</name>
         <load_address>0x2000b468</load_address>
         <run_address>0x2000b468</run_address>
         <size>0x74</size>
         <input_file_ref idref="fl-f1"/>
      </object_component>
      <object_component id="oc-6cc">
         <name>.text:_mcpy</name>
         <load_address>0x2000b4dc</load_address>
         <run_address>0x2000b4dc</run_address>
         <size>0x6e</size>
         <input_file_ref idref="fl-d0"/>
      </object_component>
      <object_component id="oc-871">
         <name>.text:_SlDrvCmdSend</name>
         <load_address>0x2000b54c</load_address>
         <run_address>0x2000b54c</run_address>
         <size>0x6c</size>
         <input_file_ref idref="fl-ee"/>
      </object_component>
      <object_component id="oc-820">
         <name>.text:_sl_NetAppSendTokenValue</name>
         <load_address>0x2000b5b8</load_address>
         <run_address>0x2000b5b8</run_address>
         <size>0x6c</size>
         <input_file_ref idref="fl-ef"/>
      </object_component>
      <object_component id="oc-12">
         <name>.text:decompress:lzss:__TI_decompress_lzss</name>
         <load_address>0x2000b624</load_address>
         <run_address>0x2000b624</run_address>
         <size>0x68</size>
         <input_file_ref idref="fl-c7"/>
      </object_component>
      <object_component id="oc-16b">
         <name>.text:sl_WlanRxStatGet</name>
         <load_address>0x2000b68c</load_address>
         <run_address>0x2000b68c</run_address>
         <size>0x68</size>
         <input_file_ref idref="fl-f3"/>
      </object_component>
      <object_component id="oc-4d2">
         <name>.text:_SlNonOsSpawn</name>
         <load_address>0x2000b6f4</load_address>
         <run_address>0x2000b6f4</run_address>
         <size>0x64</size>
         <input_file_ref idref="fl-f1"/>
      </object_component>
      <object_component id="oc-830">
         <name>.text:_sl_HandleAsync_Accept</name>
         <load_address>0x2000b758</load_address>
         <run_address>0x2000b758</run_address>
         <size>0x64</size>
         <input_file_ref idref="fl-f2"/>
      </object_component>
      <object_component id="oc-6e1">
         <name>.text:frexp</name>
         <load_address>0x2000b7bc</load_address>
         <run_address>0x2000b7bc</run_address>
         <size>0x64</size>
         <input_file_ref idref="fl-d1"/>
      </object_component>
      <object_component id="oc-111">
         <name>.text:sl_NetAppMDNSUnRegisterService</name>
         <load_address>0x2000b820</load_address>
         <run_address>0x2000b820</run_address>
         <size>0x64</size>
         <input_file_ref idref="fl-ef"/>
      </object_component>
      <object_component id="oc-611">
         <name>.text:uDMAChannelAttributeDisable</name>
         <load_address>0x2000b884</load_address>
         <run_address>0x2000b884</run_address>
         <size>0x64</size>
         <input_file_ref idref="fl-f7"/>
      </object_component>
      <object_component id="oc-850">
         <name>.text:uDMAChannelAttributeEnable</name>
         <load_address>0x2000b8e8</load_address>
         <run_address>0x2000b8e8</run_address>
         <size>0x64</size>
         <input_file_ref idref="fl-f7"/>
      </object_component>
      <object_component id="oc-148">
         <name>.text:sl_Close</name>
         <load_address>0x2000b94c</load_address>
         <run_address>0x2000b94c</run_address>
         <size>0x60</size>
         <input_file_ref idref="fl-f2"/>
      </object_component>
      <object_component id="oc-f3">
         <name>.text:sl_WlanProfileDel</name>
         <load_address>0x2000b9ac</load_address>
         <run_address>0x2000b9ac</run_address>
         <size>0x60</size>
         <input_file_ref idref="fl-f3"/>
      </object_component>
      <object_component id="oc-db">
         <name>.text:sl_WlanSetMode</name>
         <load_address>0x2000ba0c</load_address>
         <run_address>0x2000ba0c</run_address>
         <size>0x60</size>
         <input_file_ref idref="fl-f3"/>
      </object_component>
      <object_component id="oc-49e">
         <name>.text:IntPendClear</name>
         <load_address>0x2000ba6c</load_address>
         <run_address>0x2000ba6c</run_address>
         <size>0x58</size>
         <input_file_ref idref="fl-e6"/>
      </object_component>
      <object_component id="oc-32e">
         <name>.text:PRCMPeripheralReset</name>
         <load_address>0x2000bac4</load_address>
         <run_address>0x2000bac4</run_address>
         <size>0x58</size>
         <input_file_ref idref="fl-e8"/>
      </object_component>
      <object_component id="oc-5b8">
         <name>.text:_pconv_f</name>
         <load_address>0x2000bb1c</load_address>
         <run_address>0x2000bb1c</run_address>
         <size>0x56</size>
         <input_file_ref idref="fl-d0"/>
      </object_component>
      <object_component id="oc-453">
         <name>.text:IntPrioritySet</name>
         <load_address>0x2000bb74</load_address>
         <run_address>0x2000bb74</run_address>
         <size>0x54</size>
         <input_file_ref idref="fl-e6"/>
      </object_component>
      <object_component id="oc-28c">
         <name>.text:_SlDrvRxIrqHandler</name>
         <load_address>0x2000bbc8</load_address>
         <run_address>0x2000bbc8</run_address>
         <size>0x54</size>
         <input_file_ref idref="fl-ee"/>
      </object_component>
      <object_component id="oc-83c">
         <name>.text:_sl_HandleAsync_Select</name>
         <load_address>0x2000bc1c</load_address>
         <run_address>0x2000bc1c</run_address>
         <size>0x54</size>
         <input_file_ref idref="fl-f2"/>
      </object_component>
      <object_component id="oc-6b6">
         <name>.text:ltoa</name>
         <load_address>0x2000bc70</load_address>
         <run_address>0x2000bc70</run_address>
         <size>0x54</size>
         <input_file_ref idref="fl-e1"/>
      </object_component>
      <object_component id="oc-6c6">
         <name>.text:_ecpy</name>
         <load_address>0x2000bcc4</load_address>
         <run_address>0x2000bcc4</run_address>
         <size>0x52</size>
         <input_file_ref idref="fl-d0"/>
      </object_component>
      <object_component id="oc-842">
         <name>.text:_sl_HandleAsync_Stop</name>
         <load_address>0x2000bd18</load_address>
         <run_address>0x2000bd18</run_address>
         <size>0x50</size>
         <input_file_ref idref="fl-ed"/>
      </object_component>
      <object_component id="oc-459">
         <name>.text:SPIIntEnable</name>
         <load_address>0x2000bd68</load_address>
         <run_address>0x2000bd68</run_address>
         <size>0x4c</size>
         <input_file_ref idref="fl-f5"/>
      </object_component>
      <object_component id="oc-666">
         <name>.text:SPIIntNumberGet</name>
         <load_address>0x2000bdb4</load_address>
         <run_address>0x2000bdb4</run_address>
         <size>0x4c</size>
         <input_file_ref idref="fl-f5"/>
      </object_component>
      <object_component id="oc-25c">
         <name>.text:_SlDrvProtectAsyncRespSetting</name>
         <load_address>0x2000be00</load_address>
         <run_address>0x2000be00</run_address>
         <size>0x4c</size>
         <input_file_ref idref="fl-ee"/>
      </object_component>
      <object_component id="oc-184">
         <name>.text:atoi</name>
         <load_address>0x2000be4c</load_address>
         <run_address>0x2000be4c</run_address>
         <size>0x4c</size>
         <input_file_ref idref="fl-c8"/>
      </object_component>
      <object_component id="oc-60b">
         <name>.text:uDMAChannelAssign</name>
         <load_address>0x2000be98</load_address>
         <run_address>0x2000be98</run_address>
         <size>0x4c</size>
         <input_file_ref idref="fl-f7"/>
      </object_component>
      <object_component id="oc-631">
         <name>.text:SPIIntClear</name>
         <load_address>0x2000bee4</load_address>
         <run_address>0x2000bee4</run_address>
         <size>0x48</size>
         <input_file_ref idref="fl-f5"/>
      </object_component>
      <object_component id="oc-2e5">
         <name>.text:_SlDrvBasicCmd</name>
         <load_address>0x2000bf2c</load_address>
         <run_address>0x2000bf2c</run_address>
         <size>0x48</size>
         <input_file_ref idref="fl-ee"/>
      </object_component>
      <object_component id="oc-6b1">
         <name>.text</name>
         <load_address>0x2000bf74</load_address>
         <run_address>0x2000bf74</run_address>
         <size>0x48</size>
         <input_file_ref idref="fl-d9"/>
      </object_component>
      <object_component id="oc-620">
         <name>.text:SPIDmaMaskGet</name>
         <load_address>0x2000bfbc</load_address>
         <run_address>0x2000bfbc</run_address>
         <size>0x44</size>
         <input_file_ref idref="fl-f5"/>
      </object_component>
      <object_component id="oc-7e6">
         <name>.text:TimerConfigure</name>
         <load_address>0x2000c000</load_address>
         <run_address>0x2000c000</run_address>
         <size>0x44</size>
         <input_file_ref idref="fl-f6"/>
      </object_component>
      <object_component id="oc-274">
         <name>.text:_SlDrvSyncObjWaitTimeout</name>
         <load_address>0x2000c044</load_address>
         <run_address>0x2000c044</run_address>
         <size>0x44</size>
         <input_file_ref idref="fl-ee"/>
      </object_component>
      <object_component id="oc-1b6">
         <name>.text:__TI_auto_init_nobinit_nopinit:__TI_auto_init_nobinit_nopinit</name>
         <load_address>0x2000c088</load_address>
         <run_address>0x2000c088</run_address>
         <size>0x44</size>
         <input_file_ref idref="fl-db"/>
      </object_component>
      <object_component id="oc-7c9">
         <name>.text:cc_SetupTransfer</name>
         <load_address>0x2000c0cc</load_address>
         <run_address>0x2000c0cc</run_address>
         <size>0x44</size>
         <input_file_ref idref="fl-f4"/>
      </object_component>
      <object_component id="oc-573">
         <name>.text:PinModeSet</name>
         <load_address>0x2000c110</load_address>
         <run_address>0x2000c110</run_address>
         <size>0x40</size>
         <input_file_ref idref="fl-e7"/>
      </object_component>
      <object_component id="oc-34f">
         <name>.text:_sl_TruncatePayloadByProtocol</name>
         <load_address>0x2000c150</load_address>
         <run_address>0x2000c150</run_address>
         <size>0x40</size>
         <input_file_ref idref="fl-f2"/>
      </object_component>
      <object_component id="oc-1f4">
         <name>.text:vsnprintf</name>
         <load_address>0x2000c190</load_address>
         <run_address>0x2000c190</run_address>
         <size>0x40</size>
         <input_file_ref idref="fl-c2"/>
      </object_component>
      <object_component id="oc-268">
         <name>.text:NwpRegisterInterruptHandler</name>
         <load_address>0x2000c1d0</load_address>
         <run_address>0x2000c1d0</run_address>
         <size>0x3e</size>
         <input_file_ref idref="fl-f4"/>
      </object_component>
      <object_component id="oc-6d9">
         <name>.text:_fcpy</name>
         <load_address>0x2000c20e</load_address>
         <run_address>0x2000c20e</run_address>
         <size>0x3e</size>
         <input_file_ref idref="fl-d0"/>
      </object_component>
      <object_component id="oc-827">
         <name>.text:CopyPingResultsToReport</name>
         <load_address>0x2000c24c</load_address>
         <run_address>0x2000c24c</run_address>
         <size>0x3c</size>
         <input_file_ref idref="fl-ef"/>
      </object_component>
      <object_component id="oc-328">
         <name>.text:PRCMPeripheralClkEnable</name>
         <load_address>0x2000c288</load_address>
         <run_address>0x2000c288</run_address>
         <size>0x3c</size>
         <input_file_ref idref="fl-e8"/>
      </object_component>
      <object_component id="oc-78f">
         <name>.text:simplelink_timerA2_start</name>
         <load_address>0x2000c2c4</load_address>
         <run_address>0x2000c2c4</run_address>
         <size>0x3c</size>
         <input_file_ref idref="fl-f4"/>
      </object_component>
      <object_component id="oc-84a">
         <name>.text:uDMAChannelControlSet</name>
         <load_address>0x2000c300</load_address>
         <run_address>0x2000c300</run_address>
         <size>0x3c</size>
         <input_file_ref idref="fl-f7"/>
      </object_component>
      <object_component id="oc-262">
         <name>.text:NwpPowerOff</name>
         <load_address>0x2000c33c</load_address>
         <run_address>0x2000c33c</run_address>
         <size>0x38</size>
         <input_file_ref idref="fl-f4"/>
      </object_component>
      <object_component id="oc-f9">
         <name>.text:sl_WlanDisconnect</name>
         <load_address>0x2000c374</load_address>
         <run_address>0x2000c374</run_address>
         <size>0x38</size>
         <input_file_ref idref="fl-f3"/>
      </object_component>
      <object_component id="oc-159">
         <name>.text:sl_WlanRxStatStart</name>
         <load_address>0x2000c3ac</load_address>
         <run_address>0x2000c3ac</run_address>
         <size>0x38</size>
         <input_file_ref idref="fl-f3"/>
      </object_component>
      <object_component id="oc-172">
         <name>.text:sl_WlanRxStatStop</name>
         <load_address>0x2000c3e4</load_address>
         <run_address>0x2000c3e4</run_address>
         <size>0x38</size>
         <input_file_ref idref="fl-f3"/>
      </object_component>
      <object_component id="oc-42f">
         <name>.text:PRCMPeripheralStatusGet</name>
         <load_address>0x2000c41c</load_address>
         <run_address>0x2000c41c</run_address>
         <size>0x34</size>
         <input_file_ref idref="fl-e8"/>
      </object_component>
      <object_component id="oc-447">
         <name>.text:SPIFIFOLevelSet</name>
         <load_address>0x2000c450</load_address>
         <run_address>0x2000c450</run_address>
         <size>0x34</size>
         <input_file_ref idref="fl-f5"/>
      </object_component>
      <object_component id="oc-58">
         <name>.text:_c_int00_noargs:_c_int00_noargs</name>
         <load_address>0x2000c484</load_address>
         <run_address>0x2000c484</run_address>
         <size>0x34</size>
         <input_file_ref idref="fl-cf"/>
      </object_component>
      <object_component id="oc-3b0">
         <name>.text:UARTDisable</name>
         <load_address>0x2000c4b8</load_address>
         <run_address>0x2000c4b8</run_address>
         <size>0x30</size>
         <input_file_ref idref="fl-e9"/>
      </object_component>
      <object_component id="oc-3c3">
         <name>.text:_outs</name>
         <load_address>0x2000c4e8</load_address>
         <run_address>0x2000c4e8</run_address>
         <size>0x30</size>
         <input_file_ref idref="fl-c2"/>
      </object_component>
      <object_component id="oc-6bc">
         <name>.text</name>
         <load_address>0x2000c518</load_address>
         <run_address>0x2000c518</run_address>
         <size>0x2e</size>
         <input_file_ref idref="fl-da"/>
      </object_component>
      <object_component id="oc-26e">
         <name>.text:NwpPowerOn</name>
         <load_address>0x2000c548</load_address>
         <run_address>0x2000c548</run_address>
         <size>0x2c</size>
         <input_file_ref idref="fl-f4"/>
      </object_component>
      <object_component id="oc-316">
         <name>.text:PRCMSysResetCauseGet</name>
         <load_address>0x2000c574</load_address>
         <run_address>0x2000c574</run_address>
         <size>0x2c</size>
         <input_file_ref idref="fl-e8"/>
      </object_component>
      <object_component id="oc-4e5">
         <name>.text:_SlDrvObjGlobalLockWaitForever</name>
         <load_address>0x2000c5a0</load_address>
         <run_address>0x2000c5a0</run_address>
         <size>0x2c</size>
         <input_file_ref idref="fl-ee"/>
      </object_component>
      <object_component id="oc-47e">
         <name>.text:_SlDrvProtectionObjLockWaitForever</name>
         <load_address>0x2000c5cc</load_address>
         <run_address>0x2000c5cc</run_address>
         <size>0x2c</size>
         <input_file_ref idref="fl-ee"/>
      </object_component>
      <object_component id="oc-7f2">
         <name>.text:TimerLoadSet</name>
         <load_address>0x2000c5f8</load_address>
         <run_address>0x2000c5f8</run_address>
         <size>0x2a</size>
         <input_file_ref idref="fl-f6"/>
      </object_component>
      <object_component id="oc-7ec">
         <name>.text:TimerPrescaleSet</name>
         <load_address>0x2000c622</load_address>
         <run_address>0x2000c622</run_address>
         <size>0x2a</size>
         <input_file_ref idref="fl-f6"/>
      </object_component>
      <object_component id="oc-334">
         <name>.text:PRCMPeripheralClkDisable</name>
         <load_address>0x2000c64c</load_address>
         <run_address>0x2000c64c</run_address>
         <size>0x28</size>
         <input_file_ref idref="fl-e8"/>
      </object_component>
      <object_component id="oc-4eb">
         <name>.text:_SlDrvGlobalObjUnLock</name>
         <load_address>0x2000c674</load_address>
         <run_address>0x2000c674</run_address>
         <size>0x28</size>
         <input_file_ref idref="fl-ee"/>
      </object_component>
      <object_component id="oc-484">
         <name>.text:_SlDrvProtectionObjUnLock</name>
         <load_address>0x2000c69c</load_address>
         <run_address>0x2000c69c</run_address>
         <size>0x28</size>
         <input_file_ref idref="fl-ee"/>
      </object_component>
      <object_component id="oc-55e">
         <name>.text:_SlDrvSyncObjWaitForever</name>
         <load_address>0x2000c6c4</load_address>
         <run_address>0x2000c6c4</run_address>
         <size>0x28</size>
         <input_file_ref idref="fl-ee"/>
      </object_component>
      <object_component id="oc-3f5">
         <name>.text:free_list_insert</name>
         <load_address>0x2000c6ec</load_address>
         <run_address>0x2000c6ec</run_address>
         <size>0x28</size>
         <input_file_ref idref="fl-cb"/>
      </object_component>
      <object_component id="oc-552">
         <name>.text:_SlDrvObjLockWaitForever</name>
         <load_address>0x2000c714</load_address>
         <run_address>0x2000c714</run_address>
         <size>0x26</size>
         <input_file_ref idref="fl-ee"/>
      </object_component>
      <object_component id="oc-46b">
         <name>.text:DmaSpiSwIntHandler</name>
         <load_address>0x2000c73c</load_address>
         <run_address>0x2000c73c</run_address>
         <size>0x24</size>
         <input_file_ref idref="fl-f4"/>
      </object_component>
      <object_component id="oc-498">
         <name>.text:IntUnregister</name>
         <load_address>0x2000c760</load_address>
         <run_address>0x2000c760</run_address>
         <size>0x24</size>
         <input_file_ref idref="fl-e6"/>
      </object_component>
      <object_component id="oc-3b6">
         <name>.text:UARTEnable</name>
         <load_address>0x2000c784</load_address>
         <run_address>0x2000c784</run_address>
         <size>0x24</size>
         <input_file_ref idref="fl-e9"/>
      </object_component>
      <object_component id="oc-20c">
         <name>.text:memmove</name>
         <load_address>0x2000c7a8</load_address>
         <run_address>0x2000c7a8</run_address>
         <size>0x24</size>
         <input_file_ref idref="fl-ca"/>
      </object_component>
      <object_component id="oc-423">
         <name>.text:SPIReset</name>
         <load_address>0x2000c7cc</load_address>
         <run_address>0x2000c7cc</run_address>
         <size>0x22</size>
         <input_file_ref idref="fl-f5"/>
      </object_component>
      <object_component id="oc-748">
         <name>.text:SPIWordCountSet</name>
         <load_address>0x2000c7ee</load_address>
         <run_address>0x2000c7ee</run_address>
         <size>0x22</size>
         <input_file_ref idref="fl-f5"/>
      </object_component>
      <object_component id="oc-26">
         <name>.text</name>
         <load_address>0x2000c810</load_address>
         <run_address>0x2000c810</run_address>
         <size>0x22</size>
         <input_file_ref idref="fl-5"/>
      </object_component>
      <object_component id="oc-44d">
         <name>.text:IntRegister</name>
         <load_address>0x2000c834</load_address>
         <run_address>0x2000c834</run_address>
         <size>0x20</size>
         <input_file_ref idref="fl-e6"/>
      </object_component>
      <object_component id="oc-2b3">
         <name>.text:NwpPrePowerOffTimout0</name>
         <load_address>0x2000c854</load_address>
         <run_address>0x2000c854</run_address>
         <size>0x20</size>
         <input_file_ref idref="fl-f4"/>
      </object_component>
      <object_component id="oc-70b">
         <name>.text:TimerGetCurrentTimestamp</name>
         <load_address>0x2000c874</load_address>
         <run_address>0x2000c874</run_address>
         <size>0x20</size>
         <input_file_ref idref="fl-f4"/>
      </object_component>
      <object_component id="oc-558">
         <name>.text:_SlDrvObjUnLock</name>
         <load_address>0x2000c894</load_address>
         <run_address>0x2000c894</run_address>
         <size>0x20</size>
         <input_file_ref idref="fl-ee"/>
      </object_component>
      <object_component id="oc-4b9">
         <name>.text:_SlDrvSyncObjSignal</name>
         <load_address>0x2000c8b4</load_address>
         <run_address>0x2000c8b4</run_address>
         <size>0x20</size>
         <input_file_ref idref="fl-ee"/>
      </object_component>
      <object_component id="oc-7f8">
         <name>.text:TimerEnable</name>
         <load_address>0x2000c8d4</load_address>
         <run_address>0x2000c8d4</run_address>
         <size>0x1e</size>
         <input_file_ref idref="fl-f6"/>
      </object_component>
      <object_component id="oc-17e">
         <name>.text:UARTCharPut</name>
         <load_address>0x2000c8f2</load_address>
         <run_address>0x2000c8f2</run_address>
         <size>0x1e</size>
         <input_file_ref idref="fl-e9"/>
      </object_component>
      <object_component id="oc-435">
         <name>.text:cc_UDMAChannelSelect</name>
         <load_address>0x2000c910</load_address>
         <run_address>0x2000c910</run_address>
         <size>0x1e</size>
         <input_file_ref idref="fl-f4"/>
      </object_component>
      <object_component id="oc-795">
         <name>.text:TimerValueGet</name>
         <load_address>0x2000c92e</load_address>
         <run_address>0x2000c92e</run_address>
         <size>0x1c</size>
         <input_file_ref idref="fl-f6"/>
      </object_component>
      <object_component id="oc-200">
         <name>.text:UARTCharGetNonBlocking</name>
         <load_address>0x2000c94a</load_address>
         <run_address>0x2000c94a</run_address>
         <size>0x1c</size>
         <input_file_ref idref="fl-e9"/>
      </object_component>
      <object_component id="oc-5f4">
         <name>.text:_SlDrvStartMeasureTimeout</name>
         <load_address>0x2000c966</load_address>
         <run_address>0x2000c966</run_address>
         <size>0x1c</size>
         <input_file_ref idref="fl-ee"/>
      </object_component>
      <object_component id="oc-3e8">
         <name>.text:free_list_remove</name>
         <load_address>0x2000c984</load_address>
         <run_address>0x2000c984</run_address>
         <size>0x1c</size>
         <input_file_ref idref="fl-cb"/>
      </object_component>
      <object_component id="oc-5ca">
         <name>.text:memccpy</name>
         <load_address>0x2000c9a0</load_address>
         <run_address>0x2000c9a0</run_address>
         <size>0x1c</size>
         <input_file_ref idref="fl-e2"/>
      </object_component>
      <object_component id="oc-8e">
         <name>.text:_system_pre_init</name>
         <load_address>0x2000c9bc</load_address>
         <run_address>0x2000c9bc</run_address>
         <size>0x4</size>
         <input_file_ref idref="fl-dc"/>
      </object_component>
      <object_component id="oc-178">
         <name>.text</name>
         <load_address>0x2000c9c0</load_address>
         <run_address>0x2000c9c0</run_address>
         <size>0x1c</size>
         <input_file_ref idref="fl-4"/>
      </object_component>
      <object_component id="oc-85c">
         <name>.text:uDMAChannelEnable</name>
         <load_address>0x2000c9dc</load_address>
         <run_address>0x2000c9dc</run_address>
         <size>0x1c</size>
         <input_file_ref idref="fl-f7"/>
      </object_component>
      <object_component id="oc-381">
         <name>.text:PinTypeUART</name>
         <load_address>0x2000c9f8</load_address>
         <run_address>0x2000c9f8</run_address>
         <size>0x1a</size>
         <input_file_ref idref="fl-e7"/>
      </object_component>
      <object_component id="oc-50f">
         <name>.text:SPIDmaDisable</name>
         <load_address>0x2000ca12</load_address>
         <run_address>0x2000ca12</run_address>
         <size>0x1a</size>
         <input_file_ref idref="fl-f5"/>
      </object_component>
      <object_component id="oc-441">
         <name>.text:SPIDmaEnable</name>
         <load_address>0x2000ca2c</load_address>
         <run_address>0x2000ca2c</run_address>
         <size>0x1a</size>
         <input_file_ref idref="fl-f5"/>
      </object_component>
      <object_component id="oc-509">
         <name>.text:SPIFIFODisable</name>
         <load_address>0x2000ca46</load_address>
         <run_address>0x2000ca46</run_address>
         <size>0x1a</size>
         <input_file_ref idref="fl-f5"/>
      </object_component>
      <object_component id="oc-43b">
         <name>.text:SPIFIFOEnable</name>
         <load_address>0x2000ca60</load_address>
         <run_address>0x2000ca60</run_address>
         <size>0x1a</size>
         <input_file_ref idref="fl-f5"/>
      </object_component>
      <object_component id="oc-503">
         <name>.text:SPIIntUnregister</name>
         <load_address>0x2000ca7a</load_address>
         <run_address>0x2000ca7a</run_address>
         <size>0x1a</size>
         <input_file_ref idref="fl-f5"/>
      </object_component>
      <object_component id="oc-777">
         <name>.text:copysign</name>
         <load_address>0x2000ca94</load_address>
         <run_address>0x2000ca94</run_address>
         <size>0x1a</size>
         <input_file_ref idref="fl-d3"/>
      </object_component>
      <object_component id="oc-417">
         <name>.text:SPICSDisable</name>
         <load_address>0x2000caae</load_address>
         <run_address>0x2000caae</run_address>
         <size>0x18</size>
         <input_file_ref idref="fl-f5"/>
      </object_component>
      <object_component id="oc-742">
         <name>.text:SPICSEnable</name>
         <load_address>0x2000cac6</load_address>
         <run_address>0x2000cac6</run_address>
         <size>0x18</size>
         <input_file_ref idref="fl-f5"/>
      </object_component>
      <object_component id="oc-41d">
         <name>.text:SPIDisable</name>
         <load_address>0x2000cade</load_address>
         <run_address>0x2000cade</run_address>
         <size>0x18</size>
         <input_file_ref idref="fl-f5"/>
      </object_component>
      <object_component id="oc-45f">
         <name>.text:SPIEnable</name>
         <load_address>0x2000caf6</load_address>
         <run_address>0x2000caf6</run_address>
         <size>0x18</size>
         <input_file_ref idref="fl-f5"/>
      </object_component>
      <object_component id="oc-1fa">
         <name>.text:UARTCharsAvail</name>
         <load_address>0x2000cb0e</load_address>
         <run_address>0x2000cb0e</run_address>
         <size>0x18</size>
         <input_file_ref idref="fl-e9"/>
      </object_component>
      <object_component id="oc-406">
         <name>.text:_SlNonOsSemSet</name>
         <load_address>0x2000cb26</load_address>
         <run_address>0x2000cb26</run_address>
         <size>0x18</size>
         <input_file_ref idref="fl-f1"/>
      </object_component>
      <object_component id="oc-3c9">
         <name>.text:_outc</name>
         <load_address>0x2000cb3e</load_address>
         <run_address>0x2000cb3e</run_address>
         <size>0x18</size>
         <input_file_ref idref="fl-c2"/>
      </object_component>
      <object_component id="oc-280">
         <name>.text:_sl_GetStartResponseConvert</name>
         <load_address>0x2000cb58</load_address>
         <run_address>0x2000cb58</run_address>
         <size>0x18</size>
         <input_file_ref idref="fl-ed"/>
      </object_component>
      <object_component id="oc-31c">
         <name>.text:PRCMHIBRegRead</name>
         <load_address>0x2000cb70</load_address>
         <run_address>0x2000cb70</run_address>
         <size>0x16</size>
         <input_file_ref idref="fl-e8"/>
      </object_component>
      <object_component id="oc-322">
         <name>.text:PRCMHIBRegWrite</name>
         <load_address>0x2000cb86</load_address>
         <run_address>0x2000cb86</run_address>
         <size>0x16</size>
         <input_file_ref idref="fl-e8"/>
      </object_component>
      <object_component id="oc-153">
         <name>.text:UARTCharGet</name>
         <load_address>0x2000cb9c</load_address>
         <run_address>0x2000cb9c</run_address>
         <size>0x16</size>
         <input_file_ref idref="fl-e9"/>
      </object_component>
      <object_component id="oc-376">
         <name>.text:_SlDrvMemZero</name>
         <load_address>0x2000cbb2</load_address>
         <run_address>0x2000cbb2</run_address>
         <size>0x16</size>
         <input_file_ref idref="fl-ee"/>
      </object_component>
      <object_component id="oc-6ed">
         <name>.text:strchr</name>
         <load_address>0x2000cbc8</load_address>
         <run_address>0x2000cbc8</run_address>
         <size>0x16</size>
         <input_file_ref idref="fl-e3"/>
      </object_component>
      <object_component id="oc-30b">
         <name>.text:CPUcpsie</name>
         <load_address>0x2000cbde</load_address>
         <run_address>0x2000cbde</run_address>
         <size>0x14</size>
         <input_file_ref idref="fl-eb"/>
      </object_component>
      <object_component id="oc-11e">
         <name>.text:IntVTableBaseSet</name>
         <load_address>0x2000cbf4</load_address>
         <run_address>0x2000cbf4</run_address>
         <size>0x14</size>
         <input_file_ref idref="fl-e6"/>
      </object_component>
      <object_component id="oc-206">
         <name>.text:strlen</name>
         <load_address>0x2000cc08</load_address>
         <run_address>0x2000cc08</run_address>
         <size>0x14</size>
         <input_file_ref idref="fl-cc"/>
      </object_component>
      <object_component id="oc-46">
         <name>.text:decompress:ZI:__TI_zero_init_nomemset:__TI_zero_init_nomemset</name>
         <load_address>0x2000cc1c</load_address>
         <run_address>0x2000cc1c</run_address>
         <size>0x12</size>
         <input_file_ref idref="fl-c5"/>
      </object_component>
      <object_component id="oc-5d0">
         <name>.text:wcslen</name>
         <load_address>0x2000cc2e</load_address>
         <run_address>0x2000cc2e</run_address>
         <size>0x12</size>
         <input_file_ref idref="fl-e4"/>
      </object_component>
      <object_component id="oc-81a">
         <name>.text:_SlDrvDispatchHttpServerEvents</name>
         <load_address>0x2000cc40</load_address>
         <run_address>0x2000cc40</run_address>
         <size>0x10</size>
         <input_file_ref idref="fl-ee"/>
      </object_component>
      <object_component id="oc-2ce">
         <name>.text:_SlDrvResetCmdExt</name>
         <load_address>0x2000cc50</load_address>
         <run_address>0x2000cc50</run_address>
         <size>0xe</size>
         <input_file_ref idref="fl-ee"/>
      </object_component>
      <object_component id="oc-18">
         <name>.text:decompress:none:__TI_decompress_none</name>
         <load_address>0x2000cc5e</load_address>
         <run_address>0x2000cc5e</run_address>
         <size>0xe</size>
         <input_file_ref idref="fl-c6"/>
      </object_component>
      <object_component id="oc-48b">
         <name>.text:NwpMaskInterrupt</name>
         <load_address>0x2000cc6c</load_address>
         <run_address>0x2000cc6c</run_address>
         <size>0xc</size>
         <input_file_ref idref="fl-f4"/>
      </object_component>
      <object_component id="oc-4a5">
         <name>.text:NwpUnMaskInterrupt</name>
         <load_address>0x2000cc78</load_address>
         <run_address>0x2000cc78</run_address>
         <size>0xc</size>
         <input_file_ref idref="fl-f4"/>
      </object_component>
      <object_component id="oc-124">
         <name>.text:IntMasterEnable</name>
         <load_address>0x2000cc84</load_address>
         <run_address>0x2000cc84</run_address>
         <size>0xa</size>
         <input_file_ref idref="fl-e6"/>
      </object_component>
      <object_component id="oc-33b">
         <name>.text:__aeabi_errno_addr</name>
         <load_address>0x2000cc90</load_address>
         <run_address>0x2000cc90</run_address>
         <size>0x8</size>
         <input_file_ref idref="fl-ce"/>
      </object_component>
      <object_component id="oc-212">
         <name>.text:malloc</name>
         <load_address>0x2000cc98</load_address>
         <run_address>0x2000cc98</run_address>
         <size>0x8</size>
         <input_file_ref idref="fl-cb"/>
      </object_component>
      <object_component id="oc-14e">
         <name>.text:UtilsDelay</name>
         <load_address>0x2000cca0</load_address>
         <run_address>0x2000cca0</run_address>
         <size>0x6</size>
         <input_file_ref idref="fl-ea"/>
      </object_component>
      <object_component id="oc-1aa">
         <name>.text:abort:abort</name>
         <load_address>0x2000cca6</load_address>
         <run_address>0x2000cca6</run_address>
         <size>0x4</size>
         <input_file_ref idref="fl-de"/>
      </object_component>
      <object_component id="oc-341">
         <name>.const:.string:_ctypes_</name>
         <load_address>0x2000ccac</load_address>
         <run_address>0x2000ccac</run_address>
         <size>0x101</size>
         <input_file_ref idref="fl-c9"/>
      </object_component>
      <object_component id="oc-687">
         <name>.const:g_ulPinToPadMap</name>
         <load_address>0x2000cdb0</load_address>
         <run_address>0x2000cdb0</run_address>
         <size>0x100</size>
         <input_file_ref idref="fl-e7"/>
      </object_component>
      <object_component id="oc-61c">
         <name>.const:g_pulRegs</name>
         <load_address>0x2000ceb0</load_address>
         <run_address>0x2000ceb0</run_address>
         <size>0xd4</size>
         <input_file_ref idref="fl-e6"/>
      </object_component>
      <object_component id="oc-53b">
         <name>.const:PRCM_PeriphRegsList</name>
         <load_address>0x2000cf84</load_address>
         <run_address>0x2000cf84</run_address>
         <size>0xa8</size>
         <input_file_ref idref="fl-e8"/>
      </object_component>
      <object_component id="oc-312">
         <name>.const</name>
         <load_address>0x2000d02c</load_address>
         <run_address>0x2000d02c</run_address>
         <size>0x80</size>
         <input_file_ref idref="fl-e6"/>
      </object_component>
      <object_component id="oc-738">
         <name>.const:OpcodeTranslateTable</name>
         <load_address>0x2000d0ac</load_address>
         <run_address>0x2000d0ac</run_address>
         <size>0x3c</size>
         <input_file_ref idref="fl-ee"/>
      </object_component>
      <object_component id="oc-7c3">
         <name>.const:_SlActionLookupTable</name>
         <load_address>0x2000d0e8</load_address>
         <run_address>0x2000d0e8</run_address>
         <size>0x38</size>
         <input_file_ref idref="fl-ee"/>
      </object_component>
      <object_component id="oc-10b">
         <name>.const:$P$T1$2</name>
         <load_address>0x2000d120</load_address>
         <run_address>0x2000d120</run_address>
         <size>0x2c</size>
         <input_file_ref idref="fl-2"/>
      </object_component>
      <object_component id="oc-757">
         <name>.const:g_ppulSPIIntMap</name>
         <load_address>0x2000d14c</load_address>
         <run_address>0x2000d14c</run_address>
         <size>0x24</size>
         <input_file_ref idref="fl-f5"/>
      </object_component>
      <object_component id="oc-117">
         <name>.const:.string:$P$T0$1</name>
         <load_address>0x2000d170</load_address>
         <run_address>0x2000d170</run_address>
         <size>0x22</size>
         <input_file_ref idref="fl-2"/>
      </object_component>
      <object_component id="oc-7a6">
         <name>.const:RxMsgClassLUT</name>
         <load_address>0x2000d194</load_address>
         <run_address>0x2000d194</run_address>
         <size>0x20</size>
         <input_file_ref idref="fl-ee"/>
      </object_component>
      <object_component id="oc-719">
         <name>.const</name>
         <load_address>0x2000d1b4</load_address>
         <run_address>0x2000d1b4</run_address>
         <size>0x18</size>
         <input_file_ref idref="fl-f5"/>
      </object_component>
      <object_component id="oc-79f">
         <name>.const:$P$T0$1</name>
         <load_address>0x2000d1cc</load_address>
         <run_address>0x2000d1cc</run_address>
         <size>0x14</size>
         <input_file_ref idref="fl-ee"/>
      </object_component>
      <object_component id="oc-600">
         <name>.const:$P$T0$1</name>
         <load_address>0x2000d1e0</load_address>
         <run_address>0x2000d1e0</run_address>
         <size>0x14</size>
         <input_file_ref idref="fl-f1"/>
      </object_component>
      <object_component id="oc-10e">
         <name>.const:$P$T2$3</name>
         <load_address>0x2000d1f4</load_address>
         <run_address>0x2000d1f4</run_address>
         <size>0x14</size>
         <input_file_ref idref="fl-2"/>
      </object_component>
      <object_component id="oc-171">
         <name>.const:.string:$P$T4$5</name>
         <load_address>0x2000d208</load_address>
         <run_address>0x2000d208</run_address>
         <size>0x14</size>
         <input_file_ref idref="fl-2"/>
      </object_component>
      <object_component id="oc-54e">
         <name>.const:.string:_SlPayloadByProtocolLUT</name>
         <load_address>0x2000d21c</load_address>
         <run_address>0x2000d21c</run_address>
         <size>0x10</size>
         <input_file_ref idref="fl-f2"/>
      </object_component>
      <object_component id="oc-14f">
         <name>.const:.string:$P$T3$4</name>
         <load_address>0x2000d22c</load_address>
         <run_address>0x2000d22c</run_address>
         <size>0xe</size>
         <input_file_ref idref="fl-2"/>
      </object_component>
      <object_component id="oc-4c0">
         <name>.const:StartResponseLUT</name>
         <load_address>0x2000d23a</load_address>
         <run_address>0x2000d23a</run_address>
         <size>0x8</size>
         <input_file_ref idref="fl-ed"/>
      </object_component>
      <object_component id="oc-7a2">
         <name>.const:g_H2NCnysPattern</name>
         <load_address>0x2000d244</load_address>
         <run_address>0x2000d244</run_address>
         <size>0x8</size>
         <input_file_ref idref="fl-ee"/>
      </object_component>
      <object_component id="oc-661">
         <name>.const:g_H2NSyncPattern</name>
         <load_address>0x2000d24c</load_address>
         <run_address>0x2000d24c</run_address>
         <size>0x8</size>
         <input_file_ref idref="fl-ee"/>
      </object_component>
      <object_component id="oc-37c">
         <name>.const:$P$T2$3</name>
         <load_address>0x2000d254</load_address>
         <run_address>0x2000d254</run_address>
         <size>0x4</size>
         <input_file_ref idref="fl-f3"/>
      </object_component>
      <object_component id="oc-2d4">
         <name>.const:_SlDeviceGetCmdCtrl</name>
         <load_address>0x2000d258</load_address>
         <run_address>0x2000d258</run_address>
         <size>0x4</size>
         <input_file_ref idref="fl-ed"/>
      </object_component>
      <object_component id="oc-877">
         <name>.const:_SlNetAppSendTokenValueCmdCtrl</name>
         <load_address>0x2000d25c</load_address>
         <run_address>0x2000d25c</run_address>
         <size>0x4</size>
         <input_file_ref idref="fl-ef"/>
      </object_component>
      <object_component id="oc-38b">
         <name>.const:_SlNetCfgGetCmdCtrl</name>
         <load_address>0x2000d260</load_address>
         <run_address>0x2000d260</run_address>
         <size>0x4</size>
         <input_file_ref idref="fl-f0"/>
      </object_component>
      <object_component id="oc-2ec">
         <name>.const:_SlNetCfgSetCmdCtrl</name>
         <load_address>0x2000d264</load_address>
         <run_address>0x2000d264</run_address>
         <size>0x4</size>
         <input_file_ref idref="fl-f0"/>
      </object_component>
      <object_component id="oc-2dd">
         <name>.const:_SlPolicySetCmdCtrl</name>
         <load_address>0x2000d268</load_address>
         <run_address>0x2000d268</run_address>
         <size>0x4</size>
         <input_file_ref idref="fl-f3"/>
      </object_component>
      <object_component id="oc-2e1">
         <name>.const:_SlProfileDelCmdCtrl</name>
         <load_address>0x2000d26c</load_address>
         <run_address>0x2000d26c</run_address>
         <size>0x4</size>
         <input_file_ref idref="fl-f3"/>
      </object_component>
      <object_component id="oc-372">
         <name>.const:_SlRecvCmdCtrl</name>
         <load_address>0x2000d270</load_address>
         <run_address>0x2000d270</run_address>
         <size>0x4</size>
         <input_file_ref idref="fl-f2"/>
      </object_component>
      <object_component id="oc-527">
         <name>.const:_SlRegisterServiceCtrl</name>
         <load_address>0x2000d274</load_address>
         <run_address>0x2000d274</run_address>
         <size>0x4</size>
         <input_file_ref idref="fl-ef"/>
      </object_component>
      <object_component id="oc-306">
         <name>.const:_SlRxFilterSetCmdCtrl</name>
         <load_address>0x2000d278</load_address>
         <run_address>0x2000d278</run_address>
         <size>0x4</size>
         <input_file_ref idref="fl-f3"/>
      </object_component>
      <object_component id="oc-35b">
         <name>.const:_SlSendCmdCtrl</name>
         <load_address>0x2000d27c</load_address>
         <run_address>0x2000d27c</run_address>
         <size>0x4</size>
         <input_file_ref idref="fl-f2"/>
      </object_component>
      <object_component id="oc-368">
         <name>.const:_SlSetSockOptCmdCtrl</name>
         <load_address>0x2000d280</load_address>
         <run_address>0x2000d280</run_address>
         <size>0x4</size>
         <input_file_ref idref="fl-f2"/>
      </object_component>
      <object_component id="oc-360">
         <name>.const:_SlSockCloseCmdCtrl</name>
         <load_address>0x2000d284</load_address>
         <run_address>0x2000d284</run_address>
         <size>0x4</size>
         <input_file_ref idref="fl-f2"/>
      </object_component>
      <object_component id="oc-346">
[...]
      </symbol>
      <symbol id="sm-892">
         <name>UARTEnable</name>
         <value>0x2000c785</value>
         <object_component_ref idref="oc-3b6"/>
      </symbol>
      <symbol id="sm-893">
         <name>UARTCharGet</name>
         <value>0x2000cb9d</value>
         <object_component_ref idref="oc-153"/>
      </symbol>
      <symbol id="sm-897">
         <name>UtilsDelay</name>
         <value>0x2000cca1</value>
         <object_component_ref idref="oc-14e"/>
      </symbol>
      <symbol id="sm-8a1">
         <name>CPUcpsie</name>
         <value>0x2000cbdf</value>
         <object_component_ref idref="oc-30b"/>
      </symbol>
      <symbol id="sm-945">
         <name>_sl_HandleAsync_InitComplete</name>
         <value>0x2000add1</value>
         <object_component_ref idref="oc-867"/>
      </symbol>
      <symbol id="sm-946">
         <name>_SlDrvDeviceEventHandler</name>
         <value>0x2000a655</value>
         <object_component_ref idref="oc-806"/>
      </symbol>
      <symbol id="sm-947">
         <name>_sl_HandleAsync_Stop</name>
         <value>0x2000bd19</value>
         <object_component_ref idref="oc-842"/>
      </symbol>
      <symbol id="sm-948">
         <name>sl_Stop</name>
         <value>0x20009421</value>
         <object_component_ref idref="oc-e1"/>
      </symbol>
      <symbol id="sm-949">
         <name>sl_Start</name>
         <value>0x200096f1</value>
         <object_component_ref idref="oc-cf"/>
      </symbol>
      <symbol id="sm-94a">
         <name>sl_DevGet</name>
         <value>0x20009ed1</value>
         <object_component_ref idref="oc-e7"/>
      </symbol>
      <symbol id="sm-bf9">
         <name>RxIrqCnt</name>
         <value>0x2001f1e8</value>
      </symbol>
      <symbol id="sm-bfa">
         <name>g_bDeviceRestartIsRequired</name>
         <value>0x2001f1e9</value>
      </symbol>
      <symbol id="sm-bfb">
         <name>_SlDrvProtectionObjUnLock</name>
         <value>0x2000c69d</value>
         <object_component_ref idref="oc-484"/>
      </symbol>
      <symbol id="sm-bfc">
         <name>_SlDrvBasicCmd</name>
         <value>0x2000bf2d</value>
         <object_component_ref idref="oc-2e5"/>
      </symbol>
      <symbol id="sm-bfd">
         <name>_SlDrvObjUnLock</name>
         <value>0x2000c895</value>
         <object_component_ref idref="oc-558"/>
      </symbol>
      <symbol id="sm-bfe">
         <name>_SlDrvObjLockWaitForever</name>
         <value>0x2000c715</value>
         <object_component_ref idref="oc-552"/>
      </symbol>
      <symbol id="sm-bff">
         <name>_SlDrvMsgReadSpawnCtx</name>
         <value>0x200098c5</value>
         <object_component_ref idref="oc-4d8"/>
      </symbol>
      <symbol id="sm-c00">
         <name>_SlDrvDispatchHttpServerEvents</name>
         <value>0x2000cc41</value>
         <object_component_ref idref="oc-81a"/>
      </symbol>
      <symbol id="sm-c01">
         <name>_SlDriverHandleError</name>
         <value>0x2000a3d5</value>
         <object_component_ref idref="oc-4ac"/>
      </symbol>
      <symbol id="sm-c02">
         <name>_SlDrvDriverCBDeinit</name>
         <value>0x20008cb9</value>
         <object_component_ref idref="oc-2bf"/>
      </symbol>
      <symbol id="sm-c03">
         <name>_SlDrvStartMeasureTimeout</name>
         <value>0x2000c967</value>
         <object_component_ref idref="oc-5f4"/>
      </symbol>
      <symbol id="sm-c04">
         <name>_SlDrvResetCmdExt</name>
         <value>0x2000cc51</value>
         <object_component_ref idref="oc-2ce"/>
      </symbol>
      <symbol id="sm-c05">
         <name>_SlDrvIsTimeoutExpired</name>
         <value>0x2000ad45</value>
         <object_component_ref idref="oc-5fa"/>
      </symbol>
      <symbol id="sm-c06">
         <name>_SlDrvProtectAsyncRespSetting</name>
         <value>0x2000be01</value>
         <object_component_ref idref="oc-25c"/>
      </symbol>
      <symbol id="sm-c07">
         <name>_SlDrvReleasePoolObj</name>
         <value>0x20007815</value>
         <object_component_ref idref="oc-27a"/>
      </symbol>
      <symbol id="sm-c08">
         <name>OpcodeTranslateTable</name>
         <value>0x2000d0ac</value>
         <object_component_ref idref="oc-738"/>
      </symbol>
      <symbol id="sm-c09">
         <name>pPingCallBackFunc</name>
         <value>0x2001f354</value>
         <object_component_ref idref="oc-289"/>
      </symbol>
      <symbol id="sm-c0a">
         <name>_SlDrvDriverCBInit</name>
         <value>0x20007d6d</value>
         <object_component_ref idref="oc-250"/>
      </symbol>
      <symbol id="sm-c0b">
         <name>g_pCB</name>
         <value>0x2001f350</value>
         <object_component_ref idref="oc-289"/>
      </symbol>
      <symbol id="sm-c0c">
         <name>_SlDrvProtectionObjLockWaitForever</name>
         <value>0x2000c5cd</value>
         <object_component_ref idref="oc-47e"/>
      </symbol>
      <symbol id="sm-c0d">
         <name>_SlDrvCmdOp</name>
         <value>0x2000a061</value>
         <object_component_ref idref="oc-2a3"/>
      </symbol>
      <symbol id="sm-c0e">
         <name>_SlDrvSyncObjWaitTimeout</name>
         <value>0x2000c045</value>
         <object_component_ref idref="oc-274"/>
      </symbol>
      <symbol id="sm-c0f">
         <name>_SlDrvGlobalObjUnLock</name>
         <value>0x2000c675</value>
         <object_component_ref idref="oc-4eb"/>
      </symbol>
      <symbol id="sm-c10">
         <name>_SlDrvMemZero</name>
         <value>0x2000cbb3</value>
         <object_component_ref idref="oc-376"/>
      </symbol>
      <symbol id="sm-c11">
         <name>_SlDrvWaitForPoolObj</name>
         <value>0x200080bd</value>
         <object_component_ref idref="oc-478"/>
      </symbol>
      <symbol id="sm-c12">
         <name>_SlDrvSyncObjSignal</name>
         <value>0x2000c8b5</value>
         <object_component_ref idref="oc-4b9"/>
      </symbol>
      <symbol id="sm-c13">
         <name>_SlDrvDataReadOp</name>
         <value>0x20007631</value>
         <object_component_ref idref="oc-36c"/>
      </symbol>
      <symbol id="sm-c14">
         <name>_SlDrvDataWriteOp</name>
         <value>0x20008535</value>
         <object_component_ref idref="oc-355"/>
      </symbol>
      <symbol id="sm-c15">
         <name>_SlDrvRxIrqHandler</name>
         <value>0x2000bbc9</value>
         <object_component_ref idref="oc-28c"/>
      </symbol>
      <symbol id="sm-c16">
         <name>_SlDrvSyncObjWaitForever</name>
         <value>0x2000c6c5</value>
         <object_component_ref idref="oc-55e"/>
      </symbol>
      <symbol id="sm-c17">
         <name>g_SlDeviceStatus</name>
         <value>0x2001f34c</value>
         <object_component_ref idref="oc-289"/>
      </symbol>
      <symbol id="sm-c18">
         <name>_SlDrvCmdSend</name>
         <value>0x2000b54d</value>
         <object_component_ref idref="oc-871"/>
      </symbol>
      <symbol id="sm-c19">
         <name>_SlActionLookupTable</name>
         <value>0x2000d0e8</value>
         <object_component_ref idref="oc-7c3"/>
      </symbol>
      <symbol id="sm-ca0">
         <name>sl_NetAppMDNSUnRegisterService</name>
         <value>0x2000b821</value>
         <object_component_ref idref="oc-111"/>
      </symbol>
      <symbol id="sm-ca1">
         <name>_SlNetAppSendTokenValueCmdCtrl</name>
         <value>0x2000d25c</value>
         <object_component_ref idref="oc-877"/>
      </symbol>
      <symbol id="sm-ca2">
         <name>_sl_HandleAsync_DnsGetHostByName</name>
         <value>0x2000aa7d</value>
         <object_component_ref idref="oc-80e"/>
      </symbol>
      <symbol id="sm-ca3">
         <name>_sl_HandleAsync_PingResponse</name>
         <value>0x2000ab0d</value>
         <object_component_ref idref="oc-7af"/>
      </symbol>
      <symbol id="sm-ca4">
         <name>_SlDrvNetAppEventHandler</name>
         <value>0x2000912d</value>
         <object_component_ref idref="oc-7a9"/>
      </symbol>
      <symbol id="sm-ca5">
         <name>_sl_HandleAsync_DnsGetHostByService</name>
         <value>0x20009e05</value>
         <object_component_ref idref="oc-814"/>
      </symbol>
      <symbol id="sm-ca6">
         <name>_sl_NetAppSendTokenValue</name>
         <value>0x2000b5b9</value>
         <object_component_ref idref="oc-820"/>
      </symbol>
      <symbol id="sm-ca7">
         <name>sl_NetAppMDNSRegisterUnregisterService</name>
         <value>0x20009a95</value>
         <object_component_ref idref="oc-2fe"/>
      </symbol>
      <symbol id="sm-ce7">
         <name>sl_NetCfgGet</name>
         <value>0x20009d2d</value>
         <object_component_ref idref="oc-18a"/>
      </symbol>
      <symbol id="sm-ce8">
         <name>sl_NetCfgSet</name>
         <value>0x2000a6f1</value>
         <object_component_ref idref="oc-ff"/>
      </symbol>
      <symbol id="sm-d30">
         <name>_SlNonOsSemSet</name>
         <value>0x2000cb27</value>
         <object_component_ref idref="oc-406"/>
      </symbol>
      <symbol id="sm-d31">
         <name>_SlNonOsSpawn</name>
         <value>0x2000b6f5</value>
         <object_component_ref idref="oc-4d2"/>
      </symbol>
      <symbol id="sm-d32">
         <name>_SlNonOsSemGet</name>
         <value>0x2000a1d5</value>
         <object_component_ref idref="oc-40c"/>
      </symbol>
      <symbol id="sm-d33">
         <name>_SlNonOsMainLoopTask</name>
         <value>0x2000b469</value>
         <object_component_ref idref="oc-d5"/>
      </symbol>
      <symbol id="sm-d34">
         <name>g__SlNonOsCB</name>
         <value>0x2001f310</value>
         <object_component_ref idref="oc-29e"/>
      </symbol>
      <symbol id="sm-df2">
         <name>sl_Recv</name>
         <value>0x2000a519</value>
         <object_component_ref idref="oc-165"/>
      </symbol>
      <symbol id="sm-df3">
         <name>sl_Send</name>
         <value>0x20008b85</value>
         <object_component_ref idref="oc-142"/>
      </symbol>
      <symbol id="sm-df4">
         <name>_sl_HandleAsync_Connect</name>
         <value>0x2000b101</value>
         <object_component_ref idref="oc-836"/>
      </symbol>
      <symbol id="sm-df5">
         <name>sl_Socket</name>
         <value>0x2000ae5d</value>
         <object_component_ref idref="oc-13c"/>
      </symbol>
      <symbol id="sm-df6">
         <name>_sl_HandleAsync_Select</name>
         <value>0x2000bc1d</value>
         <object_component_ref idref="oc-83c"/>
      </symbol>
      <symbol id="sm-df7">
         <name>sl_Close</name>
         <value>0x2000b94d</value>
         <object_component_ref idref="oc-148"/>
      </symbol>
      <symbol id="sm-df8">
         <name>_sl_HandleAsync_Accept</name>
         <value>0x2000b759</value>
         <object_component_ref idref="oc-830"/>
      </symbol>
      <symbol id="sm-df9">
         <name>sl_SetSockOpt</name>
         <value>0x2000a789</value>
         <object_component_ref idref="oc-15f"/>
      </symbol>
      <symbol id="sm-ec0">
         <name>sl_WlanDisconnect</name>
         <value>0x2000c375</value>
         <object_component_ref idref="oc-f9"/>
      </symbol>
      <symbol id="sm-ec1">
         <name>sl_WlanRxStatGet</name>
         <value>0x2000b68d</value>
         <object_component_ref idref="oc-16b"/>
      </symbol>
      <symbol id="sm-ec2">
         <name>sl_WlanPolicySet</name>
         <value>0x2000ab9d</value>
         <object_component_ref idref="oc-ed"/>
      </symbol>
      <symbol id="sm-ec3">
         <name>sl_WlanRxStatStart</name>
         <value>0x2000c3ad</value>
         <object_component_ref idref="oc-159"/>
      </symbol>
      <symbol id="sm-ec4">
         <name>sl_WlanRxStatStop</name>
         <value>0x2000c3e5</value>
         <object_component_ref idref="oc-172"/>
      </symbol>
      <symbol id="sm-ec5">
         <name>sl_WlanProfileDel</name>
         <value>0x2000b9ad</value>
         <object_component_ref idref="oc-f3"/>
      </symbol>
      <symbol id="sm-ec6">
         <name>sl_WlanRxFilterSet</name>
         <value>0x2000b07d</value>
         <object_component_ref idref="oc-118"/>
      </symbol>
      <symbol id="sm-ec7">
         <name>sl_WlanSet</name>
         <value>0x2000a821</value>
         <object_component_ref idref="oc-105"/>
      </symbol>
      <symbol id="sm-ec8">
         <name>sl_WlanSetMode</name>
         <value>0x2000ba0d</value>
         <object_component_ref idref="oc-db"/>
      </symbol>
      <symbol id="sm-fe8">
         <name>g_ucDinDout</name>
         <value>0x2001f168</value>
      </symbol>
      <symbol id="sm-fe9">
         <name>g_cDummy</name>
         <value>0x2001f1ea</value>
      </symbol>
      <symbol id="sm-fea">
         <name>NwpMaskInterrupt</name>
         <value>0x2000cc6d</value>
         <object_component_ref idref="oc-48b"/>
      </symbol>
      <symbol id="sm-feb">
         <name>NwpPrePowerOffTimout0</name>
         <value>0x2000c855</value>
         <object_component_ref idref="oc-2b3"/>
      </symbol>
      <symbol id="sm-fec">
         <name>NwpRegisterInterruptHandler</name>
         <value>0x2000c1d1</value>
         <object_component_ref idref="oc-268"/>
      </symbol>
      <symbol id="sm-fed">
         <name>g_pHostIntHdl</name>
         <value>0x2001f360</value>
         <object_component_ref idref="oc-465"/>
      </symbol>
      <symbol id="sm-fee">
         <name>simplelink_timerA2_start</name>
         <value>0x2000c2c5</value>
         <object_component_ref idref="oc-78f"/>
      </symbol>
      <symbol id="sm-fef">
         <name>NwpUnMaskInterrupt</name>
         <value>0x2000cc79</value>
         <object_component_ref idref="oc-4a5"/>
      </symbol>
      <symbol id="sm-ff0">
         <name>NwpPowerOff</name>
         <value>0x2000c33d</value>
         <object_component_ref idref="oc-262"/>
      </symbol>
      <symbol id="sm-ff1">
         <name>TimerGetCurrentTimestamp</name>
         <value>0x2000c875</value>
         <object_component_ref idref="oc-70b"/>
      </symbol>
      <symbol id="sm-ff2">
         <name>spi_Read</name>
         <value>0x20009511</value>
         <object_component_ref idref="oc-72b"/>
      </symbol>
      <symbol id="sm-ff3">
         <name>DmaSpiSwIntHandler</name>
         <value>0x2000c73d</value>
         <object_component_ref idref="oc-46b"/>
      </symbol>
      <symbol id="sm-ff4">
         <name>NwpPowerOn</name>
         <value>0x2000c549</value>
         <object_component_ref idref="oc-26e"/>
      </symbol>
      <symbol id="sm-ff5">
         <name>spi_Close</name>
         <value>0x2000b379</value>
         <object_component_ref idref="oc-2b9"/>
      </symbol>
      <symbol id="sm-ff6">
         <name>spi_Write</name>
         <value>0x2000a8b9</value>
         <object_component_ref idref="oc-65b"/>
      </symbol>
      <symbol id="sm-ff7">
         <name>spi_Open</name>
         <value>0x20008685</value>
         <object_component_ref idref="oc-256"/>
      </symbol>
      <symbol id="sm-ff8">
         <name>g_ucDMAEnabled</name>
         <value>0x2001f364</value>
         <object_component_ref idref="oc-465"/>
      </symbol>
      <symbol id="sm-ff9">
         <name>g_SpiFd</name>
         <value>0x2001f35c</value>
         <object_component_ref idref="oc-465"/>
      </symbol>
      <symbol id="sm-10b4">
         <name>SPIFIFODisable</name>
         <value>0x2000ca47</value>
         <object_component_ref idref="oc-509"/>
      </symbol>
      <symbol id="sm-10b5">
         <name>SPICSEnable</name>
         <value>0x2000cac7</value>
         <object_component_ref idref="oc-742"/>
      </symbol>
      <symbol id="sm-10b6">
         <name>SPIDisable</name>
         <value>0x2000cadf</value>
         <object_component_ref idref="oc-41d"/>
      </symbol>
      <symbol id="sm-10b7">
         <name>SPIFIFOEnable</name>
         <value>0x2000ca61</value>
         <object_component_ref idref="oc-43b"/>
      </symbol>
      <symbol id="sm-10b8">
         <name>SPIWordCountSet</name>
         <value>0x2000c7ef</value>
         <object_component_ref idref="oc-748"/>
      </symbol>
      <symbol id="sm-10b9">
         <name>SPIEnable</name>
         <value>0x2000caf7</value>
         <object_component_ref idref="oc-45f"/>
      </symbol>
      <symbol id="sm-10ba">
         <name>SPIDmaEnable</name>
         <value>0x2000ca2d</value>
         <object_component_ref idref="oc-441"/>
      </symbol>
      <symbol id="sm-10bb">
         <name>SPIConfigSetExpClk</name>
         <value>0x2000a479</value>
         <object_component_ref idref="oc-429"/>
      </symbol>
      <symbol id="sm-10bc">
         <name>SPIIntUnregister</name>
         <value>0x2000ca7b</value>
         <object_component_ref idref="oc-503"/>
      </symbol>
      <symbol id="sm-10bd">
         <name>SPIFIFOLevelSet</name>
         <value>0x2000c451</value>
         <object_component_ref idref="oc-447"/>
      </symbol>
      <symbol id="sm-10be">
         <name>SPIDmaDisable</name>
         <value>0x2000ca13</value>
         <object_component_ref idref="oc-50f"/>
      </symbol>
      <symbol id="sm-10bf">
         <name>SPIReset</name>
         <value>0x2000c7cd</value>
         <object_component_ref idref="oc-423"/>
      </symbol>
      <symbol id="sm-10c0">
         <name>SPIIntEnable</name>
         <value>0x2000bd69</value>
         <object_component_ref idref="oc-459"/>
      </symbol>
      <symbol id="sm-10c1">
         <name>SPIIntClear</name>
         <value>0x2000bee5</value>
         <object_component_ref idref="oc-631"/>
      </symbol>
      <symbol id="sm-10c2">
         <name>SPICSDisable</name>
         <value>0x2000caaf</value>
         <object_component_ref idref="oc-417"/>
      </symbol>
      <symbol id="sm-10f5">
         <name>TimerLoadSet</name>
         <value>0x2000c5f9</value>
         <object_component_ref idref="oc-7f2"/>
      </symbol>
      <symbol id="sm-10f6">
         <name>TimerEnable</name>
         <value>0x2000c8d5</value>
         <object_component_ref idref="oc-7f8"/>
      </symbol>
      <symbol id="sm-10f7">
         <name>TimerValueGet</name>
         <value>0x2000c92f</value>
         <object_component_ref idref="oc-795"/>
      </symbol>
      <symbol id="sm-10f8">
         <name>TimerPrescaleSet</name>
         <value>0x2000c623</value>
         <object_component_ref idref="oc-7ec"/>
      </symbol>
      <symbol id="sm-10f9">
         <name>TimerConfigure</name>
         <value>0x2000c001</value>
         <object_component_ref idref="oc-7e6"/>
      </symbol>
      <symbol id="sm-1150">
         <name>uDMAChannelControlSet</name>
         <value>0x2000c301</value>
         <object_component_ref idref="oc-84a"/>
      </symbol>
      <symbol id="sm-1151">
         <name>uDMAChannelAttributeEnable</name>
         <value>0x2000b8e9</value>
         <object_component_ref idref="oc-850"/>
      </symbol>
      <symbol id="sm-1152">
         <name>uDMAChannelTransferSet</name>
         <value>0x20009601</value>
         <object_component_ref idref="oc-856"/>
      </symbol>
      <symbol id="sm-1153">
         <name>uDMAChannelAssign</name>
         <value>0x2000be99</value>
         <object_component_ref idref="oc-60b"/>
      </symbol>
      <symbol id="sm-1154">
         <name>uDMAChannelAttributeDisable</name>
         <value>0x2000b885</value>
         <object_component_ref idref="oc-611"/>
      </symbol>
      <symbol id="sm-1155">
         <name>uDMAChannelEnable</name>
         <value>0x2000c9dd</value>
         <object_component_ref idref="oc-85c"/>
      </symbol>
      <symbol id="sm-1156">
         <name>__TI_static_base__</name>
         <value>0x2000d298</value>
      </symbol>
      <symbol id="sm-1159">
         <name>__mpu_init</name>
         <value>0x0</value>
      </symbol>
      <symbol id="sm-115a">
         <name>_system_post_cinit</name>
         <value>0x0</value>
      </symbol>
   </symbol_table>
   <title>Link successful</title>
</link_info>
