******************************************************************************
                  TI ARM Linker PC v18.12.1                    
******************************************************************************
>> Linked Thu Apr  4 11:58:05 2019

OUTPUT FILE NAME:   <transceiver_mode.out>
ENTRY POINT SYMBOL: "_c_int00_noargs"  address: 2000c355


MEMORY CONFIGURATION

         name            origin    length      used     unused   attr    fill
----------------------  --------  ---------  --------  --------  ----  --------
  SRAM_CODE             20004000   00013000  000091da  00009e26  RW X
  SRAM_DATA             20017000   00019000  00009883  0000f77d  RW X


SEGMENT ALLOCATION MAP

run origin  load origin   length   init length attrs members
----------  ----------- ---------- ----------- ----- -------
20004000    20004000    000091e0   000091e0    r-x
  20004000    20004000    00000400   00000400    r-- .intvecs
  20004400    20004400    00008766   00008766    r-x .text
  2000cb68    2000cb68    000005ec   000005ec    r-- .const
  2000d158    2000d158    00000088   00000088    r-- .cinit
20017000    20017000    00008384   00000000    rw-
  20017000    20017000    00008000   00000000    rw- .sysmem
  2001f000    2001f000    000001eb   00000000    rw- .bss
  2001f1ec    2001f1ec    00000198   00000000    rw- .data
2002eb00    2002eb00    00001500   00000000    rw-
  2002eb00    2002eb00    00001500   00000000    rw- .stack


SECTION ALLOCATION MAP

 output                                  attributes/
section   page    origin      length       input sections
--------  ----  ----------  ----------   ----------------
.intvecs   0    20004000    00000400     
                  20004000    00000400     startup_ccs.obj (.intvecs)

.init_array 
*          0    20004000    00000000     UNINITIALIZED

.text      0    20004400    00008766     
                  20004400    000019e4     main.obj (.text)
                  20005de4    00000a4e     rtsv7M4_T_le_v4SPD16_eabi.lib : _printfi.c.obj (.text:__TI_printfi)
                  20006832    00000002     driverlib.a : interrupt.obj (.text:IntDefaultHandler)
                  20006834    00000590     simplelink.a : driver.obj (.text:_SlDrvMsgRead)
                  20006dc4    00000280     uart_if.obj (.text)
                  20007044    00000270     rtsv7M4_T_le_v4SPD16_eabi.lib : _printfi.c.obj (.text:_pconv_a)
                  200072b4    0000024c     simplelink.a : driver.obj (.text:_SlDrvRxHdrRead)
                  20007500    000001e4                  : driver.obj (.text:_SlDrvDataReadOp)
                  200076e4    000001d0                  : driver.obj (.text:_SlDrvReleasePoolObj)
                  200078b4    000001d0     rtsv7M4_T_le_v4SPD16_eabi.lib : _printfi.c.obj (.text:_pconv_g)
                  20007a84    000001b6                                   : fd_add_t2.asm.obj (.text)
                  20007c3a    00000002                                   : _lock.c.obj (.text:_nop)
                  20007c3c    000001b4     simplelink.a : driver.obj (.text:_SlDrvDriverCBInit)
                  20007df0    0000019c                  : driver.obj (.text:_SlDrvMsgWrite)
                  20007f8c    00000190                  : driver.obj (.text:_SlDrvWaitForPoolObj)
                  2000811c    00000178     driverlib.a : prcm.obj (.text:PRCMCC3200MCUInit)
                  20008294    00000170     simplelink.a : driver.obj (.text:_SlFindAndSetActiveObj)
                  20008404    00000150                  : driver.obj (.text:_SlDrvDataWriteOp)
                  20008554    00000148                  : cc_pal.obj (.text:spi_Open)
                  2000869c    00000144                  : driver.obj (.text:_SlDrvMsgReadCmdCtx)
                  200087e0    0000013c     rtsv7M4_T_le_v4SPD16_eabi.lib : _printfi.c.obj (.text:_pconv_e)
                  2000891c    00000136                                   : fd_div_t2.asm.obj (.text)
                  20008a52    00000002                                   : div0.asm.obj (.text)
                  20008a54    00000134     simplelink.a : socket.obj (.text:sl_Send)
                  20008b88    00000130                  : driver.obj (.text:_SlDrvDriverCBDeinit)
                  20008cb8    00000124     rtsv7M4_T_le_v4SPD16_eabi.lib : _printfi.c.obj (.text:fcvt)
                  20008ddc    00000110                                   : s_scalbn.c.obj (.text:scalbn)
                  20008eec    00000110                                   : strtoul.c.obj (.text:strtoul)
                  20008ffc    00000104     simplelink.a : netapp.obj (.text:_SlDrvNetAppEventHandler)
                  20009100    000000fc     rtsv7M4_T_le_v4SPD16_eabi.lib : fd_mul_t2.asm.obj (.text)
                  200091fc    000000f4                                   : memory.c.obj (.text:aligned_alloc)
                  200092f0    000000f0     simplelink.a : device.obj (.text:sl_Stop)
                  200093e0    000000f0                  : cc_pal.obj (.text:spi_Read)
                  200094d0    000000f0     driverlib.a : udma.obj (.text:uDMAChannelTransferSet)
                  200095c0    000000ec     simplelink.a : device.obj (.text:sl_Start)
                  200096ac    000000e8                  : driver.obj (.text:_SlAsyncEventGenericHandler)
                  20009794    000000e8                  : driver.obj (.text:_SlDrvMsgReadSpawnCtx)
                  2000987c    000000e8     rtsv7M4_T_le_v4SPD16_eabi.lib : memory.c.obj (.text:free)
                  20009964    000000e4     simplelink.a : netapp.obj (.text:sl_NetAppMDNSRegisterUnregisterService)
                  20009a48    000000dc                  : driver.obj (.text:_SlDrvClassifyRxMsg)
                  20009b24    000000d8     rtsv7M4_T_le_v4SPD16_eabi.lib : memory.c.obj (.text:realloc)
                  20009bfc    000000d8     simplelink.a : netcfg.obj (.text:sl_NetCfgGet)
                  20009cd4    000000cc                  : netapp.obj (.text:_sl_HandleAsync_DnsGetHostByService)
                  20009da0    000000cc                  : device.obj (.text:sl_DevGet)
                  20009e6c    000000c4                  : driver.obj (.text:_SlRemoveFromList)
                  20009f30    000000c0                  : driver.obj (.text:_SlDrvCmdOp)
                  20009ff0    000000b1     rtsv7M4_T_le_v4SPD16_eabi.lib : _printfi.c.obj (.text:_ltostr)
                  2000a0a1    00000003     --HOLE-- [fill = 0]
                  2000a0a4    000000b0     simplelink.a : nonos.obj (.text:_SlNonOsSemGet)
                  2000a154    000000a8     driverlib.a : interrupt.obj (.text:IntDisable)
                  2000a1fc    000000a8                 : interrupt.obj (.text:IntEnable)
                  2000a2a4    000000a4     simplelink.a : driver.obj (.text:_SlDriverHandleError)
                  2000a348    000000a0     driverlib.a : spi.obj (.text:SPIConfigSetExpClk)
                  2000a3e8    000000a0     simplelink.a : socket.obj (.text:sl_Recv)
                  2000a488    0000009c     rtsv7M4_T_le_v4SPD16_eabi.lib : memcpy_t2.asm.obj (.text)
                  2000a524    0000009a     simplelink.a : device.obj (.text:_SlDrvDeviceEventHandler)
                  2000a5be    00000002     --HOLE-- [fill = 0]
                  2000a5c0    00000098                  : netcfg.obj (.text:sl_NetCfgSet)
                  2000a658    00000098                  : socket.obj (.text:sl_SetSockOpt)
                  2000a6f0    00000098                  : wlan.obj (.text:sl_WlanSet)
                  2000a788    00000098                  : cc_pal.obj (.text:spi_Write)
                  2000a820    00000096     rtsv7M4_T_le_v4SPD16_eabi.lib : ull_div_t2.asm.obj (.text)
                  2000a8b6    00000002     --HOLE-- [fill = 0]
                  2000a8b8    00000094     driverlib.a : prcm.obj (.text:PRCMPeripheralClockGet)
                  2000a94c    00000090     simplelink.a : netapp.obj (.text:_sl_HandleAsync_DnsGetHostByName)
                  2000a9dc    00000090                  : netapp.obj (.text:_sl_HandleAsync_PingResponse)
                  2000aa6c    00000090                  : wlan.obj (.text:sl_WlanPolicySet)
                  2000aafc    0000008c                  : cc_pal.obj (.text:SetupDMAReceive)
                  2000ab88    0000008c                  : cc_pal.obj (.text:SetupDMASend)
                  2000ac14    0000008c                  : driver.obj (.text:_SlDrvIsTimeoutExpired)
                  2000aca0    0000008c                  : device.obj (.text:_sl_HandleAsync_InitComplete)
                  2000ad2c    0000008c                  : socket.obj (.text:sl_Socket)
                  2000adb8    00000088     driverlib.a : pin.obj (.text:PinConfigSet)
                  2000ae40    00000086     rtsv7M4_T_le_v4SPD16_eabi.lib : fd_cmp_t2.asm.obj (.text:__aeabi_cdcmple)
                  2000aec6    00000086                                   : fd_cmp_t2.asm.obj (.text:__aeabi_cdrcmple)
                  2000af4c    00000084     simplelink.a : wlan.obj (.text:sl_WlanRxFilterSet)
                  2000afd0    00000080                  : socket.obj (.text:_sl_HandleAsync_Connect)
                  2000b050    00000080                  : cc_pal.obj (.text:spi_Read_CPU)
                  2000b0d0    00000080                  : cc_pal.obj (.text:spi_Write_CPU)
                  2000b150    0000007c     rtsv7M4_T_le_v4SPD16_eabi.lib : memory.c.obj (.text:split)
                  2000b1cc    0000007a                                   : memset_t2.asm.obj (.text)
                  2000b246    00000002     --HOLE-- [fill = 0]
                  2000b248    00000078     simplelink.a : cc_pal.obj (.text:spi_Close)
                  2000b2c0    00000076     driverlib.a : uart.obj (.text:UARTConfigSetExpClk)
                  2000b336    00000002     --HOLE-- [fill = 0]
                  2000b338    00000074     simplelink.a : nonos.obj (.text:_SlNonOsMainLoopTask)
                  2000b3ac    0000006e     rtsv7M4_T_le_v4SPD16_eabi.lib : _printfi.c.obj (.text:_mcpy)
                  2000b41a    00000002     --HOLE-- [fill = 0]
                  2000b41c    0000006c     simplelink.a : driver.obj (.text:_SlDrvCmdSend)
                  2000b488    0000006c                  : netapp.obj (.text:_sl_NetAppSendTokenValue)
                  2000b4f4    00000068     rtsv7M4_T_le_v4SPD16_eabi.lib : copy_decompress_lzss.c.obj (.text:decompress:lzss:__TI_decompress_lzss)
                  2000b55c    00000068     simplelink.a : wlan.obj (.text:sl_WlanRxStatGet)
                  2000b5c4    00000064                  : nonos.obj (.text:_SlNonOsSpawn)
                  2000b628    00000064                  : socket.obj (.text:_sl_HandleAsync_Accept)
                  2000b68c    00000064     rtsv7M4_T_le_v4SPD16_eabi.lib : s_frexp.c.obj (.text:frexp)
                  2000b6f0    00000064     simplelink.a : netapp.obj (.text:sl_NetAppMDNSUnRegisterService)
                  2000b754    00000064     driverlib.a : udma.obj (.text:uDMAChannelAttributeDisable)
                  2000b7b8    00000064                 : udma.obj (.text:uDMAChannelAttributeEnable)
                  2000b81c    00000060     simplelink.a : socket.obj (.text:sl_Close)
                  2000b87c    00000060                  : wlan.obj (.text:sl_WlanProfileDel)
                  2000b8dc    00000060                  : wlan.obj (.text:sl_WlanSetMode)
                  2000b93c    00000058     driverlib.a : interrupt.obj (.text:IntPendClear)
                  2000b994    00000058                 : prcm.obj (.text:PRCMPeripheralReset)
                  2000b9ec    00000056     rtsv7M4_T_le_v4SPD16_eabi.lib : _printfi.c.obj (.text:_pconv_f)
                  2000ba42    00000002     --HOLE-- [fill = 0]
                  2000ba44    00000054     driverlib.a : interrupt.obj (.text:IntPrioritySet)
                  2000ba98    00000054     simplelink.a : driver.obj (.text:_SlDrvRxIrqHandler)
                  2000baec    00000054                  : socket.obj (.text:_sl_HandleAsync_Select)
                  2000bb40    00000054     rtsv7M4_T_le_v4SPD16_eabi.lib : ltoa.c.obj (.text:ltoa)
                  2000bb94    00000052                                   : _printfi.c.obj (.text:_ecpy)
                  2000bbe6    00000002     --HOLE-- [fill = 0]
                  2000bbe8    00000050     simplelink.a : device.obj (.text:_sl_HandleAsync_Stop)
                  2000bc38    0000004c     driverlib.a : spi.obj (.text:SPIIntEnable)
                  2000bc84    0000004c                 : spi.obj (.text:SPIIntNumberGet)
                  2000bcd0    0000004c     simplelink.a : driver.obj (.text:_SlDrvProtectAsyncRespSetting)
                  2000bd1c    0000004c     rtsv7M4_T_le_v4SPD16_eabi.lib : atoi.c.obj (.text:atoi)
                  2000bd68    0000004c     driverlib.a : udma.obj (.text:uDMAChannelAssign)
                  2000bdb4    00000048                 : spi.obj (.text:SPIIntClear)
                  2000bdfc    00000048     simplelink.a : driver.obj (.text:_SlDrvBasicCmd)
                  2000be44    00000048     rtsv7M4_T_le_v4SPD16_eabi.lib : fd_toi_t2.asm.obj (.text)
                  2000be8c    00000044     driverlib.a : spi.obj (.text:SPIDmaMaskGet)
                  2000bed0    00000044                 : timer.obj (.text:TimerConfigure)
                  2000bf14    00000044     simplelink.a : driver.obj (.text:_SlDrvSyncObjWaitTimeout)
                  2000bf58    00000044     rtsv7M4_T_le_v4SPD16_eabi.lib : autoinit.c.obj (.text:__TI_auto_init_nobinit_nopinit:__TI_auto_init_nobinit_nopinit)
                  2000bf9c    00000044     simplelink.a : cc_pal.obj (.text:cc_SetupTransfer)
                  2000bfe0    00000040     driverlib.a : pin.obj (.text:PinModeSet)
                  2000c020    00000040     simplelink.a : socket.obj (.text:_sl_TruncatePayloadByProtocol)
                  2000c060    00000040     rtsv7M4_T_le_v4SPD16_eabi.lib : vsnprintf.c.obj (.text:vsnprintf)
                  2000c0a0    0000003e     simplelink.a : cc_pal.obj (.text:NwpRegisterInterruptHandler)
                  2000c0de    0000003e     rtsv7M4_T_le_v4SPD16_eabi.lib : _printfi.c.obj (.text:_fcpy)
                  2000c11c    0000003c     simplelink.a : netapp.obj (.text:CopyPingResultsToReport)
                  2000c158    0000003c     driverlib.a : prcm.obj (.text:PRCMPeripheralClkEnable)
                  2000c194    0000003c     simplelink.a : cc_pal.obj (.text:simplelink_timerA2_start)
                  2000c1d0    0000003c     driverlib.a : udma.obj (.text:uDMAChannelControlSet)
                  2000c20c    00000038     simplelink.a : cc_pal.obj (.text:NwpPowerOff)
                  2000c244    00000038                  : wlan.obj (.text:sl_WlanDisconnect)
                  2000c27c    00000038                  : wlan.obj (.text:sl_WlanRxStatStart)
                  2000c2b4    00000038                  : wlan.obj (.text:sl_WlanRxStatStop)
                  2000c2ec    00000034     driverlib.a : prcm.obj (.text:PRCMPeripheralStatusGet)
                  2000c320    00000034                 : spi.obj (.text:SPIFIFOLevelSet)
                  2000c354    00000034     rtsv7M4_T_le_v4SPD16_eabi.lib : boot_cortex_m.c.obj (.text:_c_int00_noargs:_c_int00_noargs)
                  2000c388    00000030     driverlib.a : uart.obj (.text:UARTDisable)
                  2000c3b8    00000030     rtsv7M4_T_le_v4SPD16_eabi.lib : vsnprintf.c.obj (.text:_outs)
                  2000c3e8    0000002e                                   : i_tofd_t2.asm.obj (.text)
                  2000c416    00000002     --HOLE-- [fill = 0]
                  2000c418    0000002c     simplelink.a : cc_pal.obj (.text:NwpPowerOn)
                  2000c444    0000002c     driverlib.a : prcm.obj (.text:PRCMSysResetCauseGet)
                  2000c470    0000002c     simplelink.a : driver.obj (.text:_SlDrvObjGlobalLockWaitForever)
                  2000c49c    0000002c                  : driver.obj (.text:_SlDrvProtectionObjLockWaitForever)
                  2000c4c8    0000002a     driverlib.a : timer.obj (.text:TimerLoadSet)
                  2000c4f2    0000002a                 : timer.obj (.text:TimerPrescaleSet)
                  2000c51c    00000028                 : prcm.obj (.text:PRCMPeripheralClkDisable)
                  2000c544    00000028     simplelink.a : driver.obj (.text:_SlDrvGlobalObjUnLock)
                  2000c56c    00000028                  : driver.obj (.text:_SlDrvProtectionObjUnLock)
                  2000c594    00000028                  : driver.obj (.text:_SlDrvSyncObjWaitForever)
                  2000c5bc    00000028     rtsv7M4_T_le_v4SPD16_eabi.lib : memory.c.obj (.text:free_list_insert)
                  2000c5e4    00000026     simplelink.a : driver.obj (.text:_SlDrvObjLockWaitForever)
                  2000c60a    00000002     --HOLE-- [fill = 0]
                  2000c60c    00000024                  : cc_pal.obj (.text:DmaSpiSwIntHandler)
                  2000c630    00000024     driverlib.a : interrupt.obj (.text:IntUnregister)
                  2000c654    00000024                 : uart.obj (.text:UARTEnable)
                  2000c678    00000024     rtsv7M4_T_le_v4SPD16_eabi.lib : memmov.c.obj (.text:memmove)
                  2000c69c    00000022     driverlib.a : spi.obj (.text:SPIReset)
                  2000c6be    00000022                 : spi.obj (.text:SPIWordCountSet)
                  2000c6e0    00000020                 : interrupt.obj (.text:IntRegister)
                  2000c700    00000020     simplelink.a : cc_pal.obj (.text:NwpPrePowerOffTimout0)
                  2000c720    00000020                  : cc_pal.obj (.text:TimerGetCurrentTimestamp)
                  2000c740    00000020                  : driver.obj (.text:_SlDrvObjUnLock)
                  2000c760    00000020                  : driver.obj (.text:_SlDrvSyncObjSignal)
                  2000c780    0000001e     driverlib.a : timer.obj (.text:TimerEnable)
                  2000c79e    0000001e                 : uart.obj (.text:UARTCharPut)
                  2000c7bc    0000001e     simplelink.a : cc_pal.obj (.text:cc_UDMAChannelSelect)
                  2000c7da    0000001c     driverlib.a : timer.obj (.text:TimerValueGet)
                  2000c7f6    0000001c                 : uart.obj (.text:UARTCharGetNonBlocking)
                  2000c812    0000001c     simplelink.a : driver.obj (.text:_SlDrvStartMeasureTimeout)
                  2000c82e    00000002     --HOLE-- [fill = 0]
                  2000c830    0000001c     rtsv7M4_T_le_v4SPD16_eabi.lib : memory.c.obj (.text:free_list_remove)
                  2000c84c    0000001c                                   : memccpy.c.obj (.text:memccpy)
                  2000c868    0000001c     pinmux.obj (.text)
                  2000c884    0000001c     driverlib.a : udma.obj (.text:uDMAChannelEnable)
                  2000c8a0    0000001a                 : pin.obj (.text:PinTypeUART)
                  2000c8ba    0000001a                 : spi.obj (.text:SPIDmaDisable)
                  2000c8d4    0000001a                 : spi.obj (.text:SPIDmaEnable)
                  2000c8ee    0000001a                 : spi.obj (.text:SPIFIFODisable)
                  2000c908    0000001a                 : spi.obj (.text:SPIFIFOEnable)
                  2000c922    0000001a                 : spi.obj (.text:SPIIntUnregister)
                  2000c93c    0000001a     rtsv7M4_T_le_v4SPD16_eabi.lib : s_copysign.c.obj (.text:copysign)
                  2000c956    00000018     driverlib.a : spi.obj (.text:SPICSDisable)
                  2000c96e    00000018                 : spi.obj (.text:SPICSEnable)
                  2000c986    00000018                 : spi.obj (.text:SPIDisable)
                  2000c99e    00000018                 : spi.obj (.text:SPIEnable)
                  2000c9b6    00000018                 : uart.obj (.text:UARTCharsAvail)
                  2000c9ce    00000018     simplelink.a : nonos.obj (.text:_SlNonOsSemSet)
                  2000c9e6    00000018     rtsv7M4_T_le_v4SPD16_eabi.lib : vsnprintf.c.obj (.text:_outc)
                  2000c9fe    00000002     --HOLE-- [fill = 0]
                  2000ca00    00000018     simplelink.a : device.obj (.text:_sl_GetStartResponseConvert)
                  2000ca18    00000016     driverlib.a : prcm.obj (.text:PRCMHIBRegRead)
                  2000ca2e    00000016                 : prcm.obj (.text:PRCMHIBRegWrite)
                  2000ca44    00000016                 : uart.obj (.text:UARTCharGet)
                  2000ca5a    00000016     simplelink.a : driver.obj (.text:_SlDrvMemZero)
                  2000ca70    00000016     rtsv7M4_T_le_v4SPD16_eabi.lib : strchr.c.obj (.text:strchr)
                  2000ca86    00000014     driverlib.a : cpu.obj (.text:CPUcpsie)
                  2000ca9a    00000002     --HOLE-- [fill = 0]
                  2000ca9c    00000014                 : interrupt.obj (.text:IntVTableBaseSet)
                  2000cab0    00000014     rtsv7M4_T_le_v4SPD16_eabi.lib : strlen.c.obj (.text:strlen)
                  2000cac4    00000012                                   : copy_zero_init.c.obj (.text:decompress:ZI:__TI_zero_init_nomemset:__TI_zero_init_nomemset)
                  2000cad6    00000012                                   : wcslen.c.obj (.text:wcslen)
                  2000cae8    00000010     simplelink.a : driver.obj (.text:_SlDrvDispatchHttpServerEvents)
                  2000caf8    0000000e                  : driver.obj (.text:_SlDrvResetCmdExt)
                  2000cb06    0000000e     rtsv7M4_T_le_v4SPD16_eabi.lib : copy_decompress_none.c.obj (.text:decompress:none:__TI_decompress_none)
                  2000cb14    0000000e     startup_ccs.obj (.text)
                  2000cb22    00000002     --HOLE-- [fill = 0]
                  2000cb24    0000000c     simplelink.a : cc_pal.obj (.text:NwpMaskInterrupt)
                  2000cb30    0000000c                  : cc_pal.obj (.text:NwpUnMaskInterrupt)
                  2000cb3c    0000000a     driverlib.a : interrupt.obj (.text:IntMasterEnable)
                  2000cb46    00000002     --HOLE-- [fill = 0]
                  2000cb48    00000008     rtsv7M4_T_le_v4SPD16_eabi.lib : errno.c.obj (.text:__aeabi_errno_addr)
                  2000cb50    00000008                                   : memory.c.obj (.text:malloc)
                  2000cb58    00000006     driverlib.a : utils.obj (.text:UtilsDelay)
                  2000cb5e    00000004     rtsv7M4_T_le_v4SPD16_eabi.lib : pre_init.c.obj (.text:_system_pre_init)
                  2000cb62    00000004                                   : exit.c.obj (.text:abort:abort)

.const     0    2000cb68    000005ec     
                  2000cb68    00000101     rtsv7M4_T_le_v4SPD16_eabi.lib : ctype.c.obj (.const:.string:_ctypes_)
                  2000cc69    00000003     --HOLE-- [fill = 0]
                  2000cc6c    00000100     driverlib.a : pin.obj (.const:g_ulPinToPadMap)
                  2000cd6c    000000d4                 : interrupt.obj (.const:g_pulRegs)
                  2000ce40    000000a8                 : prcm.obj (.const:PRCM_PeriphRegsList)
                  2000cee8    00000080                 : interrupt.obj (.const)
                  2000cf68    0000003c     simplelink.a : driver.obj (.const:OpcodeTranslateTable)
                  2000cfa4    00000038                  : driver.obj (.const:_SlActionLookupTable)
                  2000cfdc    0000002c     main.obj (.const:$P$T1$2)
                  2000d008    00000024     driverlib.a : spi.obj (.const:g_ppulSPIIntMap)
                  2000d02c    00000022     main.obj (.const:.string:$P$T0$1)
                  2000d04e    00000002     --HOLE-- [fill = 0]
                  2000d050    00000020     simplelink.a : driver.obj (.const:RxMsgClassLUT)
                  2000d070    00000018     driverlib.a : spi.obj (.const)
                  2000d088    00000014     simplelink.a : driver.obj (.const:$P$T0$1)
                  2000d09c    00000014                  : nonos.obj (.const:$P$T0$1)
                  2000d0b0    00000014     main.obj (.const:$P$T2$3)
                  2000d0c4    00000014     main.obj (.const:.string:$P$T4$5)
                  2000d0d8    00000010     simplelink.a : socket.obj (.const:.string:_SlPayloadByProtocolLUT)
                  2000d0e8    0000000e     main.obj (.const:.string:$P$T3$4)
                  2000d0f6    00000008     simplelink.a : device.obj (.const:StartResponseLUT)
                  2000d0fe    00000002     --HOLE-- [fill = 0]
                  2000d100    00000008                  : driver.obj (.const:g_H2NCnysPattern)
                  2000d108    00000008                  : driver.obj (.const:g_H2NSyncPattern)
                  2000d110    00000004                  : wlan.obj (.const:$P$T2$3)
                  2000d114    00000004                  : device.obj (.const:_SlDeviceGetCmdCtrl)
                  2000d118    00000004                  : netapp.obj (.const:_SlNetAppSendTokenValueCmdCtrl)
                  2000d11c    00000004                  : netcfg.obj (.const:_SlNetCfgGetCmdCtrl)
                  2000d120    00000004                  : netcfg.obj (.const:_SlNetCfgSetCmdCtrl)
                  2000d124    00000004                  : wlan.obj (.const:_SlPolicySetCmdCtrl)
                  2000d128    00000004                  : wlan.obj (.const:_SlProfileDelCmdCtrl)
                  2000d12c    00000004                  : socket.obj (.const:_SlRecvCmdCtrl)
                  2000d130    00000004                  : netapp.obj (.const:_SlRegisterServiceCtrl)
                  2000d134    00000004                  : wlan.obj (.const:_SlRxFilterSetCmdCtrl)
                  2000d138    00000004                  : socket.obj (.const:_SlSendCmdCtrl)
                  2000d13c    00000004                  : socket.obj (.const:_SlSetSockOptCmdCtrl)
                  2000d140    00000004                  : socket.obj (.const:_SlSockCloseCmdCtrl)
                  2000d144    00000004                  : socket.obj (.const:_SlSockSocketCmdCtrl)
                  2000d148    00000004                  : device.obj (.const:_SlStopCmdCtrl)
                  2000d14c    00000004                  : wlan.obj (.const:_SlWlanCfgSetCmdCtrl)
                  2000d150    00000004                  : wlan.obj (.const:_SlWlanSetModeCmdCtrl)

.cinit     0    2000d158    00000088     
                  2000d158    00000060     (.cinit..data.load) [load image, compression = lzss]
                  2000d1b8    0000000c     (__TI_handler_table)
                  2000d1c4    00000004     --HOLE-- [fill = 0]
                  2000d1c8    00000008     (.cinit..bss.load) [load image, compression = zero_init]
                  2000d1d0    00000010     (__TI_cinit_table)

.sysmem    0    20017000    00008000     UNINITIALIZED
                  20017000    00000010     rtsv7M4_T_le_v4SPD16_eabi.lib : memory.c.obj (.sysmem)
                  20017010    00007ff0     --HOLE--

.bss       0    2001f000    000001eb     UNINITIALIZED
                  2001f000    00000168     simplelink.a : driver.obj (.bss:g_StatMem)
                  2001f168    00000050     (.common:g_ucDinDout)
                  2001f1b8    00000024     (.common:g_ucConnectionSSID)
                  2001f1dc    00000008     (.common:g_ucConnectionBSSID)
                  2001f1e4    00000004     uart_if.obj (.bss)
                  2001f1e8    00000001     (.common:RxIrqCnt)
                  2001f1e9    00000001     (.common:g_bDeviceRestartIsRequired)
                  2001f1ea    00000001     (.common:g_cDummy)

.data      0    2001f1ec    00000198     UNINITIALIZED
                  2001f1ec    00000122     main.obj (.data:RawData_Ping)
                  2001f30e    00000002     --HOLE--
                  2001f310    0000003c     simplelink.a : nonos.obj (.data:g__SlNonOsCB)
                  2001f34c    0000000d                  : driver.obj (.data)
                  2001f359    00000003     --HOLE--
                  2001f35c    00000009                  : cc_pal.obj (.data)
                  2001f365    00000003     --HOLE--
                  2001f368    00000008     rtsv7M4_T_le_v4SPD16_eabi.lib : _lock.c.obj (.data:$O1$$)
                  2001f370    00000008                                   : memory.c.obj (.data:$O1$$)
                  2001f378    00000008     main.obj (.data)
                  2001f380    00000004     rtsv7M4_T_le_v4SPD16_eabi.lib : errno.c.obj (.data)

.stack     0    2002eb00    00001500     UNINITIALIZED
                  2002eb00    00000004     rtsv7M4_T_le_v4SPD16_eabi.lib : boot_cortex_m.c.obj (.stack)
                  2002eb04    000014fc     --HOLE--

MODULE SUMMARY

       Module                       code    ro data   rw data
       ------                       ----    -------   -------
    .\
       main.obj                     6628    132       342    
       startup_ccs.obj              14      1024      0      
       uart_if.obj                  640     0         4      
       pinmux.obj                   28      0         0      
    +--+----------------------------+-------+---------+---------+
       Total:                       7310    1156      346    
                                                             
    C:/ti/CC3200SDK_1.3.0/cc3200-sdk/driverlib/ccs/Release/driverlib.a
       prcm.obj                     852     168       0      
       interrupt.obj                608     340       0      
       spi.obj                      798     60        0      
       udma.obj                     604     0         0      
       pin.obj                      226     256       0      
       uart.obj                     306     0         0      
       timer.obj                    210     0         0      
       cpu.obj                      20      0         0      
       utils.obj                    6       0         0      
    +--+----------------------------+-------+---------+---------+
       Total:                       3630    824       0      
                                                             
    C:/ti/CC3200SDK_1.3.0/cc3200-sdk/simplelink/ccs/NON_OS/simplelink.a
       driver.obj                   7714    184       375    
       cc_pal.obj                   1820    0         90     
       socket.obj                   1232    36        0      
       netapp.obj                   1248    8         0      
       device.obj                   1078    16        0      
       wlan.obj                     892     24        0      
       nonos.obj                    416     20        60     
       netcfg.obj                   368     8         0      
    +--+----------------------------+-------+---------+---------+
       Total:                       14768   296       525    
                                                             
    C:\ti\ccs900\ccs\tools\compiler\ti-cgt-arm_18.12.1.LTS\lib\rtsv7M4_T_le_v4SPD16_eabi.lib
       _printfi.c.obj               4851    0         0      
       memory.c.obj                 892     0         8      
       fd_add_t2.asm.obj            438     0         0      
       fd_div_t2.asm.obj            310     0         0      
       s_scalbn.c.obj               272     0         0      
       strtoul.c.obj                272     0         0      
       fd_cmp_t2.asm.obj            268     0         0      
       ctype.c.obj                  0       257       0      
       fd_mul_t2.asm.obj            252     0         0      
       memcpy_t2.asm.obj            156     0         0      
       ull_div_t2.asm.obj           150     0         0      
       vsnprintf.c.obj              136     0         0      
       memset_t2.asm.obj            122     0         0      
       copy_decompress_lzss.c.obj   104     0         0      
       s_frexp.c.obj                100     0         0      
       ltoa.c.obj                   84      0         0      
       atoi.c.obj                   76      0         0      
       fd_toi_t2.asm.obj            72      0         0      
       autoinit.c.obj               68      0         0      
       boot_cortex_m.c.obj          52      0         0      
       i_tofd_t2.asm.obj            46      0         0      
       memmov.c.obj                 36      0         0      
       memccpy.c.obj                28      0         0      
       s_copysign.c.obj             26      0         0      
       strchr.c.obj                 22      0         0      
       strlen.c.obj                 20      0         0      
       copy_zero_init.c.obj         18      0         0      
       wcslen.c.obj                 18      0         0      
       copy_decompress_none.c.obj   14      0         0      
       errno.c.obj                  8       0         4      
       _lock.c.obj                  2       0         8      
       exit.c.obj                   4       0         0      
       pre_init.c.obj               4       0         0      
       div0.asm.obj                 2       0         0      
    +--+----------------------------+-------+---------+---------+
       Total:                       8923    257       20     
                                                             
       Heap:                        0       0         32768  
       Stack:                       0       0         5376   
       Linker Generated:            0       132       0      
    +--+----------------------------+-------+---------+---------+
       Grand Total:                 34631   2665      39035  


LINKER GENERATED COPY TABLES

__TI_cinit_table @ 2000d1d0 records: 2, size/record: 8, table size: 16
	.data: load addr=2000d158, load size=00000060 bytes, run addr=2001f1ec, run size=00000198 bytes, compression=lzss
	.bss: load addr=2000d1c8, load size=00000008 bytes, run addr=2001f000, run size=000001eb bytes, compression=zero_init


LINKER GENERATED HANDLER TABLE

__TI_handler_table @ 2000d1b8 records: 3, size/record: 4, table size: 12
	index: 0, handler: __TI_decompress_lzss
	index: 1, handler: __TI_decompress_none
	index: 2, handler: __TI_zero_init


GLOBAL SYMBOLS: SORTED ALPHABETICALLY BY Name 

address   name                                  
-------   ----                                  
2000cb63  C$$EXIT                               
2000ca87  CPUcpsie                              
20006e05  ClearTerm                             
2000c60d  DmaSpiSwIntHandler                    
20006e0f  Error                                 
20006e47  GetCmd                                
20006dc5  InitTerm                              
2000a155  IntDisable                            
2000a1fd  IntEnable                             
2000cb3d  IntMasterEnable                       
2000b93d  IntPendClear                          
2000ba45  IntPrioritySet                        
2000c6e1  IntRegister                           
2000c631  IntUnregister                         
2000ca9d  IntVTableBaseSet                      
20006de3  Message                               
2000cb25  NwpMaskInterrupt                      
2000c20d  NwpPowerOff                           
2000c419  NwpPowerOn                            
2000c701  NwpPrePowerOffTimout0                 
2000c0a1  NwpRegisterInterruptHandler           
2000cb31  NwpUnMaskInterrupt                    
2000cf68  OpcodeTranslateTable                  
2000811d  PRCMCC3200MCUInit                     
2000ca19  PRCMHIBRegRead                        
2000ca2f  PRCMHIBRegWrite                       
2000c51d  PRCMPeripheralClkDisable              
2000c159  PRCMPeripheralClkEnable               
2000a8b9  PRCMPeripheralClockGet                
2000b995  PRCMPeripheralReset                   
2000c2ed  PRCMPeripheralStatusGet               
2000c445  PRCMSysResetCauseGet                  
2000adb9  PinConfigSet                          
2000bfe1  PinModeSet                            
2000c869  PinMuxConfig                          
2000c8a1  PinTypeUART                           
2001f1ec  RawData_Ping                          
20006f85  Report                                
2000cb15  ResetISR                              
2001f1e8  RxIrqCnt                              
2000c957  SPICSDisable                          
2000c96f  SPICSEnable                           
2000a349  SPIConfigSetExpClk                    
2000c987  SPIDisable                            
2000c8bb  SPIDmaDisable                         
2000c8d5  SPIDmaEnable                          
2000c99f  SPIEnable                             
2000c8ef  SPIFIFODisable                        
2000c909  SPIFIFOEnable                         
2000c321  SPIFIFOLevelSet                       
2000bdb5  SPIIntClear                           
2000bc39  SPIIntEnable                          
2000c923  SPIIntUnregister                      
2000c69d  SPIReset                              
2000c6bf  SPIWordCountSet                       
200045c9  SimpleLinkGeneralEventHandler         
200045a1  SimpleLinkHttpServerCallback          
20004509  SimpleLinkNetAppEventHandler          
200045df  SimpleLinkSockEventHandler            
20004401  SimpleLinkWlanEventHandler            
2000bed1  TimerConfigure                        
2000c781  TimerEnable                           
2000c721  TimerGetCurrentTimestamp              
2000c4c9  TimerLoadSet                          
2000c4f3  TimerPrescaleSet                      
2000c7db  TimerValueGet                         
20006eed  TrimSpace                             
2000ca45  UARTCharGet                           
2000c7f7  UARTCharGetNonBlocking                
2000c79f  UARTCharPut                           
2000c9b7  UARTCharsAvail                        
2000b2c1  UARTConfigSetExpClk                   
2000c389  UARTDisable                           
2000c655  UARTEnable                            
2000cb59  UtilsDelay                            
2000cfa4  _SlActionLookupTable                  
2000a2a5  _SlDriverHandleError                  
2000bdfd  _SlDrvBasicCmd                        
20009f31  _SlDrvCmdOp                           
2000b41d  _SlDrvCmdSend                         
20007501  _SlDrvDataReadOp                      
20008405  _SlDrvDataWriteOp                     
2000a525  _SlDrvDeviceEventHandler              
2000cae9  _SlDrvDispatchHttpServerEvents        
20008b89  _SlDrvDriverCBDeinit                  
20007c3d  _SlDrvDriverCBInit                    
2000c545  _SlDrvGlobalObjUnLock                 
2000ac15  _SlDrvIsTimeoutExpired                
2000ca5b  _SlDrvMemZero                         
20009795  _SlDrvMsgReadSpawnCtx                 
20008ffd  _SlDrvNetAppEventHandler              
2000c5e5  _SlDrvObjLockWaitForever              
2000c741  _SlDrvObjUnLock                       
2000bcd1  _SlDrvProtectAsyncRespSetting         
2000c49d  _SlDrvProtectionObjLockWaitForever    
2000c56d  _SlDrvProtectionObjUnLock             
200076e5  _SlDrvReleasePoolObj                  
2000caf9  _SlDrvResetCmdExt                     
2000ba99  _SlDrvRxIrqHandler                    
2000c813  _SlDrvStartMeasureTimeout             
2000c761  _SlDrvSyncObjSignal                   
2000c595  _SlDrvSyncObjWaitForever              
2000bf15  _SlDrvSyncObjWaitTimeout              
20007f8d  _SlDrvWaitForPoolObj                  
2000d118  _SlNetAppSendTokenValueCmdCtrl        
2000b339  _SlNonOsMainLoopTask                  
2000a0a5  _SlNonOsSemGet                        
2000c9cf  _SlNonOsSemSet                        
2000b5c5  _SlNonOsSpawn                         
20030000  __STACK_END                           
00001500  __STACK_SIZE                          
00008000  __SYSMEM_SIZE                         
2000d1d0  __TI_CINIT_Base                       
2000d1e0  __TI_CINIT_Limit                      
2000d1b8  __TI_Handler_Table_Base               
2000d1c4  __TI_Handler_Table_Limit              
2000bf59  __TI_auto_init_nobinit_nopinit        
2000b4f5  __TI_decompress_lzss                  
2000cb07  __TI_decompress_none                  
ffffffff  __TI_pprof_out_hndl                   
20005de5  __TI_printfi                          
ffffffff  __TI_prof_data_size                   
ffffffff  __TI_prof_data_start                  
2000d158  __TI_static_base__                    
2000cac5  __TI_zero_init_nomemset               
2000ae41  __aeabi_cdcmpeq                       
2000ae41  __aeabi_cdcmple                       
2000aec7  __aeabi_cdrcmple                      
2000be45  __aeabi_d2iz                          
20007a8f  __aeabi_dadd                          
2000891d  __aeabi_ddiv                          
20009101  __aeabi_dmul                          
20007a85  __aeabi_dsub                          
2000cb49  __aeabi_errno_addr                    
2000c3e9  __aeabi_i2d                           
20008a53  __aeabi_idiv0                         
20008a53  __aeabi_ldiv0                         
2000b1cd  __aeabi_memclr                        
2000b1cd  __aeabi_memclr4                       
2000b1cd  __aeabi_memclr8                       
2000a489  __aeabi_memcpy                        
2000a489  __aeabi_memcpy4                       
2000a489  __aeabi_memcpy8                       
2000b1cf  __aeabi_memset                        
2000b1cf  __aeabi_memset4                       
2000b1cf  __aeabi_memset8                       
2000a821  __aeabi_uldivmod                      
ffffffff  __binit__                             
ffffffff  __c_args__                            
UNDEFED   __mpu_init                            
2002eb00  __stack                               
2000c355  _c_int00_noargs                       
2000cb68  _ctypes_                              
2001f368  _lock                                 
20007c3b  _nop                                  
2000b629  _sl_HandleAsync_Accept                
2000afd1  _sl_HandleAsync_Connect               
2000a94d  _sl_HandleAsync_DnsGetHostByName      
20009cd5  _sl_HandleAsync_DnsGetHostByService   
2000aca1  _sl_HandleAsync_InitComplete          
2000a9dd  _sl_HandleAsync_PingResponse          
2000baed  _sl_HandleAsync_Select                
2000bbe9  _sl_HandleAsync_Stop                  
2000b489  _sl_NetAppSendTokenValue              
20017000  _sys_memory                           
UNDEFED   _system_post_cinit                    
2000cb5f  _system_pre_init                      
2001f36c  _unlock                               
2000cb63  abort                                 
200091fd  aligned_alloc                         
2000bd1d  atoi                                  
ffffffff  binit                                 
2000c93d  copysign                              
2000c93d  copysignl                             
2001f380  errno                                 
2000987d  free                                  
2000b68d  frexp                                 
2000b68d  frexpl                                
2001f34c  g_SlDeviceStatus                      
2001f35c  g_SpiFd                               
2001f310  g__SlNonOsCB                          
2001f1e9  g_bDeviceRestartIsRequired            
2001f1ea  g_cDummy                              
2001f350  g_pCB                                 
2001f360  g_pHostIntHdl                         
20004000  g_pfnVectors                          
2001f1dc  g_ucConnectionBSSID                   
2001f1b8  g_ucConnectionSSID                    
2001f364  g_ucDMAEnabled                        
2001f168  g_ucDinDout                           
2001f37c  g_ulGatewayIP                         
2001f378  g_ulStatus                            
20008ddd  ldexp                                 
20008ddd  ldexpl                                
2000bb41  ltoa                                  
20005ae9  main                                  
2000cb51  malloc                                
200091fd  memalign                              
2000c84d  memccpy                               
2000a489  memcpy                                
2000c679  memmove                               
2000b1d5  memset                                
2001f354  pPingCallBackFunc                     
20009b25  realloc                               
20008ddd  scalbn                                
20008ddd  scalbnl                               
2000c195  simplelink_timerA2_start              
2000b81d  sl_Close                              
20009da1  sl_DevGet                             
20009965  sl_NetAppMDNSRegisterUnregisterService
2000b6f1  sl_NetAppMDNSUnRegisterService        
20009bfd  sl_NetCfgGet                          
2000a5c1  sl_NetCfgSet                          
2000a3e9  sl_Recv                               
20008a55  sl_Send                               
2000a659  sl_SetSockOpt                         
2000ad2d  sl_Socket                             
200095c1  sl_Start                              
200092f1  sl_Stop                               
2000c245  sl_WlanDisconnect                     
2000aa6d  sl_WlanPolicySet                      
2000b87d  sl_WlanProfileDel                     
2000af4d  sl_WlanRxFilterSet                    
2000b55d  sl_WlanRxStatGet                      
2000c27d  sl_WlanRxStatStart                    
2000c2b5  sl_WlanRxStatStop                     
2000a6f1  sl_WlanSet                            
2000b8dd  sl_WlanSetMode                        
2000b249  spi_Close                             
20008555  spi_Open                              
200093e1  spi_Read                              
2000a789  spi_Write                             
2000ca71  strchr                                
2000cab1  strlen                                
20008eed  strtoul                               
2000bd69  uDMAChannelAssign                     
2000b755  uDMAChannelAttributeDisable           
2000b7b9  uDMAChannelAttributeEnable            
2000c1d1  uDMAChannelControlSet                 
2000c885  uDMAChannelEnable                     
200094d1  uDMAChannelTransferSet                
2000c061  vsnprintf                             
2000cad7  wcslen                                


GLOBAL SYMBOLS: SORTED BY Symbol Address 

address   name                                  
-------   ----                                  
00001500  __STACK_SIZE                          
00008000  __SYSMEM_SIZE                         
20004000  g_pfnVectors                          
20004401  SimpleLinkWlanEventHandler            
20004509  SimpleLinkNetAppEventHandler          
200045a1  SimpleLinkHttpServerCallback          
200045c9  SimpleLinkGeneralEventHandler         
200045df  SimpleLinkSockEventHandler            
20005ae9  main                                  
20005de5  __TI_printfi                          
20006dc5  InitTerm                              
20006de3  Message                               
20006e05  ClearTerm                             
20006e0f  Error                                 
20006e47  GetCmd                                
20006eed  TrimSpace                             
20006f85  Report                                
20007501  _SlDrvDataReadOp                      
200076e5  _SlDrvReleasePoolObj                  
20007a85  __aeabi_dsub                          
20007a8f  __aeabi_dadd                          
20007c3b  _nop                                  
20007c3d  _SlDrvDriverCBInit                    
20007f8d  _SlDrvWaitForPoolObj                  
2000811d  PRCMCC3200MCUInit                     
20008405  _SlDrvDataWriteOp                     
20008555  spi_Open                              
2000891d  __aeabi_ddiv                          
20008a53  __aeabi_idiv0                         
20008a53  __aeabi_ldiv0                         
20008a55  sl_Send                               
20008b89  _SlDrvDriverCBDeinit                  
20008ddd  ldexp                                 
20008ddd  ldexpl                                
20008ddd  scalbn                                
20008ddd  scalbnl                               
20008eed  strtoul                               
20008ffd  _SlDrvNetAppEventHandler              
20009101  __aeabi_dmul                          
200091fd  aligned_alloc                         
200091fd  memalign                              
200092f1  sl_Stop                               
200093e1  spi_Read                              
200094d1  uDMAChannelTransferSet                
200095c1  sl_Start                              
20009795  _SlDrvMsgReadSpawnCtx                 
2000987d  free                                  
20009965  sl_NetAppMDNSRegisterUnregisterService
20009b25  realloc                               
20009bfd  sl_NetCfgGet                          
20009cd5  _sl_HandleAsync_DnsGetHostByService   
20009da1  sl_DevGet                             
20009f31  _SlDrvCmdOp                           
2000a0a5  _SlNonOsSemGet                        
2000a155  IntDisable                            
2000a1fd  IntEnable                             
2000a2a5  _SlDriverHandleError                  
2000a349  SPIConfigSetExpClk                    
2000a3e9  sl_Recv                               
2000a489  __aeabi_memcpy                        
2000a489  __aeabi_memcpy4                       
2000a489  __aeabi_memcpy8                       
2000a489  memcpy                                
2000a525  _SlDrvDeviceEventHandler              
2000a5c1  sl_NetCfgSet                          
2000a659  sl_SetSockOpt                         
2000a6f1  sl_WlanSet                            
2000a789  spi_Write                             
2000a821  __aeabi_uldivmod                      
2000a8b9  PRCMPeripheralClockGet                
2000a94d  _sl_HandleAsync_DnsGetHostByName      
2000a9dd  _sl_HandleAsync_PingResponse          
2000aa6d  sl_WlanPolicySet                      
2000ac15  _SlDrvIsTimeoutExpired                
2000aca1  _sl_HandleAsync_InitComplete          
2000ad2d  sl_Socket                             
2000adb9  PinConfigSet                          
2000ae41  __aeabi_cdcmpeq                       
2000ae41  __aeabi_cdcmple                       
2000aec7  __aeabi_cdrcmple                      
2000af4d  sl_WlanRxFilterSet                    
2000afd1  _sl_HandleAsync_Connect               
2000b1cd  __aeabi_memclr                        
2000b1cd  __aeabi_memclr4                       
2000b1cd  __aeabi_memclr8                       
2000b1cf  __aeabi_memset                        
2000b1cf  __aeabi_memset4                       
2000b1cf  __aeabi_memset8                       
2000b1d5  memset                                
2000b249  spi_Close                             
2000b2c1  UARTConfigSetExpClk                   
2000b339  _SlNonOsMainLoopTask                  
2000b41d  _SlDrvCmdSend                         
2000b489  _sl_NetAppSendTokenValue              
2000b4f5  __TI_decompress_lzss                  
2000b55d  sl_WlanRxStatGet                      
2000b5c5  _SlNonOsSpawn                         
2000b629  _sl_HandleAsync_Accept                
2000b68d  frexp                                 
2000b68d  frexpl                                
2000b6f1  sl_NetAppMDNSUnRegisterService        
2000b755  uDMAChannelAttributeDisable           
2000b7b9  uDMAChannelAttributeEnable            
2000b81d  sl_Close                              
2000b87d  sl_WlanProfileDel                     
2000b8dd  sl_WlanSetMode                        
2000b93d  IntPendClear                          
2000b995  PRCMPeripheralReset                   
2000ba45  IntPrioritySet                        
2000ba99  _SlDrvRxIrqHandler                    
2000baed  _sl_HandleAsync_Select                
2000bb41  ltoa                                  
2000bbe9  _sl_HandleAsync_Stop                  
2000bc39  SPIIntEnable                          
2000bcd1  _SlDrvProtectAsyncRespSetting         
2000bd1d  atoi                                  
2000bd69  uDMAChannelAssign                     
2000bdb5  SPIIntClear                           
2000bdfd  _SlDrvBasicCmd                        
2000be45  __aeabi_d2iz                          
2000bed1  TimerConfigure                        
2000bf15  _SlDrvSyncObjWaitTimeout              
2000bf59  __TI_auto_init_nobinit_nopinit        
2000bfe1  PinModeSet                            
2000c061  vsnprintf                             
2000c0a1  NwpRegisterInterruptHandler           
2000c159  PRCMPeripheralClkEnable               
2000c195  simplelink_timerA2_start              
2000c1d1  uDMAChannelControlSet                 
2000c20d  NwpPowerOff                           
2000c245  sl_WlanDisconnect                     
2000c27d  sl_WlanRxStatStart                    
2000c2b5  sl_WlanRxStatStop                     
2000c2ed  PRCMPeripheralStatusGet               
2000c321  SPIFIFOLevelSet                       
2000c355  _c_int00_noargs                       
2000c389  UARTDisable                           
2000c3e9  __aeabi_i2d                           
2000c419  NwpPowerOn                            
2000c445  PRCMSysResetCauseGet                  
2000c49d  _SlDrvProtectionObjLockWaitForever    
2000c4c9  TimerLoadSet                          
2000c4f3  TimerPrescaleSet                      
2000c51d  PRCMPeripheralClkDisable              
2000c545  _SlDrvGlobalObjUnLock                 
2000c56d  _SlDrvProtectionObjUnLock             
2000c595  _SlDrvSyncObjWaitForever              
2000c5e5  _SlDrvObjLockWaitForever              
2000c60d  DmaSpiSwIntHandler                    
2000c631  IntUnregister                         
2000c655  UARTEnable                            
2000c679  memmove                               
2000c69d  SPIReset                              
2000c6bf  SPIWordCountSet                       
2000c6e1  IntRegister                           
2000c701  NwpPrePowerOffTimout0                 
2000c721  TimerGetCurrentTimestamp              
2000c741  _SlDrvObjUnLock                       
2000c761  _SlDrvSyncObjSignal                   
2000c781  TimerEnable                           
2000c79f  UARTCharPut                           
2000c7db  TimerValueGet                         
2000c7f7  UARTCharGetNonBlocking                
2000c813  _SlDrvStartMeasureTimeout             
2000c84d  memccpy                               
2000c869  PinMuxConfig                          
2000c885  uDMAChannelEnable                     
2000c8a1  PinTypeUART                           
2000c8bb  SPIDmaDisable                         
2000c8d5  SPIDmaEnable                          
2000c8ef  SPIFIFODisable                        
2000c909  SPIFIFOEnable                         
2000c923  SPIIntUnregister                      
2000c93d  copysign                              
2000c93d  copysignl                             
2000c957  SPICSDisable                          
2000c96f  SPICSEnable                           
2000c987  SPIDisable                            
2000c99f  SPIEnable                             
2000c9b7  UARTCharsAvail                        
2000c9cf  _SlNonOsSemSet                        
2000ca19  PRCMHIBRegRead                        
2000ca2f  PRCMHIBRegWrite                       
2000ca45  UARTCharGet                           
2000ca5b  _SlDrvMemZero                         
2000ca71  strchr                                
2000ca87  CPUcpsie                              
2000ca9d  IntVTableBaseSet                      
2000cab1  strlen                                
2000cac5  __TI_zero_init_nomemset               
2000cad7  wcslen                                
2000cae9  _SlDrvDispatchHttpServerEvents        
2000caf9  _SlDrvResetCmdExt                     
2000cb07  __TI_decompress_none                  
2000cb15  ResetISR                              
2000cb25  NwpMaskInterrupt                      
2000cb31  NwpUnMaskInterrupt                    
2000cb3d  IntMasterEnable                       
2000cb49  __aeabi_errno_addr                    
2000cb51  malloc                                
2000cb59  UtilsDelay                            
2000cb5f  _system_pre_init                      
2000cb63  C$$EXIT                               
2000cb63  abort                                 
2000cb68  _ctypes_                              
2000cf68  OpcodeTranslateTable                  
2000cfa4  _SlActionLookupTable                  
2000d118  _SlNetAppSendTokenValueCmdCtrl        
2000d158  __TI_static_base__                    
2000d1b8  __TI_Handler_Table_Base               
2000d1c4  __TI_Handler_Table_Limit              
2000d1d0  __TI_CINIT_Base                       
2000d1e0  __TI_CINIT_Limit                      
20017000  _sys_memory                           
2001f168  g_ucDinDout                           
2001f1b8  g_ucConnectionSSID                    
2001f1dc  g_ucConnectionBSSID                   
2001f1e8  RxIrqCnt                              
2001f1e9  g_bDeviceRestartIsRequired            
2001f1ea  g_cDummy                              
2001f1ec  RawData_Ping                          
2001f310  g__SlNonOsCB                          
2001f34c  g_SlDeviceStatus                      
2001f350  g_pCB                                 
2001f354  pPingCallBackFunc                     
2001f35c  g_SpiFd                               
2001f360  g_pHostIntHdl                         
2001f364  g_ucDMAEnabled                        
2001f368  _lock                                 
2001f36c  _unlock                               
2001f378  g_ulStatus                            
2001f37c  g_ulGatewayIP                         
2001f380  errno                                 
2002eb00  __stack                               
20030000  __STACK_END                           
ffffffff  __TI_pprof_out_hndl                   
ffffffff  __TI_prof_data_size                   
ffffffff  __TI_prof_data_start                  
ffffffff  __binit__                             
ffffffff  __c_args__                            
ffffffff  binit                                 
UNDEFED   __mpu_init                            
UNDEFED   _system_post_cinit                    

[243 symbols]
