******************************************************************************
                  TI ARM Linker PC v18.12.1                    
******************************************************************************
>> Linked Thu Apr  4 11:58:19 2019

OUTPUT FILE NAME:   <transceiver_mode.out>
ENTRY POINT SYMBOL: "_c_int00_noargs"  address: 2000c63d


MEMORY CONFIGURATION

         name            origin    length      used     unused   attr    fill
----------------------  --------  ---------  --------  --------  ----  --------
  SRAM_CODE             20004000   00013000  000094d6  00009b2a  RW X
  SRAM_DATA             20017000   00019000  00009883  0000f77d  RW X


SEGMENT ALLOCATION MAP

run origin  load origin   length   init length attrs members
----------  ----------- ---------- ----------- ----- -------
20004000    20004000    000094d8   000094d8    r-x
  20004000    20004000    00000400   00000400    r-- .intvecs
  20004400    20004400    00008a62   00008a62    r-x .text
  2000ce64    2000ce64    000005ec   000005ec    r-- .const
  2000d450    2000d450    00000088   00000088    r-- .cinit
20017000    20017000    00008384   00000000    rw-
  20017000    20017000    00008000   00000000    rw- .sysmem
  2001f000    2001f000    000001eb   00000000    rw- .bss
  2001f1ec    2001f1ec    00000198   00000000    rw- .data
2002eb00    2002eb00    00001500   00000000    rw-
  2002eb00    2002eb00    00001500   00000000    rw- .stack


SECTION ALLOCATION MAP

 output                                  attributes/
section   page    origin      length       input sections
--------  ----  ----------  ----------   ----------------
.intvecs   0    20004000    00000400     
                  20004000    00000400     startup_ccs.obj (.intvecs)

.init_array 
*          0    20004000    00000000     UNINITIALIZED

.text      0    20004400    00008a62     
                  20004400    00001c30     main.obj (.text)
                  20006030    00000a4e     rtsv7M4_T_le_v4SPD16_eabi.lib : _printfi.c.obj (.text:__TI_printfi)
                  20006a7e    00000002     driverlib.a : interrupt.obj (.text:IntDefaultHandler)
                  20006a80    00000590     simplelink.a : driver.obj (.text:_SlDrvMsgRead)
                  20007010    0000031a     uart_if.obj (.text)
                  2000732a    00000002     rtsv7M4_T_le_v4SPD16_eabi.lib : _lock.c.obj (.text:_nop)
                  2000732c    00000270                                   : _printfi.c.obj (.text:_pconv_a)
                  2000759c    0000024c     simplelink.a : driver.obj (.text:_SlDrvRxHdrRead)
                  200077e8    000001e4                  : driver.obj (.text:_SlDrvDataReadOp)
                  200079cc    000001d0                  : driver.obj (.text:_SlDrvReleasePoolObj)
                  20007b9c    000001d0     rtsv7M4_T_le_v4SPD16_eabi.lib : _printfi.c.obj (.text:_pconv_g)
                  20007d6c    000001b6                                   : fd_add_t2.asm.obj (.text)
                  20007f22    00000002                                   : div0.asm.obj (.text)
                  20007f24    000001b4     simplelink.a : driver.obj (.text:_SlDrvDriverCBInit)
                  200080d8    0000019c                  : driver.obj (.text:_SlDrvMsgWrite)
                  20008274    00000190                  : driver.obj (.text:_SlDrvWaitForPoolObj)
                  20008404    00000178     driverlib.a : prcm.obj (.text:PRCMCC3200MCUInit)
                  2000857c    00000170     simplelink.a : driver.obj (.text:_SlFindAndSetActiveObj)
                  200086ec    00000150                  : driver.obj (.text:_SlDrvDataWriteOp)
                  2000883c    00000148                  : cc_pal.obj (.text:spi_Open)
                  20008984    00000144                  : driver.obj (.text:_SlDrvMsgReadCmdCtx)
                  20008ac8    0000013c     rtsv7M4_T_le_v4SPD16_eabi.lib : _printfi.c.obj (.text:_pconv_e)
                  20008c04    00000136                                   : fd_div_t2.asm.obj (.text)
                  20008d3a    00000002     --HOLE-- [fill = 0]
                  20008d3c    00000134     simplelink.a : socket.obj (.text:sl_Send)
                  20008e70    00000130                  : driver.obj (.text:_SlDrvDriverCBDeinit)
                  20008fa0    00000124     rtsv7M4_T_le_v4SPD16_eabi.lib : _printfi.c.obj (.text:fcvt)
                  200090c4    00000110                                   : s_scalbn.c.obj (.text:scalbn)
                  200091d4    00000110                                   : strtoul.c.obj (.text:strtoul)
                  200092e4    00000104     simplelink.a : netapp.obj (.text:_SlDrvNetAppEventHandler)
                  200093e8    000000fc     rtsv7M4_T_le_v4SPD16_eabi.lib : fd_mul_t2.asm.obj (.text)
                  200094e4    000000f4                                   : memory.c.obj (.text:aligned_alloc)
                  200095d8    000000f0     simplelink.a : device.obj (.text:sl_Stop)
                  200096c8    000000f0                  : cc_pal.obj (.text:spi_Read)
                  200097b8    000000f0     driverlib.a : udma.obj (.text:uDMAChannelTransferSet)
                  200098a8    000000ec     simplelink.a : device.obj (.text:sl_Start)
                  20009994    000000e8                  : driver.obj (.text:_SlAsyncEventGenericHandler)
                  20009a7c    000000e8                  : driver.obj (.text:_SlDrvMsgReadSpawnCtx)
                  20009b64    000000e8     rtsv7M4_T_le_v4SPD16_eabi.lib : memory.c.obj (.text:free)
                  20009c4c    000000e4     simplelink.a : netapp.obj (.text:sl_NetAppMDNSRegisterUnregisterService)
                  20009d30    000000dc                  : driver.obj (.text:_SlDrvClassifyRxMsg)
                  20009e0c    000000d8     rtsv7M4_T_le_v4SPD16_eabi.lib : memory.c.obj (.text:realloc)
                  20009ee4    000000d8     simplelink.a : netcfg.obj (.text:sl_NetCfgGet)
                  20009fbc    000000cc                  : netapp.obj (.text:_sl_HandleAsync_DnsGetHostByService)
                  2000a088    000000cc                  : device.obj (.text:sl_DevGet)
                  2000a154    000000c4                  : driver.obj (.text:_SlRemoveFromList)
                  2000a218    000000c0                  : driver.obj (.text:_SlDrvCmdOp)
                  2000a2d8    000000b1     rtsv7M4_T_le_v4SPD16_eabi.lib : _printfi.c.obj (.text:_ltostr)
                  2000a389    00000003     --HOLE-- [fill = 0]
                  2000a38c    000000b0     simplelink.a : nonos.obj (.text:_SlNonOsSemGet)
                  2000a43c    000000a8     driverlib.a : interrupt.obj (.text:IntDisable)
                  2000a4e4    000000a8                 : interrupt.obj (.text:IntEnable)
                  2000a58c    000000a4     simplelink.a : driver.obj (.text:_SlDriverHandleError)
                  2000a630    000000a0     driverlib.a : spi.obj (.text:SPIConfigSetExpClk)
                  2000a6d0    000000a0     simplelink.a : socket.obj (.text:sl_Recv)
                  2000a770    0000009c     rtsv7M4_T_le_v4SPD16_eabi.lib : memcpy_t2.asm.obj (.text)
                  2000a80c    0000009a     simplelink.a : device.obj (.text:_SlDrvDeviceEventHandler)
                  2000a8a6    00000002     --HOLE-- [fill = 0]
                  2000a8a8    00000098                  : netcfg.obj (.text:sl_NetCfgSet)
                  2000a940    00000098                  : socket.obj (.text:sl_SetSockOpt)
                  2000a9d8    00000098                  : wlan.obj (.text:sl_WlanSet)
                  2000aa70    00000098                  : cc_pal.obj (.text:spi_Write)
                  2000ab08    00000096     rtsv7M4_T_le_v4SPD16_eabi.lib : ull_div_t2.asm.obj (.text)
                  2000ab9e    00000002     --HOLE-- [fill = 0]
                  2000aba0    00000094     driverlib.a : prcm.obj (.text:PRCMPeripheralClockGet)
                  2000ac34    00000090     simplelink.a : netapp.obj (.text:_sl_HandleAsync_DnsGetHostByName)
                  2000acc4    00000090                  : netapp.obj (.text:_sl_HandleAsync_PingResponse)
                  2000ad54    00000090                  : wlan.obj (.text:sl_WlanPolicySet)
                  2000ade4    0000008c                  : cc_pal.obj (.text:SetupDMAReceive)
                  2000ae70    0000008c                  : cc_pal.obj (.text:SetupDMASend)
                  2000aefc    0000008c                  : driver.obj (.text:_SlDrvIsTimeoutExpired)
                  2000af88    0000008c                  : device.obj (.text:_sl_HandleAsync_InitComplete)
                  2000b014    0000008c                  : socket.obj (.text:sl_Socket)
                  2000b0a0    00000088     driverlib.a : pin.obj (.text:PinConfigSet)
                  2000b128    00000086     rtsv7M4_T_le_v4SPD16_eabi.lib : fd_cmp_t2.asm.obj (.text:__aeabi_cdcmple)
                  2000b1ae    00000086                                   : fd_cmp_t2.asm.obj (.text:__aeabi_cdrcmple)
                  2000b234    00000084     simplelink.a : wlan.obj (.text:sl_WlanRxFilterSet)
                  2000b2b8    00000080                  : socket.obj (.text:_sl_HandleAsync_Connect)
                  2000b338    00000080                  : cc_pal.obj (.text:spi_Read_CPU)
                  2000b3b8    00000080                  : cc_pal.obj (.text:spi_Write_CPU)
                  2000b438    0000007c     rtsv7M4_T_le_v4SPD16_eabi.lib : memory.c.obj (.text:split)
                  2000b4b4    0000007a                                   : memset_t2.asm.obj (.text)
                  2000b52e    00000002     --HOLE-- [fill = 0]
                  2000b530    00000078     simplelink.a : cc_pal.obj (.text:spi_Close)
                  2000b5a8    00000076     driverlib.a : uart.obj (.text:UARTConfigSetExpClk)
                  2000b61e    00000002     --HOLE-- [fill = 0]
                  2000b620    00000074     simplelink.a : nonos.obj (.text:_SlNonOsMainLoopTask)
                  2000b694    0000006e     rtsv7M4_T_le_v4SPD16_eabi.lib : _printfi.c.obj (.text:_mcpy)
                  2000b702    00000002     --HOLE-- [fill = 0]
                  2000b704    0000006c     simplelink.a : driver.obj (.text:_SlDrvCmdSend)
                  2000b770    0000006c                  : netapp.obj (.text:_sl_NetAppSendTokenValue)
                  2000b7dc    00000068     rtsv7M4_T_le_v4SPD16_eabi.lib : copy_decompress_lzss.c.obj (.text:decompress:lzss:__TI_decompress_lzss)
                  2000b844    00000068     simplelink.a : wlan.obj (.text:sl_WlanRxStatGet)
                  2000b8ac    00000064                  : nonos.obj (.text:_SlNonOsSpawn)
                  2000b910    00000064                  : socket.obj (.text:_sl_HandleAsync_Accept)
                  2000b974    00000064     rtsv7M4_T_le_v4SPD16_eabi.lib : s_frexp.c.obj (.text:frexp)
                  2000b9d8    00000064     simplelink.a : netapp.obj (.text:sl_NetAppMDNSUnRegisterService)
                  2000ba3c    00000064     driverlib.a : udma.obj (.text:uDMAChannelAttributeDisable)
                  2000baa0    00000064                 : udma.obj (.text:uDMAChannelAttributeEnable)
                  2000bb04    00000060     simplelink.a : socket.obj (.text:sl_Close)
                  2000bb64    00000060                  : wlan.obj (.text:sl_WlanProfileDel)
                  2000bbc4    00000060                  : wlan.obj (.text:sl_WlanSetMode)
                  2000bc24    00000058     driverlib.a : interrupt.obj (.text:IntPendClear)
                  2000bc7c    00000058                 : prcm.obj (.text:PRCMPeripheralReset)
                  2000bcd4    00000056     rtsv7M4_T_le_v4SPD16_eabi.lib : _printfi.c.obj (.text:_pconv_f)
                  2000bd2a    00000002     --HOLE-- [fill = 0]
                  2000bd2c    00000054     driverlib.a : interrupt.obj (.text:IntPrioritySet)
                  2000bd80    00000054     simplelink.a : driver.obj (.text:_SlDrvRxIrqHandler)
                  2000bdd4    00000054                  : socket.obj (.text:_sl_HandleAsync_Select)
                  2000be28    00000054     rtsv7M4_T_le_v4SPD16_eabi.lib : ltoa.c.obj (.text:ltoa)
                  2000be7c    00000052                                   : _printfi.c.obj (.text:_ecpy)
                  2000bece    00000002     --HOLE-- [fill = 0]
                  2000bed0    00000050     simplelink.a : device.obj (.text:_sl_HandleAsync_Stop)
                  2000bf20    0000004c     driverlib.a : spi.obj (.text:SPIIntEnable)
                  2000bf6c    0000004c                 : spi.obj (.text:SPIIntNumberGet)
                  2000bfb8    0000004c     simplelink.a : driver.obj (.text:_SlDrvProtectAsyncRespSetting)
                  2000c004    0000004c     rtsv7M4_T_le_v4SPD16_eabi.lib : atoi.c.obj (.text:atoi)
                  2000c050    0000004c     driverlib.a : udma.obj (.text:uDMAChannelAssign)
                  2000c09c    00000048                 : spi.obj (.text:SPIIntClear)
                  2000c0e4    00000048     simplelink.a : driver.obj (.text:_SlDrvBasicCmd)
                  2000c12c    00000048     rtsv7M4_T_le_v4SPD16_eabi.lib : fd_toi_t2.asm.obj (.text)
                  2000c174    00000044     driverlib.a : spi.obj (.text:SPIDmaMaskGet)
                  2000c1b8    00000044                 : timer.obj (.text:TimerConfigure)
                  2000c1fc    00000044     simplelink.a : driver.obj (.text:_SlDrvSyncObjWaitTimeout)
                  2000c240    00000044     rtsv7M4_T_le_v4SPD16_eabi.lib : autoinit.c.obj (.text:__TI_auto_init_nobinit_nopinit:__TI_auto_init_nobinit_nopinit)
                  2000c284    00000044     simplelink.a : cc_pal.obj (.text:cc_SetupTransfer)
                  2000c2c8    00000040     driverlib.a : pin.obj (.text:PinModeSet)
                  2000c308    00000040     simplelink.a : socket.obj (.text:_sl_TruncatePayloadByProtocol)
                  2000c348    00000040     rtsv7M4_T_le_v4SPD16_eabi.lib : vsnprintf.c.obj (.text:vsnprintf)
                  2000c388    0000003e     simplelink.a : cc_pal.obj (.text:NwpRegisterInterruptHandler)
                  2000c3c6    0000003e     rtsv7M4_T_le_v4SPD16_eabi.lib : _printfi.c.obj (.text:_fcpy)
                  2000c404    0000003c     simplelink.a : netapp.obj (.text:CopyPingResultsToReport)
                  2000c440    0000003c     driverlib.a : prcm.obj (.text:PRCMPeripheralClkEnable)
                  2000c47c    0000003c     simplelink.a : cc_pal.obj (.text:simplelink_timerA2_start)
                  2000c4b8    0000003c     driverlib.a : udma.obj (.text:uDMAChannelControlSet)
                  2000c4f4    00000038     simplelink.a : cc_pal.obj (.text:NwpPowerOff)
                  2000c52c    00000038                  : wlan.obj (.text:sl_WlanDisconnect)
                  2000c564    00000038                  : wlan.obj (.text:sl_WlanRxStatStart)
                  2000c59c    00000038                  : wlan.obj (.text:sl_WlanRxStatStop)
                  2000c5d4    00000034     driverlib.a : prcm.obj (.text:PRCMPeripheralStatusGet)
                  2000c608    00000034                 : spi.obj (.text:SPIFIFOLevelSet)
                  2000c63c    00000034     rtsv7M4_T_le_v4SPD16_eabi.lib : boot_cortex_m.c.obj (.text:_c_int00_noargs:_c_int00_noargs)
                  2000c670    00000030     driverlib.a : uart.obj (.text:UARTDisable)
                  2000c6a0    00000030     rtsv7M4_T_le_v4SPD16_eabi.lib : vsnprintf.c.obj (.text:_outs)
                  2000c6d0    0000002e                                   : i_tofd_t2.asm.obj (.text)
                  2000c6fe    00000002     --HOLE-- [fill = 0]
                  2000c700    0000002c     simplelink.a : cc_pal.obj (.text:NwpPowerOn)
                  2000c72c    0000002c     driverlib.a : prcm.obj (.text:PRCMSysResetCauseGet)
                  2000c758    0000002c     simplelink.a : driver.obj (.text:_SlDrvObjGlobalLockWaitForever)
                  2000c784    0000002c                  : driver.obj (.text:_SlDrvProtectionObjLockWaitForever)
                  2000c7b0    0000002a     driverlib.a : timer.obj (.text:TimerLoadSet)
                  2000c7da    0000002a                 : timer.obj (.text:TimerPrescaleSet)
                  2000c804    00000028                 : prcm.obj (.text:PRCMPeripheralClkDisable)
                  2000c82c    00000028     simplelink.a : driver.obj (.text:_SlDrvGlobalObjUnLock)
                  2000c854    00000028                  : driver.obj (.text:_SlDrvProtectionObjUnLock)
                  2000c87c    00000028                  : driver.obj (.text:_SlDrvSyncObjWaitForever)
                  2000c8a4    00000028     rtsv7M4_T_le_v4SPD16_eabi.lib : memory.c.obj (.text:free_list_insert)
                  2000c8cc    00000026     simplelink.a : driver.obj (.text:_SlDrvObjLockWaitForever)
                  2000c8f2    00000002     --HOLE-- [fill = 0]
                  2000c8f4    00000024                  : cc_pal.obj (.text:DmaSpiSwIntHandler)
                  2000c918    00000024     driverlib.a : interrupt.obj (.text:IntUnregister)
                  2000c93c    00000024                 : uart.obj (.text:UARTEnable)
                  2000c960    00000024     rtsv7M4_T_le_v4SPD16_eabi.lib : memmov.c.obj (.text:memmove)
                  2000c984    00000022     driverlib.a : spi.obj (.text:SPIReset)
                  2000c9a6    00000022                 : spi.obj (.text:SPIWordCountSet)
                  2000c9c8    00000022     startup_ccs.obj (.text)
                  2000c9ea    00000002     --HOLE-- [fill = 0]
                  2000c9ec    00000020     driverlib.a : interrupt.obj (.text:IntRegister)
                  2000ca0c    00000020     simplelink.a : cc_pal.obj (.text:NwpPrePowerOffTimout0)
                  2000ca2c    00000020                  : cc_pal.obj (.text:TimerGetCurrentTimestamp)
                  2000ca4c    00000020                  : driver.obj (.text:_SlDrvObjUnLock)
                  2000ca6c    00000020                  : driver.obj (.text:_SlDrvSyncObjSignal)
                  2000ca8c    0000001e     driverlib.a : timer.obj (.text:TimerEnable)
                  2000caaa    0000001e                 : uart.obj (.text:UARTCharPut)
                  2000cac8    0000001e     simplelink.a : cc_pal.obj (.text:cc_UDMAChannelSelect)
                  2000cae6    0000001c     driverlib.a : timer.obj (.text:TimerValueGet)
                  2000cb02    0000001c                 : uart.obj (.text:UARTCharGetNonBlocking)
                  2000cb1e    0000001c     simplelink.a : driver.obj (.text:_SlDrvStartMeasureTimeout)
                  2000cb3a    00000002     --HOLE-- [fill = 0]
                  2000cb3c    0000001c     rtsv7M4_T_le_v4SPD16_eabi.lib : memory.c.obj (.text:free_list_remove)
                  2000cb58    0000001c                                   : memccpy.c.obj (.text:memccpy)
                  2000cb74    00000004                                   : pre_init.c.obj (.text:_system_pre_init)
                  2000cb78    0000001c     pinmux.obj (.text)
                  2000cb94    0000001c     driverlib.a : udma.obj (.text:uDMAChannelEnable)
                  2000cbb0    0000001a                 : pin.obj (.text:PinTypeUART)
                  2000cbca    0000001a                 : spi.obj (.text:SPIDmaDisable)
                  2000cbe4    0000001a                 : spi.obj (.text:SPIDmaEnable)
                  2000cbfe    0000001a                 : spi.obj (.text:SPIFIFODisable)
                  2000cc18    0000001a                 : spi.obj (.text:SPIFIFOEnable)
                  2000cc32    0000001a                 : spi.obj (.text:SPIIntUnregister)
                  2000cc4c    0000001a     rtsv7M4_T_le_v4SPD16_eabi.lib : s_copysign.c.obj (.text:copysign)
                  2000cc66    00000018     driverlib.a : spi.obj (.text:SPICSDisable)
                  2000cc7e    00000018                 : spi.obj (.text:SPICSEnable)
                  2000cc96    00000018                 : spi.obj (.text:SPIDisable)
                  2000ccae    00000018                 : spi.obj (.text:SPIEnable)
                  2000ccc6    00000018                 : uart.obj (.text:UARTCharsAvail)
                  2000ccde    00000018     simplelink.a : nonos.obj (.text:_SlNonOsSemSet)
                  2000ccf6    00000018     rtsv7M4_T_le_v4SPD16_eabi.lib : vsnprintf.c.obj (.text:_outc)
                  2000cd0e    00000002     --HOLE-- [fill = 0]
                  2000cd10    00000018     simplelink.a : device.obj (.text:_sl_GetStartResponseConvert)
                  2000cd28    00000016     driverlib.a : prcm.obj (.text:PRCMHIBRegRead)
                  2000cd3e    00000016                 : prcm.obj (.text:PRCMHIBRegWrite)
                  2000cd54    00000016                 : uart.obj (.text:UARTCharGet)
                  2000cd6a    00000016     simplelink.a : driver.obj (.text:_SlDrvMemZero)
                  2000cd80    00000016     rtsv7M4_T_le_v4SPD16_eabi.lib : strchr.c.obj (.text:strchr)
                  2000cd96    00000014     driverlib.a : cpu.obj (.text:CPUcpsie)
                  2000cdaa    00000002     --HOLE-- [fill = 0]
                  2000cdac    00000014                 : interrupt.obj (.text:IntVTableBaseSet)
                  2000cdc0    00000014     rtsv7M4_T_le_v4SPD16_eabi.lib : strlen.c.obj (.text:strlen)
                  2000cdd4    00000012                                   : copy_zero_init.c.obj (.text:decompress:ZI:__TI_zero_init_nomemset:__TI_zero_init_nomemset)
                  2000cde6    00000012                                   : wcslen.c.obj (.text:wcslen)
                  2000cdf8    00000010     simplelink.a : driver.obj (.text:_SlDrvDispatchHttpServerEvents)
                  2000ce08    0000000e                  : driver.obj (.text:_SlDrvResetCmdExt)
                  2000ce16    0000000e     rtsv7M4_T_le_v4SPD16_eabi.lib : copy_decompress_none.c.obj (.text:decompress:none:__TI_decompress_none)
                  2000ce24    0000000c     simplelink.a : cc_pal.obj (.text:NwpMaskInterrupt)
                  2000ce30    0000000c                  : cc_pal.obj (.text:NwpUnMaskInterrupt)
                  2000ce3c    0000000a     driverlib.a : interrupt.obj (.text:IntMasterEnable)
                  2000ce46    00000002     --HOLE-- [fill = 0]
                  2000ce48    00000008     rtsv7M4_T_le_v4SPD16_eabi.lib : errno.c.obj (.text:__aeabi_errno_addr)
                  2000ce50    00000008                                   : memory.c.obj (.text:malloc)
                  2000ce58    00000006     driverlib.a : utils.obj (.text:UtilsDelay)
                  2000ce5e    00000004     rtsv7M4_T_le_v4SPD16_eabi.lib : exit.c.obj (.text:abort:abort)

.const     0    2000ce64    000005ec     
                  2000ce64    00000101     rtsv7M4_T_le_v4SPD16_eabi.lib : ctype.c.obj (.const:.string:_ctypes_)
                  2000cf65    00000003     --HOLE-- [fill = 0]
                  2000cf68    00000100     driverlib.a : pin.obj (.const:g_ulPinToPadMap)
                  2000d068    000000d4                 : interrupt.obj (.const:g_pulRegs)
                  2000d13c    000000a8                 : prcm.obj (.const:PRCM_PeriphRegsList)
                  2000d1e4    00000080                 : interrupt.obj (.const)
                  2000d264    0000003c     simplelink.a : driver.obj (.const:OpcodeTranslateTable)
                  2000d2a0    00000038                  : driver.obj (.const:_SlActionLookupTable)
                  2000d2d8    0000002c     main.obj (.const:$P$T1$2)
                  2000d304    00000024     driverlib.a : spi.obj (.const:g_ppulSPIIntMap)
                  2000d328    00000022     main.obj (.const:.string:$P$T0$1)
                  2000d34a    00000002     --HOLE-- [fill = 0]
                  2000d34c    00000020     simplelink.a : driver.obj (.const:RxMsgClassLUT)
                  2000d36c    00000018     driverlib.a : spi.obj (.const)
                  2000d384    00000014     simplelink.a : driver.obj (.const:$P$T0$1)
                  2000d398    00000014                  : nonos.obj (.const:$P$T0$1)
                  2000d3ac    00000014     main.obj (.const:$P$T2$3)
                  2000d3c0    00000014     main.obj (.const:.string:$P$T4$5)
                  2000d3d4    00000010     simplelink.a : socket.obj (.const:.string:_SlPayloadByProtocolLUT)
                  2000d3e4    0000000e     main.obj (.const:.string:$P$T3$4)
                  2000d3f2    00000008     simplelink.a : device.obj (.const:StartResponseLUT)
                  2000d3fa    00000002     --HOLE-- [fill = 0]
                  2000d3fc    00000008                  : driver.obj (.const:g_H2NCnysPattern)
                  2000d404    00000008                  : driver.obj (.const:g_H2NSyncPattern)
                  2000d40c    00000004                  : wlan.obj (.const:$P$T2$3)
                  2000d410    00000004                  : device.obj (.const:_SlDeviceGetCmdCtrl)
                  2000d414    00000004                  : netapp.obj (.const:_SlNetAppSendTokenValueCmdCtrl)
                  2000d418    00000004                  : netcfg.obj (.const:_SlNetCfgGetCmdCtrl)
                  2000d41c    00000004                  : netcfg.obj (.const:_SlNetCfgSetCmdCtrl)
                  2000d420    00000004                  : wlan.obj (.const:_SlPolicySetCmdCtrl)
                  2000d424    00000004                  : wlan.obj (.const:_SlProfileDelCmdCtrl)
                  2000d428    00000004                  : socket.obj (.const:_SlRecvCmdCtrl)
                  2000d42c    00000004                  : netapp.obj (.const:_SlRegisterServiceCtrl)
                  2000d430    00000004                  : wlan.obj (.const:_SlRxFilterSetCmdCtrl)
                  2000d434    00000004                  : socket.obj (.const:_SlSendCmdCtrl)
                  2000d438    00000004                  : socket.obj (.const:_SlSetSockOptCmdCtrl)
                  2000d43c    00000004                  : socket.obj (.const:_SlSockCloseCmdCtrl)
                  2000d440    00000004                  : socket.obj (.const:_SlSockSocketCmdCtrl)
                  2000d444    00000004                  : device.obj (.const:_SlStopCmdCtrl)
                  2000d448    00000004                  : wlan.obj (.const:_SlWlanCfgSetCmdCtrl)
                  2000d44c    00000004                  : wlan.obj (.const:_SlWlanSetModeCmdCtrl)

.cinit     0    2000d450    00000088     
                  2000d450    00000060     (.cinit..data.load) [load image, compression = lzss]
                  2000d4b0    0000000c     (__TI_handler_table)
                  2000d4bc    00000004     --HOLE-- [fill = 0]
                  2000d4c0    00000008     (.cinit..bss.load) [load image, compression = zero_init]
                  2000d4c8    00000010     (__TI_cinit_table)

.sysmem    0    20017000    00008000     UNINITIALIZED
                  20017000    00000010     rtsv7M4_T_le_v4SPD16_eabi.lib : memory.c.obj (.sysmem)
                  20017010    00007ff0     --HOLE--

.bss       0    2001f000    000001eb     UNINITIALIZED
                  2001f000    00000168     simplelink.a : driver.obj (.bss:g_StatMem)
                  2001f168    00000050     (.common:g_ucDinDout)
                  2001f1b8    00000024     (.common:g_ucConnectionSSID)
                  2001f1dc    00000008     (.common:g_ucConnectionBSSID)
                  2001f1e4    00000004     uart_if.obj (.bss)
                  2001f1e8    00000001     (.common:RxIrqCnt)
                  2001f1e9    00000001     (.common:g_bDeviceRestartIsRequired)
                  2001f1ea    00000001     (.common:g_cDummy)

.data      0    2001f1ec    00000198     UNINITIALIZED
                  2001f1ec    00000122     main.obj (.data:RawData_Ping)
                  2001f30e    00000002     --HOLE--
                  2001f310    0000003c     simplelink.a : nonos.obj (.data:g__SlNonOsCB)
                  2001f34c    0000000d                  : driver.obj (.data)
                  2001f359    00000003     --HOLE--
                  2001f35c    00000009                  : cc_pal.obj (.data)
                  2001f365    00000003     --HOLE--
                  2001f368    00000008     rtsv7M4_T_le_v4SPD16_eabi.lib : _lock.c.obj (.data:$O1$$)
                  2001f370    00000008                                   : memory.c.obj (.data:$O1$$)
                  2001f378    00000008     main.obj (.data)
                  2001f380    00000004     rtsv7M4_T_le_v4SPD16_eabi.lib : errno.c.obj (.data)

.stack     0    2002eb00    00001500     UNINITIALIZED
                  2002eb00    00000004     rtsv7M4_T_le_v4SPD16_eabi.lib : boot_cortex_m.c.obj (.stack)
                  2002eb04    000014fc     --HOLE--

MODULE SUMMARY

       Module                       code    ro data   rw data
       ------                       ----    -------   -------
    .\
       main.obj                     7216    132       342    
       startup_ccs.obj              34      1024      0      
       uart_if.obj                  794     0         4      
       pinmux.obj                   28      0         0      
    +--+----------------------------+-------+---------+---------+
       Total:                       8072    1156      346    
                                                             
    C:/ti/CC3200SDK_1.3.0/cc3200-sdk/driverlib/ccs/Release/driverlib.a
       prcm.obj                     852     168       0      
       interrupt.obj                608     340       0      
       spi.obj                      798     60        0      
       udma.obj                     604     0         0      
       pin.obj                      226     256       0      
       uart.obj                     306     0         0      
       timer.obj                    210     0         0      
       cpu.obj                      20      0         0      
       utils.obj                    6       0         0      
    +--+----------------------------+-------+---------+---------+
       Total:                       3630    824       0      
                                                             
    C:/ti/CC3200SDK_1.3.0/cc3200-sdk/simplelink/ccs/NON_OS/simplelink.a
       driver.obj                   7714    184       375    
       cc_pal.obj                   1820    0         90     
       socket.obj                   1232    36        0      
       netapp.obj                   1248    8         0      
       device.obj                   1078    16        0      
       wlan.obj                     892     24        0      
       nonos.obj                    416     20        60     
       netcfg.obj                   368     8         0      
    +--+----------------------------+-------+---------+---------+
       Total:                       14768   296       525    
                                                             
    C:\ti\ccs900\ccs\tools\compiler\ti-cgt-arm_18.12.1.LTS\lib\rtsv7M4_T_le_v4SPD16_eabi.lib
       _printfi.c.obj               4851    0         0      
       memory.c.obj                 892     0         8      
       fd_add_t2.asm.obj            438     0         0      
       fd_div_t2.asm.obj            310     0         0      
       s_scalbn.c.obj               272     0         0      
       strtoul.c.obj                272     0         0      
       fd_cmp_t2.asm.obj            268     0         0      
       ctype.c.obj                  0       257       0      
       fd_mul_t2.asm.obj            252     0         0      
       memcpy_t2.asm.obj            156     0         0      
       ull_div_t2.asm.obj           150     0         0      
       vsnprintf.c.obj              136     0         0      
       memset_t2.asm.obj            122     0         0      
       copy_decompress_lzss.c.obj   104     0         0      
       s_frexp.c.obj                100     0         0      
       ltoa.c.obj                   84      0         0      
       atoi.c.obj                   76      0         0      
       fd_toi_t2.asm.obj            72      0         0      
       autoinit.c.obj               68      0         0      
       boot_cortex_m.c.obj          52      0         0      
       i_tofd_t2.asm.obj            46      0         0      
       memmov.c.obj                 36      0         0      
       memccpy.c.obj                28      0         0      
       s_copysign.c.obj             26      0         0      
       strchr.c.obj                 22      0         0      
       strlen.c.obj                 20      0         0      
       copy_zero_init.c.obj         18      0         0      
       wcslen.c.obj                 18      0         0      
       copy_decompress_none.c.obj   14      0         0      
       errno.c.obj                  8       0         4      
       _lock.c.obj                  2       0         8      
       exit.c.obj                   4       0         0      
       pre_init.c.obj               4       0         0      
       div0.asm.obj                 2       0         0      
    +--+----------------------------+-------+---------+---------+
       Total:                       8923    257       20     
                                                             
       Heap:                        0       0         32768  
       Stack:                       0       0         5376   
       Linker Generated:            0       132       0      
    +--+----------------------------+-------+---------+---------+
       Grand Total:                 35393   2665      39035  


LINKER GENERATED COPY TABLES

__TI_cinit_table @ 2000d4c8 records: 2, size/record: 8, table size: 16
	.data: load addr=2000d450, load size=00000060 bytes, run addr=2001f1ec, run size=00000198 bytes, compression=lzss
	.bss: load addr=2000d4c0, load size=00000008 bytes, run addr=2001f000, run size=000001eb bytes, compression=zero_init


LINKER GENERATED HANDLER TABLE

__TI_handler_table @ 2000d4b0 records: 3, size/record: 4, table size: 12
	index: 0, handler: __TI_decompress_lzss
	index: 1, handler: __TI_decompress_none
	index: 2, handler: __TI_zero_init


GLOBAL SYMBOLS: SORTED ALPHABETICALLY BY Name 

address   name                                  
-------   ----                                  
2000ce5f  C$$EXIT                               
2000cd97  CPUcpsie                              
20007071  ClearTerm                             
2000c8f5  DmaSpiSwIntHandler                    
20007081  Error                                 
200070c1  GetCmd                                
20007011  InitTerm                              
2000a43d  IntDisable                            
2000a4e5  IntEnable                             
2000ce3d  IntMasterEnable                       
2000bc25  IntPendClear                          
2000bd2d  IntPrioritySet                        
2000c9ed  IntRegister                           
2000c919  IntUnregister                         
2000cdad  IntVTableBaseSet                      
20007041  Message                               
2000ce25  NwpMaskInterrupt                      
2000c4f5  NwpPowerOff                           
2000c701  NwpPowerOn                            
2000ca0d  NwpPrePowerOffTimout0                 
2000c389  NwpRegisterInterruptHandler           
2000ce31  NwpUnMaskInterrupt                    
2000d264  OpcodeTranslateTable                  
20008405  PRCMCC3200MCUInit                     
2000cd29  PRCMHIBRegRead                        
2000cd3f  PRCMHIBRegWrite                       
2000c805  PRCMPeripheralClkDisable              
2000c441  PRCMPeripheralClkEnable               
2000aba1  PRCMPeripheralClockGet                
2000bc7d  PRCMPeripheralReset                   
2000c5d5  PRCMPeripheralStatusGet               
2000c72d  PRCMSysResetCauseGet                  
2000b0a1  PinConfigSet                          
2000c2c9  PinModeSet                            
2000cb79  PinMuxConfig                          
2000cbb1  PinTypeUART                           
2001f1ec  RawData_Ping                          
20007271  Report                                
2000c9c9  ResetISR                              
2001f1e8  RxIrqCnt                              
2000cc67  SPICSDisable                          
2000cc7f  SPICSEnable                           
2000a631  SPIConfigSetExpClk                    
2000cc97  SPIDisable                            
2000cbcb  SPIDmaDisable                         
2000cbe5  SPIDmaEnable                          
2000ccaf  SPIEnable                             
2000cbff  SPIFIFODisable                        
2000cc19  SPIFIFOEnable                         
2000c609  SPIFIFOLevelSet                       
2000c09d  SPIIntClear                           
2000bf21  SPIIntEnable                          
2000cc33  SPIIntUnregister                      
2000c985  SPIReset                              
2000c9a7  SPIWordCountSet                       
20004679  SimpleLinkGeneralEventHandler         
20004669  SimpleLinkHttpServerCallback          
200045c1  SimpleLinkNetAppEventHandler          
20004691  SimpleLinkSockEventHandler            
20004401  SimpleLinkWlanEventHandler            
2000c1b9  TimerConfigure                        
2000ca8d  TimerEnable                           
2000ca2d  TimerGetCurrentTimestamp              
2000c7b1  TimerLoadSet                          
2000c7db  TimerPrescaleSet                      
2000cae7  TimerValueGet                         
200071c9  TrimSpace                             
2000cd55  UARTCharGet                           
2000cb03  UARTCharGetNonBlocking                
2000caab  UARTCharPut                           
2000ccc7  UARTCharsAvail                        
2000b5a9  UARTConfigSetExpClk                   
2000c671  UARTDisable                           
2000c93d  UARTEnable                            
2000ce59  UtilsDelay                            
2000d2a0  _SlActionLookupTable                  
2000a58d  _SlDriverHandleError                  
2000c0e5  _SlDrvBasicCmd                        
2000a219  _SlDrvCmdOp                           
2000b705  _SlDrvCmdSend                         
200077e9  _SlDrvDataReadOp                      
200086ed  _SlDrvDataWriteOp                     
2000a80d  _SlDrvDeviceEventHandler              
2000cdf9  _SlDrvDispatchHttpServerEvents        
20008e71  _SlDrvDriverCBDeinit                  
20007f25  _SlDrvDriverCBInit                    
2000c82d  _SlDrvGlobalObjUnLock                 
2000aefd  _SlDrvIsTimeoutExpired                
2000cd6b  _SlDrvMemZero                         
20009a7d  _SlDrvMsgReadSpawnCtx                 
200092e5  _SlDrvNetAppEventHandler              
2000c8cd  _SlDrvObjLockWaitForever              
2000ca4d  _SlDrvObjUnLock                       
2000bfb9  _SlDrvProtectAsyncRespSetting         
2000c785  _SlDrvProtectionObjLockWaitForever    
2000c855  _SlDrvProtectionObjUnLock             
200079cd  _SlDrvReleasePoolObj                  
2000ce09  _SlDrvResetCmdExt                     
2000bd81  _SlDrvRxIrqHandler                    
2000cb1f  _SlDrvStartMeasureTimeout             
2000ca6d  _SlDrvSyncObjSignal                   
2000c87d  _SlDrvSyncObjWaitForever              
2000c1fd  _SlDrvSyncObjWaitTimeout              
20008275  _SlDrvWaitForPoolObj                  
2000d414  _SlNetAppSendTokenValueCmdCtrl        
2000b621  _SlNonOsMainLoopTask                  
2000a38d  _SlNonOsSemGet                        
2000ccdf  _SlNonOsSemSet                        
2000b8ad  _SlNonOsSpawn                         
20030000  __STACK_END                           
00001500  __STACK_SIZE                          
00008000  __SYSMEM_SIZE                         
2000d4c8  __TI_CINIT_Base                       
2000d4d8  __TI_CINIT_Limit                      
2000d4b0  __TI_Handler_Table_Base               
2000d4bc  __TI_Handler_Table_Limit              
2000c241  __TI_auto_init_nobinit_nopinit        
2000b7dd  __TI_decompress_lzss                  
2000ce17  __TI_decompress_none                  
ffffffff  __TI_pprof_out_hndl                   
20006031  __TI_printfi                          
ffffffff  __TI_prof_data_size                   
ffffffff  __TI_prof_data_start                  
2000d450  __TI_static_base__                    
2000cdd5  __TI_zero_init_nomemset               
2000b129  __aeabi_cdcmpeq                       
2000b129  __aeabi_cdcmple                       
2000b1af  __aeabi_cdrcmple                      
2000c12d  __aeabi_d2iz                          
20007d77  __aeabi_dadd                          
20008c05  __aeabi_ddiv                          
200093e9  __aeabi_dmul                          
20007d6d  __aeabi_dsub                          
2000ce49  __aeabi_errno_addr                    
2000c6d1  __aeabi_i2d                           
20007f23  __aeabi_idiv0                         
20007f23  __aeabi_ldiv0                         
2000b4b5  __aeabi_memclr                        
2000b4b5  __aeabi_memclr4                       
2000b4b5  __aeabi_memclr8                       
2000a771  __aeabi_memcpy                        
2000a771  __aeabi_memcpy4                       
2000a771  __aeabi_memcpy8                       
2000b4b7  __aeabi_memset                        
2000b4b7  __aeabi_memset4                       
2000b4b7  __aeabi_memset8                       
2000ab09  __aeabi_uldivmod                      
ffffffff  __binit__                             
ffffffff  __c_args__                            
UNDEFED   __mpu_init                            
2002eb00  __stack                               
2000c63d  _c_int00_noargs                       
2000ce64  _ctypes_                              
2001f368  _lock                                 
2000732b  _nop                                  
2000b911  _sl_HandleAsync_Accept                
2000b2b9  _sl_HandleAsync_Connect               
2000ac35  _sl_HandleAsync_DnsGetHostByName      
20009fbd  _sl_HandleAsync_DnsGetHostByService   
2000af89  _sl_HandleAsync_InitComplete          
2000acc5  _sl_HandleAsync_PingResponse          
2000bdd5  _sl_HandleAsync_Select                
2000bed1  _sl_HandleAsync_Stop                  
2000b771  _sl_NetAppSendTokenValue              
20017000  _sys_memory                           
UNDEFED   _system_post_cinit                    
2000cb75  _system_pre_init                      
2001f36c  _unlock                               
2000ce5f  abort                                 
200094e5  aligned_alloc                         
2000c005  atoi                                  
ffffffff  binit                                 
2000cc4d  copysign                              
2000cc4d  copysignl                             
2001f380  errno                                 
20009b65  free                                  
2000b975  frexp                                 
2000b975  frexpl                                
2001f34c  g_SlDeviceStatus                      
2001f35c  g_SpiFd                               
2001f310  g__SlNonOsCB                          
2001f1e9  g_bDeviceRestartIsRequired            
2001f1ea  g_cDummy                              
2001f350  g_pCB                                 
2001f360  g_pHostIntHdl                         
20004000  g_pfnVectors                          
2001f1dc  g_ucConnectionBSSID                   
2001f1b8  g_ucConnectionSSID                    
2001f364  g_ucDMAEnabled                        
2001f168  g_ucDinDout                           
2001f37c  g_ulGatewayIP                         
2001f378  g_ulStatus                            
200090c5  ldexp                                 
200090c5  ldexpl                                
2000be29  ltoa                                  
20005d09  main                                  
2000ce51  malloc                                
200094e5  memalign                              
2000cb59  memccpy                               
2000a771  memcpy                                
2000c961  memmove                               
2000b4bd  memset                                
2001f354  pPingCallBackFunc                     
20009e0d  realloc                               
200090c5  scalbn                                
200090c5  scalbnl                               
2000c47d  simplelink_timerA2_start              
2000bb05  sl_Close                              
2000a089  sl_DevGet                             
20009c4d  sl_NetAppMDNSRegisterUnregisterService
2000b9d9  sl_NetAppMDNSUnRegisterService        
20009ee5  sl_NetCfgGet                          
2000a8a9  sl_NetCfgSet                          
2000a6d1  sl_Recv                               
20008d3d  sl_Send                               
2000a941  sl_SetSockOpt                         
2000b015  sl_Socket                             
200098a9  sl_Start                              
200095d9  sl_Stop                               
2000c52d  sl_WlanDisconnect                     
2000ad55  sl_WlanPolicySet                      
2000bb65  sl_WlanProfileDel                     
2000b235  sl_WlanRxFilterSet                    
2000b845  sl_WlanRxStatGet                      
2000c565  sl_WlanRxStatStart                    
2000c59d  sl_WlanRxStatStop                     
2000a9d9  sl_WlanSet                            
2000bbc5  sl_WlanSetMode                        
2000b531  spi_Close                             
2000883d  spi_Open                              
200096c9  spi_Read                              
2000aa71  spi_Write                             
2000cd81  strchr                                
2000cdc1  strlen                                
200091d5  strtoul                               
2000c051  uDMAChannelAssign                     
2000ba3d  uDMAChannelAttributeDisable           
2000baa1  uDMAChannelAttributeEnable            
2000c4b9  uDMAChannelControlSet                 
2000cb95  uDMAChannelEnable                     
200097b9  uDMAChannelTransferSet                
2000c349  vsnprintf                             
2000cde7  wcslen                                


GLOBAL SYMBOLS: SORTED BY Symbol Address 

address   name                                  
-------   ----                                  
00001500  __STACK_SIZE                          
00008000  __SYSMEM_SIZE                         
20004000  g_pfnVectors                          
20004401  SimpleLinkWlanEventHandler            
200045c1  SimpleLinkNetAppEventHandler          
20004669  SimpleLinkHttpServerCallback          
20004679  SimpleLinkGeneralEventHandler         
20004691  SimpleLinkSockEventHandler            
20005d09  main                                  
20006031  __TI_printfi                          
20007011  InitTerm                              
20007041  Message                               
20007071  ClearTerm                             
20007081  Error                                 
200070c1  GetCmd                                
200071c9  TrimSpace                             
20007271  Report                                
2000732b  _nop                                  
200077e9  _SlDrvDataReadOp                      
200079cd  _SlDrvReleasePoolObj                  
20007d6d  __aeabi_dsub                          
20007d77  __aeabi_dadd                          
20007f23  __aeabi_idiv0                         
20007f23  __aeabi_ldiv0                         
20007f25  _SlDrvDriverCBInit                    
20008275  _SlDrvWaitForPoolObj                  
20008405  PRCMCC3200MCUInit                     
200086ed  _SlDrvDataWriteOp                     
2000883d  spi_Open                              
20008c05  __aeabi_ddiv                          
20008d3d  sl_Send                               
20008e71  _SlDrvDriverCBDeinit                  
200090c5  ldexp                                 
200090c5  ldexpl                                
200090c5  scalbn                                
200090c5  scalbnl                               
200091d5  strtoul                               
200092e5  _SlDrvNetAppEventHandler              
200093e9  __aeabi_dmul                          
200094e5  aligned_alloc                         
200094e5  memalign                              
200095d9  sl_Stop                               
200096c9  spi_Read                              
200097b9  uDMAChannelTransferSet                
200098a9  sl_Start                              
20009a7d  _SlDrvMsgReadSpawnCtx                 
20009b65  free                                  
20009c4d  sl_NetAppMDNSRegisterUnregisterService
20009e0d  realloc                               
20009ee5  sl_NetCfgGet                          
20009fbd  _sl_HandleAsync_DnsGetHostByService   
2000a089  sl_DevGet                             
2000a219  _SlDrvCmdOp                           
2000a38d  _SlNonOsSemGet                        
2000a43d  IntDisable                            
2000a4e5  IntEnable                             
2000a58d  _SlDriverHandleError                  
2000a631  SPIConfigSetExpClk                    
2000a6d1  sl_Recv                               
2000a771  __aeabi_memcpy                        
2000a771  __aeabi_memcpy4                       
2000a771  __aeabi_memcpy8                       
2000a771  memcpy                                
2000a80d  _SlDrvDeviceEventHandler              
2000a8a9  sl_NetCfgSet                          
2000a941  sl_SetSockOpt                         
2000a9d9  sl_WlanSet                            
2000aa71  spi_Write                             
2000ab09  __aeabi_uldivmod                      
2000aba1  PRCMPeripheralClockGet                
2000ac35  _sl_HandleAsync_DnsGetHostByName      
2000acc5  _sl_HandleAsync_PingResponse          
2000ad55  sl_WlanPolicySet                      
2000aefd  _SlDrvIsTimeoutExpired                
2000af89  _sl_HandleAsync_InitComplete          
2000b015  sl_Socket                             
2000b0a1  PinConfigSet                          
2000b129  __aeabi_cdcmpeq                       
2000b129  __aeabi_cdcmple                       
2000b1af  __aeabi_cdrcmple                      
2000b235  sl_WlanRxFilterSet                    
2000b2b9  _sl_HandleAsync_Connect               
2000b4b5  __aeabi_memclr                        
2000b4b5  __aeabi_memclr4                       
2000b4b5  __aeabi_memclr8                       
2000b4b7  __aeabi_memset                        
2000b4b7  __aeabi_memset4                       
2000b4b7  __aeabi_memset8                       
2000b4bd  memset                                
2000b531  spi_Close                             
2000b5a9  UARTConfigSetExpClk                   
2000b621  _SlNonOsMainLoopTask                  
2000b705  _SlDrvCmdSend                         
2000b771  _sl_NetAppSendTokenValue              
2000b7dd  __TI_decompress_lzss                  
2000b845  sl_WlanRxStatGet                      
2000b8ad  _SlNonOsSpawn                         
2000b911  _sl_HandleAsync_Accept                
2000b975  frexp                                 
2000b975  frexpl                                
2000b9d9  sl_NetAppMDNSUnRegisterService        
2000ba3d  uDMAChannelAttributeDisable           
2000baa1  uDMAChannelAttributeEnable            
2000bb05  sl_Close                              
2000bb65  sl_WlanProfileDel                     
2000bbc5  sl_WlanSetMode                        
2000bc25  IntPendClear                          
2000bc7d  PRCMPeripheralReset                   
2000bd2d  IntPrioritySet                        
2000bd81  _SlDrvRxIrqHandler                    
2000bdd5  _sl_HandleAsync_Select                
2000be29  ltoa                                  
2000bed1  _sl_HandleAsync_Stop                  
2000bf21  SPIIntEnable                          
2000bfb9  _SlDrvProtectAsyncRespSetting         
2000c005  atoi                                  
2000c051  uDMAChannelAssign                     
2000c09d  SPIIntClear                           
2000c0e5  _SlDrvBasicCmd                        
2000c12d  __aeabi_d2iz                          
2000c1b9  TimerConfigure                        
2000c1fd  _SlDrvSyncObjWaitTimeout              
2000c241  __TI_auto_init_nobinit_nopinit        
2000c2c9  PinModeSet                            
2000c349  vsnprintf                             
2000c389  NwpRegisterInterruptHandler           
2000c441  PRCMPeripheralClkEnable               
2000c47d  simplelink_timerA2_start              
2000c4b9  uDMAChannelControlSet                 
2000c4f5  NwpPowerOff                           
2000c52d  sl_WlanDisconnect                     
2000c565  sl_WlanRxStatStart                    
2000c59d  sl_WlanRxStatStop                     
2000c5d5  PRCMPeripheralStatusGet               
2000c609  SPIFIFOLevelSet                       
2000c63d  _c_int00_noargs                       
2000c671  UARTDisable                           
2000c6d1  __aeabi_i2d                           
2000c701  NwpPowerOn                            
2000c72d  PRCMSysResetCauseGet                  
2000c785  _SlDrvProtectionObjLockWaitForever    
2000c7b1  TimerLoadSet                          
2000c7db  TimerPrescaleSet                      
2000c805  PRCMPeripheralClkDisable              
2000c82d  _SlDrvGlobalObjUnLock                 
2000c855  _SlDrvProtectionObjUnLock             
2000c87d  _SlDrvSyncObjWaitForever              
2000c8cd  _SlDrvObjLockWaitForever              
2000c8f5  DmaSpiSwIntHandler                    
2000c919  IntUnregister                         
2000c93d  UARTEnable                            
2000c961  memmove                               
2000c985  SPIReset                              
2000c9a7  SPIWordCountSet                       
2000c9c9  ResetISR                              
2000c9ed  IntRegister                           
2000ca0d  NwpPrePowerOffTimout0                 
2000ca2d  TimerGetCurrentTimestamp              
2000ca4d  _SlDrvObjUnLock                       
2000ca6d  _SlDrvSyncObjSignal                   
2000ca8d  TimerEnable                           
2000caab  UARTCharPut                           
2000cae7  TimerValueGet                         
2000cb03  UARTCharGetNonBlocking                
2000cb1f  _SlDrvStartMeasureTimeout             
2000cb59  memccpy                               
2000cb75  _system_pre_init                      
2000cb79  PinMuxConfig                          
2000cb95  uDMAChannelEnable                     
2000cbb1  PinTypeUART                           
2000cbcb  SPIDmaDisable                         
2000cbe5  SPIDmaEnable                          
2000cbff  SPIFIFODisable                        
2000cc19  SPIFIFOEnable                         
2000cc33  SPIIntUnregister                      
2000cc4d  copysign                              
2000cc4d  copysignl                             
2000cc67  SPICSDisable                          
2000cc7f  SPICSEnable                           
2000cc97  SPIDisable                            
2000ccaf  SPIEnable                             
2000ccc7  UARTCharsAvail                        
2000ccdf  _SlNonOsSemSet                        
2000cd29  PRCMHIBRegRead                        
2000cd3f  PRCMHIBRegWrite                       
2000cd55  UARTCharGet                           
2000cd6b  _SlDrvMemZero                         
2000cd81  strchr                                
2000cd97  CPUcpsie                              
2000cdad  IntVTableBaseSet                      
2000cdc1  strlen                                
2000cdd5  __TI_zero_init_nomemset               
2000cde7  wcslen                                
2000cdf9  _SlDrvDispatchHttpServerEvents        
2000ce09  _SlDrvResetCmdExt                     
2000ce17  __TI_decompress_none                  
2000ce25  NwpMaskInterrupt                      
2000ce31  NwpUnMaskInterrupt                    
2000ce3d  IntMasterEnable                       
2000ce49  __aeabi_errno_addr                    
2000ce51  malloc                                
2000ce59  UtilsDelay                            
2000ce5f  C$$EXIT                               
2000ce5f  abort                                 
2000ce64  _ctypes_                              
2000d264  OpcodeTranslateTable                  
2000d2a0  _SlActionLookupTable                  
2000d414  _SlNetAppSendTokenValueCmdCtrl        
2000d450  __TI_static_base__                    
2000d4b0  __TI_Handler_Table_Base               
2000d4bc  __TI_Handler_Table_Limit              
2000d4c8  __TI_CINIT_Base                       
2000d4d8  __TI_CINIT_Limit                      
20017000  _sys_memory                           
2001f168  g_ucDinDout                           
2001f1b8  g_ucConnectionSSID                    
2001f1dc  g_ucConnectionBSSID                   
2001f1e8  RxIrqCnt                              
2001f1e9  g_bDeviceRestartIsRequired            
2001f1ea  g_cDummy                              
2001f1ec  RawData_Ping                          
2001f310  g__SlNonOsCB                          
2001f34c  g_SlDeviceStatus                      
2001f350  g_pCB                                 
2001f354  pPingCallBackFunc                     
2001f35c  g_SpiFd                               
2001f360  g_pHostIntHdl                         
2001f364  g_ucDMAEnabled                        
2001f368  _lock                                 
2001f36c  _unlock                               
2001f378  g_ulStatus                            
2001f37c  g_ulGatewayIP                         
2001f380  errno                                 
2002eb00  __stack                               
20030000  __STACK_END                           
ffffffff  __TI_pprof_out_hndl                   
ffffffff  __TI_prof_data_size                   
ffffffff  __TI_prof_data_start                  
ffffffff  __binit__                             
ffffffff  __c_args__                            
ffffffff  binit                                 
UNDEFED   __mpu_init                            
UNDEFED   _system_post_cinit                    

[243 symbols]
