<?xml version="1.0" encoding="ISO-8859-1" ?>
<link_info>
   <banner>TI ARM Linker PC v18.12.1.LTS</banner>
   <copyright>Copyright (c) 1996-2018 Texas Instruments Incorporated</copyright>
   <link_time>0x5ca5d522</link_time>
   <link_errors>0x0</link_errors>
   <output_file>transceiver_mode.out</output_file>
   <entry_point>
      <name>_c_int00_noargs</name>
      <address>0x2000c355</address>
   </entry_point>
   <input_file_list>
      <input_file id="fl-2">
         <path>.\</path>
         <kind>object</kind>
         <file>main.obj</file>
         <name>main.obj</name>
      </input_file>
      <input_file id="fl-3">
         <path>.\</path>
         <kind>object</kind>
         <file>network_common.obj</file>
         <name>network_common.obj</name>
      </input_file>
      <input_file id="fl-4">
         <path>.\</path>
         <kind>object</kind>
         <file>pinmux.obj</file>
         <name>pinmux.obj</name>
      </input_file>
      <input_file id="fl-5">
         <path>.\</path>
         <kind>object</kind>
         <file>startup_ccs.obj</file>
         <name>startup_ccs.obj</name>
      </input_file>
      <input_file id="fl-6">
         <path>.\</path>
         <kind>object</kind>
         <file>uart_if.obj</file>
         <name>uart_if.obj</name>
      </input_file>
      <input_file id="fl-c">
         <kind>object</kind>
         <file>&lt;internal&gt;</file>
         <name>&lt;internal&gt;</name>
      </input_file>
      <input_file id="fl-c2">
         <path>C:\ti\ccs900\ccs\tools\compiler\ti-cgt-arm_18.12.1.LTS\lib\</path>
         <kind>archive</kind>
         <file>rtsv7M4_T_le_v4SPD16_eabi.lib</file>
         <name>vsnprintf.c.obj</name>
      </input_file>
      <input_file id="fl-c3">
         <path>C:\ti\ccs900\ccs\tools\compiler\ti-cgt-arm_18.12.1.LTS\lib\</path>
         <kind>archive</kind>
         <file>rtsv7M4_T_le_v4SPD16_eabi.lib</file>
         <name>memcpy_t2.asm.obj</name>
      </input_file>
      <input_file id="fl-c4">
         <path>C:\ti\ccs900\ccs\tools\compiler\ti-cgt-arm_18.12.1.LTS\lib\</path>
         <kind>archive</kind>
         <file>rtsv7M4_T_le_v4SPD16_eabi.lib</file>
         <name>memset_t2.asm.obj</name>
      </input_file>
      <input_file id="fl-c5">
         <path>C:\ti\ccs900\ccs\tools\compiler\ti-cgt-arm_18.12.1.LTS\lib\</path>
         <kind>archive</kind>
         <file>rtsv7M4_T_le_v4SPD16_eabi.lib</file>
         <name>copy_zero_init.c.obj</name>
      </input_file>
      <input_file id="fl-c6">
         <path>C:\ti\ccs900\ccs\tools\compiler\ti-cgt-arm_18.12.1.LTS\lib\</path>
         <kind>archive</kind>
         <file>rtsv7M4_T_le_v4SPD16_eabi.lib</file>
         <name>copy_decompress_none.c.obj</name>
      </input_file>
      <input_file id="fl-c7">
         <path>C:\ti\ccs900\ccs\tools\compiler\ti-cgt-arm_18.12.1.LTS\lib\</path>
         <kind>archive</kind>
         <file>rtsv7M4_T_le_v4SPD16_eabi.lib</file>
         <name>copy_decompress_lzss.c.obj</name>
      </input_file>
      <input_file id="fl-c8">
         <path>C:\ti\ccs900\ccs\tools\compiler\ti-cgt-arm_18.12.1.LTS\lib\</path>
         <kind>archive</kind>
         <file>rtsv7M4_T_le_v4SPD16_eabi.lib</file>
         <name>atoi.c.obj</name>
      </input_file>
      <input_file id="fl-c9">
         <path>C:\ti\ccs900\ccs\tools\compiler\ti-cgt-arm_18.12.1.LTS\lib\</path>
         <kind>archive</kind>
         <file>rtsv7M4_T_le_v4SPD16_eabi.lib</file>
         <name>ctype.c.obj</name>
      </input_file>
      <input_file id="fl-ca">
         <path>C:\ti\ccs900\ccs\tools\compiler\ti-cgt-arm_18.12.1.LTS\lib\</path>
         <kind>archive</kind>
         <file>rtsv7M4_T_le_v4SPD16_eabi.lib</file>
         <name>memmov.c.obj</name>
      </input_file>
      <input_file id="fl-cb">
         <path>C:\ti\ccs900\ccs\tools\compiler\ti-cgt-arm_18.12.1.LTS\lib\</path>
         <kind>archive</kind>
         <file>rtsv7M4_T_le_v4SPD16_eabi.lib</file>
         <name>memory.c.obj</name>
      </input_file>
      <input_file id="fl-cc">
         <path>C:\ti\ccs900\ccs\tools\compiler\ti-cgt-arm_18.12.1.LTS\lib\</path>
         <kind>archive</kind>
         <file>rtsv7M4_T_le_v4SPD16_eabi.lib</file>
         <name>strlen.c.obj</name>
      </input_file>
      <input_file id="fl-cd">
         <path>C:\ti\ccs900\ccs\tools\compiler\ti-cgt-arm_18.12.1.LTS\lib\</path>
         <kind>archive</kind>
         <file>rtsv7M4_T_le_v4SPD16_eabi.lib</file>
         <name>strtoul.c.obj</name>
      </input_file>
      <input_file id="fl-ce">
         <path>C:\ti\ccs900\ccs\tools\compiler\ti-cgt-arm_18.12.1.LTS\lib\</path>
         <kind>archive</kind>
         <file>rtsv7M4_T_le_v4SPD16_eabi.lib</file>
         <name>errno.c.obj</name>
      </input_file>
      <input_file id="fl-cf">
         <path>C:\ti\ccs900\ccs\tools\compiler\ti-cgt-arm_18.12.1.LTS\lib\</path>
         <kind>archive</kind>
         <file>rtsv7M4_T_le_v4SPD16_eabi.lib</file>
         <name>boot_cortex_m.c.obj</name>
      </input_file>
      <input_file id="fl-d0">
         <path>C:\ti\ccs900\ccs\tools\compiler\ti-cgt-arm_18.12.1.LTS\lib\</path>
         <kind>archive</kind>
         <file>rtsv7M4_T_le_v4SPD16_eabi.lib</file>
         <name>_printfi.c.obj</name>
      </input_file>
      <input_file id="fl-d1">
         <path>C:\ti\ccs900\ccs\tools\compiler\ti-cgt-arm_18.12.1.LTS\lib\</path>
         <kind>archive</kind>
         <file>rtsv7M4_T_le_v4SPD16_eabi.lib</file>
         <name>s_frexp.c.obj</name>
      </input_file>
      <input_file id="fl-d2">
         <path>C:\ti\ccs900\ccs\tools\compiler\ti-cgt-arm_18.12.1.LTS\lib\</path>
         <kind>archive</kind>
         <file>rtsv7M4_T_le_v4SPD16_eabi.lib</file>
         <name>s_scalbn.c.obj</name>
      </input_file>
      <input_file id="fl-d3">
         <path>C:\ti\ccs900\ccs\tools\compiler\ti-cgt-arm_18.12.1.LTS\lib\</path>
         <kind>archive</kind>
         <file>rtsv7M4_T_le_v4SPD16_eabi.lib</file>
         <name>s_copysign.c.obj</name>
      </input_file>
      <input_file id="fl-d4">
         <path>C:\ti\ccs900\ccs\tools\compiler\ti-cgt-arm_18.12.1.LTS\lib\</path>
         <kind>archive</kind>
         <file>rtsv7M4_T_le_v4SPD16_eabi.lib</file>
         <name>ull_div_t2.asm.obj</name>
      </input_file>
      <input_file id="fl-d5">
         <path>C:\ti\ccs900\ccs\tools\compiler\ti-cgt-arm_18.12.1.LTS\lib\</path>
         <kind>archive</kind>
         <file>rtsv7M4_T_le_v4SPD16_eabi.lib</file>
         <name>fd_add_t2.asm.obj</name>
      </input_file>
      <input_file id="fl-d6">
         <path>C:\ti\ccs900\ccs\tools\compiler\ti-cgt-arm_18.12.1.LTS\lib\</path>
         <kind>archive</kind>
         <file>rtsv7M4_T_le_v4SPD16_eabi.lib</file>
         <name>fd_cmp_t2.asm.obj</name>
      </input_file>
      <input_file id="fl-d7">
         <path>C:\ti\ccs900\ccs\tools\compiler\ti-cgt-arm_18.12.1.LTS\lib\</path>
         <kind>archive</kind>
         <file>rtsv7M4_T_le_v4SPD16_eabi.lib</file>
         <name>fd_div_t2.asm.obj</name>
      </input_file>
      <input_file id="fl-d8">
         <path>C:\ti\ccs900\ccs\tools\compiler\ti-cgt-arm_18.12.1.LTS\lib\</path>
         <kind>archive</kind>
         <file>rtsv7M4_T_le_v4SPD16_eabi.lib</file>
         <name>fd_mul_t2.asm.obj</name>
      </input_file>
      <input_file id="fl-d9">
         <path>C:\ti\ccs900\ccs\tools\compiler\ti-cgt-arm_18.12.1.LTS\lib\</path>
         <kind>archive</kind>
         <file>rtsv7M4_T_le_v4SPD16_eabi.lib</file>
         <name>fd_toi_t2.asm.obj</name>
      </input_file>
      <input_file id="fl-da">
         <path>C:\ti\ccs900\ccs\tools\compiler\ti-cgt-arm_18.12.1.LTS\lib\</path>
         <kind>archive</kind>
         <file>rtsv7M4_T_le_v4SPD16_eabi.lib</file>
         <name>i_tofd_t2.asm.obj</name>
      </input_file>
      <input_file id="fl-db">
         <path>C:\ti\ccs900\ccs\tools\compiler\ti-cgt-arm_18.12.1.LTS\lib\</path>
         <kind>archive</kind>
         <file>rtsv7M4_T_le_v4SPD16_eabi.lib</file>
         <name>autoinit.c.obj</name>
      </input_file>
      <input_file id="fl-dc">
         <path>C:\ti\ccs900\ccs\tools\compiler\ti-cgt-arm_18.12.1.LTS\lib\</path>
         <kind>archive</kind>
         <file>rtsv7M4_T_le_v4SPD16_eabi.lib</file>
         <name>pre_init.c.obj</name>
      </input_file>
      <input_file id="fl-dd">
         <path>C:\ti\ccs900\ccs\tools\compiler\ti-cgt-arm_18.12.1.LTS\lib\</path>
         <kind>archive</kind>
         <file>rtsv7M4_T_le_v4SPD16_eabi.lib</file>
         <name>cpy_tbl.c.obj</name>
      </input_file>
      <input_file id="fl-de">
         <path>C:\ti\ccs900\ccs\tools\compiler\ti-cgt-arm_18.12.1.LTS\lib\</path>
         <kind>archive</kind>
         <file>rtsv7M4_T_le_v4SPD16_eabi.lib</file>
         <name>exit.c.obj</name>
      </input_file>
      <input_file id="fl-df">
         <path>C:\ti\ccs900\ccs\tools\compiler\ti-cgt-arm_18.12.1.LTS\lib\</path>
         <kind>archive</kind>
         <file>rtsv7M4_T_le_v4SPD16_eabi.lib</file>
         <name>_lock.c.obj</name>
      </input_file>
      <input_file id="fl-e0">
         <path>C:\ti\ccs900\ccs\tools\compiler\ti-cgt-arm_18.12.1.LTS\lib\</path>
         <kind>archive</kind>
         <file>rtsv7M4_T_le_v4SPD16_eabi.lib</file>
         <name>args_main.c.obj</name>
      </input_file>
      <input_file id="fl-e1">
         <path>C:\ti\ccs900\ccs\tools\compiler\ti-cgt-arm_18.12.1.LTS\lib\</path>
         <kind>archive</kind>
         <file>rtsv7M4_T_le_v4SPD16_eabi.lib</file>
         <name>ltoa.c.obj</name>
      </input_file>
      <input_file id="fl-e2">
         <path>C:\ti\ccs900\ccs\tools\compiler\ti-cgt-arm_18.12.1.LTS\lib\</path>
         <kind>archive</kind>
         <file>rtsv7M4_T_le_v4SPD16_eabi.lib</file>
         <name>memccpy.c.obj</name>
      </input_file>
      <input_file id="fl-e3">
         <path>C:\ti\ccs900\ccs\tools\compiler\ti-cgt-arm_18.12.1.LTS\lib\</path>
         <kind>archive</kind>
         <file>rtsv7M4_T_le_v4SPD16_eabi.lib</file>
         <name>strchr.c.obj</name>
      </input_file>
      <input_file id="fl-e4">
         <path>C:\ti\ccs900\ccs\tools\compiler\ti-cgt-arm_18.12.1.LTS\lib\</path>
         <kind>archive</kind>
         <file>rtsv7M4_T_le_v4SPD16_eabi.lib</file>
         <name>wcslen.c.obj</name>
      </input_file>
      <input_file id="fl-e5">
         <path>C:\ti\ccs900\ccs\tools\compiler\ti-cgt-arm_18.12.1.LTS\lib\</path>
         <kind>archive</kind>
         <file>rtsv7M4_T_le_v4SPD16_eabi.lib</file>
         <name>div0.asm.obj</name>
      </input_file>
      <input_file id="fl-e6">
         <path>C:\ti\CC3200SDK_1.3.0\cc3200-sdk\driverlib\ccs\Release\</path>
         <kind>archive</kind>
         <file>driverlib.a</file>
         <name>interrupt.obj</name>
      </input_file>
      <input_file id="fl-e7">
         <path>C:\ti\CC3200SDK_1.3.0\cc3200-sdk\driverlib\ccs\Release\</path>
         <kind>archive</kind>
         <file>driverlib.a</file>
         <name>pin.obj</name>
      </input_file>
      <input_file id="fl-e8">
         <path>C:\ti\CC3200SDK_1.3.0\cc3200-sdk\driverlib\ccs\Release\</path>
         <kind>archive</kind>
         <file>driverlib.a</file>
         <name>prcm.obj</name>
      </input_file>
      <input_file id="fl-e9">
         <path>C:\ti\CC3200SDK_1.3.0\cc3200-sdk\driverlib\ccs\Release\</path>
         <kind>archive</kind>
         <file>driverlib.a</file>
         <name>uart.obj</name>
      </input_file>
      <input_file id="fl-ea">
         <path>C:\ti\CC3200SDK_1.3.0\cc3200-sdk\driverlib\ccs\Release\</path>
         <kind>archive</kind>
         <file>driverlib.a</file>
         <name>utils.obj</name>
      </input_file>
      <input_file id="fl-eb">
         <path>C:\ti\CC3200SDK_1.3.0\cc3200-sdk\driverlib\ccs\Release\</path>
         <kind>archive</kind>
         <file>driverlib.a</file>
         <name>cpu.obj</name>
      </input_file>
      <input_file id="fl-ec">
         <path>C:\ti\CC3200SDK_1.3.0\cc3200-sdk\driverlib\ccs\Release\</path>
         <kind>archive</kind>
         <file>driverlib.a</file>
         <name>flash.obj</name>
      </input_file>
      <input_file id="fl-ed">
         <path>C:\ti\CC3200SDK_1.3.0\cc3200-sdk\simplelink\ccs\NON_OS\</path>
         <kind>archive</kind>
         <file>simplelink.a</file>
         <name>device.obj</name>
      </input_file>
      <input_file id="fl-ee">
         <path>C:\ti\CC3200SDK_1.3.0\cc3200-sdk\simplelink\ccs\NON_OS\</path>
         <kind>archive</kind>
         <file>simplelink.a</file>
         <name>driver.obj</name>
      </input_file>
      <input_file id="fl-ef">
         <path>C:\ti\CC3200SDK_1.3.0\cc3200-sdk\simplelink\ccs\NON_OS\</path>
         <kind>archive</kind>
         <file>simplelink.a</file>
         <name>netapp.obj</name>
      </input_file>
      <input_file id="fl-f0">
         <path>C:\ti\CC3200SDK_1.3.0\cc3200-sdk\simplelink\ccs\NON_OS\</path>
         <kind>archive</kind>
         <file>simplelink.a</file>
         <name>netcfg.obj</name>
      </input_file>
      <input_file id="fl-f1">
         <path>C:\ti\CC3200SDK_1.3.0\cc3200-sdk\simplelink\ccs\NON_OS\</path>
         <kind>archive</kind>
         <file>simplelink.a</file>
         <name>nonos.obj</name>
      </input_file>
      <input_file id="fl-f2">
         <path>C:\ti\CC3200SDK_1.3.0\cc3200-sdk\simplelink\ccs\NON_OS\</path>
         <kind>archive</kind>
         <file>simplelink.a</file>
         <name>socket.obj</name>
      </input_file>
      <input_file id="fl-f3">
         <path>C:\ti\CC3200SDK_1.3.0\cc3200-sdk\simplelink\ccs\NON_OS\</path>
         <kind>archive</kind>
         <file>simplelink.a</file>
         <name>wlan.obj</name>
      </input_file>
      <input_file id="fl-f4">
         <path>C:\ti\CC3200SDK_1.3.0\cc3200-sdk\simplelink\ccs\NON_OS\</path>
         <kind>archive</kind>
         <file>simplelink.a</file>
         <name>cc_pal.obj</name>
      </input_file>
      <input_file id="fl-f5">
         <path>C:\ti\CC3200SDK_1.3.0\cc3200-sdk\driverlib\ccs\Release\</path>
         <kind>archive</kind>
         <file>driverlib.a</file>
         <name>spi.obj</name>
      </input_file>
      <input_file id="fl-f6">
         <path>C:\ti\CC3200SDK_1.3.0\cc3200-sdk\driverlib\ccs\Release\</path>
         <kind>archive</kind>
         <file>driverlib.a</file>
         <name>timer.obj</name>
      </input_file>
      <input_file id="fl-f7">
         <path>C:\ti\CC3200SDK_1.3.0\cc3200-sdk\driverlib\ccs\Release\</path>
         <kind>archive</kind>
         <file>driverlib.a</file>
         <name>udma.obj</name>
      </input_file>
   </input_file_list>
   <object_component_list>
      <object_component id="oc-f">
         <name>.intvecs</name>
         <load_address>0x20004000</load_address>
         <run_address>0x20004000</run_address>
         <size>0x400</size>
         <input_file_ref idref="fl-5"/>
      </object_component>
      <object_component id="oc-94">
         <name>.text</name>
         <load_address>0x20004400</load_address>
         <run_address>0x20004400</run_address>
         <size>0x19e4</size>
         <input_file_ref idref="fl-2"/>
      </object_component>
      <object_component id="oc-3bd">
         <name>.text:__TI_printfi</name>
         <load_address>0x20005de4</load_address>
         <run_address>0x20005de4</run_address>
         <size>0xa4e</size>
         <input_file_ref idref="fl-d0"/>
      </object_component>
      <object_component id="oc-63d">
         <name>.text:IntDefaultHandler</name>
         <load_address>0x20006832</load_address>
         <run_address>0x20006832</run_address>
         <size>0x2</size>
         <input_file_ref idref="fl-e6"/>
      </object_component>
      <object_component id="oc-64c">
         <name>.text:_SlDrvMsgRead</name>
         <load_address>0x20006834</load_address>
         <run_address>0x20006834</run_address>
         <size>0x590</size>
         <input_file_ref idref="fl-ee"/>
      </object_component>
      <object_component id="oc-c2">
         <name>.text</name>
         <load_address>0x20006dc4</load_address>
         <run_address>0x20006dc4</run_address>
         <size>0x280</size>
         <input_file_ref idref="fl-6"/>
      </object_component>
      <object_component id="oc-5c4">
         <name>.text:_pconv_a</name>
         <load_address>0x20007044</load_address>
         <run_address>0x20007044</run_address>
         <size>0x270</size>
         <input_file_ref idref="fl-d0"/>
      </object_component>
      <object_component id="oc-71f">
         <name>.text:_SlDrvRxHdrRead</name>
         <load_address>0x200072b4</load_address>
         <run_address>0x200072b4</run_address>
         <size>0x24c</size>
         <input_file_ref idref="fl-ee"/>
      </object_component>
      <object_component id="oc-36c">
         <name>.text:_SlDrvDataReadOp</name>
         <load_address>0x20007500</load_address>
         <run_address>0x20007500</run_address>
         <size>0x1e4</size>
         <input_file_ref idref="fl-ee"/>
      </object_component>
      <object_component id="oc-27a">
         <name>.text:_SlDrvReleasePoolObj</name>
         <load_address>0x200076e4</load_address>
         <run_address>0x200076e4</run_address>
         <size>0x1d0</size>
         <input_file_ref idref="fl-ee"/>
      </object_component>
      <object_component id="oc-5b2">
         <name>.text:_pconv_g</name>
         <load_address>0x200078b4</load_address>
         <run_address>0x200078b4</run_address>
         <size>0x1d0</size>
         <input_file_ref idref="fl-d0"/>
      </object_component>
      <object_component id="oc-6c1">
         <name>.text</name>
         <load_address>0x20007a84</load_address>
         <run_address>0x20007a84</run_address>
         <size>0x1b6</size>
         <input_file_ref idref="fl-d5"/>
      </object_component>
      <object_component id="oc-586">
         <name>.text:_nop</name>
         <load_address>0x20007c3a</load_address>
         <run_address>0x20007c3a</run_address>
         <size>0x2</size>
         <input_file_ref idref="fl-df"/>
      </object_component>
      <object_component id="oc-250">
         <name>.text:_SlDrvDriverCBInit</name>
         <load_address>0x20007c3c</load_address>
         <run_address>0x20007c3c</run_address>
         <size>0x1b4</size>
         <input_file_ref idref="fl-ee"/>
      </object_component>
      <object_component id="oc-4f1">
         <name>.text:_SlDrvMsgWrite</name>
         <load_address>0x20007df0</load_address>
         <run_address>0x20007df0</run_address>
         <size>0x19c</size>
         <input_file_ref idref="fl-ee"/>
      </object_component>
      <object_component id="oc-478">
         <name>.text:_SlDrvWaitForPoolObj</name>
         <load_address>0x20007f8c</load_address>
         <run_address>0x20007f8c</run_address>
         <size>0x190</size>
         <input_file_ref idref="fl-ee"/>
      </object_component>
      <object_component id="oc-130">
         <name>.text:PRCMCC3200MCUInit</name>
         <load_address>0x2000811c</load_address>
         <run_address>0x2000811c</run_address>
         <size>0x178</size>
         <input_file_ref idref="fl-e8"/>
      </object_component>
      <object_component id="oc-731">
         <name>.text:_SlFindAndSetActiveObj</name>
         <load_address>0x20008294</load_address>
         <run_address>0x20008294</run_address>
         <size>0x170</size>
         <input_file_ref idref="fl-ee"/>
      </object_component>
      <object_component id="oc-355">
         <name>.text:_SlDrvDataWriteOp</name>
         <load_address>0x20008404</load_address>
         <run_address>0x20008404</run_address>
         <size>0x150</size>
         <input_file_ref idref="fl-ee"/>
      </object_component>
      <object_component id="oc-256">
         <name>.text:spi_Open</name>
         <load_address>0x20008554</load_address>
         <run_address>0x20008554</run_address>
         <size>0x148</size>
         <input_file_ref idref="fl-f4"/>
      </object_component>
      <object_component id="oc-4f7">
         <name>.text:_SlDrvMsgReadCmdCtx</name>
         <load_address>0x2000869c</load_address>
         <run_address>0x2000869c</run_address>
         <size>0x144</size>
         <input_file_ref idref="fl-ee"/>
      </object_component>
      <object_component id="oc-5be">
         <name>.text:_pconv_e</name>
         <load_address>0x200087e0</load_address>
         <run_address>0x200087e0</run_address>
         <size>0x13c</size>
         <input_file_ref idref="fl-d0"/>
      </object_component>
      <object_component id="oc-6a7">
         <name>.text</name>
         <load_address>0x2000891c</load_address>
         <run_address>0x2000891c</run_address>
         <size>0x136</size>
         <input_file_ref idref="fl-d7"/>
      </object_component>
      <object_component id="oc-75e">
         <name>.text</name>
         <load_address>0x20008a52</load_address>
         <run_address>0x20008a52</run_address>
         <size>0x2</size>
         <input_file_ref idref="fl-e5"/>
      </object_component>
      <object_component id="oc-142">
         <name>.text:sl_Send</name>
         <load_address>0x20008a54</load_address>
         <run_address>0x20008a54</run_address>
         <size>0x134</size>
         <input_file_ref idref="fl-f2"/>
      </object_component>
      <object_component id="oc-2bf">
         <name>.text:_SlDrvDriverCBDeinit</name>
         <load_address>0x20008b88</load_address>
         <run_address>0x20008b88</run_address>
         <size>0x130</size>
         <input_file_ref idref="fl-ee"/>
      </object_component>
      <object_component id="oc-6d3">
         <name>.text:fcvt</name>
         <load_address>0x20008cb8</load_address>
         <run_address>0x20008cb8</run_address>
         <size>0x124</size>
         <input_file_ref idref="fl-d0"/>
      </object_component>
      <object_component id="oc-6e7">
         <name>.text:scalbn</name>
         <load_address>0x20008ddc</load_address>
         <run_address>0x20008ddc</run_address>
         <size>0x110</size>
         <input_file_ref idref="fl-d2"/>
      </object_component>
      <object_component id="oc-136">
         <name>.text:strtoul</name>
         <load_address>0x20008eec</load_address>
         <run_address>0x20008eec</run_address>
         <size>0x110</size>
         <input_file_ref idref="fl-cd"/>
      </object_component>
      <object_component id="oc-7a9">
         <name>.text:_SlDrvNetAppEventHandler</name>
         <load_address>0x20008ffc</load_address>
         <run_address>0x20008ffc</run_address>
         <size>0x104</size>
         <input_file_ref idref="fl-ef"/>
      </object_component>
      <object_component id="oc-6a2">
         <name>.text</name>
         <load_address>0x20009100</load_address>
         <run_address>0x20009100</run_address>
         <size>0xfc</size>
         <input_file_ref idref="fl-d8"/>
      </object_component>
      <object_component id="oc-3e1">
         <name>.text:aligned_alloc</name>
         <load_address>0x200091fc</load_address>
         <run_address>0x200091fc</run_address>
         <size>0xf4</size>
         <input_file_ref idref="fl-cb"/>
      </object_component>
      <object_component id="oc-e1">
         <name>.text:sl_Stop</name>
         <load_address>0x200092f0</load_address>
         <run_address>0x200092f0</run_address>
         <size>0xf0</size>
         <input_file_ref idref="fl-ed"/>
      </object_component>
      <object_component id="oc-72b">
         <name>.text:spi_Read</name>
         <load_address>0x200093e0</load_address>
         <run_address>0x200093e0</run_address>
         <size>0xf0</size>
         <input_file_ref idref="fl-f4"/>
      </object_component>
      <object_component id="oc-856">
         <name>.text:uDMAChannelTransferSet</name>
         <load_address>0x200094d0</load_address>
         <run_address>0x200094d0</run_address>
         <size>0xf0</size>
         <input_file_ref idref="fl-f7"/>
      </object_component>
      <object_component id="oc-cf">
         <name>.text:sl_Start</name>
         <load_address>0x200095c0</load_address>
         <run_address>0x200095c0</run_address>
         <size>0xec</size>
         <input_file_ref idref="fl-ed"/>
      </object_component>
      <object_component id="oc-652">
         <name>.text:_SlAsyncEventGenericHandler</name>
         <load_address>0x200096ac</load_address>
         <run_address>0x200096ac</run_address>
         <size>0xe8</size>
         <input_file_ref idref="fl-ee"/>
      </object_component>
      <object_component id="oc-4d8">
         <name>.text:_SlDrvMsgReadSpawnCtx</name>
         <load_address>0x20009794</load_address>
         <run_address>0x20009794</run_address>
         <size>0xe8</size>
         <input_file_ref idref="fl-ee"/>
      </object_component>
      <object_component id="oc-21e">
         <name>.text:free</name>
         <load_address>0x2000987c</load_address>
         <run_address>0x2000987c</run_address>
         <size>0xe8</size>
         <input_file_ref idref="fl-cb"/>
      </object_component>
      <object_component id="oc-2fa">
         <name>.text:sl_NetAppMDNSRegisterUnregisterService</name>
         <load_address>0x20009964</load_address>
         <run_address>0x20009964</run_address>
         <size>0xe4</size>
         <input_file_ref idref="fl-ef"/>
      </object_component>
      <object_component id="oc-725">
         <name>.text:_SlDrvClassifyRxMsg</name>
         <load_address>0x20009a48</load_address>
         <run_address>0x20009a48</run_address>
         <size>0xdc</size>
         <input_file_ref idref="fl-ee"/>
      </object_component>
      <object_component id="oc-218">
         <name>.text:realloc</name>
         <load_address>0x20009b24</load_address>
         <run_address>0x20009b24</run_address>
         <size>0xd8</size>
         <input_file_ref idref="fl-cb"/>
      </object_component>
      <object_component id="oc-18a">
         <name>.text:sl_NetCfgGet</name>
         <load_address>0x20009bfc</load_address>
         <run_address>0x20009bfc</run_address>
         <size>0xd8</size>
         <input_file_ref idref="fl-f0"/>
      </object_component>
      <object_component id="oc-814">
         <name>.text:_sl_HandleAsync_DnsGetHostByService</name>
         <load_address>0x20009cd4</load_address>
         <run_address>0x20009cd4</run_address>
         <size>0xcc</size>
         <input_file_ref idref="fl-ef"/>
      </object_component>
      <object_component id="oc-e7">
         <name>.text:sl_DevGet</name>
         <load_address>0x20009da0</load_address>
         <run_address>0x20009da0</run_address>
         <size>0xcc</size>
         <input_file_ref idref="fl-ed"/>
      </object_component>
      <object_component id="oc-4b3">
         <name>.text:_SlRemoveFromList</name>
         <load_address>0x20009e6c</load_address>
         <run_address>0x20009e6c</run_address>
         <size>0xc4</size>
         <input_file_ref idref="fl-ee"/>
      </object_component>
      <object_component id="oc-2a3">
         <name>.text:_SlDrvCmdOp</name>
         <load_address>0x20009f30</load_address>
         <run_address>0x20009f30</run_address>
         <size>0xc0</size>
         <input_file_ref idref="fl-ee"/>
      </object_component>
      <object_component id="oc-5a7">
         <name>.text:_ltostr</name>
         <load_address>0x20009ff0</load_address>
         <run_address>0x20009ff0</run_address>
         <size>0xb1</size>
         <input_file_ref idref="fl-d0"/>
      </object_component>
      <object_component id="oc-40c">
         <name>.text:_SlNonOsSemGet</name>
         <load_address>0x2000a0a4</load_address>
         <run_address>0x2000a0a4</run_address>
         <size>0xb0</size>
         <input_file_ref idref="fl-f1"/>
      </object_component>
      <object_component id="oc-492">
         <name>.text:IntDisable</name>
         <load_address>0x2000a154</load_address>
         <run_address>0x2000a154</run_address>
         <size>0xa8</size>
         <input_file_ref idref="fl-e6"/>
      </object_component>
      <object_component id="oc-12a">
         <name>.text:IntEnable</name>
         <load_address>0x2000a1fc</load_address>
         <run_address>0x2000a1fc</run_address>
         <size>0xa8</size>
         <input_file_ref idref="fl-e6"/>
      </object_component>
      <object_component id="oc-4ac">
         <name>.text:_SlDriverHandleError</name>
         <load_address>0x2000a2a4</load_address>
         <run_address>0x2000a2a4</run_address>
         <size>0xa4</size>
         <input_file_ref idref="fl-ee"/>
      </object_component>
      <object_component id="oc-429">
         <name>.text:SPIConfigSetExpClk</name>
         <load_address>0x2000a348</load_address>
         <run_address>0x2000a348</run_address>
         <size>0xa0</size>
         <input_file_ref idref="fl-f5"/>
      </object_component>
      <object_component id="oc-165">
         <name>.text:sl_Recv</name>
         <load_address>0x2000a3e8</load_address>
         <run_address>0x2000a3e8</run_address>
         <size>0xa0</size>
         <input_file_ref idref="fl-f2"/>
      </object_component>
      <object_component id="oc-3a">
         <name>.text</name>
         <load_address>0x2000a488</load_address>
         <run_address>0x2000a488</run_address>
         <size>0x9c</size>
         <input_file_ref idref="fl-c3"/>
      </object_component>
      <object_component id="oc-806">
         <name>.text:_SlDrvDeviceEventHandler</name>
         <load_address>0x2000a524</load_address>
         <run_address>0x2000a524</run_address>
         <size>0x9a</size>
         <input_file_ref idref="fl-ed"/>
      </object_component>
      <object_component id="oc-ff">
         <name>.text:sl_NetCfgSet</name>
         <load_address>0x2000a5c0</load_address>
         <run_address>0x2000a5c0</run_address>
         <size>0x98</size>
         <input_file_ref idref="fl-f0"/>
      </object_component>
      <object_component id="oc-15f">
         <name>.text:sl_SetSockOpt</name>
         <load_address>0x2000a658</load_address>
         <run_address>0x2000a658</run_address>
         <size>0x98</size>
         <input_file_ref idref="fl-f2"/>
      </object_component>
      <object_component id="oc-105">
         <name>.text:sl_WlanSet</name>
         <load_address>0x2000a6f0</load_address>
         <run_address>0x2000a6f0</run_address>
         <size>0x98</size>
         <input_file_ref idref="fl-f3"/>
      </object_component>
      <object_component id="oc-65b">
         <name>.text:spi_Write</name>
         <load_address>0x2000a788</load_address>
         <run_address>0x2000a788</run_address>
         <size>0x98</size>
         <input_file_ref idref="fl-f4"/>
      </object_component>
      <object_component id="oc-69b">
         <name>.text</name>
         <load_address>0x2000a820</load_address>
         <run_address>0x2000a820</run_address>
         <size>0x96</size>
         <input_file_ref idref="fl-d4"/>
      </object_component>
      <object_component id="oc-1e8">
         <name>.text:PRCMPeripheralClockGet</name>
         <load_address>0x2000a8b8</load_address>
         <run_address>0x2000a8b8</run_address>
         <size>0x94</size>
         <input_file_ref idref="fl-e8"/>
      </object_component>
      <object_component id="oc-80e">
         <name>.text:_sl_HandleAsync_DnsGetHostByName</name>
         <load_address>0x2000a94c</load_address>
         <run_address>0x2000a94c</run_address>
         <size>0x90</size>
         <input_file_ref idref="fl-ef"/>
      </object_component>
      <object_component id="oc-7af">
         <name>.text:_sl_HandleAsync_PingResponse</name>
         <load_address>0x2000a9dc</load_address>
         <run_address>0x2000a9dc</run_address>
         <size>0x90</size>
         <input_file_ref idref="fl-ef"/>
      </object_component>
      <object_component id="oc-ed">
         <name>.text:sl_WlanPolicySet</name>
         <load_address>0x2000aa6c</load_address>
         <run_address>0x2000aa6c</run_address>
         <size>0x90</size>
         <input_file_ref idref="fl-f3"/>
      </object_component>
      <object_component id="oc-7b6">
         <name>.text:SetupDMAReceive</name>
         <load_address>0x2000aafc</load_address>
         <run_address>0x2000aafc</run_address>
         <size>0x8c</size>
         <input_file_ref idref="fl-f4"/>
      </object_component>
      <object_component id="oc-73c">
         <name>.text:SetupDMASend</name>
         <load_address>0x2000ab88</load_address>
         <run_address>0x2000ab88</run_address>
         <size>0x8c</size>
         <input_file_ref idref="fl-f4"/>
      </object_component>
      <object_component id="oc-5fa">
         <name>.text:_SlDrvIsTimeoutExpired</name>
         <load_address>0x2000ac14</load_address>
         <run_address>0x2000ac14</run_address>
         <size>0x8c</size>
         <input_file_ref idref="fl-ee"/>
      </object_component>
      <object_component id="oc-867">
         <name>.text:_sl_HandleAsync_InitComplete</name>
         <load_address>0x2000aca0</load_address>
         <run_address>0x2000aca0</run_address>
         <size>0x8c</size>
         <input_file_ref idref="fl-ed"/>
      </object_component>
      <object_component id="oc-13c">
         <name>.text:sl_Socket</name>
         <load_address>0x2000ad2c</load_address>
         <run_address>0x2000ad2c</run_address>
         <size>0x8c</size>
         <input_file_ref idref="fl-f2"/>
      </object_component>
      <object_component id="oc-579">
         <name>.text:PinConfigSet</name>
         <load_address>0x2000adb8</load_address>
         <run_address>0x2000adb8</run_address>
         <size>0x88</size>
         <input_file_ref idref="fl-e7"/>
      </object_component>
      <object_component id="oc-5ad">
         <name>.text:__aeabi_cdcmple</name>
         <load_address>0x2000ae40</load_address>
         <run_address>0x2000ae40</run_address>
         <size>0x86</size>
         <input_file_ref idref="fl-d6"/>
      </object_component>
      <object_component id="oc-6ac">
         <name>.text:__aeabi_cdrcmple</name>
         <load_address>0x2000aec6</load_address>
         <run_address>0x2000aec6</run_address>
         <size>0x86</size>
         <input_file_ref idref="fl-d6"/>
      </object_component>
      <object_component id="oc-114">
         <name>.text:sl_WlanRxFilterSet</name>
         <load_address>0x2000af4c</load_address>
         <run_address>0x2000af4c</run_address>
         <size>0x84</size>
         <input_file_ref idref="fl-f3"/>
      </object_component>
      <object_component id="oc-836">
         <name>.text:_sl_HandleAsync_Connect</name>
         <load_address>0x2000afd0</load_address>
         <run_address>0x2000afd0</run_address>
         <size>0x80</size>
         <input_file_ref idref="fl-f2"/>
      </object_component>
      <object_component id="oc-7bc">
         <name>.text:spi_Read_CPU</name>
         <load_address>0x2000b050</load_address>
         <run_address>0x2000b050</run_address>
         <size>0x80</size>
         <input_file_ref idref="fl-f4"/>
      </object_component>
      <object_component id="oc-74e">
         <name>.text:spi_Write_CPU</name>
         <load_address>0x2000b0d0</load_address>
         <run_address>0x2000b0d0</run_address>
         <size>0x80</size>
         <input_file_ref idref="fl-f4"/>
      </object_component>
      <object_component id="oc-3ee">
         <name>.text:split</name>
         <load_address>0x2000b150</load_address>
         <run_address>0x2000b150</run_address>
         <size>0x7c</size>
         <input_file_ref idref="fl-cb"/>
      </object_component>
      <object_component id="oc-88">
         <name>.text</name>
         <load_address>0x2000b1cc</load_address>
         <run_address>0x2000b1cc</run_address>
         <size>0x7a</size>
         <input_file_ref idref="fl-c4"/>
      </object_component>
      <object_component id="oc-2b9">
         <name>.text:spi_Close</name>
         <load_address>0x2000b248</load_address>
         <run_address>0x2000b248</run_address>
         <size>0x78</size>
         <input_file_ref idref="fl-f4"/>
      </object_component>
      <object_component id="oc-1ee">
         <name>.text:UARTConfigSetExpClk</name>
         <load_address>0x2000b2c0</load_address>
         <run_address>0x2000b2c0</run_address>
         <size>0x76</size>
         <input_file_ref idref="fl-e9"/>
      </object_component>
      <object_component id="oc-d5">
         <name>.text:_SlNonOsMainLoopTask</name>
         <load_address>0x2000b338</load_address>
         <run_address>0x2000b338</run_address>
         <size>0x74</size>
         <input_file_ref idref="fl-f1"/>
      </object_component>
      <object_component id="oc-6cc">
         <name>.text:_mcpy</name>
         <load_address>0x2000b3ac</load_address>
         <run_address>0x2000b3ac</run_address>
         <size>0x6e</size>
         <input_file_ref idref="fl-d0"/>
      </object_component>
      <object_component id="oc-871">
         <name>.text:_SlDrvCmdSend</name>
         <load_address>0x2000b41c</load_address>
         <run_address>0x2000b41c</run_address>
         <size>0x6c</size>
         <input_file_ref idref="fl-ee"/>
      </object_component>
      <object_component id="oc-820">
         <name>.text:_sl_NetAppSendTokenValue</name>
         <load_address>0x2000b488</load_address>
         <run_address>0x2000b488</run_address>
         <size>0x6c</size>
         <input_file_ref idref="fl-ef"/>
      </object_component>
      <object_component id="oc-12">
         <name>.text:decompress:lzss:__TI_decompress_lzss</name>
         <load_address>0x2000b4f4</load_address>
         <run_address>0x2000b4f4</run_address>
         <size>0x68</size>
         <input_file_ref idref="fl-c7"/>
      </object_component>
      <object_component id="oc-16b">
         <name>.text:sl_WlanRxStatGet</name>
         <load_address>0x2000b55c</load_address>
         <run_address>0x2000b55c</run_address>
         <size>0x68</size>
         <input_file_ref idref="fl-f3"/>
      </object_component>
      <object_component id="oc-4d2">
         <name>.text:_SlNonOsSpawn</name>
         <load_address>0x2000b5c4</load_address>
         <run_address>0x2000b5c4</run_address>
         <size>0x64</size>
         <input_file_ref idref="fl-f1"/>
      </object_component>
      <object_component id="oc-830">
         <name>.text:_sl_HandleAsync_Accept</name>
         <load_address>0x2000b628</load_address>
         <run_address>0x2000b628</run_address>
         <size>0x64</size>
         <input_file_ref idref="fl-f2"/>
      </object_component>
      <object_component id="oc-6e1">
         <name>.text:frexp</name>
         <load_address>0x2000b68c</load_address>
         <run_address>0x2000b68c</run_address>
         <size>0x64</size>
         <input_file_ref idref="fl-d1"/>
      </object_component>
      <object_component id="oc-10b">
         <name>.text:sl_NetAppMDNSUnRegisterService</name>
         <load_address>0x2000b6f0</load_address>
         <run_address>0x2000b6f0</run_address>
         <size>0x64</size>
         <input_file_ref idref="fl-ef"/>
      </object_component>
      <object_component id="oc-611">
         <name>.text:uDMAChannelAttributeDisable</name>
         <load_address>0x2000b754</load_address>
         <run_address>0x2000b754</run_address>
         <size>0x64</size>
         <input_file_ref idref="fl-f7"/>
      </object_component>
      <object_component id="oc-850">
         <name>.text:uDMAChannelAttributeEnable</name>
         <load_address>0x2000b7b8</load_address>
         <run_address>0x2000b7b8</run_address>
         <size>0x64</size>
         <input_file_ref idref="fl-f7"/>
      </object_component>
      <object_component id="oc-148">
         <name>.text:sl_Close</name>
         <load_address>0x2000b81c</load_address>
         <run_address>0x2000b81c</run_address>
         <size>0x60</size>
         <input_file_ref idref="fl-f2"/>
      </object_component>
      <object_component id="oc-f3">
         <name>.text:sl_WlanProfileDel</name>
         <load_address>0x2000b87c</load_address>
         <run_address>0x2000b87c</run_address>
         <size>0x60</size>
         <input_file_ref idref="fl-f3"/>
      </object_component>
      <object_component id="oc-db">
         <name>.text:sl_WlanSetMode</name>
         <load_address>0x2000b8dc</load_address>
         <run_address>0x2000b8dc</run_address>
         <size>0x60</size>
         <input_file_ref idref="fl-f3"/>
      </object_component>
      <object_component id="oc-49e">
         <name>.text:IntPendClear</name>
         <load_address>0x2000b93c</load_address>
         <run_address>0x2000b93c</run_address>
         <size>0x58</size>
         <input_file_ref idref="fl-e6"/>
      </object_component>
      <object_component id="oc-32e">
         <name>.text:PRCMPeripheralReset</name>
         <load_address>0x2000b994</load_address>
         <run_address>0x2000b994</run_address>
         <size>0x58</size>
         <input_file_ref idref="fl-e8"/>
      </object_component>
      <object_component id="oc-5b8">
         <name>.text:_pconv_f</name>
         <load_address>0x2000b9ec</load_address>
         <run_address>0x2000b9ec</run_address>
         <size>0x56</size>
         <input_file_ref idref="fl-d0"/>
      </object_component>
      <object_component id="oc-453">
         <name>.text:IntPrioritySet</name>
         <load_address>0x2000ba44</load_address>
         <run_address>0x2000ba44</run_address>
         <size>0x54</size>
         <input_file_ref idref="fl-e6"/>
      </object_component>
      <object_component id="oc-28c">
         <name>.text:_SlDrvRxIrqHandler</name>
         <load_address>0x2000ba98</load_address>
         <run_address>0x2000ba98</run_address>
         <size>0x54</size>
         <input_file_ref idref="fl-ee"/>
      </object_component>
      <object_component id="oc-83c">
         <name>.text:_sl_HandleAsync_Select</name>
         <load_address>0x2000baec</load_address>
         <run_address>0x2000baec</run_address>
         <size>0x54</size>
         <input_file_ref idref="fl-f2"/>
      </object_component>
      <object_component id="oc-6b6">
         <name>.text:ltoa</name>
         <load_address>0x2000bb40</load_address>
         <run_address>0x2000bb40</run_address>
         <size>0x54</size>
         <input_file_ref idref="fl-e1"/>
      </object_component>
      <object_component id="oc-6c6">
         <name>.text:_ecpy</name>
         <load_address>0x2000bb94</load_address>
         <run_address>0x2000bb94</run_address>
         <size>0x52</size>
         <input_file_ref idref="fl-d0"/>
      </object_component>
      <object_component id="oc-842">
         <name>.text:_sl_HandleAsync_Stop</name>
         <load_address>0x2000bbe8</load_address>
         <run_address>0x2000bbe8</run_address>
         <size>0x50</size>
         <input_file_ref idref="fl-ed"/>
      </object_component>
      <object_component id="oc-459">
         <name>.text:SPIIntEnable</name>
         <load_address>0x2000bc38</load_address>
         <run_address>0x2000bc38</run_address>
         <size>0x4c</size>
         <input_file_ref idref="fl-f5"/>
      </object_component>
      <object_component id="oc-666">
         <name>.text:SPIIntNumberGet</name>
         <load_address>0x2000bc84</load_address>
         <run_address>0x2000bc84</run_address>
         <size>0x4c</size>
         <input_file_ref idref="fl-f5"/>
      </object_component>
      <object_component id="oc-25c">
         <name>.text:_SlDrvProtectAsyncRespSetting</name>
         <load_address>0x2000bcd0</load_address>
         <run_address>0x2000bcd0</run_address>
         <size>0x4c</size>
         <input_file_ref idref="fl-ee"/>
      </object_component>
      <object_component id="oc-184">
         <name>.text:atoi</name>
         <load_address>0x2000bd1c</load_address>
         <run_address>0x2000bd1c</run_address>
         <size>0x4c</size>
         <input_file_ref idref="fl-c8"/>
      </object_component>
      <object_component id="oc-60b">
         <name>.text:uDMAChannelAssign</name>
         <load_address>0x2000bd68</load_address>
         <run_address>0x2000bd68</run_address>
         <size>0x4c</size>
         <input_file_ref idref="fl-f7"/>
      </object_component>
      <object_component id="oc-631">
         <name>.text:SPIIntClear</name>
         <load_address>0x2000bdb4</load_address>
         <run_address>0x2000bdb4</run_address>
         <size>0x48</size>
         <input_file_ref idref="fl-f5"/>
      </object_component>
      <object_component id="oc-2e5">
         <name>.text:_SlDrvBasicCmd</name>
         <load_address>0x2000bdfc</load_address>
         <run_address>0x2000bdfc</run_address>
         <size>0x48</size>
         <input_file_ref idref="fl-ee"/>
      </object_component>
      <object_component id="oc-6b1">
         <name>.text</name>
         <load_address>0x2000be44</load_address>
         <run_address>0x2000be44</run_address>
         <size>0x48</size>
         <input_file_ref idref="fl-d9"/>
      </object_component>
      <object_component id="oc-620">
         <name>.text:SPIDmaMaskGet</name>
         <load_address>0x2000be8c</load_address>
         <run_address>0x2000be8c</run_address>
         <size>0x44</size>
         <input_file_ref idref="fl-f5"/>
      </object_component>
      <object_component id="oc-7e6">
         <name>.text:TimerConfigure</name>
         <load_address>0x2000bed0</load_address>
         <run_address>0x2000bed0</run_address>
         <size>0x44</size>
         <input_file_ref idref="fl-f6"/>
      </object_component>
      <object_component id="oc-274">
         <name>.text:_SlDrvSyncObjWaitTimeout</name>
         <load_address>0x2000bf14</load_address>
         <run_address>0x2000bf14</run_address>
         <size>0x44</size>
         <input_file_ref idref="fl-ee"/>
      </object_component>
      <object_component id="oc-1b6">
         <name>.text:__TI_auto_init_nobinit_nopinit:__TI_auto_init_nobinit_nopinit</name>
         <load_address>0x2000bf58</load_address>
         <run_address>0x2000bf58</run_address>
         <size>0x44</size>
         <input_file_ref idref="fl-db"/>
      </object_component>
      <object_component id="oc-7c9">
         <name>.text:cc_SetupTransfer</name>
         <load_address>0x2000bf9c</load_address>
         <run_address>0x2000bf9c</run_address>
         <size>0x44</size>
         <input_file_ref idref="fl-f4"/>
      </object_component>
      <object_component id="oc-573">
         <name>.text:PinModeSet</name>
         <load_address>0x2000bfe0</load_address>
         <run_address>0x2000bfe0</run_address>
         <size>0x40</size>
         <input_file_ref idref="fl-e7"/>
      </object_component>
      <object_component id="oc-34f">
         <name>.text:_sl_TruncatePayloadByProtocol</name>
         <load_address>0x2000c020</load_address>
         <run_address>0x2000c020</run_address>
         <size>0x40</size>
         <input_file_ref idref="fl-f2"/>
      </object_component>
      <object_component id="oc-1f4">
         <name>.text:vsnprintf</name>
         <load_address>0x2000c060</load_address>
         <run_address>0x2000c060</run_address>
         <size>0x40</size>
         <input_file_ref idref="fl-c2"/>
      </object_component>
      <object_component id="oc-268">
         <name>.text:NwpRegisterInterruptHandler</name>
         <load_address>0x2000c0a0</load_address>
         <run_address>0x2000c0a0</run_address>
         <size>0x3e</size>
         <input_file_ref idref="fl-f4"/>
      </object_component>
      <object_component id="oc-6d9">
         <name>.text:_fcpy</name>
         <load_address>0x2000c0de</load_address>
         <run_address>0x2000c0de</run_address>
         <size>0x3e</size>
         <input_file_ref idref="fl-d0"/>
      </object_component>
      <object_component id="oc-827">
         <name>.text:CopyPingResultsToReport</name>
         <load_address>0x2000c11c</load_address>
         <run_address>0x2000c11c</run_address>
         <size>0x3c</size>
         <input_file_ref idref="fl-ef"/>
      </object_component>
      <object_component id="oc-328">
         <name>.text:PRCMPeripheralClkEnable</name>
         <load_address>0x2000c158</load_address>
         <run_address>0x2000c158</run_address>
         <size>0x3c</size>
         <input_file_ref idref="fl-e8"/>
      </object_component>
      <object_component id="oc-78f">
         <name>.text:simplelink_timerA2_start</name>
         <load_address>0x2000c194</load_address>
         <run_address>0x2000c194</run_address>
         <size>0x3c</size>
         <input_file_ref idref="fl-f4"/>
      </object_component>
      <object_component id="oc-84a">
         <name>.text:uDMAChannelControlSet</name>
         <load_address>0x2000c1d0</load_address>
         <run_address>0x2000c1d0</run_address>
         <size>0x3c</size>
         <input_file_ref idref="fl-f7"/>
      </object_component>
      <object_component id="oc-262">
         <name>.text:NwpPowerOff</name>
         <load_address>0x2000c20c</load_address>
         <run_address>0x2000c20c</run_address>
         <size>0x38</size>
         <input_file_ref idref="fl-f4"/>
      </object_component>
      <object_component id="oc-f9">
         <name>.text:sl_WlanDisconnect</name>
         <load_address>0x2000c244</load_address>
         <run_address>0x2000c244</run_address>
         <size>0x38</size>
         <input_file_ref idref="fl-f3"/>
      </object_component>
      <object_component id="oc-159">
         <name>.text:sl_WlanRxStatStart</name>
         <load_address>0x2000c27c</load_address>
         <run_address>0x2000c27c</run_address>
         <size>0x38</size>
         <input_file_ref idref="fl-f3"/>
      </object_component>
      <object_component id="oc-172">
         <name>.text:sl_WlanRxStatStop</name>
         <load_address>0x2000c2b4</load_address>
         <run_address>0x2000c2b4</run_address>
         <size>0x38</size>
         <input_file_ref idref="fl-f3"/>
      </object_component>
      <object_component id="oc-42f">
         <name>.text:PRCMPeripheralStatusGet</name>
         <load_address>0x2000c2ec</load_address>
         <run_address>0x2000c2ec</run_address>
         <size>0x34</size>
         <input_file_ref idref="fl-e8"/>
      </object_component>
      <object_component id="oc-447">
         <name>.text:SPIFIFOLevelSet</name>
         <load_address>0x2000c320</load_address>
         <run_address>0x2000c320</run_address>
         <size>0x34</size>
         <input_file_ref idref="fl-f5"/>
      </object_component>
      <object_component id="oc-58">
         <name>.text:_c_int00_noargs:_c_int00_noargs</name>
         <load_address>0x2000c354</load_address>
         <run_address>0x2000c354</run_address>
         <size>0x34</size>
         <input_file_ref idref="fl-cf"/>
      </object_component>
      <object_component id="oc-3b0">
         <name>.text:UARTDisable</name>
         <load_address>0x2000c388</load_address>
         <run_address>0x2000c388</run_address>
         <size>0x30</size>
         <input_file_ref idref="fl-e9"/>
      </object_component>
      <object_component id="oc-3c3">
         <name>.text:_outs</name>
         <load_address>0x2000c3b8</load_address>
         <run_address>0x2000c3b8</run_address>
         <size>0x30</size>
         <input_file_ref idref="fl-c2"/>
      </object_component>
      <object_component id="oc-6bc">
         <name>.text</name>
         <load_address>0x2000c3e8</load_address>
         <run_address>0x2000c3e8</run_address>
         <size>0x2e</size>
         <input_file_ref idref="fl-da"/>
      </object_component>
      <object_component id="oc-26e">
         <name>.text:NwpPowerOn</name>
         <load_address>0x2000c418</load_address>
         <run_address>0x2000c418</run_address>
         <size>0x2c</size>
         <input_file_ref idref="fl-f4"/>
      </object_component>
      <object_component id="oc-316">
         <name>.text:PRCMSysResetCauseGet</name>
         <load_address>0x2000c444</load_address>
         <run_address>0x2000c444</run_address>
         <size>0x2c</size>
         <input_file_ref idref="fl-e8"/>
      </object_component>
      <object_component id="oc-4e5">
         <name>.text:_SlDrvObjGlobalLockWaitForever</name>
         <load_address>0x2000c470</load_address>
         <run_address>0x2000c470</run_address>
         <size>0x2c</size>
         <input_file_ref idref="fl-ee"/>
      </object_component>
      <object_component id="oc-47e">
         <name>.text:_SlDrvProtectionObjLockWaitForever</name>
         <load_address>0x2000c49c</load_address>
         <run_address>0x2000c49c</run_address>
         <size>0x2c</size>
         <input_file_ref idref="fl-ee"/>
      </object_component>
      <object_component id="oc-7f2">
         <name>.text:TimerLoadSet</name>
         <load_address>0x2000c4c8</load_address>
         <run_address>0x2000c4c8</run_address>
         <size>0x2a</size>
         <input_file_ref idref="fl-f6"/>
      </object_component>
      <object_component id="oc-7ec">
         <name>.text:TimerPrescaleSet</name>
         <load_address>0x2000c4f2</load_address>
         <run_address>0x2000c4f2</run_address>
         <size>0x2a</size>
         <input_file_ref idref="fl-f6"/>
      </object_component>
      <object_component id="oc-334">
         <name>.text:PRCMPeripheralClkDisable</name>
         <load_address>0x2000c51c</load_address>
         <run_address>0x2000c51c</run_address>
         <size>0x28</size>
         <input_file_ref idref="fl-e8"/>
      </object_component>
      <object_component id="oc-4eb">
         <name>.text:_SlDrvGlobalObjUnLock</name>
         <load_address>0x2000c544</load_address>
         <run_address>0x2000c544</run_address>
         <size>0x28</size>
         <input_file_ref idref="fl-ee"/>
      </object_component>
      <object_component id="oc-484">
         <name>.text:_SlDrvProtectionObjUnLock</name>
         <load_address>0x2000c56c</load_address>
         <run_address>0x2000c56c</run_address>
         <size>0x28</size>
         <input_file_ref idref="fl-ee"/>
      </object_component>
      <object_component id="oc-55e">
         <name>.text:_SlDrvSyncObjWaitForever</name>
         <load_address>0x2000c594</load_address>
         <run_address>0x2000c594</run_address>
         <size>0x28</size>
         <input_file_ref idref="fl-ee"/>
      </object_component>
      <object_component id="oc-3f5">
         <name>.text:free_list_insert</name>
         <load_address>0x2000c5bc</load_address>
         <run_address>0x2000c5bc</run_address>
         <size>0x28</size>
         <input_file_ref idref="fl-cb"/>
      </object_component>
      <object_component id="oc-552">
         <name>.text:_SlDrvObjLockWaitForever</name>
         <load_address>0x2000c5e4</load_address>
         <run_address>0x2000c5e4</run_address>
         <size>0x26</size>
         <input_file_ref idref="fl-ee"/>
      </object_component>
      <object_component id="oc-46b">
         <name>.text:DmaSpiSwIntHandler</name>
         <load_address>0x2000c60c</load_address>
         <run_address>0x2000c60c</run_address>
         <size>0x24</size>
         <input_file_ref idref="fl-f4"/>
      </object_component>
      <object_component id="oc-498">
         <name>.text:IntUnregister</name>
         <load_address>0x2000c630</load_address>
         <run_address>0x2000c630</run_address>
         <size>0x24</size>
         <input_file_ref idref="fl-e6"/>
      </object_component>
      <object_component id="oc-3b6">
         <name>.text:UARTEnable</name>
         <load_address>0x2000c654</load_address>
         <run_address>0x2000c654</run_address>
         <size>0x24</size>
         <input_file_ref idref="fl-e9"/>
      </object_component>
      <object_component id="oc-20c">
         <name>.text:memmove</name>
         <load_address>0x2000c678</load_address>
         <run_address>0x2000c678</run_address>
         <size>0x24</size>
         <input_file_ref idref="fl-ca"/>
      </object_component>
      <object_component id="oc-423">
         <name>.text:SPIReset</name>
         <load_address>0x2000c69c</load_address>
         <run_address>0x2000c69c</run_address>
         <size>0x22</size>
         <input_file_ref idref="fl-f5"/>
      </object_component>
      <object_component id="oc-748">
         <name>.text:SPIWordCountSet</name>
         <load_address>0x2000c6be</load_address>
         <run_address>0x2000c6be</run_address>
         <size>0x22</size>
         <input_file_ref idref="fl-f5"/>
      </object_component>
      <object_component id="oc-44d">
         <name>.text:IntRegister</name>
         <load_address>0x2000c6e0</load_address>
         <run_address>0x2000c6e0</run_address>
         <size>0x20</size>
         <input_file_ref idref="fl-e6"/>
      </object_component>
      <object_component id="oc-2b3">
         <name>.text:NwpPrePowerOffTimout0</name>
         <load_address>0x2000c700</load_address>
         <run_address>0x2000c700</run_address>
         <size>0x20</size>
         <input_file_ref idref="fl-f4"/>
      </object_component>
      <object_component id="oc-70b">
         <name>.text:TimerGetCurrentTimestamp</name>
         <load_address>0x2000c720</load_address>
         <run_address>0x2000c720</run_address>
         <size>0x20</size>
         <input_file_ref idref="fl-f4"/>
      </object_component>
      <object_component id="oc-558">
         <name>.text:_SlDrvObjUnLock</name>
         <load_address>0x2000c740</load_address>
         <run_address>0x2000c740</run_address>
         <size>0x20</size>
         <input_file_ref idref="fl-ee"/>
      </object_component>
      <object_component id="oc-4b9">
         <name>.text:_SlDrvSyncObjSignal</name>
         <load_address>0x2000c760</load_address>
         <run_address>0x2000c760</run_address>
         <size>0x20</size>
         <input_file_ref idref="fl-ee"/>
      </object_component>
      <object_component id="oc-7f8">
         <name>.text:TimerEnable</name>
         <load_address>0x2000c780</load_address>
         <run_address>0x2000c780</run_address>
         <size>0x1e</size>
         <input_file_ref idref="fl-f6"/>
      </object_component>
      <object_component id="oc-17e">
         <name>.text:UARTCharPut</name>
         <load_address>0x2000c79e</load_address>
         <run_address>0x2000c79e</run_address>
         <size>0x1e</size>
         <input_file_ref idref="fl-e9"/>
      </object_component>
      <object_component id="oc-435">
         <name>.text:cc_UDMAChannelSelect</name>
         <load_address>0x2000c7bc</load_address>
         <run_address>0x2000c7bc</run_address>
         <size>0x1e</size>
         <input_file_ref idref="fl-f4"/>
      </object_component>
      <object_component id="oc-795">
         <name>.text:TimerValueGet</name>
         <load_address>0x2000c7da</load_address>
         <run_address>0x2000c7da</run_address>
         <size>0x1c</size>
         <input_file_ref idref="fl-f6"/>
      </object_component>
      <object_component id="oc-200">
         <name>.text:UARTCharGetNonBlocking</name>
         <load_address>0x2000c7f6</load_address>
         <run_address>0x2000c7f6</run_address>
         <size>0x1c</size>
         <input_file_ref idref="fl-e9"/>
      </object_component>
      <object_component id="oc-5f4">
         <name>.text:_SlDrvStartMeasureTimeout</name>
         <load_address>0x2000c812</load_address>
         <run_address>0x2000c812</run_address>
         <size>0x1c</size>
         <input_file_ref idref="fl-ee"/>
      </object_component>
      <object_component id="oc-3e8">
         <name>.text:free_list_remove</name>
         <load_address>0x2000c830</load_address>
         <run_address>0x2000c830</run_address>
         <size>0x1c</size>
         <input_file_ref idref="fl-cb"/>
      </object_component>
      <object_component id="oc-5ca">
         <name>.text:memccpy</name>
         <load_address>0x2000c84c</load_address>
         <run_address>0x2000c84c</run_address>
         <size>0x1c</size>
         <input_file_ref idref="fl-e2"/>
      </object_component>
      <object_component id="oc-178">
         <name>.text</name>
         <load_address>0x2000c868</load_address>
         <run_address>0x2000c868</run_address>
         <size>0x1c</size>
         <input_file_ref idref="fl-4"/>
      </object_component>
      <object_component id="oc-85c">
         <name>.text:uDMAChannelEnable</name>
         <load_address>0x2000c884</load_address>
         <run_address>0x2000c884</run_address>
         <size>0x1c</size>
         <input_file_ref idref="fl-f7"/>
      </object_component>
      <object_component id="oc-381">
         <name>.text:PinTypeUART</name>
         <load_address>0x2000c8a0</load_address>
         <run_address>0x2000c8a0</run_address>
         <size>0x1a</size>
         <input_file_ref idref="fl-e7"/>
      </object_component>
      <object_component id="oc-50f">
         <name>.text:SPIDmaDisable</name>
         <load_address>0x2000c8ba</load_address>
         <run_address>0x2000c8ba</run_address>
         <size>0x1a</size>
         <input_file_ref idref="fl-f5"/>
      </object_component>
      <object_component id="oc-441">
         <name>.text:SPIDmaEnable</name>
         <load_address>0x2000c8d4</load_address>
         <run_address>0x2000c8d4</run_address>
         <size>0x1a</size>
         <input_file_ref idref="fl-f5"/>
      </object_component>
      <object_component id="oc-509">
         <name>.text:SPIFIFODisable</name>
         <load_address>0x2000c8ee</load_address>
         <run_address>0x2000c8ee</run_address>
         <size>0x1a</size>
         <input_file_ref idref="fl-f5"/>
      </object_component>
      <object_component id="oc-43b">
         <name>.text:SPIFIFOEnable</name>
         <load_address>0x2000c908</load_address>
         <run_address>0x2000c908</run_address>
         <size>0x1a</size>
         <input_file_ref idref="fl-f5"/>
      </object_component>
      <object_component id="oc-503">
         <name>.text:SPIIntUnregister</name>
         <load_address>0x2000c922</load_address>
         <run_address>0x2000c922</run_address>
         <size>0x1a</size>
         <input_file_ref idref="fl-f5"/>
      </object_component>
      <object_component id="oc-777">
         <name>.text:copysign</name>
         <load_address>0x2000c93c</load_address>
         <run_address>0x2000c93c</run_address>
         <size>0x1a</size>
         <input_file_ref idref="fl-d3"/>
      </object_component>
      <object_component id="oc-417">
         <name>.text:SPICSDisable</name>
         <load_address>0x2000c956</load_address>
         <run_address>0x2000c956</run_address>
         <size>0x18</size>
         <input_file_ref idref="fl-f5"/>
      </object_component>
      <object_component id="oc-742">
         <name>.text:SPICSEnable</name>
         <load_address>0x2000c96e</load_address>
         <run_address>0x2000c96e</run_address>
         <size>0x18</size>
         <input_file_ref idref="fl-f5"/>
      </object_component>
      <object_component id="oc-41d">
         <name>.text:SPIDisable</name>
         <load_address>0x2000c986</load_address>
         <run_address>0x2000c986</run_address>
         <size>0x18</size>
         <input_file_ref idref="fl-f5"/>
      </object_component>
      <object_component id="oc-45f">
         <name>.text:SPIEnable</name>
         <load_address>0x2000c99e</load_address>
         <run_address>0x2000c99e</run_address>
         <size>0x18</size>
         <input_file_ref idref="fl-f5"/>
      </object_component>
      <object_component id="oc-1fa">
         <name>.text:UARTCharsAvail</name>
         <load_address>0x2000c9b6</load_address>
         <run_address>0x2000c9b6</run_address>
         <size>0x18</size>
         <input_file_ref idref="fl-e9"/>
      </object_component>
      <object_component id="oc-406">
         <name>.text:_SlNonOsSemSet</name>
         <load_address>0x2000c9ce</load_address>
         <run_address>0x2000c9ce</run_address>
         <size>0x18</size>
         <input_file_ref idref="fl-f1"/>
      </object_component>
      <object_component id="oc-3c9">
         <name>.text:_outc</name>
         <load_address>0x2000c9e6</load_address>
         <run_address>0x2000c9e6</run_address>
         <size>0x18</size>
         <input_file_ref idref="fl-c2"/>
      </object_component>
      <object_component id="oc-280">
         <name>.text:_sl_GetStartResponseConvert</name>
         <load_address>0x2000ca00</load_address>
         <run_address>0x2000ca00</run_address>
         <size>0x18</size>
         <input_file_ref idref="fl-ed"/>
      </object_component>
      <object_component id="oc-31c">
         <name>.text:PRCMHIBRegRead</name>
         <load_address>0x2000ca18</load_address>
         <run_address>0x2000ca18</run_address>
         <size>0x16</size>
         <input_file_ref idref="fl-e8"/>
      </object_component>
      <object_component id="oc-322">
         <name>.text:PRCMHIBRegWrite</name>
         <load_address>0x2000ca2e</load_address>
         <run_address>0x2000ca2e</run_address>
         <size>0x16</size>
         <input_file_ref idref="fl-e8"/>
      </object_component>
      <object_component id="oc-153">
         <name>.text:UARTCharGet</name>
         <load_address>0x2000ca44</load_address>
         <run_address>0x2000ca44</run_address>
         <size>0x16</size>
         <input_file_ref idref="fl-e9"/>
      </object_component>
      <object_component id="oc-376">
         <name>.text:_SlDrvMemZero</name>
         <load_address>0x2000ca5a</load_address>
         <run_address>0x2000ca5a</run_address>
         <size>0x16</size>
         <input_file_ref idref="fl-ee"/>
      </object_component>
      <object_component id="oc-6ed">
         <name>.text:strchr</name>
         <load_address>0x2000ca70</load_address>
         <run_address>0x2000ca70</run_address>
         <size>0x16</size>
         <input_file_ref idref="fl-e3"/>
      </object_component>
      <object_component id="oc-30b">
         <name>.text:CPUcpsie</name>
         <load_address>0x2000ca86</load_address>
         <run_address>0x2000ca86</run_address>
         <size>0x14</size>
         <input_file_ref idref="fl-eb"/>
      </object_component>
      <object_component id="oc-11e">
         <name>.text:IntVTableBaseSet</name>
         <load_address>0x2000ca9c</load_address>
         <run_address>0x2000ca9c</run_address>
         <size>0x14</size>
         <input_file_ref idref="fl-e6"/>
      </object_component>
      <object_component id="oc-206">
         <name>.text:strlen</name>
         <load_address>0x2000cab0</load_address>
         <run_address>0x2000cab0</run_address>
         <size>0x14</size>
         <input_file_ref idref="fl-cc"/>
      </object_component>
      <object_component id="oc-46">
         <name>.text:decompress:ZI:__TI_zero_init_nomemset:__TI_zero_init_nomemset</name>
         <load_address>0x2000cac4</load_address>
         <run_address>0x2000cac4</run_address>
         <size>0x12</size>
         <input_file_ref idref="fl-c5"/>
      </object_component>
      <object_component id="oc-5d0">
         <name>.text:wcslen</name>
         <load_address>0x2000cad6</load_address>
         <run_address>0x2000cad6</run_address>
         <size>0x12</size>
         <input_file_ref idref="fl-e4"/>
      </object_component>
      <object_component id="oc-81a">
         <name>.text:_SlDrvDispatchHttpServerEvents</name>
         <load_address>0x2000cae8</load_address>
         <run_address>0x2000cae8</run_address>
         <size>0x10</size>
         <input_file_ref idref="fl-ee"/>
      </object_component>
      <object_component id="oc-2ce">
         <name>.text:_SlDrvResetCmdExt</name>
         <load_address>0x2000caf8</load_address>
         <run_address>0x2000caf8</run_address>
         <size>0xe</size>
         <input_file_ref idref="fl-ee"/>
      </object_component>
      <object_component id="oc-18">
         <name>.text:decompress:none:__TI_decompress_none</name>
         <load_address>0x2000cb06</load_address>
         <run_address>0x2000cb06</run_address>
         <size>0xe</size>
         <input_file_ref idref="fl-c6"/>
      </object_component>
      <object_component id="oc-26">
         <name>.text</name>
         <load_address>0x2000cb14</load_address>
         <run_address>0x2000cb14</run_address>
         <size>0xe</size>
         <input_file_ref idref="fl-5"/>
      </object_component>
      <object_component id="oc-48b">
         <name>.text:NwpMaskInterrupt</name>
         <load_address>0x2000cb24</load_address>
         <run_address>0x2000cb24</run_address>
         <size>0xc</size>
         <input_file_ref idref="fl-f4"/>
      </object_component>
      <object_component id="oc-4a5">
         <name>.text:NwpUnMaskInterrupt</name>
         <load_address>0x2000cb30</load_address>
         <run_address>0x2000cb30</run_address>
         <size>0xc</size>
         <input_file_ref idref="fl-f4"/>
      </object_component>
      <object_component id="oc-124">
         <name>.text:IntMasterEnable</name>
         <load_address>0x2000cb3c</load_address>
         <run_address>0x2000cb3c</run_address>
         <size>0xa</size>
         <input_file_ref idref="fl-e6"/>
      </object_component>
      <object_component id="oc-33b">
         <name>.text:__aeabi_errno_addr</name>
         <load_address>0x2000cb48</load_address>
         <run_address>0x2000cb48</run_address>
         <size>0x8</size>
         <input_file_ref idref="fl-ce"/>
      </object_component>
      <object_component id="oc-212">
         <name>.text:malloc</name>
         <load_address>0x2000cb50</load_address>
         <run_address>0x2000cb50</run_address>
         <size>0x8</size>
         <input_file_ref idref="fl-cb"/>
      </object_component>
      <object_component id="oc-14e">
         <name>.text:UtilsDelay</name>
         <load_address>0x2000cb58</load_address>
         <run_address>0x2000cb58</run_address>
         <size>0x6</size>
         <input_file_ref idref="fl-ea"/>
      </object_component>
      <object_component id="oc-8e">
         <name>.text:_system_pre_init</name>
         <load_address>0x2000cb5e</load_address>
         <run_address>0x2000cb5e</run_address>
         <size>0x4</size>
         <input_file_ref idref="fl-dc"/>
      </object_component>
      <object_component id="oc-1aa">
         <name>.text:abort:abort</name>
         <load_address>0x2000cb62</load_address>
         <run_address>0x2000cb62</run_address>
         <size>0x4</size>
         <input_file_ref idref="fl-de"/>
      </object_component>
      <object_component id="oc-341">
         <name>.const:.string:_ctypes_</name>
         <load_address>0x2000cb68</load_address>
         <run_address>0x2000cb68</run_address>
         <size>0x101</size>
         <input_file_ref idref="fl-c9"/>
      </object_component>
      <object_component id="oc-687">
         <name>.const:g_ulPinToPadMap</name>
         <load_address>0x2000cc6c</load_address>
         <run_address>0x2000cc6c</run_address>
         <size>0x100</size>
         <input_file_ref idref="fl-e7"/>
      </object_component>
      <object_component id="oc-61c">
         <name>.const:g_pulRegs</name>
         <load_address>0x2000cd6c</load_address>
         <run_address>0x2000cd6c</run_address>
         <size>0xd4</size>
         <input_file_ref idref="fl-e6"/>
      </object_component>
      <object_component id="oc-53b">
         <name>.const:PRCM_PeriphRegsList</name>
         <load_address>0x2000ce40</load_address>
         <run_address>0x2000ce40</run_address>
         <size>0xa8</size>
         <input_file_ref idref="fl-e8"/>
      </object_component>
      <object_component id="oc-312">
         <name>.const</name>
         <load_address>0x2000cee8</load_address>
         <run_address>0x2000cee8</run_address>
         <size>0x80</size>
         <input_file_ref idref="fl-e6"/>
      </object_component>
      <object_component id="oc-738">
         <name>.const:OpcodeTranslateTable</name>
         <load_address>0x2000cf68</load_address>
         <run_address>0x2000cf68</run_address>
         <size>0x3c</size>
         <input_file_ref idref="fl-ee"/>
      </object_component>
      <object_component id="oc-7c3">
         <name>.const:_SlActionLookupTable</name>
         <load_address>0x2000cfa4</load_address>
         <run_address>0x2000cfa4</run_address>
         <size>0x38</size>
         <input_file_ref idref="fl-ee"/>
      </object_component>
      <object_component id="oc-111">
         <name>.const:$P$T1$2</name>
         <load_address>0x2000cfdc</load_address>
         <run_address>0x2000cfdc</run_address>
         <size>0x2c</size>
         <input_file_ref idref="fl-2"/>
      </object_component>
      <object_component id="oc-757">
         <name>.const:g_ppulSPIIntMap</name>
         <load_address>0x2000d008</load_address>
         <run_address>0x2000d008</run_address>
         <size>0x24</size>
         <input_file_ref idref="fl-f5"/>
      </object_component>
      <object_component id="oc-11d">
         <name>.const:.string:$P$T0$1</name>
         <load_address>0x2000d02c</load_address>
         <run_address>0x2000d02c</run_address>
         <size>0x22</size>
         <input_file_ref idref="fl-2"/>
      </object_component>
      <object_component id="oc-7a6">
         <name>.const:RxMsgClassLUT</name>
         <load_address>0x2000d050</load_address>
         <run_address>0x2000d050</run_address>
         <size>0x20</size>
         <input_file_ref idref="fl-ee"/>
      </object_component>
      <object_component id="oc-719">
         <name>.const</name>
         <load_address>0x2000d070</load_address>
         <run_address>0x2000d070</run_address>
         <size>0x18</size>
         <input_file_ref idref="fl-f5"/>
      </object_component>
      <object_component id="oc-79f">
         <name>.const:$P$T0$1</name>
         <load_address>0x2000d088</load_address>
         <run_address>0x2000d088</run_address>
         <size>0x14</size>
         <input_file_ref idref="fl-ee"/>
      </object_component>
      <object_component id="oc-600">
         <name>.const:$P$T0$1</name>
         <load_address>0x2000d09c</load_address>
         <run_address>0x2000d09c</run_address>
         <size>0x14</size>
         <input_file_ref idref="fl-f1"/>
      </object_component>
      <object_component id="oc-11a">
         <name>.const:$P$T2$3</name>
         <load_address>0x2000d0b0</load_address>
         <run_address>0x2000d0b0</run_address>
         <size>0x14</size>
         <input_file_ref idref="fl-2"/>
      </object_component>
      <object_component id="oc-171">
         <name>.const:.string:$P$T4$5</name>
         <load_address>0x2000d0c4</load_address>
         <run_address>0x2000d0c4</run_address>
         <size>0x14</size>
         <input_file_ref idref="fl-2"/>
      </object_component>
      <object_component id="oc-54e">
         <name>.const:.string:_SlPayloadByProtocolLUT</name>
         <load_address>0x2000d0d8</load_address>
         <run_address>0x2000d0d8</run_address>
         <size>0x10</size>
         <input_file_ref idref="fl-f2"/>
      </object_component>
      <object_component id="oc-14f">
         <name>.const:.string:$P$T3$4</name>
         <load_address>0x2000d0e8</load_address>
         <run_address>0x2000d0e8</run_address>
         <size>0xe</size>
         <input_file_ref idref="fl-2"/>
      </object_component>
      <object_component id="oc-4c0">
         <name>.const:StartResponseLUT</name>
         <load_address>0x2000d0f6</load_address>
         <run_address>0x2000d0f6</run_address>
         <size>0x8</size>
         <input_file_ref idref="fl-ed"/>
      </object_component>
      <object_component id="oc-7a2">
         <name>.const:g_H2NCnysPattern</name>
         <load_address>0x2000d100</load_address>
         <run_address>0x2000d100</run_address>
         <size>0x8</size>
         <input_file_ref idref="fl-ee"/>
      </object_component>
      <object_component id="oc-661">
         <name>.const:g_H2NSyncPattern</name>
         <load_address>0x2000d108</load_address>
         <run_address>0x2000d108</run_address>
         <size>0x8</size>
         <input_file_ref idref="fl-ee"/>
      </object_component>
      <object_component id="oc-37c">
         <name>.const:$P$T2$3</name>
         <load_address>0x2000d110</load_address>
         <run_address>0x2000d110</run_address>
         <size>0x4</size>
         <input_file_ref idref="fl-f3"/>
      </object_component>
      <object_component id="oc-2d4">
         <name>.const:_SlDeviceGetCmdCtrl</name>
         <load_address>0x2000d114</load_address>
         <run_address>0x2000d114</run_address>
         <size>0x4</size>
         <input_file_ref idref="fl-ed"/>
      </object_component>
      <object_component id="oc-877">
         <name>.const:_SlNetAppSendTokenValueCmdCtrl</name>
         <load_address>0x2000d118</load_address>
         <run_address>0x2000d118</run_address>
         <size>0x4</size>
         <input_file_ref idref="fl-ef"/>
      </object_component>
      <object_component id="oc-38b">
         <name>.const:_SlNetCfgGetCmdCtrl</name>
         <load_address>0x2000d11c</load_address>
         <run_address>0x2000d11c</run_address>
         <size>0x4</size>
         <input_file_ref idref="fl-f0"/>
      </object_component>
      <object_component id="oc-2ec">
         <name>.const:_SlNetCfgSetCmdCtrl</name>
         <load_address>0x2000d120</load_address>
         <run_address>0x2000d120</run_address>
         <size>0x4</size>
         <input_file_ref idref="fl-f0"/>
      </object_component>
      <object_component id="oc-2dd">
         <name>.const:_SlPolicySetCmdCtrl</name>
         <load_address>0x2000d124</load_address>
         <run_address>0x2000d124</run_address>
         <size>0x4</size>
         <input_file_ref idref="fl-f3"/>
      </object_component>
      <object_component id="oc-2e1">
         <name>.const:_SlProfileDelCmdCtrl</name>
         <load_address>0x2000d128</load_address>
         <run_address>0x2000d128</run_address>
         <size>0x4</size>
         <input_file_ref idref="fl-f3"/>
      </object_component>
      <object_component id="oc-372">
         <name>.const:_SlRecvCmdCtrl</name>
         <load_address>0x2000d12c</load_address>
         <run_address>0x2000d12c</run_address>
         <size>0x4</size>
         <input_file_ref idref="fl-f2"/>
      </object_component>
      <object_component id="oc-527">
         <name>.const:_SlRegisterServiceCtrl</name>
         <load_address>0x2000d130</load_address>
         <run_address>0x2000d130</run_address>
         <size>0x4</size>
         <input_file_ref idref="fl-ef"/>
      </object_component>
      <object_component id="oc-304">
         <name>.const:_SlRxFilterSetCmdCtrl</name>
         <load_address>0x2000d134</load_address>
         <run_address>0x2000d134</run_address>
         <size>0x4</size>
         <input_file_ref idref="fl-f3"/>
      </object_component>
      <object_component id="oc-35b">
         <name>.const:_SlSendCmdCtrl</name>
         <load_address>0x2000d138</load_address>
         <run_address>0x2000d138</run_address>
         <size>0x4</size>
         <input_file_ref idref="fl-f2"/>
      </object_component>
      <object_component id="oc-368">
         <name>.const:_SlSetSockOptCmdCtrl</name>
         <load_address>0x2000d13c</load_address>
         <run_address>0x2000d13c</run_address>
         <size>0x4</size>
         <input_file_ref idref="fl-f2"/>
      </object_component>
      <object_component id="oc-360">
         <name>.const:_SlSockCloseCmdCtrl</name>
         <load_address>0x2000d140</load_address>
         <run_address>0x2000d140</run_address>
         <size>0x4</size>
         <input_file_ref idref="fl-f2"/>
      </object_component>
      <object_component id="oc-346">
[...]
      </symbol>
      <symbol id="sm-886">
         <name>UARTEnable</name>
         <value>0x2000c655</value>
         <object_component_ref idref="oc-3b6"/>
      </symbol>
      <symbol id="sm-887">
         <name>UARTCharGet</name>
         <value>0x2000ca45</value>
         <object_component_ref idref="oc-153"/>
      </symbol>
      <symbol id="sm-88b">
         <name>UtilsDelay</name>
         <value>0x2000cb59</value>
         <object_component_ref idref="oc-14e"/>
      </symbol>
      <symbol id="sm-895">
         <name>CPUcpsie</name>
         <value>0x2000ca87</value>
         <object_component_ref idref="oc-30b"/>
      </symbol>
      <symbol id="sm-939">
         <name>_sl_HandleAsync_InitComplete</name>
         <value>0x2000aca1</value>
         <object_component_ref idref="oc-867"/>
      </symbol>
      <symbol id="sm-93a">
         <name>_SlDrvDeviceEventHandler</name>
         <value>0x2000a525</value>
         <object_component_ref idref="oc-806"/>
      </symbol>
      <symbol id="sm-93b">
         <name>_sl_HandleAsync_Stop</name>
         <value>0x2000bbe9</value>
         <object_component_ref idref="oc-842"/>
      </symbol>
      <symbol id="sm-93c">
         <name>sl_Stop</name>
         <value>0x200092f1</value>
         <object_component_ref idref="oc-e1"/>
      </symbol>
      <symbol id="sm-93d">
         <name>sl_Start</name>
         <value>0x200095c1</value>
         <object_component_ref idref="oc-cf"/>
      </symbol>
      <symbol id="sm-93e">
         <name>sl_DevGet</name>
         <value>0x20009da1</value>
         <object_component_ref idref="oc-e7"/>
      </symbol>
      <symbol id="sm-bed">
         <name>RxIrqCnt</name>
         <value>0x2001f1e8</value>
      </symbol>
      <symbol id="sm-bee">
         <name>g_bDeviceRestartIsRequired</name>
         <value>0x2001f1e9</value>
      </symbol>
      <symbol id="sm-bef">
         <name>_SlDrvProtectionObjUnLock</name>
         <value>0x2000c56d</value>
         <object_component_ref idref="oc-484"/>
      </symbol>
      <symbol id="sm-bf0">
         <name>_SlDrvBasicCmd</name>
         <value>0x2000bdfd</value>
         <object_component_ref idref="oc-2e5"/>
      </symbol>
      <symbol id="sm-bf1">
         <name>_SlDrvObjUnLock</name>
         <value>0x2000c741</value>
         <object_component_ref idref="oc-558"/>
      </symbol>
      <symbol id="sm-bf2">
         <name>_SlDrvObjLockWaitForever</name>
         <value>0x2000c5e5</value>
         <object_component_ref idref="oc-552"/>
      </symbol>
      <symbol id="sm-bf3">
         <name>_SlDrvMsgReadSpawnCtx</name>
         <value>0x20009795</value>
         <object_component_ref idref="oc-4d8"/>
      </symbol>
      <symbol id="sm-bf4">
         <name>_SlDrvDispatchHttpServerEvents</name>
         <value>0x2000cae9</value>
         <object_component_ref idref="oc-81a"/>
      </symbol>
      <symbol id="sm-bf5">
         <name>_SlDriverHandleError</name>
         <value>0x2000a2a5</value>
         <object_component_ref idref="oc-4ac"/>
      </symbol>
      <symbol id="sm-bf6">
         <name>_SlDrvDriverCBDeinit</name>
         <value>0x20008b89</value>
         <object_component_ref idref="oc-2bf"/>
      </symbol>
      <symbol id="sm-bf7">
         <name>_SlDrvStartMeasureTimeout</name>
         <value>0x2000c813</value>
         <object_component_ref idref="oc-5f4"/>
      </symbol>
      <symbol id="sm-bf8">
         <name>_SlDrvResetCmdExt</name>
         <value>0x2000caf9</value>
         <object_component_ref idref="oc-2ce"/>
      </symbol>
      <symbol id="sm-bf9">
         <name>_SlDrvIsTimeoutExpired</name>
         <value>0x2000ac15</value>
         <object_component_ref idref="oc-5fa"/>
      </symbol>
      <symbol id="sm-bfa">
         <name>_SlDrvProtectAsyncRespSetting</name>
         <value>0x2000bcd1</value>
         <object_component_ref idref="oc-25c"/>
      </symbol>
      <symbol id="sm-bfb">
         <name>_SlDrvReleasePoolObj</name>
         <value>0x200076e5</value>
         <object_component_ref idref="oc-27a"/>
      </symbol>
      <symbol id="sm-bfc">
         <name>OpcodeTranslateTable</name>
         <value>0x2000cf68</value>
         <object_component_ref idref="oc-738"/>
      </symbol>
      <symbol id="sm-bfd">
         <name>pPingCallBackFunc</name>
         <value>0x2001f354</value>
         <object_component_ref idref="oc-289"/>
      </symbol>
      <symbol id="sm-bfe">
         <name>_SlDrvDriverCBInit</name>
         <value>0x20007c3d</value>
         <object_component_ref idref="oc-250"/>
      </symbol>
      <symbol id="sm-bff">
         <name>g_pCB</name>
         <value>0x2001f350</value>
         <object_component_ref idref="oc-289"/>
      </symbol>
      <symbol id="sm-c00">
         <name>_SlDrvProtectionObjLockWaitForever</name>
         <value>0x2000c49d</value>
         <object_component_ref idref="oc-47e"/>
      </symbol>
      <symbol id="sm-c01">
         <name>_SlDrvCmdOp</name>
         <value>0x20009f31</value>
         <object_component_ref idref="oc-2a3"/>
      </symbol>
      <symbol id="sm-c02">
         <name>_SlDrvSyncObjWaitTimeout</name>
         <value>0x2000bf15</value>
         <object_component_ref idref="oc-274"/>
      </symbol>
      <symbol id="sm-c03">
         <name>_SlDrvGlobalObjUnLock</name>
         <value>0x2000c545</value>
         <object_component_ref idref="oc-4eb"/>
      </symbol>
      <symbol id="sm-c04">
         <name>_SlDrvMemZero</name>
         <value>0x2000ca5b</value>
         <object_component_ref idref="oc-376"/>
      </symbol>
      <symbol id="sm-c05">
         <name>_SlDrvWaitForPoolObj</name>
         <value>0x20007f8d</value>
         <object_component_ref idref="oc-478"/>
      </symbol>
      <symbol id="sm-c06">
         <name>_SlDrvSyncObjSignal</name>
         <value>0x2000c761</value>
         <object_component_ref idref="oc-4b9"/>
      </symbol>
      <symbol id="sm-c07">
         <name>_SlDrvDataReadOp</name>
         <value>0x20007501</value>
         <object_component_ref idref="oc-36c"/>
      </symbol>
      <symbol id="sm-c08">
         <name>_SlDrvDataWriteOp</name>
         <value>0x20008405</value>
         <object_component_ref idref="oc-355"/>
      </symbol>
      <symbol id="sm-c09">
         <name>_SlDrvRxIrqHandler</name>
         <value>0x2000ba99</value>
         <object_component_ref idref="oc-28c"/>
      </symbol>
      <symbol id="sm-c0a">
         <name>_SlDrvSyncObjWaitForever</name>
         <value>0x2000c595</value>
         <object_component_ref idref="oc-55e"/>
      </symbol>
      <symbol id="sm-c0b">
         <name>g_SlDeviceStatus</name>
         <value>0x2001f34c</value>
         <object_component_ref idref="oc-289"/>
      </symbol>
      <symbol id="sm-c0c">
         <name>_SlDrvCmdSend</name>
         <value>0x2000b41d</value>
         <object_component_ref idref="oc-871"/>
      </symbol>
      <symbol id="sm-c0d">
         <name>_SlActionLookupTable</name>
         <value>0x2000cfa4</value>
         <object_component_ref idref="oc-7c3"/>
      </symbol>
      <symbol id="sm-c94">
         <name>sl_NetAppMDNSUnRegisterService</name>
         <value>0x2000b6f1</value>
         <object_component_ref idref="oc-10b"/>
      </symbol>
      <symbol id="sm-c95">
         <name>_SlNetAppSendTokenValueCmdCtrl</name>
         <value>0x2000d118</value>
         <object_component_ref idref="oc-877"/>
      </symbol>
      <symbol id="sm-c96">
         <name>_sl_HandleAsync_DnsGetHostByName</name>
         <value>0x2000a94d</value>
         <object_component_ref idref="oc-80e"/>
      </symbol>
      <symbol id="sm-c97">
         <name>_sl_HandleAsync_PingResponse</name>
         <value>0x2000a9dd</value>
         <object_component_ref idref="oc-7af"/>
      </symbol>
      <symbol id="sm-c98">
         <name>_SlDrvNetAppEventHandler</name>
         <value>0x20008ffd</value>
         <object_component_ref idref="oc-7a9"/>
      </symbol>
      <symbol id="sm-c99">
         <name>_sl_HandleAsync_DnsGetHostByService</name>
         <value>0x20009cd5</value>
         <object_component_ref idref="oc-814"/>
      </symbol>
      <symbol id="sm-c9a">
         <name>_sl_NetAppSendTokenValue</name>
         <value>0x2000b489</value>
         <object_component_ref idref="oc-820"/>
      </symbol>
      <symbol id="sm-c9b">
         <name>sl_NetAppMDNSRegisterUnregisterService</name>
         <value>0x20009965</value>
         <object_component_ref idref="oc-2fa"/>
      </symbol>
      <symbol id="sm-cdb">
         <name>sl_NetCfgGet</name>
         <value>0x20009bfd</value>
         <object_component_ref idref="oc-18a"/>
      </symbol>
      <symbol id="sm-cdc">
         <name>sl_NetCfgSet</name>
         <value>0x2000a5c1</value>
         <object_component_ref idref="oc-ff"/>
      </symbol>
      <symbol id="sm-d24">
         <name>_SlNonOsSemSet</name>
         <value>0x2000c9cf</value>
         <object_component_ref idref="oc-406"/>
      </symbol>
      <symbol id="sm-d25">
         <name>_SlNonOsSpawn</name>
         <value>0x2000b5c5</value>
         <object_component_ref idref="oc-4d2"/>
      </symbol>
      <symbol id="sm-d26">
         <name>_SlNonOsSemGet</name>
         <value>0x2000a0a5</value>
         <object_component_ref idref="oc-40c"/>
      </symbol>
      <symbol id="sm-d27">
         <name>_SlNonOsMainLoopTask</name>
         <value>0x2000b339</value>
         <object_component_ref idref="oc-d5"/>
      </symbol>
      <symbol id="sm-d28">
         <name>g__SlNonOsCB</name>
         <value>0x2001f310</value>
         <object_component_ref idref="oc-29e"/>
      </symbol>
      <symbol id="sm-de6">
         <name>sl_Recv</name>
         <value>0x2000a3e9</value>
         <object_component_ref idref="oc-165"/>
      </symbol>
      <symbol id="sm-de7">
         <name>sl_Send</name>
         <value>0x20008a55</value>
         <object_component_ref idref="oc-142"/>
      </symbol>
      <symbol id="sm-de8">
         <name>_sl_HandleAsync_Connect</name>
         <value>0x2000afd1</value>
         <object_component_ref idref="oc-836"/>
      </symbol>
      <symbol id="sm-de9">
         <name>sl_Socket</name>
         <value>0x2000ad2d</value>
         <object_component_ref idref="oc-13c"/>
      </symbol>
      <symbol id="sm-dea">
         <name>_sl_HandleAsync_Select</name>
         <value>0x2000baed</value>
         <object_component_ref idref="oc-83c"/>
      </symbol>
      <symbol id="sm-deb">
         <name>sl_Close</name>
         <value>0x2000b81d</value>
         <object_component_ref idref="oc-148"/>
      </symbol>
      <symbol id="sm-dec">
         <name>_sl_HandleAsync_Accept</name>
         <value>0x2000b629</value>
         <object_component_ref idref="oc-830"/>
      </symbol>
      <symbol id="sm-ded">
         <name>sl_SetSockOpt</name>
         <value>0x2000a659</value>
         <object_component_ref idref="oc-15f"/>
      </symbol>
      <symbol id="sm-eb4">
         <name>sl_WlanDisconnect</name>
         <value>0x2000c245</value>
         <object_component_ref idref="oc-f9"/>
      </symbol>
      <symbol id="sm-eb5">
         <name>sl_WlanRxStatGet</name>
         <value>0x2000b55d</value>
         <object_component_ref idref="oc-16b"/>
      </symbol>
      <symbol id="sm-eb6">
         <name>sl_WlanPolicySet</name>
         <value>0x2000aa6d</value>
         <object_component_ref idref="oc-ed"/>
      </symbol>
      <symbol id="sm-eb7">
         <name>sl_WlanRxStatStart</name>
         <value>0x2000c27d</value>
         <object_component_ref idref="oc-159"/>
      </symbol>
      <symbol id="sm-eb8">
         <name>sl_WlanRxStatStop</name>
         <value>0x2000c2b5</value>
         <object_component_ref idref="oc-172"/>
      </symbol>
      <symbol id="sm-eb9">
         <name>sl_WlanProfileDel</name>
         <value>0x2000b87d</value>
         <object_component_ref idref="oc-f3"/>
      </symbol>
      <symbol id="sm-eba">
         <name>sl_WlanRxFilterSet</name>
         <value>0x2000af4d</value>
         <object_component_ref idref="oc-114"/>
      </symbol>
      <symbol id="sm-ebb">
         <name>sl_WlanSet</name>
         <value>0x2000a6f1</value>
         <object_component_ref idref="oc-105"/>
      </symbol>
      <symbol id="sm-ebc">
         <name>sl_WlanSetMode</name>
         <value>0x2000b8dd</value>
         <object_component_ref idref="oc-db"/>
      </symbol>
      <symbol id="sm-fdc">
         <name>g_ucDinDout</name>
         <value>0x2001f168</value>
      </symbol>
      <symbol id="sm-fdd">
         <name>g_cDummy</name>
         <value>0x2001f1ea</value>
      </symbol>
      <symbol id="sm-fde">
         <name>NwpMaskInterrupt</name>
         <value>0x2000cb25</value>
         <object_component_ref idref="oc-48b"/>
      </symbol>
      <symbol id="sm-fdf">
         <name>NwpPrePowerOffTimout0</name>
         <value>0x2000c701</value>
         <object_component_ref idref="oc-2b3"/>
      </symbol>
      <symbol id="sm-fe0">
         <name>NwpRegisterInterruptHandler</name>
         <value>0x2000c0a1</value>
         <object_component_ref idref="oc-268"/>
      </symbol>
      <symbol id="sm-fe1">
         <name>g_pHostIntHdl</name>
         <value>0x2001f360</value>
         <object_component_ref idref="oc-465"/>
      </symbol>
      <symbol id="sm-fe2">
         <name>simplelink_timerA2_start</name>
         <value>0x2000c195</value>
         <object_component_ref idref="oc-78f"/>
      </symbol>
      <symbol id="sm-fe3">
         <name>NwpUnMaskInterrupt</name>
         <value>0x2000cb31</value>
         <object_component_ref idref="oc-4a5"/>
      </symbol>
      <symbol id="sm-fe4">
         <name>NwpPowerOff</name>
         <value>0x2000c20d</value>
         <object_component_ref idref="oc-262"/>
      </symbol>
      <symbol id="sm-fe5">
         <name>TimerGetCurrentTimestamp</name>
         <value>0x2000c721</value>
         <object_component_ref idref="oc-70b"/>
      </symbol>
      <symbol id="sm-fe6">
         <name>spi_Read</name>
         <value>0x200093e1</value>
         <object_component_ref idref="oc-72b"/>
      </symbol>
      <symbol id="sm-fe7">
         <name>DmaSpiSwIntHandler</name>
         <value>0x2000c60d</value>
         <object_component_ref idref="oc-46b"/>
      </symbol>
      <symbol id="sm-fe8">
         <name>NwpPowerOn</name>
         <value>0x2000c419</value>
         <object_component_ref idref="oc-26e"/>
      </symbol>
      <symbol id="sm-fe9">
         <name>spi_Close</name>
         <value>0x2000b249</value>
         <object_component_ref idref="oc-2b9"/>
      </symbol>
      <symbol id="sm-fea">
         <name>spi_Write</name>
         <value>0x2000a789</value>
         <object_component_ref idref="oc-65b"/>
      </symbol>
      <symbol id="sm-feb">
         <name>spi_Open</name>
         <value>0x20008555</value>
         <object_component_ref idref="oc-256"/>
      </symbol>
      <symbol id="sm-fec">
         <name>g_ucDMAEnabled</name>
         <value>0x2001f364</value>
         <object_component_ref idref="oc-465"/>
      </symbol>
      <symbol id="sm-fed">
         <name>g_SpiFd</name>
         <value>0x2001f35c</value>
         <object_component_ref idref="oc-465"/>
      </symbol>
      <symbol id="sm-10a8">
         <name>SPIFIFODisable</name>
         <value>0x2000c8ef</value>
         <object_component_ref idref="oc-509"/>
      </symbol>
      <symbol id="sm-10a9">
         <name>SPICSEnable</name>
         <value>0x2000c96f</value>
         <object_component_ref idref="oc-742"/>
      </symbol>
      <symbol id="sm-10aa">
         <name>SPIDisable</name>
         <value>0x2000c987</value>
         <object_component_ref idref="oc-41d"/>
      </symbol>
      <symbol id="sm-10ab">
         <name>SPIFIFOEnable</name>
         <value>0x2000c909</value>
         <object_component_ref idref="oc-43b"/>
      </symbol>
      <symbol id="sm-10ac">
         <name>SPIWordCountSet</name>
         <value>0x2000c6bf</value>
         <object_component_ref idref="oc-748"/>
      </symbol>
      <symbol id="sm-10ad">
         <name>SPIEnable</name>
         <value>0x2000c99f</value>
         <object_component_ref idref="oc-45f"/>
      </symbol>
      <symbol id="sm-10ae">
         <name>SPIDmaEnable</name>
         <value>0x2000c8d5</value>
         <object_component_ref idref="oc-441"/>
      </symbol>
      <symbol id="sm-10af">
         <name>SPIConfigSetExpClk</name>
         <value>0x2000a349</value>
         <object_component_ref idref="oc-429"/>
      </symbol>
      <symbol id="sm-10b0">
         <name>SPIIntUnregister</name>
         <value>0x2000c923</value>
         <object_component_ref idref="oc-503"/>
      </symbol>
      <symbol id="sm-10b1">
         <name>SPIFIFOLevelSet</name>
         <value>0x2000c321</value>
         <object_component_ref idref="oc-447"/>
      </symbol>
      <symbol id="sm-10b2">
         <name>SPIDmaDisable</name>
         <value>0x2000c8bb</value>
         <object_component_ref idref="oc-50f"/>
      </symbol>
      <symbol id="sm-10b3">
         <name>SPIReset</name>
         <value>0x2000c69d</value>
         <object_component_ref idref="oc-423"/>
      </symbol>
      <symbol id="sm-10b4">
         <name>SPIIntEnable</name>
         <value>0x2000bc39</value>
         <object_component_ref idref="oc-459"/>
      </symbol>
      <symbol id="sm-10b5">
         <name>SPIIntClear</name>
         <value>0x2000bdb5</value>
         <object_component_ref idref="oc-631"/>
      </symbol>
      <symbol id="sm-10b6">
         <name>SPICSDisable</name>
         <value>0x2000c957</value>
         <object_component_ref idref="oc-417"/>
      </symbol>
      <symbol id="sm-10e9">
         <name>TimerLoadSet</name>
         <value>0x2000c4c9</value>
         <object_component_ref idref="oc-7f2"/>
      </symbol>
      <symbol id="sm-10ea">
         <name>TimerEnable</name>
         <value>0x2000c781</value>
         <object_component_ref idref="oc-7f8"/>
      </symbol>
      <symbol id="sm-10eb">
         <name>TimerValueGet</name>
         <value>0x2000c7db</value>
         <object_component_ref idref="oc-795"/>
      </symbol>
      <symbol id="sm-10ec">
         <name>TimerPrescaleSet</name>
         <value>0x2000c4f3</value>
         <object_component_ref idref="oc-7ec"/>
      </symbol>
      <symbol id="sm-10ed">
         <name>TimerConfigure</name>
         <value>0x2000bed1</value>
         <object_component_ref idref="oc-7e6"/>
      </symbol>
      <symbol id="sm-1144">
         <name>uDMAChannelControlSet</name>
         <value>0x2000c1d1</value>
         <object_component_ref idref="oc-84a"/>
      </symbol>
      <symbol id="sm-1145">
         <name>uDMAChannelAttributeEnable</name>
         <value>0x2000b7b9</value>
         <object_component_ref idref="oc-850"/>
      </symbol>
      <symbol id="sm-1146">
         <name>uDMAChannelTransferSet</name>
         <value>0x200094d1</value>
         <object_component_ref idref="oc-856"/>
      </symbol>
      <symbol id="sm-1147">
         <name>uDMAChannelAssign</name>
         <value>0x2000bd69</value>
         <object_component_ref idref="oc-60b"/>
      </symbol>
      <symbol id="sm-1148">
         <name>uDMAChannelAttributeDisable</name>
         <value>0x2000b755</value>
         <object_component_ref idref="oc-611"/>
      </symbol>
      <symbol id="sm-1149">
         <name>uDMAChannelEnable</name>
         <value>0x2000c885</value>
         <object_component_ref idref="oc-85c"/>
      </symbol>
      <symbol id="sm-114a">
         <name>__TI_static_base__</name>
         <value>0x2000d158</value>
      </symbol>
      <symbol id="sm-114d">
         <name>__mpu_init</name>
         <value>0x0</value>
      </symbol>
      <symbol id="sm-114e">
         <name>_system_post_cinit</name>
         <value>0x0</value>
      </symbol>
   </symbol_table>
   <title>Link successful</title>
</link_info>
