******************************************************************************
                  TI ARM Linker PC v18.12.1                    
******************************************************************************
>> Linked Sat Apr  6 13:13:14 2019

OUTPUT FILE NAME:   <transceiver_mode.out>
ENTRY POINT SYMBOL: "_c_int00_noargs"  address: 2000c611


MEMORY CONFIGURATION

         name            origin    length      used     unused   attr    fill
----------------------  --------  ---------  --------  --------  ----  --------
  SRAM_CODE             20004000   00013000  000095c6  00009a3a  RW X
  SRAM_DATA             20017000   00019000  00009be7  0000f419  RW X


SEGMENT ALLOCATION MAP

run origin  load origin   length   init length attrs members
----------  ----------- ---------- ----------- ----- -------
20004000    20004000    000095c8   000095c8    r-x
  20004000    20004000    00000400   00000400    r-- .intvecs
  20004400    20004400    00008a22   00008a22    r-x .text
  2000ce24    2000ce24    0000070c   0000070c    r-- .const
  2000d530    2000d530    00000098   00000098    r-- .cinit
20017000    20017000    000086e7   00000000    rw-
  20017000    20017000    00008000   00000000    rw- .sysmem
  2001f000    2001f000    000004fc   00000000    rw- .data
  2001f4fc    2001f4fc    000001eb   00000000    rw- .bss
2002eb00    2002eb00    00001500   00000000    rw-
  2002eb00    2002eb00    00001500   00000000    rw- .stack


SECTION ALLOCATION MAP

 output                                  attributes/
section   page    origin      length       input sections
--------  ----  ----------  ----------   ----------------
.intvecs   0    20004000    00000400     
                  20004000    00000400     startup_ccs.obj (.intvecs)

.init_array 
*          0    20004000    00000000     UNINITIALIZED

.text      0    20004400    00008a22     
                  20004400    00001ca0     main.obj (.text)
                  200060a0    00000a4e     rtsv7M4_T_le_v4SPD16_eabi.lib : _printfi.c.obj (.text:__TI_printfi)
                  20006aee    00000002     driverlib.a : interrupt.obj (.text:IntDefaultHandler)
                  20006af0    00000590     simplelink.a : driver.obj (.text:_SlDrvMsgRead)
                  20007080    00000280     uart_if.obj (.text)
                  20007300    00000270     rtsv7M4_T_le_v4SPD16_eabi.lib : _printfi.c.obj (.text:_pconv_a)
                  20007570    0000024c     simplelink.a : driver.obj (.text:_SlDrvRxHdrRead)
                  200077bc    000001e4                  : driver.obj (.text:_SlDrvDataReadOp)
                  200079a0    000001d0                  : driver.obj (.text:_SlDrvReleasePoolObj)
                  20007b70    000001d0     rtsv7M4_T_le_v4SPD16_eabi.lib : _printfi.c.obj (.text:_pconv_g)
                  20007d40    000001b6                                   : fd_add_t2.asm.obj (.text)
                  20007ef6    00000002                                   : _lock.c.obj (.text:_nop)
                  20007ef8    000001b4     simplelink.a : driver.obj (.text:_SlDrvDriverCBInit)
                  200080ac    0000019c                  : driver.obj (.text:_SlDrvMsgWrite)
                  20008248    00000190                  : driver.obj (.text:_SlDrvWaitForPoolObj)
                  200083d8    00000178     driverlib.a : prcm.obj (.text:PRCMCC3200MCUInit)
                  20008550    00000170     simplelink.a : driver.obj (.text:_SlFindAndSetActiveObj)
                  200086c0    00000150                  : driver.obj (.text:_SlDrvDataWriteOp)
                  20008810    00000148                  : cc_pal.obj (.text:spi_Open)
                  20008958    00000144                  : driver.obj (.text:_SlDrvMsgReadCmdCtx)
                  20008a9c    0000013c     rtsv7M4_T_le_v4SPD16_eabi.lib : _printfi.c.obj (.text:_pconv_e)
                  20008bd8    00000136                                   : fd_div_t2.asm.obj (.text)
                  20008d0e    00000002                                   : div0.asm.obj (.text)
                  20008d10    00000134     simplelink.a : socket.obj (.text:sl_Send)
                  20008e44    00000130                  : driver.obj (.text:_SlDrvDriverCBDeinit)
                  20008f74    00000124     rtsv7M4_T_le_v4SPD16_eabi.lib : _printfi.c.obj (.text:fcvt)
                  20009098    00000110                                   : s_scalbn.c.obj (.text:scalbn)
                  200091a8    00000110                                   : strtoul.c.obj (.text:strtoul)
                  200092b8    00000104     simplelink.a : netapp.obj (.text:_SlDrvNetAppEventHandler)
                  200093bc    000000fc     rtsv7M4_T_le_v4SPD16_eabi.lib : fd_mul_t2.asm.obj (.text)
                  200094b8    000000f4                                   : memory.c.obj (.text:aligned_alloc)
                  200095ac    000000f0     simplelink.a : device.obj (.text:sl_Stop)
                  2000969c    000000f0                  : cc_pal.obj (.text:spi_Read)
                  2000978c    000000f0     driverlib.a : udma.obj (.text:uDMAChannelTransferSet)
                  2000987c    000000ec     simplelink.a : device.obj (.text:sl_Start)
                  20009968    000000e8                  : driver.obj (.text:_SlAsyncEventGenericHandler)
                  20009a50    000000e8                  : driver.obj (.text:_SlDrvMsgReadSpawnCtx)
                  20009b38    000000e8     rtsv7M4_T_le_v4SPD16_eabi.lib : memory.c.obj (.text:free)
                  20009c20    000000e4     simplelink.a : netapp.obj (.text:sl_NetAppMDNSRegisterUnregisterService)
                  20009d04    000000dc                  : driver.obj (.text:_SlDrvClassifyRxMsg)
                  20009de0    000000d8     rtsv7M4_T_le_v4SPD16_eabi.lib : memory.c.obj (.text:realloc)
                  20009eb8    000000d8     simplelink.a : netcfg.obj (.text:sl_NetCfgGet)
                  20009f90    000000cc                  : netapp.obj (.text:_sl_HandleAsync_DnsGetHostByService)
                  2000a05c    000000cc                  : device.obj (.text:sl_DevGet)
                  2000a128    000000c4                  : driver.obj (.text:_SlRemoveFromList)
                  2000a1ec    000000c0                  : driver.obj (.text:_SlDrvCmdOp)
                  2000a2ac    000000b1     rtsv7M4_T_le_v4SPD16_eabi.lib : _printfi.c.obj (.text:_ltostr)
                  2000a35d    00000003     --HOLE-- [fill = 0]
                  2000a360    000000b0     simplelink.a : nonos.obj (.text:_SlNonOsSemGet)
                  2000a410    000000a8     driverlib.a : interrupt.obj (.text:IntDisable)
                  2000a4b8    000000a8                 : interrupt.obj (.text:IntEnable)
                  2000a560    000000a4     simplelink.a : driver.obj (.text:_SlDriverHandleError)
                  2000a604    000000a0     driverlib.a : spi.obj (.text:SPIConfigSetExpClk)
                  2000a6a4    000000a0     simplelink.a : socket.obj (.text:sl_Recv)
                  2000a744    0000009c     rtsv7M4_T_le_v4SPD16_eabi.lib : memcpy_t2.asm.obj (.text)
                  2000a7e0    0000009a     simplelink.a : device.obj (.text:_SlDrvDeviceEventHandler)
                  2000a87a    00000002     --HOLE-- [fill = 0]
                  2000a87c    00000098                  : netcfg.obj (.text:sl_NetCfgSet)
                  2000a914    00000098                  : socket.obj (.text:sl_SetSockOpt)
                  2000a9ac    00000098                  : wlan.obj (.text:sl_WlanSet)
                  2000aa44    00000098                  : cc_pal.obj (.text:spi_Write)
                  2000aadc    00000096     rtsv7M4_T_le_v4SPD16_eabi.lib : ull_div_t2.asm.obj (.text)
                  2000ab72    00000002     --HOLE-- [fill = 0]
                  2000ab74    00000094     driverlib.a : prcm.obj (.text:PRCMPeripheralClockGet)
                  2000ac08    00000090     simplelink.a : netapp.obj (.text:_sl_HandleAsync_DnsGetHostByName)
                  2000ac98    00000090                  : netapp.obj (.text:_sl_HandleAsync_PingResponse)
                  2000ad28    00000090                  : wlan.obj (.text:sl_WlanPolicySet)
                  2000adb8    0000008c                  : cc_pal.obj (.text:SetupDMAReceive)
                  2000ae44    0000008c                  : cc_pal.obj (.text:SetupDMASend)
                  2000aed0    0000008c                  : driver.obj (.text:_SlDrvIsTimeoutExpired)
                  2000af5c    0000008c                  : device.obj (.text:_sl_HandleAsync_InitComplete)
                  2000afe8    0000008c                  : socket.obj (.text:sl_Socket)
                  2000b074    00000088     driverlib.a : pin.obj (.text:PinConfigSet)
                  2000b0fc    00000086     rtsv7M4_T_le_v4SPD16_eabi.lib : fd_cmp_t2.asm.obj (.text:__aeabi_cdcmple)
                  2000b182    00000086                                   : fd_cmp_t2.asm.obj (.text:__aeabi_cdrcmple)
                  2000b208    00000084     simplelink.a : wlan.obj (.text:sl_WlanRxFilterSet)
                  2000b28c    00000080                  : socket.obj (.text:_sl_HandleAsync_Connect)
                  2000b30c    00000080                  : cc_pal.obj (.text:spi_Read_CPU)
                  2000b38c    00000080                  : cc_pal.obj (.text:spi_Write_CPU)
                  2000b40c    0000007c     rtsv7M4_T_le_v4SPD16_eabi.lib : memory.c.obj (.text:split)
                  2000b488    0000007a                                   : memset_t2.asm.obj (.text)
                  2000b502    00000002     --HOLE-- [fill = 0]
                  2000b504    00000078     simplelink.a : cc_pal.obj (.text:spi_Close)
                  2000b57c    00000076     driverlib.a : uart.obj (.text:UARTConfigSetExpClk)
                  2000b5f2    00000002     --HOLE-- [fill = 0]
                  2000b5f4    00000074     simplelink.a : nonos.obj (.text:_SlNonOsMainLoopTask)
                  2000b668    0000006e     rtsv7M4_T_le_v4SPD16_eabi.lib : _printfi.c.obj (.text:_mcpy)
                  2000b6d6    00000002     --HOLE-- [fill = 0]
                  2000b6d8    0000006c     simplelink.a : driver.obj (.text:_SlDrvCmdSend)
                  2000b744    0000006c                  : netapp.obj (.text:_sl_NetAppSendTokenValue)
                  2000b7b0    00000068     rtsv7M4_T_le_v4SPD16_eabi.lib : copy_decompress_lzss.c.obj (.text:decompress:lzss:__TI_decompress_lzss)
                  2000b818    00000068     simplelink.a : wlan.obj (.text:sl_WlanRxStatGet)
                  2000b880    00000064                  : nonos.obj (.text:_SlNonOsSpawn)
                  2000b8e4    00000064                  : socket.obj (.text:_sl_HandleAsync_Accept)
                  2000b948    00000064     rtsv7M4_T_le_v4SPD16_eabi.lib : s_frexp.c.obj (.text:frexp)
                  2000b9ac    00000064     simplelink.a : netapp.obj (.text:sl_NetAppMDNSUnRegisterService)
                  2000ba10    00000064     driverlib.a : udma.obj (.text:uDMAChannelAttributeDisable)
                  2000ba74    00000064                 : udma.obj (.text:uDMAChannelAttributeEnable)
                  2000bad8    00000060     simplelink.a : socket.obj (.text:sl_Close)
                  2000bb38    00000060                  : wlan.obj (.text:sl_WlanProfileDel)
                  2000bb98    00000060                  : wlan.obj (.text:sl_WlanSetMode)
                  2000bbf8    00000058     driverlib.a : interrupt.obj (.text:IntPendClear)
                  2000bc50    00000058                 : prcm.obj (.text:PRCMPeripheralReset)
                  2000bca8    00000056     rtsv7M4_T_le_v4SPD16_eabi.lib : _printfi.c.obj (.text:_pconv_f)
                  2000bcfe    00000002     --HOLE-- [fill = 0]
                  2000bd00    00000054     driverlib.a : interrupt.obj (.text:IntPrioritySet)
                  2000bd54    00000054     simplelink.a : driver.obj (.text:_SlDrvRxIrqHandler)
                  2000bda8    00000054                  : socket.obj (.text:_sl_HandleAsync_Select)
                  2000bdfc    00000054     rtsv7M4_T_le_v4SPD16_eabi.lib : ltoa.c.obj (.text:ltoa)
                  2000be50    00000052                                   : _printfi.c.obj (.text:_ecpy)
                  2000bea2    00000002     --HOLE-- [fill = 0]
                  2000bea4    00000050     simplelink.a : device.obj (.text:_sl_HandleAsync_Stop)
                  2000bef4    0000004c     driverlib.a : spi.obj (.text:SPIIntEnable)
                  2000bf40    0000004c                 : spi.obj (.text:SPIIntNumberGet)
                  2000bf8c    0000004c     simplelink.a : driver.obj (.text:_SlDrvProtectAsyncRespSetting)
                  2000bfd8    0000004c     rtsv7M4_T_le_v4SPD16_eabi.lib : atoi.c.obj (.text:atoi)
                  2000c024    0000004c     driverlib.a : udma.obj (.text:uDMAChannelAssign)
                  2000c070    00000048                 : spi.obj (.text:SPIIntClear)
                  2000c0b8    00000048     simplelink.a : driver.obj (.text:_SlDrvBasicCmd)
                  2000c100    00000048     rtsv7M4_T_le_v4SPD16_eabi.lib : fd_toi_t2.asm.obj (.text)
                  2000c148    00000044     driverlib.a : spi.obj (.text:SPIDmaMaskGet)
                  2000c18c    00000044                 : timer.obj (.text:TimerConfigure)
                  2000c1d0    00000044     simplelink.a : driver.obj (.text:_SlDrvSyncObjWaitTimeout)
                  2000c214    00000044     rtsv7M4_T_le_v4SPD16_eabi.lib : autoinit.c.obj (.text:__TI_auto_init_nobinit_nopinit:__TI_auto_init_nobinit_nopinit)
                  2000c258    00000044     simplelink.a : cc_pal.obj (.text:cc_SetupTransfer)
                  2000c29c    00000040     driverlib.a : pin.obj (.text:PinModeSet)
                  2000c2dc    00000040     simplelink.a : socket.obj (.text:_sl_TruncatePayloadByProtocol)
                  2000c31c    00000040     rtsv7M4_T_le_v4SPD16_eabi.lib : vsnprintf.c.obj (.text:vsnprintf)
                  2000c35c    0000003e     simplelink.a : cc_pal.obj (.text:NwpRegisterInterruptHandler)
                  2000c39a    0000003e     rtsv7M4_T_le_v4SPD16_eabi.lib : _printfi.c.obj (.text:_fcpy)
                  2000c3d8    0000003c     simplelink.a : netapp.obj (.text:CopyPingResultsToReport)
                  2000c414    0000003c     driverlib.a : prcm.obj (.text:PRCMPeripheralClkEnable)
                  2000c450    0000003c     simplelink.a : cc_pal.obj (.text:simplelink_timerA2_start)
                  2000c48c    0000003c     driverlib.a : udma.obj (.text:uDMAChannelControlSet)
                  2000c4c8    00000038     simplelink.a : cc_pal.obj (.text:NwpPowerOff)
                  2000c500    00000038                  : wlan.obj (.text:sl_WlanDisconnect)
                  2000c538    00000038                  : wlan.obj (.text:sl_WlanRxStatStart)
                  2000c570    00000038                  : wlan.obj (.text:sl_WlanRxStatStop)
                  2000c5a8    00000034     driverlib.a : prcm.obj (.text:PRCMPeripheralStatusGet)
                  2000c5dc    00000034                 : spi.obj (.text:SPIFIFOLevelSet)
                  2000c610    00000034     rtsv7M4_T_le_v4SPD16_eabi.lib : boot_cortex_m.c.obj (.text:_c_int00_noargs:_c_int00_noargs)
                  2000c644    00000030     driverlib.a : uart.obj (.text:UARTDisable)
                  2000c674    00000030     rtsv7M4_T_le_v4SPD16_eabi.lib : vsnprintf.c.obj (.text:_outs)
                  2000c6a4    0000002e                                   : i_tofd_t2.asm.obj (.text)
                  2000c6d2    00000002     --HOLE-- [fill = 0]
                  2000c6d4    0000002c     simplelink.a : cc_pal.obj (.text:NwpPowerOn)
                  2000c700    0000002c     driverlib.a : prcm.obj (.text:PRCMSysResetCauseGet)
                  2000c72c    0000002c     simplelink.a : driver.obj (.text:_SlDrvObjGlobalLockWaitForever)
                  2000c758    0000002c                  : driver.obj (.text:_SlDrvProtectionObjLockWaitForever)
                  2000c784    0000002a     driverlib.a : timer.obj (.text:TimerLoadSet)
                  2000c7ae    0000002a                 : timer.obj (.text:TimerPrescaleSet)
                  2000c7d8    00000028                 : prcm.obj (.text:PRCMPeripheralClkDisable)
                  2000c800    00000028     simplelink.a : driver.obj (.text:_SlDrvGlobalObjUnLock)
                  2000c828    00000028                  : driver.obj (.text:_SlDrvProtectionObjUnLock)
                  2000c850    00000028                  : driver.obj (.text:_SlDrvSyncObjWaitForever)
                  2000c878    00000028     rtsv7M4_T_le_v4SPD16_eabi.lib : memory.c.obj (.text:free_list_insert)
                  2000c8a0    00000026     simplelink.a : driver.obj (.text:_SlDrvObjLockWaitForever)
                  2000c8c6    00000002     --HOLE-- [fill = 0]
                  2000c8c8    00000024                  : cc_pal.obj (.text:DmaSpiSwIntHandler)
                  2000c8ec    00000024     driverlib.a : interrupt.obj (.text:IntUnregister)
                  2000c910    00000024                 : uart.obj (.text:UARTEnable)
                  2000c934    00000024     rtsv7M4_T_le_v4SPD16_eabi.lib : memmov.c.obj (.text:memmove)
                  2000c958    00000022     driverlib.a : spi.obj (.text:SPIReset)
                  2000c97a    00000022                 : spi.obj (.text:SPIWordCountSet)
                  2000c99c    00000020                 : interrupt.obj (.text:IntRegister)
                  2000c9bc    00000020     simplelink.a : cc_pal.obj (.text:NwpPrePowerOffTimout0)
                  2000c9dc    00000020                  : cc_pal.obj (.text:TimerGetCurrentTimestamp)
                  2000c9fc    00000020                  : driver.obj (.text:_SlDrvObjUnLock)
                  2000ca1c    00000020                  : driver.obj (.text:_SlDrvSyncObjSignal)
                  2000ca3c    0000001e     driverlib.a : timer.obj (.text:TimerEnable)
                  2000ca5a    0000001e                 : uart.obj (.text:UARTCharPut)
                  2000ca78    0000001e     simplelink.a : cc_pal.obj (.text:cc_UDMAChannelSelect)
                  2000ca96    0000001c     driverlib.a : timer.obj (.text:TimerValueGet)
                  2000cab2    0000001c                 : uart.obj (.text:UARTCharGetNonBlocking)
                  2000cace    0000001c     simplelink.a : driver.obj (.text:_SlDrvStartMeasureTimeout)
                  2000caea    00000002     --HOLE-- [fill = 0]
                  2000caec    0000001c     rtsv7M4_T_le_v4SPD16_eabi.lib : memory.c.obj (.text:free_list_remove)
                  2000cb08    0000001c                                   : memccpy.c.obj (.text:memccpy)
                  2000cb24    0000001c     pinmux.obj (.text)
                  2000cb40    0000001c     driverlib.a : udma.obj (.text:uDMAChannelEnable)
                  2000cb5c    0000001a                 : pin.obj (.text:PinTypeUART)
                  2000cb76    0000001a                 : spi.obj (.text:SPIDmaDisable)
                  2000cb90    0000001a                 : spi.obj (.text:SPIDmaEnable)
                  2000cbaa    0000001a                 : spi.obj (.text:SPIFIFODisable)
                  2000cbc4    0000001a                 : spi.obj (.text:SPIFIFOEnable)
                  2000cbde    0000001a                 : spi.obj (.text:SPIIntUnregister)
                  2000cbf8    0000001a     rtsv7M4_T_le_v4SPD16_eabi.lib : s_copysign.c.obj (.text:copysign)
                  2000cc12    00000018     driverlib.a : spi.obj (.text:SPICSDisable)
                  2000cc2a    00000018                 : spi.obj (.text:SPICSEnable)
                  2000cc42    00000018                 : spi.obj (.text:SPIDisable)
                  2000cc5a    00000018                 : spi.obj (.text:SPIEnable)
                  2000cc72    00000018                 : uart.obj (.text:UARTCharsAvail)
                  2000cc8a    00000018     simplelink.a : nonos.obj (.text:_SlNonOsSemSet)
                  2000cca2    00000018     rtsv7M4_T_le_v4SPD16_eabi.lib : vsnprintf.c.obj (.text:_outc)
                  2000ccba    00000002     --HOLE-- [fill = 0]
                  2000ccbc    00000018     simplelink.a : device.obj (.text:_sl_GetStartResponseConvert)
                  2000ccd4    00000016     driverlib.a : prcm.obj (.text:PRCMHIBRegRead)
                  2000ccea    00000016                 : prcm.obj (.text:PRCMHIBRegWrite)
                  2000cd00    00000016                 : uart.obj (.text:UARTCharGet)
                  2000cd16    00000016     simplelink.a : driver.obj (.text:_SlDrvMemZero)
                  2000cd2c    00000016     rtsv7M4_T_le_v4SPD16_eabi.lib : strchr.c.obj (.text:strchr)
                  2000cd42    00000014     driverlib.a : cpu.obj (.text:CPUcpsie)
                  2000cd56    00000002     --HOLE-- [fill = 0]
                  2000cd58    00000014                 : interrupt.obj (.text:IntVTableBaseSet)
                  2000cd6c    00000014     rtsv7M4_T_le_v4SPD16_eabi.lib : strlen.c.obj (.text:strlen)
                  2000cd80    00000012                                   : copy_zero_init.c.obj (.text:decompress:ZI:__TI_zero_init_nomemset:__TI_zero_init_nomemset)
                  2000cd92    00000012                                   : wcslen.c.obj (.text:wcslen)
                  2000cda4    00000010     simplelink.a : driver.obj (.text:_SlDrvDispatchHttpServerEvents)
                  2000cdb4    0000000e                  : driver.obj (.text:_SlDrvResetCmdExt)
                  2000cdc2    0000000e     rtsv7M4_T_le_v4SPD16_eabi.lib : copy_decompress_none.c.obj (.text:decompress:none:__TI_decompress_none)
                  2000cdd0    0000000e     startup_ccs.obj (.text)
                  2000cdde    00000002     --HOLE-- [fill = 0]
                  2000cde0    0000000c     simplelink.a : cc_pal.obj (.text:NwpMaskInterrupt)
                  2000cdec    0000000c                  : cc_pal.obj (.text:NwpUnMaskInterrupt)
                  2000cdf8    0000000a     driverlib.a : interrupt.obj (.text:IntMasterEnable)
                  2000ce02    00000002     --HOLE-- [fill = 0]
                  2000ce04    00000008     rtsv7M4_T_le_v4SPD16_eabi.lib : errno.c.obj (.text:__aeabi_errno_addr)
                  2000ce0c    00000008                                   : memory.c.obj (.text:malloc)
                  2000ce14    00000006     driverlib.a : utils.obj (.text:UtilsDelay)
                  2000ce1a    00000004     rtsv7M4_T_le_v4SPD16_eabi.lib : pre_init.c.obj (.text:_system_pre_init)
                  2000ce1e    00000004                                   : exit.c.obj (.text:abort:abort)

.const     0    2000ce24    0000070c     
                  2000ce24    00000122     main.obj (.const:.string:$P$T4$5)
                  2000cf46    00000101     rtsv7M4_T_le_v4SPD16_eabi.lib : ctype.c.obj (.const:.string:_ctypes_)
                  2000d047    00000001     --HOLE-- [fill = 0]
                  2000d048    00000100     driverlib.a : pin.obj (.const:g_ulPinToPadMap)
                  2000d148    000000d4                 : interrupt.obj (.const:g_pulRegs)
                  2000d21c    000000a8                 : prcm.obj (.const:PRCM_PeriphRegsList)
                  2000d2c4    00000080                 : interrupt.obj (.const)
                  2000d344    0000003c     simplelink.a : driver.obj (.const:OpcodeTranslateTable)
                  2000d380    00000038                  : driver.obj (.const:_SlActionLookupTable)
                  2000d3b8    0000002c     main.obj (.const:$P$T1$2)
                  2000d3e4    00000024     driverlib.a : spi.obj (.const:g_ppulSPIIntMap)
                  2000d408    00000022     main.obj (.const:.string:$P$T0$1)
                  2000d42a    00000002     --HOLE-- [fill = 0]
                  2000d42c    00000020     simplelink.a : driver.obj (.const:RxMsgClassLUT)
                  2000d44c    00000018     driverlib.a : spi.obj (.const)
                  2000d464    00000014     simplelink.a : driver.obj (.const:$P$T0$1)
                  2000d478    00000014                  : nonos.obj (.const:$P$T0$1)
                  2000d48c    00000014     main.obj (.const:$P$T2$3)
                  2000d4a0    00000014     main.obj (.const:.string:$P$T5$6)
                  2000d4b4    00000010     simplelink.a : socket.obj (.const:.string:_SlPayloadByProtocolLUT)
                  2000d4c4    0000000e     main.obj (.const:.string:$P$T3$4)
                  2000d4d2    00000008     simplelink.a : device.obj (.const:StartResponseLUT)
                  2000d4da    00000002     --HOLE-- [fill = 0]
                  2000d4dc    00000008                  : driver.obj (.const:g_H2NCnysPattern)
                  2000d4e4    00000008                  : driver.obj (.const:g_H2NSyncPattern)
                  2000d4ec    00000004                  : wlan.obj (.const:$P$T2$3)
                  2000d4f0    00000004                  : device.obj (.const:_SlDeviceGetCmdCtrl)
                  2000d4f4    00000004                  : netapp.obj (.const:_SlNetAppSendTokenValueCmdCtrl)
                  2000d4f8    00000004                  : netcfg.obj (.const:_SlNetCfgGetCmdCtrl)
                  2000d4fc    00000004                  : netcfg.obj (.const:_SlNetCfgSetCmdCtrl)
                  2000d500    00000004                  : wlan.obj (.const:_SlPolicySetCmdCtrl)
                  2000d504    00000004                  : wlan.obj (.const:_SlProfileDelCmdCtrl)
                  2000d508    00000004                  : socket.obj (.const:_SlRecvCmdCtrl)
                  2000d50c    00000004                  : netapp.obj (.const:_SlRegisterServiceCtrl)
                  2000d510    00000004                  : wlan.obj (.const:_SlRxFilterSetCmdCtrl)
                  2000d514    00000004                  : socket.obj (.const:_SlSendCmdCtrl)
                  2000d518    00000004                  : socket.obj (.const:_SlSetSockOptCmdCtrl)
                  2000d51c    00000004                  : socket.obj (.const:_SlSockCloseCmdCtrl)
                  2000d520    00000004                  : socket.obj (.const:_SlSockSocketCmdCtrl)
                  2000d524    00000004                  : device.obj (.const:_SlStopCmdCtrl)
                  2000d528    00000004                  : wlan.obj (.const:_SlWlanCfgSetCmdCtrl)
                  2000d52c    00000004                  : wlan.obj (.const:_SlWlanSetModeCmdCtrl)

.cinit     0    2000d530    00000098     
                  2000d530    00000072     (.cinit..data.load) [load image, compression = lzss]
                  2000d5a2    00000002     --HOLE-- [fill = 0]
                  2000d5a4    0000000c     (__TI_handler_table)
                  2000d5b0    00000008     (.cinit..bss.load) [load image, compression = zero_init]
                  2000d5b8    00000010     (__TI_cinit_table)

.sysmem    0    20017000    00008000     UNINITIALIZED
                  20017000    00000010     rtsv7M4_T_le_v4SPD16_eabi.lib : memory.c.obj (.sysmem)
                  20017010    00007ff0     --HOLE--

.data      0    2001f000    000004fc     UNINITIALIZED
                  2001f000    00000122     main.obj (.data:ACK)
                  2001f122    00000122     main.obj (.data:Data)
                  2001f244    00000122     main.obj (.data:Hello)
                  2001f366    00000122     main.obj (.data:RawData_Ping)
                  2001f488    0000003c     simplelink.a : nonos.obj (.data:g__SlNonOsCB)
                  2001f4c4    0000000d                  : driver.obj (.data)
                  2001f4d1    00000003     --HOLE--
                  2001f4d4    00000009                  : cc_pal.obj (.data)
                  2001f4dd    00000003     --HOLE--
                  2001f4e0    00000008     rtsv7M4_T_le_v4SPD16_eabi.lib : _lock.c.obj (.data:$O1$$)
                  2001f4e8    00000008                                   : memory.c.obj (.data:$O1$$)
                  2001f4f0    00000008     main.obj (.data)
                  2001f4f8    00000004     rtsv7M4_T_le_v4SPD16_eabi.lib : errno.c.obj (.data)

.bss       0    2001f4fc    000001eb     UNINITIALIZED
                  2001f4fc    00000168     simplelink.a : driver.obj (.bss:g_StatMem)
                  2001f664    00000050     (.common:g_ucDinDout)
                  2001f6b4    00000024     (.common:g_ucConnectionSSID)
                  2001f6d8    00000008     (.common:g_ucConnectionBSSID)
                  2001f6e0    00000004     uart_if.obj (.bss)
                  2001f6e4    00000001     (.common:RxIrqCnt)
                  2001f6e5    00000001     (.common:g_bDeviceRestartIsRequired)
                  2001f6e6    00000001     (.common:g_cDummy)

.stack     0    2002eb00    00001500     UNINITIALIZED
                  2002eb00    00000004     rtsv7M4_T_le_v4SPD16_eabi.lib : boot_cortex_m.c.obj (.stack)
                  2002eb04    000014fc     --HOLE--

MODULE SUMMARY

       Module                       code    ro data   rw data
       ------                       ----    -------   -------
    .\
       main.obj                     7328    422       1212   
       startup_ccs.obj              14      1024      0      
       uart_if.obj                  640     0         4      
       pinmux.obj                   28      0         0      
    +--+----------------------------+-------+---------+---------+
       Total:                       8010    1446      1216   
                                                             
    C:/ti/CC3200SDK_1.3.0/cc3200-sdk/driverlib/ccs/Release/driverlib.a
       prcm.obj                     852     168       0      
       interrupt.obj                608     340       0      
       spi.obj                      798     60        0      
       udma.obj                     604     0         0      
       pin.obj                      226     256       0      
       uart.obj                     306     0         0      
       timer.obj                    210     0         0      
       cpu.obj                      20      0         0      
       utils.obj                    6       0         0      
    +--+----------------------------+-------+---------+---------+
       Total:                       3630    824       0      
                                                             
    C:/ti/CC3200SDK_1.3.0/cc3200-sdk/simplelink/ccs/NON_OS/simplelink.a
       driver.obj                   7714    184       375    
       cc_pal.obj                   1820    0         90     
       socket.obj                   1232    36        0      
       netapp.obj                   1248    8         0      
       device.obj                   1078    16        0      
       wlan.obj                     892     24        0      
       nonos.obj                    416     20        60     
       netcfg.obj                   368     8         0      
    +--+----------------------------+-------+---------+---------+
       Total:                       14768   296       525    
                                                             
    C:\ti\ccs900\ccs\tools\compiler\ti-cgt-arm_18.12.1.LTS\lib\rtsv7M4_T_le_v4SPD16_eabi.lib
       _printfi.c.obj               4851    0         0      
       memory.c.obj                 892     0         8      
       fd_add_t2.asm.obj            438     0         0      
       fd_div_t2.asm.obj            310     0         0      
       s_scalbn.c.obj               272     0         0      
       strtoul.c.obj                272     0         0      
       fd_cmp_t2.asm.obj            268     0         0      
       ctype.c.obj                  0       257       0      
       fd_mul_t2.asm.obj            252     0         0      
       memcpy_t2.asm.obj            156     0         0      
       ull_div_t2.asm.obj           150     0         0      
       vsnprintf.c.obj              136     0         0      
       memset_t2.asm.obj            122     0         0      
       copy_decompress_lzss.c.obj   104     0         0      
       s_frexp.c.obj                100     0         0      
       ltoa.c.obj                   84      0         0      
       atoi.c.obj                   76      0         0      
       fd_toi_t2.asm.obj            72      0         0      
       autoinit.c.obj               68      0         0      
       boot_cortex_m.c.obj          52      0         0      
       i_tofd_t2.asm.obj            46      0         0      
       memmov.c.obj                 36      0         0      
       memccpy.c.obj                28      0         0      
       s_copysign.c.obj             26      0         0      
       strchr.c.obj                 22      0         0      
       strlen.c.obj                 20      0         0      
       copy_zero_init.c.obj         18      0         0      
       wcslen.c.obj                 18      0         0      
       copy_decompress_none.c.obj   14      0         0      
       errno.c.obj                  8       0         4      
       _lock.c.obj                  2       0         8      
       exit.c.obj                   4       0         0      
       pre_init.c.obj               4       0         0      
       div0.asm.obj                 2       0         0      
    +--+----------------------------+-------+---------+---------+
       Total:                       8923    257       20     
                                                             
       Heap:                        0       0         32768  
       Stack:                       0       0         5376   
       Linker Generated:            0       150       0      
    +--+----------------------------+-------+---------+---------+
       Grand Total:                 35331   2973      39905  


LINKER GENERATED COPY TABLES

__TI_cinit_table @ 2000d5b8 records: 2, size/record: 8, table size: 16
	.data: load addr=2000d530, load size=00000072 bytes, run addr=2001f000, run size=000004fc bytes, compression=lzss
	.bss: load addr=2000d5b0, load size=00000008 bytes, run addr=2001f4fc, run size=000001eb bytes, compression=zero_init


LINKER GENERATED HANDLER TABLE

__TI_handler_table @ 2000d5a4 records: 3, size/record: 4, table size: 12
	index: 0, handler: __TI_decompress_lzss
	index: 1, handler: __TI_decompress_none
	index: 2, handler: __TI_zero_init


GLOBAL SYMBOLS: SORTED ALPHABETICALLY BY Name 

address   name                                  
-------   ----                                  
2001f000  ACK                                   
2000ce1f  C$$EXIT                               
2000cd43  CPUcpsie                              
200070c1  ClearTerm                             
2001f122  Data                                  
2000c8c9  DmaSpiSwIntHandler                    
200070cb  Error                                 
20007103  GetCmd                                
2001f244  Hello                                 
20007081  InitTerm                              
2000a411  IntDisable                            
2000a4b9  IntEnable                             
2000cdf9  IntMasterEnable                       
2000bbf9  IntPendClear                          
2000bd01  IntPrioritySet                        
2000c99d  IntRegister                           
2000c8ed  IntUnregister                         
2000cd59  IntVTableBaseSet                      
2000709f  Message                               
2000cde1  NwpMaskInterrupt                      
2000c4c9  NwpPowerOff                           
2000c6d5  NwpPowerOn                            
2000c9bd  NwpPrePowerOffTimout0                 
2000c35d  NwpRegisterInterruptHandler           
2000cded  NwpUnMaskInterrupt                    
2000d344  OpcodeTranslateTable                  
200083d9  PRCMCC3200MCUInit                     
2000ccd5  PRCMHIBRegRead                        
2000cceb  PRCMHIBRegWrite                       
2000c7d9  PRCMPeripheralClkDisable              
2000c415  PRCMPeripheralClkEnable               
2000ab75  PRCMPeripheralClockGet                
2000bc51  PRCMPeripheralReset                   
2000c5a9  PRCMPeripheralStatusGet               
2000c701  PRCMSysResetCauseGet                  
2000b075  PinConfigSet                          
2000c29d  PinModeSet                            
2000cb25  PinMuxConfig                          
2000cb5d  PinTypeUART                           
2001f366  RawData_Ping                          
20007241  Report                                
2000cdd1  ResetISR                              
2001f6e4  RxIrqCnt                              
2000cc13  SPICSDisable                          
2000cc2b  SPICSEnable                           
2000a605  SPIConfigSetExpClk                    
2000cc43  SPIDisable                            
2000cb77  SPIDmaDisable                         
2000cb91  SPIDmaEnable                          
2000cc5b  SPIEnable                             
2000cbab  SPIFIFODisable                        
2000cbc5  SPIFIFOEnable                         
2000c5dd  SPIFIFOLevelSet                       
2000c071  SPIIntClear                           
2000bef5  SPIIntEnable                          
2000cbdf  SPIIntUnregister                      
2000c959  SPIReset                              
2000c97b  SPIWordCountSet                       
200045c9  SimpleLinkGeneralEventHandler         
200045a1  SimpleLinkHttpServerCallback          
20004509  SimpleLinkNetAppEventHandler          
200045df  SimpleLinkSockEventHandler            
20004401  SimpleLinkWlanEventHandler            
2000c18d  TimerConfigure                        
2000ca3d  TimerEnable                           
2000c9dd  TimerGetCurrentTimestamp              
2000c785  TimerLoadSet                          
2000c7af  TimerPrescaleSet                      
2000ca97  TimerValueGet                         
200071a9  TrimSpace                             
2000cd01  UARTCharGet                           
2000cab3  UARTCharGetNonBlocking                
2000ca5b  UARTCharPut                           
2000cc73  UARTCharsAvail                        
2000b57d  UARTConfigSetExpClk                   
2000c645  UARTDisable                           
2000c911  UARTEnable                            
2000ce15  UtilsDelay                            
2000d380  _SlActionLookupTable                  
2000a561  _SlDriverHandleError                  
2000c0b9  _SlDrvBasicCmd                        
2000a1ed  _SlDrvCmdOp                           
2000b6d9  _SlDrvCmdSend                         
200077bd  _SlDrvDataReadOp                      
200086c1  _SlDrvDataWriteOp                     
2000a7e1  _SlDrvDeviceEventHandler              
2000cda5  _SlDrvDispatchHttpServerEvents        
20008e45  _SlDrvDriverCBDeinit                  
20007ef9  _SlDrvDriverCBInit                    
2000c801  _SlDrvGlobalObjUnLock                 
2000aed1  _SlDrvIsTimeoutExpired                
2000cd17  _SlDrvMemZero                         
20009a51  _SlDrvMsgReadSpawnCtx                 
200092b9  _SlDrvNetAppEventHandler              
2000c8a1  _SlDrvObjLockWaitForever              
2000c9fd  _SlDrvObjUnLock                       
2000bf8d  _SlDrvProtectAsyncRespSetting         
2000c759  _SlDrvProtectionObjLockWaitForever    
2000c829  _SlDrvProtectionObjUnLock             
200079a1  _SlDrvReleasePoolObj                  
2000cdb5  _SlDrvResetCmdExt                     
2000bd55  _SlDrvRxIrqHandler                    
2000cacf  _SlDrvStartMeasureTimeout             
2000ca1d  _SlDrvSyncObjSignal                   
2000c851  _SlDrvSyncObjWaitForever              
2000c1d1  _SlDrvSyncObjWaitTimeout              
20008249  _SlDrvWaitForPoolObj                  
2000d4f4  _SlNetAppSendTokenValueCmdCtrl        
2000b5f5  _SlNonOsMainLoopTask                  
2000a361  _SlNonOsSemGet                        
2000cc8b  _SlNonOsSemSet                        
2000b881  _SlNonOsSpawn                         
20030000  __STACK_END                           
00001500  __STACK_SIZE                          
00008000  __SYSMEM_SIZE                         
2000d5b8  __TI_CINIT_Base                       
2000d5c8  __TI_CINIT_Limit                      
2000d5a4  __TI_Handler_Table_Base               
2000d5b0  __TI_Handler_Table_Limit              
2000c215  __TI_auto_init_nobinit_nopinit        
2000b7b1  __TI_decompress_lzss                  
2000cdc3  __TI_decompress_none                  
ffffffff  __TI_pprof_out_hndl                   
200060a1  __TI_printfi                          
ffffffff  __TI_prof_data_size                   
ffffffff  __TI_prof_data_start                  
2000d530  __TI_static_base__                    
2000cd81  __TI_zero_init_nomemset               
2000b0fd  __aeabi_cdcmpeq                       
2000b0fd  __aeabi_cdcmple                       
2000b183  __aeabi_cdrcmple                      
2000c101  __aeabi_d2iz                          
20007d4b  __aeabi_dadd                          
20008bd9  __aeabi_ddiv                          
200093bd  __aeabi_dmul                          
20007d41  __aeabi_dsub                          
2000ce05  __aeabi_errno_addr                    
2000c6a5  __aeabi_i2d                           
20008d0f  __aeabi_idiv0                         
20008d0f  __aeabi_ldiv0                         
2000b489  __aeabi_memclr                        
2000b489  __aeabi_memclr4                       
2000b489  __aeabi_memclr8                       
2000a745  __aeabi_memcpy                        
2000a745  __aeabi_memcpy4                       
2000a745  __aeabi_memcpy8                       
2000b48b  __aeabi_memset                        
2000b48b  __aeabi_memset4                       
2000b48b  __aeabi_memset8                       
2000aadd  __aeabi_uldivmod                      
ffffffff  __binit__                             
ffffffff  __c_args__                            
UNDEFED   __mpu_init                            
2002eb00  __stack                               
2000c611  _c_int00_noargs                       
2000cf46  _ctypes_                              
2001f4e0  _lock                                 
20007ef7  _nop                                  
2000b8e5  _sl_HandleAsync_Accept                
2000b28d  _sl_HandleAsync_Connect               
2000ac09  _sl_HandleAsync_DnsGetHostByName      
20009f91  _sl_HandleAsync_DnsGetHostByService   
2000af5d  _sl_HandleAsync_InitComplete          
2000ac99  _sl_HandleAsync_PingResponse          
2000bda9  _sl_HandleAsync_Select                
2000bea5  _sl_HandleAsync_Stop                  
2000b745  _sl_NetAppSendTokenValue              
20017000  _sys_memory                           
UNDEFED   _system_post_cinit                    
2000ce1b  _system_pre_init                      
2001f4e4  _unlock                               
2000ce1f  abort                                 
200094b9  aligned_alloc                         
2000bfd9  atoi                                  
ffffffff  binit                                 
2000cbf9  copysign                              
2000cbf9  copysignl                             
2001f4f8  errno                                 
20009b39  free                                  
2000b949  frexp                                 
2000b949  frexpl                                
2001f4c4  g_SlDeviceStatus                      
2001f4d4  g_SpiFd                               
2001f488  g__SlNonOsCB                          
2001f6e5  g_bDeviceRestartIsRequired            
2001f6e6  g_cDummy                              
2001f4c8  g_pCB                                 
2001f4d8  g_pHostIntHdl                         
20004000  g_pfnVectors                          
2001f6d8  g_ucConnectionBSSID                   
2001f6b4  g_ucConnectionSSID                    
2001f4dc  g_ucDMAEnabled                        
2001f664  g_ucDinDout                           
2001f4f4  g_ulGatewayIP                         
2001f4f0  g_ulStatus                            
20009099  ldexp                                 
20009099  ldexpl                                
2000bdfd  ltoa                                  
20005d49  main                                  
2000ce0d  malloc                                
200094b9  memalign                              
2000cb09  memccpy                               
2000a745  memcpy                                
2000c935  memmove                               
2000b491  memset                                
2001f4cc  pPingCallBackFunc                     
20009de1  realloc                               
20009099  scalbn                                
20009099  scalbnl                               
2000c451  simplelink_timerA2_start              
2000bad9  sl_Close                              
2000a05d  sl_DevGet                             
20009c21  sl_NetAppMDNSRegisterUnregisterService
2000b9ad  sl_NetAppMDNSUnRegisterService        
20009eb9  sl_NetCfgGet                          
2000a87d  sl_NetCfgSet                          
2000a6a5  sl_Recv                               
20008d11  sl_Send                               
2000a915  sl_SetSockOpt                         
2000afe9  sl_Socket                             
2000987d  sl_Start                              
200095ad  sl_Stop                               
2000c501  sl_WlanDisconnect                     
2000ad29  sl_WlanPolicySet                      
2000bb39  sl_WlanProfileDel                     
2000b209  sl_WlanRxFilterSet                    
2000b819  sl_WlanRxStatGet                      
2000c539  sl_WlanRxStatStart                    
2000c571  sl_WlanRxStatStop                     
2000a9ad  sl_WlanSet                            
2000bb99  sl_WlanSetMode                        
2000b505  spi_Close                             
20008811  spi_Open                              
2000969d  spi_Read                              
2000aa45  spi_Write                             
2000cd2d  strchr                                
2000cd6d  strlen                                
200091a9  strtoul                               
2000c025  uDMAChannelAssign                     
2000ba11  uDMAChannelAttributeDisable           
2000ba75  uDMAChannelAttributeEnable            
2000c48d  uDMAChannelControlSet                 
2000cb41  uDMAChannelEnable                     
2000978d  uDMAChannelTransferSet                
2000c31d  vsnprintf                             
2000cd93  wcslen                                


GLOBAL SYMBOLS: SORTED BY Symbol Address 

address   name                                  
-------   ----                                  
00001500  __STACK_SIZE                          
00008000  __SYSMEM_SIZE                         
20004000  g_pfnVectors                          
20004401  SimpleLinkWlanEventHandler            
20004509  SimpleLinkNetAppEventHandler          
200045a1  SimpleLinkHttpServerCallback          
200045c9  SimpleLinkGeneralEventHandler         
200045df  SimpleLinkSockEventHandler            
20005d49  main                                  
200060a1  __TI_printfi                          
20007081  InitTerm                              
2000709f  Message                               
200070c1  ClearTerm                             
200070cb  Error                                 
20007103  GetCmd                                
200071a9  TrimSpace                             
20007241  Report                                
200077bd  _SlDrvDataReadOp                      
200079a1  _SlDrvReleasePoolObj                  
20007d41  __aeabi_dsub                          
20007d4b  __aeabi_dadd                          
20007ef7  _nop                                  
20007ef9  _SlDrvDriverCBInit                    
20008249  _SlDrvWaitForPoolObj                  
200083d9  PRCMCC3200MCUInit                     
200086c1  _SlDrvDataWriteOp                     
20008811  spi_Open                              
20008bd9  __aeabi_ddiv                          
20008d0f  __aeabi_idiv0                         
20008d0f  __aeabi_ldiv0                         
20008d11  sl_Send                               
20008e45  _SlDrvDriverCBDeinit                  
20009099  ldexp                                 
20009099  ldexpl                                
20009099  scalbn                                
20009099  scalbnl                               
200091a9  strtoul                               
200092b9  _SlDrvNetAppEventHandler              
200093bd  __aeabi_dmul                          
200094b9  aligned_alloc                         
200094b9  memalign                              
200095ad  sl_Stop                               
2000969d  spi_Read                              
2000978d  uDMAChannelTransferSet                
2000987d  sl_Start                              
20009a51  _SlDrvMsgReadSpawnCtx                 
20009b39  free                                  
20009c21  sl_NetAppMDNSRegisterUnregisterService
20009de1  realloc                               
20009eb9  sl_NetCfgGet                          
20009f91  _sl_HandleAsync_DnsGetHostByService   
2000a05d  sl_DevGet                             
2000a1ed  _SlDrvCmdOp                           
2000a361  _SlNonOsSemGet                        
2000a411  IntDisable                            
2000a4b9  IntEnable                             
2000a561  _SlDriverHandleError                  
2000a605  SPIConfigSetExpClk                    
2000a6a5  sl_Recv                               
2000a745  __aeabi_memcpy                        
2000a745  __aeabi_memcpy4                       
2000a745  __aeabi_memcpy8                       
2000a745  memcpy                                
2000a7e1  _SlDrvDeviceEventHandler              
2000a87d  sl_NetCfgSet                          
2000a915  sl_SetSockOpt                         
2000a9ad  sl_WlanSet                            
2000aa45  spi_Write                             
2000aadd  __aeabi_uldivmod                      
2000ab75  PRCMPeripheralClockGet                
2000ac09  _sl_HandleAsync_DnsGetHostByName      
2000ac99  _sl_HandleAsync_PingResponse          
2000ad29  sl_WlanPolicySet                      
2000aed1  _SlDrvIsTimeoutExpired                
2000af5d  _sl_HandleAsync_InitComplete          
2000afe9  sl_Socket                             
2000b075  PinConfigSet                          
2000b0fd  __aeabi_cdcmpeq                       
2000b0fd  __aeabi_cdcmple                       
2000b183  __aeabi_cdrcmple                      
2000b209  sl_WlanRxFilterSet                    
2000b28d  _sl_HandleAsync_Connect               
2000b489  __aeabi_memclr                        
2000b489  __aeabi_memclr4                       
2000b489  __aeabi_memclr8                       
2000b48b  __aeabi_memset                        
2000b48b  __aeabi_memset4                       
2000b48b  __aeabi_memset8                       
2000b491  memset                                
2000b505  spi_Close                             
2000b57d  UARTConfigSetExpClk                   
2000b5f5  _SlNonOsMainLoopTask                  
2000b6d9  _SlDrvCmdSend                         
2000b745  _sl_NetAppSendTokenValue              
2000b7b1  __TI_decompress_lzss                  
2000b819  sl_WlanRxStatGet                      
2000b881  _SlNonOsSpawn                         
2000b8e5  _sl_HandleAsync_Accept                
2000b949  frexp                                 
2000b949  frexpl                                
2000b9ad  sl_NetAppMDNSUnRegisterService        
2000ba11  uDMAChannelAttributeDisable           
2000ba75  uDMAChannelAttributeEnable            
2000bad9  sl_Close                              
2000bb39  sl_WlanProfileDel                     
2000bb99  sl_WlanSetMode                        
2000bbf9  IntPendClear                          
2000bc51  PRCMPeripheralReset                   
2000bd01  IntPrioritySet                        
2000bd55  _SlDrvRxIrqHandler                    
2000bda9  _sl_HandleAsync_Select                
2000bdfd  ltoa                                  
2000bea5  _sl_HandleAsync_Stop                  
2000bef5  SPIIntEnable                          
2000bf8d  _SlDrvProtectAsyncRespSetting         
2000bfd9  atoi                                  
2000c025  uDMAChannelAssign                     
2000c071  SPIIntClear                           
2000c0b9  _SlDrvBasicCmd                        
2000c101  __aeabi_d2iz                          
2000c18d  TimerConfigure                        
2000c1d1  _SlDrvSyncObjWaitTimeout              
2000c215  __TI_auto_init_nobinit_nopinit        
2000c29d  PinModeSet                            
2000c31d  vsnprintf                             
2000c35d  NwpRegisterInterruptHandler           
2000c415  PRCMPeripheralClkEnable               
2000c451  simplelink_timerA2_start              
2000c48d  uDMAChannelControlSet                 
2000c4c9  NwpPowerOff                           
2000c501  sl_WlanDisconnect                     
2000c539  sl_WlanRxStatStart                    
2000c571  sl_WlanRxStatStop                     
2000c5a9  PRCMPeripheralStatusGet               
2000c5dd  SPIFIFOLevelSet                       
2000c611  _c_int00_noargs                       
2000c645  UARTDisable                           
2000c6a5  __aeabi_i2d                           
2000c6d5  NwpPowerOn                            
2000c701  PRCMSysResetCauseGet                  
2000c759  _SlDrvProtectionObjLockWaitForever    
2000c785  TimerLoadSet                          
2000c7af  TimerPrescaleSet                      
2000c7d9  PRCMPeripheralClkDisable              
2000c801  _SlDrvGlobalObjUnLock                 
2000c829  _SlDrvProtectionObjUnLock             
2000c851  _SlDrvSyncObjWaitForever              
2000c8a1  _SlDrvObjLockWaitForever              
2000c8c9  DmaSpiSwIntHandler                    
2000c8ed  IntUnregister                         
2000c911  UARTEnable                            
2000c935  memmove                               
2000c959  SPIReset                              
2000c97b  SPIWordCountSet                       
2000c99d  IntRegister                           
2000c9bd  NwpPrePowerOffTimout0                 
2000c9dd  TimerGetCurrentTimestamp              
2000c9fd  _SlDrvObjUnLock                       
2000ca1d  _SlDrvSyncObjSignal                   
2000ca3d  TimerEnable                           
2000ca5b  UARTCharPut                           
2000ca97  TimerValueGet                         
2000cab3  UARTCharGetNonBlocking                
2000cacf  _SlDrvStartMeasureTimeout             
2000cb09  memccpy                               
2000cb25  PinMuxConfig                          
2000cb41  uDMAChannelEnable                     
2000cb5d  PinTypeUART                           
2000cb77  SPIDmaDisable                         
2000cb91  SPIDmaEnable                          
2000cbab  SPIFIFODisable                        
2000cbc5  SPIFIFOEnable                         
2000cbdf  SPIIntUnregister                      
2000cbf9  copysign                              
2000cbf9  copysignl                             
2000cc13  SPICSDisable                          
2000cc2b  SPICSEnable                           
2000cc43  SPIDisable                            
2000cc5b  SPIEnable                             
2000cc73  UARTCharsAvail                        
2000cc8b  _SlNonOsSemSet                        
2000ccd5  PRCMHIBRegRead                        
2000cceb  PRCMHIBRegWrite                       
2000cd01  UARTCharGet                           
2000cd17  _SlDrvMemZero                         
2000cd2d  strchr                                
2000cd43  CPUcpsie                              
2000cd59  IntVTableBaseSet                      
2000cd6d  strlen                                
2000cd81  __TI_zero_init_nomemset               
2000cd93  wcslen                                
2000cda5  _SlDrvDispatchHttpServerEvents        
2000cdb5  _SlDrvResetCmdExt                     
2000cdc3  __TI_decompress_none                  
2000cdd1  ResetISR                              
2000cde1  NwpMaskInterrupt                      
2000cded  NwpUnMaskInterrupt                    
2000cdf9  IntMasterEnable                       
2000ce05  __aeabi_errno_addr                    
2000ce0d  malloc                                
2000ce15  UtilsDelay                            
2000ce1b  _system_pre_init                      
2000ce1f  C$$EXIT                               
2000ce1f  abort                                 
2000cf46  _ctypes_                              
2000d344  OpcodeTranslateTable                  
2000d380  _SlActionLookupTable                  
2000d4f4  _SlNetAppSendTokenValueCmdCtrl        
2000d530  __TI_static_base__                    
2000d5a4  __TI_Handler_Table_Base               
2000d5b0  __TI_Handler_Table_Limit              
2000d5b8  __TI_CINIT_Base                       
2000d5c8  __TI_CINIT_Limit                      
20017000  _sys_memory                           
2001f000  ACK                                   
2001f122  Data                                  
2001f244  Hello                                 
2001f366  RawData_Ping                          
2001f488  g__SlNonOsCB                          
2001f4c4  g_SlDeviceStatus                      
2001f4c8  g_pCB                                 
2001f4cc  pPingCallBackFunc                     
2001f4d4  g_SpiFd                               
2001f4d8  g_pHostIntHdl                         
2001f4dc  g_ucDMAEnabled                        
2001f4e0  _lock                                 
2001f4e4  _unlock                               
2001f4f0  g_ulStatus                            
2001f4f4  g_ulGatewayIP                         
2001f4f8  errno                                 
2001f664  g_ucDinDout                           
2001f6b4  g_ucConnectionSSID                    
2001f6d8  g_ucConnectionBSSID                   
2001f6e4  RxIrqCnt                              
2001f6e5  g_bDeviceRestartIsRequired            
2001f6e6  g_cDummy                              
2002eb00  __stack                               
20030000  __STACK_END                           
ffffffff  __TI_pprof_out_hndl                   
ffffffff  __TI_prof_data_size                   
ffffffff  __TI_prof_data_start                  
ffffffff  __binit__                             
ffffffff  __c_args__                            
ffffffff  binit                                 
UNDEFED   __mpu_init                            
UNDEFED   _system_post_cinit                    

[246 symbols]
