******************************************************************************
                  TI ARM Linker PC v18.12.1                    
******************************************************************************
>> Linked Sat Apr  6 14:26:31 2019

OUTPUT FILE NAME:   <transmitter.out>
ENTRY POINT SYMBOL: "_c_int00_noargs"  address: 2000bcbd


MEMORY CONFIGURATION

         name            origin    length      used     unused   attr    fill
----------------------  --------  ---------  --------  --------  ----  --------
  SRAM_CODE             20004000   00013000  00008c56  0000a3aa  RW X
  SRAM_DATA             20017000   00019000  00009be7  0000f419  RW X


SEGMENT ALLOCATION MAP

run origin  load origin   length   init length attrs members
----------  ----------- ---------- ----------- ----- -------
20004000    20004000    00008c58   00008c58    r-x
  20004000    20004000    00000400   00000400    r-- .intvecs
  20004400    20004400    000080ce   000080ce    r-x .text
  2000c4d0    2000c4d0    000006f0   000006f0    r-- .const
  2000cbc0    2000cbc0    00000098   00000098    r-- .cinit
20017000    20017000    000086e7   00000000    rw-
  20017000    20017000    00008000   00000000    rw- .sysmem
  2001f000    2001f000    000004fc   00000000    rw- .data
  2001f4fc    2001f4fc    000001eb   00000000    rw- .bss
2002eb00    2002eb00    00001500   00000000    rw-
  2002eb00    2002eb00    00001500   00000000    rw- .stack


SECTION ALLOCATION MAP

 output                                  attributes/
section   page    origin      length       input sections
--------  ----  ----------  ----------   ----------------
.intvecs   0    20004000    00000400     
                  20004000    00000400     startup_ccs.obj (.intvecs)

.init_array 
*          0    20004000    00000000     UNINITIALIZED

.text      0    20004400    000080ce     
                  20004400    000014bc     main.obj (.text)
                  200058bc    00000a4e     rtsv7M4_T_le_v4SPD16_eabi.lib : _printfi.c.obj (.text:__TI_printfi)
                  2000630a    00000002     driverlib.a : interrupt.obj (.text:IntDefaultHandler)
                  2000630c    00000590     simplelink.a : driver.obj (.text:_SlDrvMsgRead)
                  2000689c    00000280     uart_if.obj (.text)
                  20006b1c    00000270     rtsv7M4_T_le_v4SPD16_eabi.lib : _printfi.c.obj (.text:_pconv_a)
                  20006d8c    0000024c     simplelink.a : driver.obj (.text:_SlDrvRxHdrRead)
                  20006fd8    000001e4                  : driver.obj (.text:_SlDrvDataReadOp)
                  200071bc    000001d0                  : driver.obj (.text:_SlDrvReleasePoolObj)
                  2000738c    000001d0     rtsv7M4_T_le_v4SPD16_eabi.lib : _printfi.c.obj (.text:_pconv_g)
                  2000755c    000001b6                                   : fd_add_t2.asm.obj (.text)
                  20007712    00000002                                   : _lock.c.obj (.text:_nop)
                  20007714    000001b4     simplelink.a : driver.obj (.text:_SlDrvDriverCBInit)
                  200078c8    0000019c                  : driver.obj (.text:_SlDrvMsgWrite)
                  20007a64    00000190                  : driver.obj (.text:_SlDrvWaitForPoolObj)
                  20007bf4    00000178     driverlib.a : prcm.obj (.text:PRCMCC3200MCUInit)
                  20007d6c    00000170     simplelink.a : driver.obj (.text:_SlFindAndSetActiveObj)
                  20007edc    00000150                  : driver.obj (.text:_SlDrvDataWriteOp)
                  2000802c    00000148                  : cc_pal.obj (.text:spi_Open)
                  20008174    00000144                  : driver.obj (.text:_SlDrvMsgReadCmdCtx)
                  200082b8    0000013c     rtsv7M4_T_le_v4SPD16_eabi.lib : _printfi.c.obj (.text:_pconv_e)
                  200083f4    00000136                                   : fd_div_t2.asm.obj (.text)
                  2000852a    00000002                                   : div0.asm.obj (.text)
                  2000852c    00000134     simplelink.a : socket.obj (.text:sl_Send)
                  20008660    00000130                  : driver.obj (.text:_SlDrvDriverCBDeinit)
                  20008790    00000124     rtsv7M4_T_le_v4SPD16_eabi.lib : _printfi.c.obj (.text:fcvt)
                  200088b4    00000110                                   : s_scalbn.c.obj (.text:scalbn)
                  200089c4    00000110                                   : strtoul.c.obj (.text:strtoul)
                  20008ad4    00000104     simplelink.a : netapp.obj (.text:_SlDrvNetAppEventHandler)
                  20008bd8    000000fc     rtsv7M4_T_le_v4SPD16_eabi.lib : fd_mul_t2.asm.obj (.text)
                  20008cd4    000000f4                                   : memory.c.obj (.text:aligned_alloc)
                  20008dc8    000000f0     simplelink.a : device.obj (.text:sl_Stop)
                  20008eb8    000000f0                  : cc_pal.obj (.text:spi_Read)
                  20008fa8    000000f0     driverlib.a : udma.obj (.text:uDMAChannelTransferSet)
                  20009098    000000ec     simplelink.a : device.obj (.text:sl_Start)
                  20009184    000000e8                  : driver.obj (.text:_SlAsyncEventGenericHandler)
                  2000926c    000000e8                  : driver.obj (.text:_SlDrvMsgReadSpawnCtx)
                  20009354    000000e8     rtsv7M4_T_le_v4SPD16_eabi.lib : memory.c.obj (.text:free)
                  2000943c    000000e4     simplelink.a : netapp.obj (.text:sl_NetAppMDNSRegisterUnregisterService)
                  20009520    000000dc                  : driver.obj (.text:_SlDrvClassifyRxMsg)
                  200095fc    000000d8     rtsv7M4_T_le_v4SPD16_eabi.lib : memory.c.obj (.text:realloc)
                  200096d4    000000d8     simplelink.a : netcfg.obj (.text:sl_NetCfgGet)
                  200097ac    000000cc                  : netapp.obj (.text:_sl_HandleAsync_DnsGetHostByService)
                  20009878    000000cc                  : device.obj (.text:sl_DevGet)
                  20009944    000000c4                  : driver.obj (.text:_SlRemoveFromList)
                  20009a08    000000c0                  : driver.obj (.text:_SlDrvCmdOp)
                  20009ac8    000000b1     rtsv7M4_T_le_v4SPD16_eabi.lib : _printfi.c.obj (.text:_ltostr)
                  20009b79    00000003     --HOLE-- [fill = 0]
                  20009b7c    000000b0     simplelink.a : nonos.obj (.text:_SlNonOsSemGet)
                  20009c2c    000000a8     driverlib.a : interrupt.obj (.text:IntDisable)
                  20009cd4    000000a8                 : interrupt.obj (.text:IntEnable)
                  20009d7c    000000a4     simplelink.a : driver.obj (.text:_SlDriverHandleError)
                  20009e20    000000a0     driverlib.a : spi.obj (.text:SPIConfigSetExpClk)
                  20009ec0    000000a0     simplelink.a : socket.obj (.text:sl_Recv)
                  20009f60    0000009c     rtsv7M4_T_le_v4SPD16_eabi.lib : memcpy_t2.asm.obj (.text)
                  20009ffc    0000009a     simplelink.a : device.obj (.text:_SlDrvDeviceEventHandler)
                  2000a096    00000002     --HOLE-- [fill = 0]
                  2000a098    00000098                  : netcfg.obj (.text:sl_NetCfgSet)
                  2000a130    00000098                  : wlan.obj (.text:sl_WlanSet)
                  2000a1c8    00000098                  : cc_pal.obj (.text:spi_Write)
                  2000a260    00000096     rtsv7M4_T_le_v4SPD16_eabi.lib : ull_div_t2.asm.obj (.text)
                  2000a2f6    00000002     --HOLE-- [fill = 0]
                  2000a2f8    00000094     driverlib.a : prcm.obj (.text:PRCMPeripheralClockGet)
                  2000a38c    00000090     simplelink.a : netapp.obj (.text:_sl_HandleAsync_DnsGetHostByName)
                  2000a41c    00000090                  : netapp.obj (.text:_sl_HandleAsync_PingResponse)
                  2000a4ac    00000090                  : wlan.obj (.text:sl_WlanPolicySet)
                  2000a53c    0000008c                  : cc_pal.obj (.text:SetupDMAReceive)
                  2000a5c8    0000008c                  : cc_pal.obj (.text:SetupDMASend)
                  2000a654    0000008c                  : driver.obj (.text:_SlDrvIsTimeoutExpired)
                  2000a6e0    0000008c                  : device.obj (.text:_sl_HandleAsync_InitComplete)
                  2000a76c    0000008c                  : socket.obj (.text:sl_Socket)
                  2000a7f8    00000088     driverlib.a : pin.obj (.text:PinConfigSet)
                  2000a880    00000086     rtsv7M4_T_le_v4SPD16_eabi.lib : fd_cmp_t2.asm.obj (.text:__aeabi_cdcmple)
                  2000a906    00000086                                   : fd_cmp_t2.asm.obj (.text:__aeabi_cdrcmple)
                  2000a98c    00000084     simplelink.a : wlan.obj (.text:sl_WlanRxFilterSet)
                  2000aa10    00000080                  : socket.obj (.text:_sl_HandleAsync_Connect)
                  2000aa90    00000080                  : cc_pal.obj (.text:spi_Read_CPU)
                  2000ab10    00000080                  : cc_pal.obj (.text:spi_Write_CPU)
                  2000ab90    0000007c     rtsv7M4_T_le_v4SPD16_eabi.lib : memory.c.obj (.text:split)
                  2000ac0c    0000007a                                   : memset_t2.asm.obj (.text)
                  2000ac86    00000002     --HOLE-- [fill = 0]
                  2000ac88    00000078     simplelink.a : cc_pal.obj (.text:spi_Close)
                  2000ad00    00000076     driverlib.a : uart.obj (.text:UARTConfigSetExpClk)
                  2000ad76    00000002     --HOLE-- [fill = 0]
                  2000ad78    00000074     simplelink.a : nonos.obj (.text:_SlNonOsMainLoopTask)
                  2000adec    0000006e     rtsv7M4_T_le_v4SPD16_eabi.lib : _printfi.c.obj (.text:_mcpy)
                  2000ae5a    00000002     --HOLE-- [fill = 0]
                  2000ae5c    0000006c     simplelink.a : driver.obj (.text:_SlDrvCmdSend)
                  2000aec8    0000006c                  : netapp.obj (.text:_sl_NetAppSendTokenValue)
                  2000af34    00000068     rtsv7M4_T_le_v4SPD16_eabi.lib : copy_decompress_lzss.c.obj (.text:decompress:lzss:__TI_decompress_lzss)
                  2000af9c    00000064     simplelink.a : nonos.obj (.text:_SlNonOsSpawn)
                  2000b000    00000064                  : socket.obj (.text:_sl_HandleAsync_Accept)
                  2000b064    00000064     rtsv7M4_T_le_v4SPD16_eabi.lib : s_frexp.c.obj (.text:frexp)
                  2000b0c8    00000064     simplelink.a : netapp.obj (.text:sl_NetAppMDNSUnRegisterService)
                  2000b12c    00000064     driverlib.a : udma.obj (.text:uDMAChannelAttributeDisable)
                  2000b190    00000064                 : udma.obj (.text:uDMAChannelAttributeEnable)
                  2000b1f4    00000060     simplelink.a : socket.obj (.text:sl_Close)
                  2000b254    00000060                  : wlan.obj (.text:sl_WlanProfileDel)
                  2000b2b4    00000060                  : wlan.obj (.text:sl_WlanSetMode)
                  2000b314    00000058     driverlib.a : interrupt.obj (.text:IntPendClear)
                  2000b36c    00000058                 : prcm.obj (.text:PRCMPeripheralReset)
                  2000b3c4    00000056     rtsv7M4_T_le_v4SPD16_eabi.lib : _printfi.c.obj (.text:_pconv_f)
                  2000b41a    00000002     --HOLE-- [fill = 0]
                  2000b41c    00000054     driverlib.a : interrupt.obj (.text:IntPrioritySet)
                  2000b470    00000054     simplelink.a : driver.obj (.text:_SlDrvRxIrqHandler)
                  2000b4c4    00000054                  : socket.obj (.text:_sl_HandleAsync_Select)
                  2000b518    00000054     rtsv7M4_T_le_v4SPD16_eabi.lib : ltoa.c.obj (.text:ltoa)
                  2000b56c    00000052                                   : _printfi.c.obj (.text:_ecpy)
                  2000b5be    00000002     --HOLE-- [fill = 0]
                  2000b5c0    00000050     simplelink.a : device.obj (.text:_sl_HandleAsync_Stop)
                  2000b610    0000004c     driverlib.a : spi.obj (.text:SPIIntEnable)
                  2000b65c    0000004c                 : spi.obj (.text:SPIIntNumberGet)
                  2000b6a8    0000004c     simplelink.a : driver.obj (.text:_SlDrvProtectAsyncRespSetting)
                  2000b6f4    0000004c     rtsv7M4_T_le_v4SPD16_eabi.lib : atoi.c.obj (.text:atoi)
                  2000b740    0000004c     driverlib.a : udma.obj (.text:uDMAChannelAssign)
                  2000b78c    00000048                 : spi.obj (.text:SPIIntClear)
                  2000b7d4    00000048     simplelink.a : driver.obj (.text:_SlDrvBasicCmd)
                  2000b81c    00000048     rtsv7M4_T_le_v4SPD16_eabi.lib : fd_toi_t2.asm.obj (.text)
                  2000b864    00000044     driverlib.a : spi.obj (.text:SPIDmaMaskGet)
                  2000b8a8    00000044                 : timer.obj (.text:TimerConfigure)
                  2000b8ec    00000044     simplelink.a : driver.obj (.text:_SlDrvSyncObjWaitTimeout)
                  2000b930    00000044     rtsv7M4_T_le_v4SPD16_eabi.lib : autoinit.c.obj (.text:__TI_auto_init_nobinit_nopinit:__TI_auto_init_nobinit_nopinit)
                  2000b974    00000044     simplelink.a : cc_pal.obj (.text:cc_SetupTransfer)
                  2000b9b8    00000040     driverlib.a : pin.obj (.text:PinModeSet)
                  2000b9f8    00000040     simplelink.a : socket.obj (.text:_sl_TruncatePayloadByProtocol)
                  2000ba38    00000040     rtsv7M4_T_le_v4SPD16_eabi.lib : vsnprintf.c.obj (.text:vsnprintf)
                  2000ba78    0000003e     simplelink.a : cc_pal.obj (.text:NwpRegisterInterruptHandler)
                  2000bab6    0000003e     rtsv7M4_T_le_v4SPD16_eabi.lib : _printfi.c.obj (.text:_fcpy)
                  2000baf4    0000003c     simplelink.a : netapp.obj (.text:CopyPingResultsToReport)
                  2000bb30    0000003c     driverlib.a : prcm.obj (.text:PRCMPeripheralClkEnable)
                  2000bb6c    0000003c     simplelink.a : cc_pal.obj (.text:simplelink_timerA2_start)
                  2000bba8    0000003c     driverlib.a : udma.obj (.text:uDMAChannelControlSet)
                  2000bbe4    00000038     simplelink.a : cc_pal.obj (.text:NwpPowerOff)
                  2000bc1c    00000038                  : wlan.obj (.text:sl_WlanDisconnect)
                  2000bc54    00000034     driverlib.a : prcm.obj (.text:PRCMPeripheralStatusGet)
                  2000bc88    00000034                 : spi.obj (.text:SPIFIFOLevelSet)
                  2000bcbc    00000034     rtsv7M4_T_le_v4SPD16_eabi.lib : boot_cortex_m.c.obj (.text:_c_int00_noargs:_c_int00_noargs)
                  2000bcf0    00000030     driverlib.a : uart.obj (.text:UARTDisable)
                  2000bd20    00000030     rtsv7M4_T_le_v4SPD16_eabi.lib : vsnprintf.c.obj (.text:_outs)
                  2000bd50    0000002e                                   : i_tofd_t2.asm.obj (.text)
                  2000bd7e    00000002     --HOLE-- [fill = 0]
                  2000bd80    0000002c     simplelink.a : cc_pal.obj (.text:NwpPowerOn)
                  2000bdac    0000002c     driverlib.a : prcm.obj (.text:PRCMSysResetCauseGet)
                  2000bdd8    0000002c     simplelink.a : driver.obj (.text:_SlDrvObjGlobalLockWaitForever)
                  2000be04    0000002c                  : driver.obj (.text:_SlDrvProtectionObjLockWaitForever)
                  2000be30    0000002a     driverlib.a : timer.obj (.text:TimerLoadSet)
                  2000be5a    0000002a                 : timer.obj (.text:TimerPrescaleSet)
                  2000be84    00000028                 : prcm.obj (.text:PRCMPeripheralClkDisable)
                  2000beac    00000028     simplelink.a : driver.obj (.text:_SlDrvGlobalObjUnLock)
                  2000bed4    00000028                  : driver.obj (.text:_SlDrvProtectionObjUnLock)
                  2000befc    00000028                  : driver.obj (.text:_SlDrvSyncObjWaitForever)
                  2000bf24    00000028     rtsv7M4_T_le_v4SPD16_eabi.lib : memory.c.obj (.text:free_list_insert)
                  2000bf4c    00000026     simplelink.a : driver.obj (.text:_SlDrvObjLockWaitForever)
                  2000bf72    00000002     --HOLE-- [fill = 0]
                  2000bf74    00000024                  : cc_pal.obj (.text:DmaSpiSwIntHandler)
                  2000bf98    00000024     driverlib.a : interrupt.obj (.text:IntUnregister)
                  2000bfbc    00000024                 : uart.obj (.text:UARTEnable)
                  2000bfe0    00000024     rtsv7M4_T_le_v4SPD16_eabi.lib : memmov.c.obj (.text:memmove)
                  2000c004    00000022     driverlib.a : spi.obj (.text:SPIReset)
                  2000c026    00000022                 : spi.obj (.text:SPIWordCountSet)
                  2000c048    00000020                 : interrupt.obj (.text:IntRegister)
                  2000c068    00000020     simplelink.a : cc_pal.obj (.text:NwpPrePowerOffTimout0)
                  2000c088    00000020                  : cc_pal.obj (.text:TimerGetCurrentTimestamp)
                  2000c0a8    00000020                  : driver.obj (.text:_SlDrvObjUnLock)
                  2000c0c8    00000020                  : driver.obj (.text:_SlDrvSyncObjSignal)
                  2000c0e8    0000001e     driverlib.a : timer.obj (.text:TimerEnable)
                  2000c106    0000001e                 : uart.obj (.text:UARTCharPut)
                  2000c124    0000001e     simplelink.a : cc_pal.obj (.text:cc_UDMAChannelSelect)
                  2000c142    0000001c     driverlib.a : timer.obj (.text:TimerValueGet)
                  2000c15e    0000001c                 : uart.obj (.text:UARTCharGetNonBlocking)
                  2000c17a    0000001c     simplelink.a : driver.obj (.text:_SlDrvStartMeasureTimeout)
                  2000c196    00000002     --HOLE-- [fill = 0]
                  2000c198    0000001c     rtsv7M4_T_le_v4SPD16_eabi.lib : memory.c.obj (.text:free_list_remove)
                  2000c1b4    0000001c                                   : memccpy.c.obj (.text:memccpy)
                  2000c1d0    0000001c     pinmux.obj (.text)
                  2000c1ec    0000001c     driverlib.a : udma.obj (.text:uDMAChannelEnable)
                  2000c208    0000001a                 : pin.obj (.text:PinTypeUART)
                  2000c222    0000001a                 : spi.obj (.text:SPIDmaDisable)
                  2000c23c    0000001a                 : spi.obj (.text:SPIDmaEnable)
                  2000c256    0000001a                 : spi.obj (.text:SPIFIFODisable)
                  2000c270    0000001a                 : spi.obj (.text:SPIFIFOEnable)
                  2000c28a    0000001a                 : spi.obj (.text:SPIIntUnregister)
                  2000c2a4    0000001a     rtsv7M4_T_le_v4SPD16_eabi.lib : s_copysign.c.obj (.text:copysign)
                  2000c2be    00000018     driverlib.a : spi.obj (.text:SPICSDisable)
                  2000c2d6    00000018                 : spi.obj (.text:SPICSEnable)
                  2000c2ee    00000018                 : spi.obj (.text:SPIDisable)
                  2000c306    00000018                 : spi.obj (.text:SPIEnable)
                  2000c31e    00000018                 : uart.obj (.text:UARTCharsAvail)
                  2000c336    00000018     simplelink.a : nonos.obj (.text:_SlNonOsSemSet)
                  2000c34e    00000018     rtsv7M4_T_le_v4SPD16_eabi.lib : vsnprintf.c.obj (.text:_outc)
                  2000c366    00000002     --HOLE-- [fill = 0]
                  2000c368    00000018     simplelink.a : device.obj (.text:_sl_GetStartResponseConvert)
                  2000c380    00000016     driverlib.a : prcm.obj (.text:PRCMHIBRegRead)
                  2000c396    00000016                 : prcm.obj (.text:PRCMHIBRegWrite)
                  2000c3ac    00000016                 : uart.obj (.text:UARTCharGet)
                  2000c3c2    00000016     simplelink.a : driver.obj (.text:_SlDrvMemZero)
                  2000c3d8    00000016     rtsv7M4_T_le_v4SPD16_eabi.lib : strchr.c.obj (.text:strchr)
                  2000c3ee    00000014     driverlib.a : cpu.obj (.text:CPUcpsie)
                  2000c402    00000002     --HOLE-- [fill = 0]
                  2000c404    00000014                 : interrupt.obj (.text:IntVTableBaseSet)
                  2000c418    00000014     rtsv7M4_T_le_v4SPD16_eabi.lib : strlen.c.obj (.text:strlen)
                  2000c42c    00000012                                   : copy_zero_init.c.obj (.text:decompress:ZI:__TI_zero_init_nomemset:__TI_zero_init_nomemset)
                  2000c43e    00000012                                   : wcslen.c.obj (.text:wcslen)
                  2000c450    00000010     simplelink.a : driver.obj (.text:_SlDrvDispatchHttpServerEvents)
                  2000c460    0000000e                  : driver.obj (.text:_SlDrvResetCmdExt)
                  2000c46e    0000000e     rtsv7M4_T_le_v4SPD16_eabi.lib : copy_decompress_none.c.obj (.text:decompress:none:__TI_decompress_none)
                  2000c47c    0000000e     startup_ccs.obj (.text)
                  2000c48a    00000002     --HOLE-- [fill = 0]
                  2000c48c    0000000c     simplelink.a : cc_pal.obj (.text:NwpMaskInterrupt)
                  2000c498    0000000c                  : cc_pal.obj (.text:NwpUnMaskInterrupt)
                  2000c4a4    0000000a     driverlib.a : interrupt.obj (.text:IntMasterEnable)
                  2000c4ae    00000002     --HOLE-- [fill = 0]
                  2000c4b0    00000008     rtsv7M4_T_le_v4SPD16_eabi.lib : errno.c.obj (.text:__aeabi_errno_addr)
                  2000c4b8    00000008                                   : memory.c.obj (.text:malloc)
                  2000c4c0    00000006     driverlib.a : utils.obj (.text:UtilsDelay)
                  2000c4c6    00000004     rtsv7M4_T_le_v4SPD16_eabi.lib : pre_init.c.obj (.text:_system_pre_init)
                  2000c4ca    00000004                                   : exit.c.obj (.text:abort:abort)

.const     0    2000c4d0    000006f0     
                  2000c4d0    00000122     main.obj (.const:.string:$P$T4$5)
                  2000c5f2    00000101     rtsv7M4_T_le_v4SPD16_eabi.lib : ctype.c.obj (.const:.string:_ctypes_)
                  2000c6f3    00000001     --HOLE-- [fill = 0]
                  2000c6f4    00000100     driverlib.a : pin.obj (.const:g_ulPinToPadMap)
                  2000c7f4    000000d4                 : interrupt.obj (.const:g_pulRegs)
                  2000c8c8    000000a8                 : prcm.obj (.const:PRCM_PeriphRegsList)
                  2000c970    00000080                 : interrupt.obj (.const)
                  2000c9f0    0000003c     simplelink.a : driver.obj (.const:OpcodeTranslateTable)
                  2000ca2c    00000038                  : driver.obj (.const:_SlActionLookupTable)
                  2000ca64    0000002c     main.obj (.const:$P$T1$2)
                  2000ca90    00000024     driverlib.a : spi.obj (.const:g_ppulSPIIntMap)
                  2000cab4    00000022     main.obj (.const:.string:$P$T0$1)
                  2000cad6    00000002     --HOLE-- [fill = 0]
                  2000cad8    00000020     simplelink.a : driver.obj (.const:RxMsgClassLUT)
                  2000caf8    00000018     driverlib.a : spi.obj (.const)
                  2000cb10    00000014     simplelink.a : driver.obj (.const:$P$T0$1)
                  2000cb24    00000014                  : nonos.obj (.const:$P$T0$1)
                  2000cb38    00000014     main.obj (.const:$P$T2$3)
                  2000cb4c    00000010     simplelink.a : socket.obj (.const:.string:_SlPayloadByProtocolLUT)
                  2000cb5c    0000000e     main.obj (.const:.string:$P$T3$4)
                  2000cb6a    00000008     simplelink.a : device.obj (.const:StartResponseLUT)
                  2000cb72    00000002     --HOLE-- [fill = 0]
                  2000cb74    00000008                  : driver.obj (.const:g_H2NCnysPattern)
                  2000cb7c    00000008                  : driver.obj (.const:g_H2NSyncPattern)
                  2000cb84    00000004                  : device.obj (.const:_SlDeviceGetCmdCtrl)
                  2000cb88    00000004                  : netapp.obj (.const:_SlNetAppSendTokenValueCmdCtrl)
                  2000cb8c    00000004                  : netcfg.obj (.const:_SlNetCfgGetCmdCtrl)
                  2000cb90    00000004                  : netcfg.obj (.const:_SlNetCfgSetCmdCtrl)
                  2000cb94    00000004                  : wlan.obj (.const:_SlPolicySetCmdCtrl)
                  2000cb98    00000004                  : wlan.obj (.const:_SlProfileDelCmdCtrl)
                  2000cb9c    00000004                  : socket.obj (.const:_SlRecvCmdCtrl)
                  2000cba0    00000004                  : netapp.obj (.const:_SlRegisterServiceCtrl)
                  2000cba4    00000004                  : wlan.obj (.const:_SlRxFilterSetCmdCtrl)
                  2000cba8    00000004                  : socket.obj (.const:_SlSendCmdCtrl)
                  2000cbac    00000004                  : socket.obj (.const:_SlSockCloseCmdCtrl)
                  2000cbb0    00000004                  : socket.obj (.const:_SlSockSocketCmdCtrl)
                  2000cbb4    00000004                  : device.obj (.const:_SlStopCmdCtrl)
                  2000cbb8    00000004                  : wlan.obj (.const:_SlWlanCfgSetCmdCtrl)
                  2000cbbc    00000004                  : wlan.obj (.const:_SlWlanSetModeCmdCtrl)

.cinit     0    2000cbc0    00000098     
                  2000cbc0    00000072     (.cinit..data.load) [load image, compression = lzss]
                  2000cc32    00000002     --HOLE-- [fill = 0]
                  2000cc34    0000000c     (__TI_handler_table)
                  2000cc40    00000008     (.cinit..bss.load) [load image, compression = zero_init]
                  2000cc48    00000010     (__TI_cinit_table)

.sysmem    0    20017000    00008000     UNINITIALIZED
                  20017000    00000010     rtsv7M4_T_le_v4SPD16_eabi.lib : memory.c.obj (.sysmem)
                  20017010    00007ff0     --HOLE--

.data      0    2001f000    000004fc     UNINITIALIZED
                  2001f000    00000122     main.obj (.data:ACK)
                  2001f122    00000122     main.obj (.data:Data)
                  2001f244    00000122     main.obj (.data:Hello)
                  2001f366    00000122     main.obj (.data:RawData_Ping)
                  2001f488    0000003c     simplelink.a : nonos.obj (.data:g__SlNonOsCB)
                  2001f4c4    0000000d                  : driver.obj (.data)
                  2001f4d1    00000003     --HOLE--
                  2001f4d4    00000009                  : cc_pal.obj (.data)
                  2001f4dd    00000003     --HOLE--
                  2001f4e0    00000008     rtsv7M4_T_le_v4SPD16_eabi.lib : _lock.c.obj (.data:$O1$$)
                  2001f4e8    00000008                                   : memory.c.obj (.data:$O1$$)
                  2001f4f0    00000008     main.obj (.data)
                  2001f4f8    00000004     rtsv7M4_T_le_v4SPD16_eabi.lib : errno.c.obj (.data)

.bss       0    2001f4fc    000001eb     UNINITIALIZED
                  2001f4fc    00000168     simplelink.a : driver.obj (.bss:g_StatMem)
                  2001f664    00000050     (.common:g_ucDinDout)
                  2001f6b4    00000024     (.common:g_ucConnectionSSID)
                  2001f6d8    00000008     (.common:g_ucConnectionBSSID)
                  2001f6e0    00000004     uart_if.obj (.bss)
                  2001f6e4    00000001     (.common:RxIrqCnt)
                  2001f6e5    00000001     (.common:g_bDeviceRestartIsRequired)
                  2001f6e6    00000001     (.common:g_cDummy)

.stack     0    2002eb00    00001500     UNINITIALIZED
                  2002eb00    00000004     rtsv7M4_T_le_v4SPD16_eabi.lib : boot_cortex_m.c.obj (.stack)
                  2002eb04    000014fc     --HOLE--

MODULE SUMMARY

       Module                       code    ro data   rw data
       ------                       ----    -------   -------
    .\
       main.obj                     5308    402       1212   
       startup_ccs.obj              14      1024      0      
       uart_if.obj                  640     0         4      
       pinmux.obj                   28      0         0      
    +--+----------------------------+-------+---------+---------+
       Total:                       5990    1426      1216   
                                                             
    C:/ti/CC3200SDK_1.3.0/cc3200-sdk/driverlib/ccs/Release/driverlib.a
       prcm.obj                     852     168       0      
       interrupt.obj                608     340       0      
       spi.obj                      798     60        0      
       udma.obj                     604     0         0      
       pin.obj                      226     256       0      
       uart.obj                     306     0         0      
       timer.obj                    210     0         0      
       cpu.obj                      20      0         0      
       utils.obj                    6       0         0      
    +--+----------------------------+-------+---------+---------+
       Total:                       3630    824       0      
                                                             
    C:/ti/CC3200SDK_1.3.0/cc3200-sdk/simplelink/ccs/NON_OS/simplelink.a
       driver.obj                   7714    184       375    
       cc_pal.obj                   1820    0         90     
       netapp.obj                   1248    8         0      
       socket.obj                   1080    32        0      
       device.obj                   1078    16        0      
       wlan.obj                     676     20        0      
       nonos.obj                    416     20        60     
       netcfg.obj                   368     8         0      
    +--+----------------------------+-------+---------+---------+
       Total:                       14400   288       525    
                                                             
    C:\ti\ccs900\ccs\tools\compiler\ti-cgt-arm_18.12.1.LTS\lib\rtsv7M4_T_le_v4SPD16_eabi.lib
       _printfi.c.obj               4851    0         0      
       memory.c.obj                 892     0         8      
       fd_add_t2.asm.obj            438     0         0      
       fd_div_t2.asm.obj            310     0         0      
       s_scalbn.c.obj               272     0         0      
       strtoul.c.obj                272     0         0      
       fd_cmp_t2.asm.obj            268     0         0      
       ctype.c.obj                  0       257       0      
       fd_mul_t2.asm.obj            252     0         0      
       memcpy_t2.asm.obj            156     0         0      
       ull_div_t2.asm.obj           150     0         0      
       vsnprintf.c.obj              136     0         0      
       memset_t2.asm.obj            122     0         0      
       copy_decompress_lzss.c.obj   104     0         0      
       s_frexp.c.obj                100     0         0      
       ltoa.c.obj                   84      0         0      
       atoi.c.obj                   76      0         0      
       fd_toi_t2.asm.obj            72      0         0      
       autoinit.c.obj               68      0         0      
       boot_cortex_m.c.obj          52      0         0      
       i_tofd_t2.asm.obj            46      0         0      
       memmov.c.obj                 36      0         0      
       memccpy.c.obj                28      0         0      
       s_copysign.c.obj             26      0         0      
       strchr.c.obj                 22      0         0      
       strlen.c.obj                 20      0         0      
       copy_zero_init.c.obj         18      0         0      
       wcslen.c.obj                 18      0         0      
       copy_decompress_none.c.obj   14      0         0      
       errno.c.obj                  8       0         4      
       _lock.c.obj                  2       0         8      
       exit.c.obj                   4       0         0      
       pre_init.c.obj               4       0         0      
       div0.asm.obj                 2       0         0      
    +--+----------------------------+-------+---------+---------+
       Total:                       8923    257       20     
                                                             
       Heap:                        0       0         32768  
       Stack:                       0       0         5376   
       Linker Generated:            0       150       0      
    +--+----------------------------+-------+---------+---------+
       Grand Total:                 32943   2945      39905  


LINKER GENERATED COPY TABLES

__TI_cinit_table @ 2000cc48 records: 2, size/record: 8, table size: 16
	.data: load addr=2000cbc0, load size=00000072 bytes, run addr=2001f000, run size=000004fc bytes, compression=lzss
	.bss: load addr=2000cc40, load size=00000008 bytes, run addr=2001f4fc, run size=000001eb bytes, compression=zero_init


LINKER GENERATED HANDLER TABLE

__TI_handler_table @ 2000cc34 records: 3, size/record: 4, table size: 12
	index: 0, handler: __TI_decompress_lzss
	index: 1, handler: __TI_decompress_none
	index: 2, handler: __TI_zero_init


GLOBAL SYMBOLS: SORTED ALPHABETICALLY BY Name 

address   name                                  
-------   ----                                  
2001f000  ACK                                   
2000c4cb  C$$EXIT                               
2000c3ef  CPUcpsie                              
200068dd  ClearTerm                             
2001f122  Data                                  
2000bf75  DmaSpiSwIntHandler                    
200068e7  Error                                 
2000691f  GetCmd                                
2001f244  Hello                                 
2000689d  InitTerm                              
20009c2d  IntDisable                            
20009cd5  IntEnable                             
2000c4a5  IntMasterEnable                       
2000b315  IntPendClear                          
2000b41d  IntPrioritySet                        
2000c049  IntRegister                           
2000bf99  IntUnregister                         
2000c405  IntVTableBaseSet                      
200068bb  Message                               
2000c48d  NwpMaskInterrupt                      
2000bbe5  NwpPowerOff                           
2000bd81  NwpPowerOn                            
2000c069  NwpPrePowerOffTimout0                 
2000ba79  NwpRegisterInterruptHandler           
2000c499  NwpUnMaskInterrupt                    
2000c9f0  OpcodeTranslateTable                  
20007bf5  PRCMCC3200MCUInit                     
2000c381  PRCMHIBRegRead                        
2000c397  PRCMHIBRegWrite                       
2000be85  PRCMPeripheralClkDisable              
2000bb31  PRCMPeripheralClkEnable               
2000a2f9  PRCMPeripheralClockGet                
2000b36d  PRCMPeripheralReset                   
2000bc55  PRCMPeripheralStatusGet               
2000bdad  PRCMSysResetCauseGet                  
2000a7f9  PinConfigSet                          
2000b9b9  PinModeSet                            
2000c1d1  PinMuxConfig                          
2000c209  PinTypeUART                           
2001f366  RawData_Ping                          
20006a5d  Report                                
2000c47d  ResetISR                              
2001f6e4  RxIrqCnt                              
2000c2bf  SPICSDisable                          
2000c2d7  SPICSEnable                           
20009e21  SPIConfigSetExpClk                    
2000c2ef  SPIDisable                            
2000c223  SPIDmaDisable                         
2000c23d  SPIDmaEnable                          
2000c307  SPIEnable                             
2000c257  SPIFIFODisable                        
2000c271  SPIFIFOEnable                         
2000bc89  SPIFIFOLevelSet                       
2000b78d  SPIIntClear                           
2000b611  SPIIntEnable                          
2000c28b  SPIIntUnregister                      
2000c005  SPIReset                              
2000c027  SPIWordCountSet                       
200045c9  SimpleLinkGeneralEventHandler         
200045a1  SimpleLinkHttpServerCallback          
20004509  SimpleLinkNetAppEventHandler          
200045df  SimpleLinkSockEventHandler            
20004401  SimpleLinkWlanEventHandler            
2000b8a9  TimerConfigure                        
2000c0e9  TimerEnable                           
2000c089  TimerGetCurrentTimestamp              
2000be31  TimerLoadSet                          
2000be5b  TimerPrescaleSet                      
2000c143  TimerValueGet                         
20005269  TransceiverModeRx                     
200069c5  TrimSpace                             
2000c3ad  UARTCharGet                           
2000c15f  UARTCharGetNonBlocking                
2000c107  UARTCharPut                           
2000c31f  UARTCharsAvail                        
2000ad01  UARTConfigSetExpClk                   
2000bcf1  UARTDisable                           
2000bfbd  UARTEnable                            
2000c4c1  UtilsDelay                            
2000ca2c  _SlActionLookupTable                  
20009d7d  _SlDriverHandleError                  
2000b7d5  _SlDrvBasicCmd                        
20009a09  _SlDrvCmdOp                           
2000ae5d  _SlDrvCmdSend                         
20006fd9  _SlDrvDataReadOp                      
20007edd  _SlDrvDataWriteOp                     
20009ffd  _SlDrvDeviceEventHandler              
2000c451  _SlDrvDispatchHttpServerEvents        
20008661  _SlDrvDriverCBDeinit                  
20007715  _SlDrvDriverCBInit                    
2000bead  _SlDrvGlobalObjUnLock                 
2000a655  _SlDrvIsTimeoutExpired                
2000c3c3  _SlDrvMemZero                         
2000926d  _SlDrvMsgReadSpawnCtx                 
20008ad5  _SlDrvNetAppEventHandler              
2000bf4d  _SlDrvObjLockWaitForever              
2000c0a9  _SlDrvObjUnLock                       
2000b6a9  _SlDrvProtectAsyncRespSetting         
2000be05  _SlDrvProtectionObjLockWaitForever    
2000bed5  _SlDrvProtectionObjUnLock             
200071bd  _SlDrvReleasePoolObj                  
2000c461  _SlDrvResetCmdExt                     
2000b471  _SlDrvRxIrqHandler                    
2000c17b  _SlDrvStartMeasureTimeout             
2000c0c9  _SlDrvSyncObjSignal                   
2000befd  _SlDrvSyncObjWaitForever              
2000b8ed  _SlDrvSyncObjWaitTimeout              
20007a65  _SlDrvWaitForPoolObj                  
2000cb88  _SlNetAppSendTokenValueCmdCtrl        
2000ad79  _SlNonOsMainLoopTask                  
20009b7d  _SlNonOsSemGet                        
2000c337  _SlNonOsSemSet                        
2000af9d  _SlNonOsSpawn                         
20030000  __STACK_END                           
00001500  __STACK_SIZE                          
00008000  __SYSMEM_SIZE                         
2000cc48  __TI_CINIT_Base                       
2000cc58  __TI_CINIT_Limit                      
2000cc34  __TI_Handler_Table_Base               
2000cc40  __TI_Handler_Table_Limit              
2000b931  __TI_auto_init_nobinit_nopinit        
2000af35  __TI_decompress_lzss                  
2000c46f  __TI_decompress_none                  
ffffffff  __TI_pprof_out_hndl                   
200058bd  __TI_printfi                          
ffffffff  __TI_prof_data_size                   
ffffffff  __TI_prof_data_start                  
2000cbc0  __TI_static_base__                    
2000c42d  __TI_zero_init_nomemset               
2000a881  __aeabi_cdcmpeq                       
2000a881  __aeabi_cdcmple                       
2000a907  __aeabi_cdrcmple                      
2000b81d  __aeabi_d2iz                          
20007567  __aeabi_dadd                          
200083f5  __aeabi_ddiv                          
20008bd9  __aeabi_dmul                          
2000755d  __aeabi_dsub                          
2000c4b1  __aeabi_errno_addr                    
2000bd51  __aeabi_i2d                           
2000852b  __aeabi_idiv0                         
2000852b  __aeabi_ldiv0                         
2000ac0d  __aeabi_memclr                        
2000ac0d  __aeabi_memclr4                       
2000ac0d  __aeabi_memclr8                       
20009f61  __aeabi_memcpy                        
20009f61  __aeabi_memcpy4                       
20009f61  __aeabi_memcpy8                       
2000ac0f  __aeabi_memset                        
2000ac0f  __aeabi_memset4                       
2000ac0f  __aeabi_memset8                       
2000a261  __aeabi_uldivmod                      
ffffffff  __binit__                             
ffffffff  __c_args__                            
UNDEFED   __mpu_init                            
2002eb00  __stack                               
2000bcbd  _c_int00_noargs                       
2000c5f2  _ctypes_                              
2001f4e0  _lock                                 
20007713  _nop                                  
2000b001  _sl_HandleAsync_Accept                
2000aa11  _sl_HandleAsync_Connect               
2000a38d  _sl_HandleAsync_DnsGetHostByName      
200097ad  _sl_HandleAsync_DnsGetHostByService   
2000a6e1  _sl_HandleAsync_InitComplete          
2000a41d  _sl_HandleAsync_PingResponse          
2000b4c5  _sl_HandleAsync_Select                
2000b5c1  _sl_HandleAsync_Stop                  
2000aec9  _sl_NetAppSendTokenValue              
20017000  _sys_memory                           
UNDEFED   _system_post_cinit                    
2000c4c7  _system_pre_init                      
2001f4e4  _unlock                               
2000c4cb  abort                                 
20008cd5  aligned_alloc                         
2000b6f5  atoi                                  
ffffffff  binit                                 
2000c2a5  copysign                              
2000c2a5  copysignl                             
2001f4f8  errno                                 
20009355  free                                  
2000b065  frexp                                 
2000b065  frexpl                                
2001f4c4  g_SlDeviceStatus                      
2001f4d4  g_SpiFd                               
2001f488  g__SlNonOsCB                          
2001f6e5  g_bDeviceRestartIsRequired            
2001f6e6  g_cDummy                              
2001f4c8  g_pCB                                 
2001f4d8  g_pHostIntHdl                         
20004000  g_pfnVectors                          
2001f6d8  g_ucConnectionBSSID                   
2001f6b4  g_ucConnectionSSID                    
2001f4dc  g_ucDMAEnabled                        
2001f664  g_ucDinDout                           
2001f4f4  g_ulGatewayIP                         
2001f4f0  g_ulStatus                            
200088b5  ldexp                                 
200088b5  ldexpl                                
2000b519  ltoa                                  
20005595  main                                  
2000c4b9  malloc                                
20008cd5  memalign                              
2000c1b5  memccpy                               
20009f61  memcpy                                
2000bfe1  memmove                               
2000ac15  memset                                
2001f4cc  pPingCallBackFunc                     
200095fd  realloc                               
200088b5  scalbn                                
200088b5  scalbnl                               
2000bb6d  simplelink_timerA2_start              
2000b1f5  sl_Close                              
20009879  sl_DevGet                             
2000943d  sl_NetAppMDNSRegisterUnregisterService
2000b0c9  sl_NetAppMDNSUnRegisterService        
200096d5  sl_NetCfgGet                          
2000a099  sl_NetCfgSet                          
20009ec1  sl_Recv                               
2000852d  sl_Send                               
2000a76d  sl_Socket                             
20009099  sl_Start                              
20008dc9  sl_Stop                               
2000bc1d  sl_WlanDisconnect                     
2000a4ad  sl_WlanPolicySet                      
2000b255  sl_WlanProfileDel                     
2000a98d  sl_WlanRxFilterSet                    
2000a131  sl_WlanSet                            
2000b2b5  sl_WlanSetMode                        
2000ac89  spi_Close                             
2000802d  spi_Open                              
20008eb9  spi_Read                              
2000a1c9  spi_Write                             
2000c3d9  strchr                                
2000c419  strlen                                
200089c5  strtoul                               
2000b741  uDMAChannelAssign                     
2000b12d  uDMAChannelAttributeDisable           
2000b191  uDMAChannelAttributeEnable            
2000bba9  uDMAChannelControlSet                 
2000c1ed  uDMAChannelEnable                     
20008fa9  uDMAChannelTransferSet                
2000ba39  vsnprintf                             
2000c43f  wcslen                                


GLOBAL SYMBOLS: SORTED BY Symbol Address 

address   name                                  
-------   ----                                  
00001500  __STACK_SIZE                          
00008000  __SYSMEM_SIZE                         
20004000  g_pfnVectors                          
20004401  SimpleLinkWlanEventHandler            
20004509  SimpleLinkNetAppEventHandler          
200045a1  SimpleLinkHttpServerCallback          
200045c9  SimpleLinkGeneralEventHandler         
200045df  SimpleLinkSockEventHandler            
20005269  TransceiverModeRx                     
20005595  main                                  
200058bd  __TI_printfi                          
2000689d  InitTerm                              
200068bb  Message                               
200068dd  ClearTerm                             
200068e7  Error                                 
2000691f  GetCmd                                
200069c5  TrimSpace                             
20006a5d  Report                                
20006fd9  _SlDrvDataReadOp                      
200071bd  _SlDrvReleasePoolObj                  
2000755d  __aeabi_dsub                          
20007567  __aeabi_dadd                          
20007713  _nop                                  
20007715  _SlDrvDriverCBInit                    
20007a65  _SlDrvWaitForPoolObj                  
20007bf5  PRCMCC3200MCUInit                     
20007edd  _SlDrvDataWriteOp                     
2000802d  spi_Open                              
200083f5  __aeabi_ddiv                          
2000852b  __aeabi_idiv0                         
2000852b  __aeabi_ldiv0                         
2000852d  sl_Send                               
20008661  _SlDrvDriverCBDeinit                  
200088b5  ldexp                                 
200088b5  ldexpl                                
200088b5  scalbn                                
200088b5  scalbnl                               
200089c5  strtoul                               
20008ad5  _SlDrvNetAppEventHandler              
20008bd9  __aeabi_dmul                          
20008cd5  aligned_alloc                         
20008cd5  memalign                              
20008dc9  sl_Stop                               
20008eb9  spi_Read                              
20008fa9  uDMAChannelTransferSet                
20009099  sl_Start                              
2000926d  _SlDrvMsgReadSpawnCtx                 
20009355  free                                  
2000943d  sl_NetAppMDNSRegisterUnregisterService
200095fd  realloc                               
200096d5  sl_NetCfgGet                          
200097ad  _sl_HandleAsync_DnsGetHostByService   
20009879  sl_DevGet                             
20009a09  _SlDrvCmdOp                           
20009b7d  _SlNonOsSemGet                        
20009c2d  IntDisable                            
20009cd5  IntEnable                             
20009d7d  _SlDriverHandleError                  
20009e21  SPIConfigSetExpClk                    
20009ec1  sl_Recv                               
20009f61  __aeabi_memcpy                        
20009f61  __aeabi_memcpy4                       
20009f61  __aeabi_memcpy8                       
20009f61  memcpy                                
20009ffd  _SlDrvDeviceEventHandler              
2000a099  sl_NetCfgSet                          
2000a131  sl_WlanSet                            
2000a1c9  spi_Write                             
2000a261  __aeabi_uldivmod                      
2000a2f9  PRCMPeripheralClockGet                
2000a38d  _sl_HandleAsync_DnsGetHostByName      
2000a41d  _sl_HandleAsync_PingResponse          
2000a4ad  sl_WlanPolicySet                      
2000a655  _SlDrvIsTimeoutExpired                
2000a6e1  _sl_HandleAsync_InitComplete          
2000a76d  sl_Socket                             
2000a7f9  PinConfigSet                          
2000a881  __aeabi_cdcmpeq                       
2000a881  __aeabi_cdcmple                       
2000a907  __aeabi_cdrcmple                      
2000a98d  sl_WlanRxFilterSet                    
2000aa11  _sl_HandleAsync_Connect               
2000ac0d  __aeabi_memclr                        
2000ac0d  __aeabi_memclr4                       
2000ac0d  __aeabi_memclr8                       
2000ac0f  __aeabi_memset                        
2000ac0f  __aeabi_memset4                       
2000ac0f  __aeabi_memset8                       
2000ac15  memset                                
2000ac89  spi_Close                             
2000ad01  UARTConfigSetExpClk                   
2000ad79  _SlNonOsMainLoopTask                  
2000ae5d  _SlDrvCmdSend                         
2000aec9  _sl_NetAppSendTokenValue              
2000af35  __TI_decompress_lzss                  
2000af9d  _SlNonOsSpawn                         
2000b001  _sl_HandleAsync_Accept                
2000b065  frexp                                 
2000b065  frexpl                                
2000b0c9  sl_NetAppMDNSUnRegisterService        
2000b12d  uDMAChannelAttributeDisable           
2000b191  uDMAChannelAttributeEnable            
2000b1f5  sl_Close                              
2000b255  sl_WlanProfileDel                     
2000b2b5  sl_WlanSetMode                        
2000b315  IntPendClear                          
2000b36d  PRCMPeripheralReset                   
2000b41d  IntPrioritySet                        
2000b471  _SlDrvRxIrqHandler                    
2000b4c5  _sl_HandleAsync_Select                
2000b519  ltoa                                  
2000b5c1  _sl_HandleAsync_Stop                  
2000b611  SPIIntEnable                          
2000b6a9  _SlDrvProtectAsyncRespSetting         
2000b6f5  atoi                                  
2000b741  uDMAChannelAssign                     
2000b78d  SPIIntClear                           
2000b7d5  _SlDrvBasicCmd                        
2000b81d  __aeabi_d2iz                          
2000b8a9  TimerConfigure                        
2000b8ed  _SlDrvSyncObjWaitTimeout              
2000b931  __TI_auto_init_nobinit_nopinit        
2000b9b9  PinModeSet                            
2000ba39  vsnprintf                             
2000ba79  NwpRegisterInterruptHandler           
2000bb31  PRCMPeripheralClkEnable               
2000bb6d  simplelink_timerA2_start              
2000bba9  uDMAChannelControlSet                 
2000bbe5  NwpPowerOff                           
2000bc1d  sl_WlanDisconnect                     
2000bc55  PRCMPeripheralStatusGet               
2000bc89  SPIFIFOLevelSet                       
2000bcbd  _c_int00_noargs                       
2000bcf1  UARTDisable                           
2000bd51  __aeabi_i2d                           
2000bd81  NwpPowerOn                            
2000bdad  PRCMSysResetCauseGet                  
2000be05  _SlDrvProtectionObjLockWaitForever    
2000be31  TimerLoadSet                          
2000be5b  TimerPrescaleSet                      
2000be85  PRCMPeripheralClkDisable              
2000bead  _SlDrvGlobalObjUnLock                 
2000bed5  _SlDrvProtectionObjUnLock             
2000befd  _SlDrvSyncObjWaitForever              
2000bf4d  _SlDrvObjLockWaitForever              
2000bf75  DmaSpiSwIntHandler                    
2000bf99  IntUnregister                         
2000bfbd  UARTEnable                            
2000bfe1  memmove                               
2000c005  SPIReset                              
2000c027  SPIWordCountSet                       
2000c049  IntRegister                           
2000c069  NwpPrePowerOffTimout0                 
2000c089  TimerGetCurrentTimestamp              
2000c0a9  _SlDrvObjUnLock                       
2000c0c9  _SlDrvSyncObjSignal                   
2000c0e9  TimerEnable                           
2000c107  UARTCharPut                           
2000c143  TimerValueGet                         
2000c15f  UARTCharGetNonBlocking                
2000c17b  _SlDrvStartMeasureTimeout             
2000c1b5  memccpy                               
2000c1d1  PinMuxConfig                          
2000c1ed  uDMAChannelEnable                     
2000c209  PinTypeUART                           
2000c223  SPIDmaDisable                         
2000c23d  SPIDmaEnable                          
2000c257  SPIFIFODisable                        
2000c271  SPIFIFOEnable                         
2000c28b  SPIIntUnregister                      
2000c2a5  copysign                              
2000c2a5  copysignl                             
2000c2bf  SPICSDisable                          
2000c2d7  SPICSEnable                           
2000c2ef  SPIDisable                            
2000c307  SPIEnable                             
2000c31f  UARTCharsAvail                        
2000c337  _SlNonOsSemSet                        
2000c381  PRCMHIBRegRead                        
2000c397  PRCMHIBRegWrite                       
2000c3ad  UARTCharGet                           
2000c3c3  _SlDrvMemZero                         
2000c3d9  strchr                                
2000c3ef  CPUcpsie                              
2000c405  IntVTableBaseSet                      
2000c419  strlen                                
2000c42d  __TI_zero_init_nomemset               
2000c43f  wcslen                                
2000c451  _SlDrvDispatchHttpServerEvents        
2000c461  _SlDrvResetCmdExt                     
2000c46f  __TI_decompress_none                  
2000c47d  ResetISR                              
2000c48d  NwpMaskInterrupt                      
2000c499  NwpUnMaskInterrupt                    
2000c4a5  IntMasterEnable                       
2000c4b1  __aeabi_errno_addr                    
2000c4b9  malloc                                
2000c4c1  UtilsDelay                            
2000c4c7  _system_pre_init                      
2000c4cb  C$$EXIT                               
2000c4cb  abort                                 
2000c5f2  _ctypes_                              
2000c9f0  OpcodeTranslateTable                  
2000ca2c  _SlActionLookupTable                  
2000cb88  _SlNetAppSendTokenValueCmdCtrl        
2000cbc0  __TI_static_base__                    
2000cc34  __TI_Handler_Table_Base               
2000cc40  __TI_Handler_Table_Limit              
2000cc48  __TI_CINIT_Base                       
2000cc58  __TI_CINIT_Limit                      
20017000  _sys_memory                           
2001f000  ACK                                   
2001f122  Data                                  
2001f244  Hello                                 
2001f366  RawData_Ping                          
2001f488  g__SlNonOsCB                          
2001f4c4  g_SlDeviceStatus                      
2001f4c8  g_pCB                                 
2001f4cc  pPingCallBackFunc                     
2001f4d4  g_SpiFd                               
2001f4d8  g_pHostIntHdl                         
2001f4dc  g_ucDMAEnabled                        
2001f4e0  _lock                                 
2001f4e4  _unlock                               
2001f4f0  g_ulStatus                            
2001f4f4  g_ulGatewayIP                         
2001f4f8  errno                                 
2001f664  g_ucDinDout                           
2001f6b4  g_ucConnectionSSID                    
2001f6d8  g_ucConnectionBSSID                   
2001f6e4  RxIrqCnt                              
2001f6e5  g_bDeviceRestartIsRequired            
2001f6e6  g_cDummy                              
2002eb00  __stack                               
20030000  __STACK_END                           
ffffffff  __TI_pprof_out_hndl                   
ffffffff  __TI_prof_data_size                   
ffffffff  __TI_prof_data_start                  
ffffffff  __binit__                             
ffffffff  __c_args__                            
ffffffff  binit                                 
UNDEFED   __mpu_init                            
UNDEFED   _system_post_cinit                    

[243 symbols]
