<?xml version="1.0" encoding="ISO-8859-1" ?>
<link_info>
   <banner>TI ARM Linker PC v18.12.1.LTS</banner>
   <copyright>Copyright (c) 1996-2018 Texas Instruments Incorporated</copyright>
   <link_time>0x5ca88d85</link_time>
   <link_errors>0x0</link_errors>
   <output_file>transceiver_mode.out</output_file>
   <entry_point>
      <name>_c_int00_noargs</name>
      <address>0x2000ba2d</address>
   </entry_point>
   <input_file_list>
      <input_file id="fl-2">
         <path>.\</path>
         <kind>object</kind>
         <file>main.obj</file>
         <name>main.obj</name>
      </input_file>
      <input_file id="fl-3">
         <path>.\</path>
         <kind>object</kind>
         <file>network_common.obj</file>
         <name>network_common.obj</name>
      </input_file>
      <input_file id="fl-4">
         <path>.\</path>
         <kind>object</kind>
         <file>pinmux.obj</file>
         <name>pinmux.obj</name>
      </input_file>
      <input_file id="fl-5">
         <path>.\</path>
         <kind>object</kind>
         <file>startup_ccs.obj</file>
         <name>startup_ccs.obj</name>
      </input_file>
      <input_file id="fl-6">
         <path>.\</path>
         <kind>object</kind>
         <file>uart_if.obj</file>
         <name>uart_if.obj</name>
      </input_file>
      <input_file id="fl-c">
         <kind>object</kind>
         <file>&lt;internal&gt;</file>
         <name>&lt;internal&gt;</name>
      </input_file>
      <input_file id="fl-c2">
         <path>C:\ti\ccs900\ccs\tools\compiler\ti-cgt-arm_18.12.1.LTS\lib\</path>
         <kind>archive</kind>
         <file>rtsv7M4_T_le_v4SPD16_eabi.lib</file>
         <name>vsnprintf.c.obj</name>
      </input_file>
      <input_file id="fl-c3">
         <path>C:\ti\ccs900\ccs\tools\compiler\ti-cgt-arm_18.12.1.LTS\lib\</path>
         <kind>archive</kind>
         <file>rtsv7M4_T_le_v4SPD16_eabi.lib</file>
         <name>memcpy_t2.asm.obj</name>
      </input_file>
      <input_file id="fl-c4">
         <path>C:\ti\ccs900\ccs\tools\compiler\ti-cgt-arm_18.12.1.LTS\lib\</path>
         <kind>archive</kind>
         <file>rtsv7M4_T_le_v4SPD16_eabi.lib</file>
         <name>memset_t2.asm.obj</name>
      </input_file>
      <input_file id="fl-c5">
         <path>C:\ti\ccs900\ccs\tools\compiler\ti-cgt-arm_18.12.1.LTS\lib\</path>
         <kind>archive</kind>
         <file>rtsv7M4_T_le_v4SPD16_eabi.lib</file>
         <name>copy_zero_init.c.obj</name>
      </input_file>
      <input_file id="fl-c6">
         <path>C:\ti\ccs900\ccs\tools\compiler\ti-cgt-arm_18.12.1.LTS\lib\</path>
         <kind>archive</kind>
         <file>rtsv7M4_T_le_v4SPD16_eabi.lib</file>
         <name>copy_decompress_none.c.obj</name>
      </input_file>
      <input_file id="fl-c7">
         <path>C:\ti\ccs900\ccs\tools\compiler\ti-cgt-arm_18.12.1.LTS\lib\</path>
         <kind>archive</kind>
         <file>rtsv7M4_T_le_v4SPD16_eabi.lib</file>
         <name>copy_decompress_lzss.c.obj</name>
      </input_file>
      <input_file id="fl-c8">
         <path>C:\ti\ccs900\ccs\tools\compiler\ti-cgt-arm_18.12.1.LTS\lib\</path>
         <kind>archive</kind>
         <file>rtsv7M4_T_le_v4SPD16_eabi.lib</file>
         <name>atoi.c.obj</name>
      </input_file>
      <input_file id="fl-c9">
         <path>C:\ti\ccs900\ccs\tools\compiler\ti-cgt-arm_18.12.1.LTS\lib\</path>
         <kind>archive</kind>
         <file>rtsv7M4_T_le_v4SPD16_eabi.lib</file>
         <name>ctype.c.obj</name>
      </input_file>
      <input_file id="fl-ca">
         <path>C:\ti\ccs900\ccs\tools\compiler\ti-cgt-arm_18.12.1.LTS\lib\</path>
         <kind>archive</kind>
         <file>rtsv7M4_T_le_v4SPD16_eabi.lib</file>
         <name>memmov.c.obj</name>
      </input_file>
      <input_file id="fl-cb">
         <path>C:\ti\ccs900\ccs\tools\compiler\ti-cgt-arm_18.12.1.LTS\lib\</path>
         <kind>archive</kind>
         <file>rtsv7M4_T_le_v4SPD16_eabi.lib</file>
         <name>memory.c.obj</name>
      </input_file>
      <input_file id="fl-cc">
         <path>C:\ti\ccs900\ccs\tools\compiler\ti-cgt-arm_18.12.1.LTS\lib\</path>
         <kind>archive</kind>
         <file>rtsv7M4_T_le_v4SPD16_eabi.lib</file>
         <name>strlen.c.obj</name>
      </input_file>
      <input_file id="fl-cd">
         <path>C:\ti\ccs900\ccs\tools\compiler\ti-cgt-arm_18.12.1.LTS\lib\</path>
         <kind>archive</kind>
         <file>rtsv7M4_T_le_v4SPD16_eabi.lib</file>
         <name>strtoul.c.obj</name>
      </input_file>
      <input_file id="fl-ce">
         <path>C:\ti\ccs900\ccs\tools\compiler\ti-cgt-arm_18.12.1.LTS\lib\</path>
         <kind>archive</kind>
         <file>rtsv7M4_T_le_v4SPD16_eabi.lib</file>
         <name>errno.c.obj</name>
      </input_file>
      <input_file id="fl-cf">
         <path>C:\ti\ccs900\ccs\tools\compiler\ti-cgt-arm_18.12.1.LTS\lib\</path>
         <kind>archive</kind>
         <file>rtsv7M4_T_le_v4SPD16_eabi.lib</file>
         <name>boot_cortex_m.c.obj</name>
      </input_file>
      <input_file id="fl-d0">
         <path>C:\ti\ccs900\ccs\tools\compiler\ti-cgt-arm_18.12.1.LTS\lib\</path>
         <kind>archive</kind>
         <file>rtsv7M4_T_le_v4SPD16_eabi.lib</file>
         <name>_printfi.c.obj</name>
      </input_file>
      <input_file id="fl-d1">
         <path>C:\ti\ccs900\ccs\tools\compiler\ti-cgt-arm_18.12.1.LTS\lib\</path>
         <kind>archive</kind>
         <file>rtsv7M4_T_le_v4SPD16_eabi.lib</file>
         <name>s_frexp.c.obj</name>
      </input_file>
      <input_file id="fl-d2">
         <path>C:\ti\ccs900\ccs\tools\compiler\ti-cgt-arm_18.12.1.LTS\lib\</path>
         <kind>archive</kind>
         <file>rtsv7M4_T_le_v4SPD16_eabi.lib</file>
         <name>s_scalbn.c.obj</name>
      </input_file>
      <input_file id="fl-d3">
         <path>C:\ti\ccs900\ccs\tools\compiler\ti-cgt-arm_18.12.1.LTS\lib\</path>
         <kind>archive</kind>
         <file>rtsv7M4_T_le_v4SPD16_eabi.lib</file>
         <name>s_copysign.c.obj</name>
      </input_file>
      <input_file id="fl-d4">
         <path>C:\ti\ccs900\ccs\tools\compiler\ti-cgt-arm_18.12.1.LTS\lib\</path>
         <kind>archive</kind>
         <file>rtsv7M4_T_le_v4SPD16_eabi.lib</file>
         <name>ull_div_t2.asm.obj</name>
      </input_file>
      <input_file id="fl-d5">
         <path>C:\ti\ccs900\ccs\tools\compiler\ti-cgt-arm_18.12.1.LTS\lib\</path>
         <kind>archive</kind>
         <file>rtsv7M4_T_le_v4SPD16_eabi.lib</file>
         <name>fd_add_t2.asm.obj</name>
      </input_file>
      <input_file id="fl-d6">
         <path>C:\ti\ccs900\ccs\tools\compiler\ti-cgt-arm_18.12.1.LTS\lib\</path>
         <kind>archive</kind>
         <file>rtsv7M4_T_le_v4SPD16_eabi.lib</file>
         <name>fd_cmp_t2.asm.obj</name>
      </input_file>
      <input_file id="fl-d7">
         <path>C:\ti\ccs900\ccs\tools\compiler\ti-cgt-arm_18.12.1.LTS\lib\</path>
         <kind>archive</kind>
         <file>rtsv7M4_T_le_v4SPD16_eabi.lib</file>
         <name>fd_div_t2.asm.obj</name>
      </input_file>
      <input_file id="fl-d8">
         <path>C:\ti\ccs900\ccs\tools\compiler\ti-cgt-arm_18.12.1.LTS\lib\</path>
         <kind>archive</kind>
         <file>rtsv7M4_T_le_v4SPD16_eabi.lib</file>
         <name>fd_mul_t2.asm.obj</name>
      </input_file>
      <input_file id="fl-d9">
         <path>C:\ti\ccs900\ccs\tools\compiler\ti-cgt-arm_18.12.1.LTS\lib\</path>
         <kind>archive</kind>
         <file>rtsv7M4_T_le_v4SPD16_eabi.lib</file>
         <name>fd_toi_t2.asm.obj</name>
      </input_file>
      <input_file id="fl-da">
         <path>C:\ti\ccs900\ccs\tools\compiler\ti-cgt-arm_18.12.1.LTS\lib\</path>
         <kind>archive</kind>
         <file>rtsv7M4_T_le_v4SPD16_eabi.lib</file>
         <name>i_tofd_t2.asm.obj</name>
      </input_file>
      <input_file id="fl-db">
         <path>C:\ti\ccs900\ccs\tools\compiler\ti-cgt-arm_18.12.1.LTS\lib\</path>
         <kind>archive</kind>
         <file>rtsv7M4_T_le_v4SPD16_eabi.lib</file>
         <name>autoinit.c.obj</name>
      </input_file>
      <input_file id="fl-dc">
         <path>C:\ti\ccs900\ccs\tools\compiler\ti-cgt-arm_18.12.1.LTS\lib\</path>
         <kind>archive</kind>
         <file>rtsv7M4_T_le_v4SPD16_eabi.lib</file>
         <name>pre_init.c.obj</name>
      </input_file>
      <input_file id="fl-dd">
         <path>C:\ti\ccs900\ccs\tools\compiler\ti-cgt-arm_18.12.1.LTS\lib\</path>
         <kind>archive</kind>
         <file>rtsv7M4_T_le_v4SPD16_eabi.lib</file>
         <name>cpy_tbl.c.obj</name>
      </input_file>
      <input_file id="fl-de">
         <path>C:\ti\ccs900\ccs\tools\compiler\ti-cgt-arm_18.12.1.LTS\lib\</path>
         <kind>archive</kind>
         <file>rtsv7M4_T_le_v4SPD16_eabi.lib</file>
         <name>exit.c.obj</name>
      </input_file>
      <input_file id="fl-df">
         <path>C:\ti\ccs900\ccs\tools\compiler\ti-cgt-arm_18.12.1.LTS\lib\</path>
         <kind>archive</kind>
         <file>rtsv7M4_T_le_v4SPD16_eabi.lib</file>
         <name>_lock.c.obj</name>
      </input_file>
      <input_file id="fl-e0">
         <path>C:\ti\ccs900\ccs\tools\compiler\ti-cgt-arm_18.12.1.LTS\lib\</path>
         <kind>archive</kind>
         <file>rtsv7M4_T_le_v4SPD16_eabi.lib</file>
         <name>args_main.c.obj</name>
      </input_file>
      <input_file id="fl-e1">
         <path>C:\ti\ccs900\ccs\tools\compiler\ti-cgt-arm_18.12.1.LTS\lib\</path>
         <kind>archive</kind>
         <file>rtsv7M4_T_le_v4SPD16_eabi.lib</file>
         <name>ltoa.c.obj</name>
      </input_file>
      <input_file id="fl-e2">
         <path>C:\ti\ccs900\ccs\tools\compiler\ti-cgt-arm_18.12.1.LTS\lib\</path>
         <kind>archive</kind>
         <file>rtsv7M4_T_le_v4SPD16_eabi.lib</file>
         <name>memccpy.c.obj</name>
      </input_file>
      <input_file id="fl-e3">
         <path>C:\ti\ccs900\ccs\tools\compiler\ti-cgt-arm_18.12.1.LTS\lib\</path>
         <kind>archive</kind>
         <file>rtsv7M4_T_le_v4SPD16_eabi.lib</file>
         <name>strchr.c.obj</name>
      </input_file>
      <input_file id="fl-e4">
         <path>C:\ti\ccs900\ccs\tools\compiler\ti-cgt-arm_18.12.1.LTS\lib\</path>
         <kind>archive</kind>
         <file>rtsv7M4_T_le_v4SPD16_eabi.lib</file>
         <name>wcslen.c.obj</name>
      </input_file>
      <input_file id="fl-e5">
         <path>C:\ti\ccs900\ccs\tools\compiler\ti-cgt-arm_18.12.1.LTS\lib\</path>
         <kind>archive</kind>
         <file>rtsv7M4_T_le_v4SPD16_eabi.lib</file>
         <name>div0.asm.obj</name>
      </input_file>
      <input_file id="fl-e6">
         <path>C:\ti\CC3200SDK_1.3.0\cc3200-sdk\driverlib\ccs\Release\</path>
         <kind>archive</kind>
         <file>driverlib.a</file>
         <name>interrupt.obj</name>
      </input_file>
      <input_file id="fl-e7">
         <path>C:\ti\CC3200SDK_1.3.0\cc3200-sdk\driverlib\ccs\Release\</path>
         <kind>archive</kind>
         <file>driverlib.a</file>
         <name>pin.obj</name>
      </input_file>
      <input_file id="fl-e8">
         <path>C:\ti\CC3200SDK_1.3.0\cc3200-sdk\driverlib\ccs\Release\</path>
         <kind>archive</kind>
         <file>driverlib.a</file>
         <name>prcm.obj</name>
      </input_file>
      <input_file id="fl-e9">
         <path>C:\ti\CC3200SDK_1.3.0\cc3200-sdk\driverlib\ccs\Release\</path>
         <kind>archive</kind>
         <file>driverlib.a</file>
         <name>uart.obj</name>
      </input_file>
      <input_file id="fl-ea">
         <path>C:\ti\CC3200SDK_1.3.0\cc3200-sdk\driverlib\ccs\Release\</path>
         <kind>archive</kind>
         <file>driverlib.a</file>
         <name>utils.obj</name>
      </input_file>
      <input_file id="fl-eb">
         <path>C:\ti\CC3200SDK_1.3.0\cc3200-sdk\driverlib\ccs\Release\</path>
         <kind>archive</kind>
         <file>driverlib.a</file>
         <name>cpu.obj</name>
      </input_file>
      <input_file id="fl-ec">
         <path>C:\ti\CC3200SDK_1.3.0\cc3200-sdk\driverlib\ccs\Release\</path>
         <kind>archive</kind>
         <file>driverlib.a</file>
         <name>flash.obj</name>
      </input_file>
      <input_file id="fl-ed">
         <path>C:\ti\CC3200SDK_1.3.0\cc3200-sdk\simplelink\ccs\NON_OS\</path>
         <kind>archive</kind>
         <file>simplelink.a</file>
         <name>device.obj</name>
      </input_file>
      <input_file id="fl-ee">
         <path>C:\ti\CC3200SDK_1.3.0\cc3200-sdk\simplelink\ccs\NON_OS\</path>
         <kind>archive</kind>
         <file>simplelink.a</file>
         <name>driver.obj</name>
      </input_file>
      <input_file id="fl-ef">
         <path>C:\ti\CC3200SDK_1.3.0\cc3200-sdk\simplelink\ccs\NON_OS\</path>
         <kind>archive</kind>
         <file>simplelink.a</file>
         <name>netapp.obj</name>
      </input_file>
      <input_file id="fl-f0">
         <path>C:\ti\CC3200SDK_1.3.0\cc3200-sdk\simplelink\ccs\NON_OS\</path>
         <kind>archive</kind>
         <file>simplelink.a</file>
         <name>netcfg.obj</name>
      </input_file>
      <input_file id="fl-f1">
         <path>C:\ti\CC3200SDK_1.3.0\cc3200-sdk\simplelink\ccs\NON_OS\</path>
         <kind>archive</kind>
         <file>simplelink.a</file>
         <name>nonos.obj</name>
      </input_file>
      <input_file id="fl-f2">
         <path>C:\ti\CC3200SDK_1.3.0\cc3200-sdk\simplelink\ccs\NON_OS\</path>
         <kind>archive</kind>
         <file>simplelink.a</file>
         <name>socket.obj</name>
      </input_file>
      <input_file id="fl-f3">
         <path>C:\ti\CC3200SDK_1.3.0\cc3200-sdk\simplelink\ccs\NON_OS\</path>
         <kind>archive</kind>
         <file>simplelink.a</file>
         <name>wlan.obj</name>
      </input_file>
      <input_file id="fl-f4">
         <path>C:\ti\CC3200SDK_1.3.0\cc3200-sdk\simplelink\ccs\NON_OS\</path>
         <kind>archive</kind>
         <file>simplelink.a</file>
         <name>cc_pal.obj</name>
      </input_file>
      <input_file id="fl-f5">
         <path>C:\ti\CC3200SDK_1.3.0\cc3200-sdk\driverlib\ccs\Release\</path>
         <kind>archive</kind>
         <file>driverlib.a</file>
         <name>spi.obj</name>
      </input_file>
      <input_file id="fl-f6">
         <path>C:\ti\CC3200SDK_1.3.0\cc3200-sdk\driverlib\ccs\Release\</path>
         <kind>archive</kind>
         <file>driverlib.a</file>
         <name>timer.obj</name>
      </input_file>
      <input_file id="fl-f7">
         <path>C:\ti\CC3200SDK_1.3.0\cc3200-sdk\driverlib\ccs\Release\</path>
         <kind>archive</kind>
         <file>driverlib.a</file>
         <name>udma.obj</name>
      </input_file>
   </input_file_list>
   <object_component_list>
      <object_component id="oc-f">
         <name>.intvecs</name>
         <load_address>0x20004000</load_address>
         <run_address>0x20004000</run_address>
         <size>0x400</size>
         <input_file_ref idref="fl-5"/>
      </object_component>
      <object_component id="oc-94">
         <name>.text</name>
         <load_address>0x20004400</load_address>
         <run_address>0x20004400</run_address>
         <size>0x122c</size>
         <input_file_ref idref="fl-2"/>
      </object_component>
      <object_component id="oc-394">
         <name>.text:__TI_printfi</name>
         <load_address>0x2000562c</load_address>
         <run_address>0x2000562c</run_address>
         <size>0xa4e</size>
         <input_file_ref idref="fl-d0"/>
      </object_component>
      <object_component id="oc-616">
         <name>.text:IntDefaultHandler</name>
         <load_address>0x2000607a</load_address>
         <run_address>0x2000607a</run_address>
         <size>0x2</size>
         <input_file_ref idref="fl-e6"/>
      </object_component>
      <object_component id="oc-625">
         <name>.text:_SlDrvMsgRead</name>
         <load_address>0x2000607c</load_address>
         <run_address>0x2000607c</run_address>
         <size>0x590</size>
         <input_file_ref idref="fl-ee"/>
      </object_component>
      <object_component id="oc-c2">
         <name>.text</name>
         <load_address>0x2000660c</load_address>
         <run_address>0x2000660c</run_address>
         <size>0x280</size>
         <input_file_ref idref="fl-6"/>
      </object_component>
      <object_component id="oc-59c">
         <name>.text:_pconv_a</name>
         <load_address>0x2000688c</load_address>
         <run_address>0x2000688c</run_address>
         <size>0x270</size>
         <input_file_ref idref="fl-d0"/>
      </object_component>
      <object_component id="oc-6f8">
         <name>.text:_SlDrvRxHdrRead</name>
         <load_address>0x20006afc</load_address>
         <run_address>0x20006afc</run_address>
         <size>0x24c</size>
         <input_file_ref idref="fl-ee"/>
      </object_component>
      <object_component id="oc-34d">
         <name>.text:_SlDrvDataReadOp</name>
         <load_address>0x20006d48</load_address>
         <run_address>0x20006d48</run_address>
         <size>0x1e4</size>
         <input_file_ref idref="fl-ee"/>
      </object_component>
      <object_component id="oc-261">
         <name>.text:_SlDrvReleasePoolObj</name>
         <load_address>0x20006f2c</load_address>
         <run_address>0x20006f2c</run_address>
         <size>0x1d0</size>
         <input_file_ref idref="fl-ee"/>
      </object_component>
      <object_component id="oc-58a">
         <name>.text:_pconv_g</name>
         <load_address>0x200070fc</load_address>
         <run_address>0x200070fc</run_address>
         <size>0x1d0</size>
         <input_file_ref idref="fl-d0"/>
      </object_component>
      <object_component id="oc-69a">
         <name>.text</name>
         <load_address>0x200072cc</load_address>
         <run_address>0x200072cc</run_address>
         <size>0x1b6</size>
         <input_file_ref idref="fl-d5"/>
      </object_component>
      <object_component id="oc-55e">
         <name>.text:_nop</name>
         <load_address>0x20007482</load_address>
         <run_address>0x20007482</run_address>
         <size>0x2</size>
         <input_file_ref idref="fl-df"/>
      </object_component>
      <object_component id="oc-237">
         <name>.text:_SlDrvDriverCBInit</name>
         <load_address>0x20007484</load_address>
         <run_address>0x20007484</run_address>
         <size>0x1b4</size>
         <input_file_ref idref="fl-ee"/>
      </object_component>
      <object_component id="oc-4ce">
         <name>.text:_SlDrvMsgWrite</name>
         <load_address>0x20007638</load_address>
         <run_address>0x20007638</run_address>
         <size>0x19c</size>
         <input_file_ref idref="fl-ee"/>
      </object_component>
      <object_component id="oc-455">
         <name>.text:_SlDrvWaitForPoolObj</name>
         <load_address>0x200077d4</load_address>
         <run_address>0x200077d4</run_address>
         <size>0x190</size>
         <input_file_ref idref="fl-ee"/>
      </object_component>
      <object_component id="oc-130">
         <name>.text:PRCMCC3200MCUInit</name>
         <load_address>0x20007964</load_address>
         <run_address>0x20007964</run_address>
         <size>0x178</size>
         <input_file_ref idref="fl-e8"/>
      </object_component>
      <object_component id="oc-70a">
         <name>.text:_SlFindAndSetActiveObj</name>
         <load_address>0x20007adc</load_address>
         <run_address>0x20007adc</run_address>
         <size>0x170</size>
         <input_file_ref idref="fl-ee"/>
      </object_component>
      <object_component id="oc-33c">
         <name>.text:_SlDrvDataWriteOp</name>
         <load_address>0x20007c4c</load_address>
         <run_address>0x20007c4c</run_address>
         <size>0x150</size>
         <input_file_ref idref="fl-ee"/>
      </object_component>
      <object_component id="oc-23d">
         <name>.text:spi_Open</name>
         <load_address>0x20007d9c</load_address>
         <run_address>0x20007d9c</run_address>
         <size>0x148</size>
         <input_file_ref idref="fl-f4"/>
      </object_component>
      <object_component id="oc-4d4">
         <name>.text:_SlDrvMsgReadCmdCtx</name>
         <load_address>0x20007ee4</load_address>
         <run_address>0x20007ee4</run_address>
         <size>0x144</size>
         <input_file_ref idref="fl-ee"/>
      </object_component>
      <object_component id="oc-596">
         <name>.text:_pconv_e</name>
         <load_address>0x20008028</load_address>
         <run_address>0x20008028</run_address>
         <size>0x13c</size>
         <input_file_ref idref="fl-d0"/>
      </object_component>
      <object_component id="oc-680">
         <name>.text</name>
         <load_address>0x20008164</load_address>
         <run_address>0x20008164</run_address>
         <size>0x136</size>
         <input_file_ref idref="fl-d7"/>
      </object_component>
      <object_component id="oc-737">
         <name>.text</name>
         <load_address>0x2000829a</load_address>
         <run_address>0x2000829a</run_address>
         <size>0x2</size>
         <input_file_ref idref="fl-e5"/>
      </object_component>
      <object_component id="oc-142">
         <name>.text:sl_Send</name>
         <load_address>0x2000829c</load_address>
         <run_address>0x2000829c</run_address>
         <size>0x134</size>
         <input_file_ref idref="fl-f2"/>
      </object_component>
      <object_component id="oc-2a6">
         <name>.text:_SlDrvDriverCBDeinit</name>
         <load_address>0x200083d0</load_address>
         <run_address>0x200083d0</run_address>
         <size>0x130</size>
         <input_file_ref idref="fl-ee"/>
      </object_component>
      <object_component id="oc-6ac">
         <name>.text:fcvt</name>
         <load_address>0x20008500</load_address>
         <run_address>0x20008500</run_address>
         <size>0x124</size>
         <input_file_ref idref="fl-d0"/>
      </object_component>
      <object_component id="oc-6c0">
         <name>.text:scalbn</name>
         <load_address>0x20008624</load_address>
         <run_address>0x20008624</run_address>
         <size>0x110</size>
         <input_file_ref idref="fl-d2"/>
      </object_component>
      <object_component id="oc-136">
         <name>.text:strtoul</name>
         <load_address>0x20008734</load_address>
         <run_address>0x20008734</run_address>
         <size>0x110</size>
         <input_file_ref idref="fl-cd"/>
      </object_component>
      <object_component id="oc-782">
         <name>.text:_SlDrvNetAppEventHandler</name>
         <load_address>0x20008844</load_address>
         <run_address>0x20008844</run_address>
         <size>0x104</size>
         <input_file_ref idref="fl-ef"/>
      </object_component>
      <object_component id="oc-67b">
         <name>.text</name>
         <load_address>0x20008948</load_address>
         <run_address>0x20008948</run_address>
         <size>0xfc</size>
         <input_file_ref idref="fl-d8"/>
      </object_component>
      <object_component id="oc-3b8">
         <name>.text:aligned_alloc</name>
         <load_address>0x20008a44</load_address>
         <run_address>0x20008a44</run_address>
         <size>0xf4</size>
         <input_file_ref idref="fl-cb"/>
      </object_component>
      <object_component id="oc-e1">
         <name>.text:sl_Stop</name>
         <load_address>0x20008b38</load_address>
         <run_address>0x20008b38</run_address>
         <size>0xf0</size>
         <input_file_ref idref="fl-ed"/>
      </object_component>
      <object_component id="oc-704">
         <name>.text:spi_Read</name>
         <load_address>0x20008c28</load_address>
         <run_address>0x20008c28</run_address>
         <size>0xf0</size>
         <input_file_ref idref="fl-f4"/>
      </object_component>
      <object_component id="oc-82f">
         <name>.text:uDMAChannelTransferSet</name>
         <load_address>0x20008d18</load_address>
         <run_address>0x20008d18</run_address>
         <size>0xf0</size>
         <input_file_ref idref="fl-f7"/>
      </object_component>
      <object_component id="oc-cf">
         <name>.text:sl_Start</name>
         <load_address>0x20008e08</load_address>
         <run_address>0x20008e08</run_address>
         <size>0xec</size>
         <input_file_ref idref="fl-ed"/>
      </object_component>
      <object_component id="oc-62b">
         <name>.text:_SlAsyncEventGenericHandler</name>
         <load_address>0x20008ef4</load_address>
         <run_address>0x20008ef4</run_address>
         <size>0xe8</size>
         <input_file_ref idref="fl-ee"/>
      </object_component>
      <object_component id="oc-4b5">
         <name>.text:_SlDrvMsgReadSpawnCtx</name>
         <load_address>0x20008fdc</load_address>
         <run_address>0x20008fdc</run_address>
         <size>0xe8</size>
         <input_file_ref idref="fl-ee"/>
      </object_component>
      <object_component id="oc-200">
         <name>.text:free</name>
         <load_address>0x200090c4</load_address>
         <run_address>0x200090c4</run_address>
         <size>0xe8</size>
         <input_file_ref idref="fl-cb"/>
      </object_component>
      <object_component id="oc-2e1">
         <name>.text:sl_NetAppMDNSRegisterUnregisterService</name>
         <load_address>0x200091ac</load_address>
         <run_address>0x200091ac</run_address>
         <size>0xe4</size>
         <input_file_ref idref="fl-ef"/>
      </object_component>
      <object_component id="oc-6fe">
         <name>.text:_SlDrvClassifyRxMsg</name>
         <load_address>0x20009290</load_address>
         <run_address>0x20009290</run_address>
         <size>0xdc</size>
         <input_file_ref idref="fl-ee"/>
      </object_component>
      <object_component id="oc-1fa">
         <name>.text:realloc</name>
         <load_address>0x2000936c</load_address>
         <run_address>0x2000936c</run_address>
         <size>0xd8</size>
         <input_file_ref idref="fl-cb"/>
      </object_component>
      <object_component id="oc-171">
         <name>.text:sl_NetCfgGet</name>
         <load_address>0x20009444</load_address>
         <run_address>0x20009444</run_address>
         <size>0xd8</size>
         <input_file_ref idref="fl-f0"/>
      </object_component>
      <object_component id="oc-7ed">
         <name>.text:_sl_HandleAsync_DnsGetHostByService</name>
         <load_address>0x2000951c</load_address>
         <run_address>0x2000951c</run_address>
         <size>0xcc</size>
         <input_file_ref idref="fl-ef"/>
      </object_component>
      <object_component id="oc-e7">
         <name>.text:sl_DevGet</name>
         <load_address>0x200095e8</load_address>
         <run_address>0x200095e8</run_address>
         <size>0xcc</size>
         <input_file_ref idref="fl-ed"/>
      </object_component>
      <object_component id="oc-490">
         <name>.text:_SlRemoveFromList</name>
         <load_address>0x200096b4</load_address>
         <run_address>0x200096b4</run_address>
         <size>0xc4</size>
         <input_file_ref idref="fl-ee"/>
      </object_component>
      <object_component id="oc-28a">
         <name>.text:_SlDrvCmdOp</name>
         <load_address>0x20009778</load_address>
         <run_address>0x20009778</run_address>
         <size>0xc0</size>
         <input_file_ref idref="fl-ee"/>
      </object_component>
      <object_component id="oc-57f">
         <name>.text:_ltostr</name>
         <load_address>0x20009838</load_address>
         <run_address>0x20009838</run_address>
         <size>0xb1</size>
         <input_file_ref idref="fl-d0"/>
      </object_component>
      <object_component id="oc-3e9">
         <name>.text:_SlNonOsSemGet</name>
         <load_address>0x200098ec</load_address>
         <run_address>0x200098ec</run_address>
         <size>0xb0</size>
         <input_file_ref idref="fl-f1"/>
      </object_component>
      <object_component id="oc-46f">
         <name>.text:IntDisable</name>
         <load_address>0x2000999c</load_address>
         <run_address>0x2000999c</run_address>
         <size>0xa8</size>
         <input_file_ref idref="fl-e6"/>
      </object_component>
      <object_component id="oc-12a">
         <name>.text:IntEnable</name>
         <load_address>0x20009a44</load_address>
         <run_address>0x20009a44</run_address>
         <size>0xa8</size>
         <input_file_ref idref="fl-e6"/>
      </object_component>
      <object_component id="oc-489">
         <name>.text:_SlDriverHandleError</name>
         <load_address>0x20009aec</load_address>
         <run_address>0x20009aec</run_address>
         <size>0xa4</size>
         <input_file_ref idref="fl-ee"/>
      </object_component>
      <object_component id="oc-406">
         <name>.text:SPIConfigSetExpClk</name>
         <load_address>0x20009b90</load_address>
         <run_address>0x20009b90</run_address>
         <size>0xa0</size>
         <input_file_ref idref="fl-f5"/>
      </object_component>
      <object_component id="oc-153">
         <name>.text:sl_Recv</name>
         <load_address>0x20009c30</load_address>
         <run_address>0x20009c30</run_address>
         <size>0xa0</size>
         <input_file_ref idref="fl-f2"/>
      </object_component>
      <object_component id="oc-3a">
         <name>.text</name>
         <load_address>0x20009cd0</load_address>
         <run_address>0x20009cd0</run_address>
         <size>0x9c</size>
         <input_file_ref idref="fl-c3"/>
      </object_component>
      <object_component id="oc-7df">
         <name>.text:_SlDrvDeviceEventHandler</name>
         <load_address>0x20009d6c</load_address>
         <run_address>0x20009d6c</run_address>
         <size>0x9a</size>
         <input_file_ref idref="fl-ed"/>
      </object_component>
      <object_component id="oc-ff">
         <name>.text:sl_NetCfgSet</name>
         <load_address>0x20009e08</load_address>
         <run_address>0x20009e08</run_address>
         <size>0x98</size>
         <input_file_ref idref="fl-f0"/>
      </object_component>
      <object_component id="oc-105">
         <name>.text:sl_WlanSet</name>
         <load_address>0x20009ea0</load_address>
         <run_address>0x20009ea0</run_address>
         <size>0x98</size>
         <input_file_ref idref="fl-f3"/>
      </object_component>
      <object_component id="oc-634">
         <name>.text:spi_Write</name>
         <load_address>0x20009f38</load_address>
         <run_address>0x20009f38</run_address>
         <size>0x98</size>
         <input_file_ref idref="fl-f4"/>
      </object_component>
      <object_component id="oc-674">
         <name>.text</name>
         <load_address>0x20009fd0</load_address>
         <run_address>0x20009fd0</run_address>
         <size>0x96</size>
         <input_file_ref idref="fl-d4"/>
      </object_component>
      <object_component id="oc-1ca">
         <name>.text:PRCMPeripheralClockGet</name>
         <load_address>0x2000a068</load_address>
         <run_address>0x2000a068</run_address>
         <size>0x94</size>
         <input_file_ref idref="fl-e8"/>
      </object_component>
      <object_component id="oc-7e7">
         <name>.text:_sl_HandleAsync_DnsGetHostByName</name>
         <load_address>0x2000a0fc</load_address>
         <run_address>0x2000a0fc</run_address>
         <size>0x90</size>
         <input_file_ref idref="fl-ef"/>
      </object_component>
      <object_component id="oc-788">
         <name>.text:_sl_HandleAsync_PingResponse</name>
         <load_address>0x2000a18c</load_address>
         <run_address>0x2000a18c</run_address>
         <size>0x90</size>
         <input_file_ref idref="fl-ef"/>
      </object_component>
      <object_component id="oc-ed">
         <name>.text:sl_WlanPolicySet</name>
         <load_address>0x2000a21c</load_address>
         <run_address>0x2000a21c</run_address>
         <size>0x90</size>
         <input_file_ref idref="fl-f3"/>
      </object_component>
      <object_component id="oc-78f">
         <name>.text:SetupDMAReceive</name>
         <load_address>0x2000a2ac</load_address>
         <run_address>0x2000a2ac</run_address>
         <size>0x8c</size>
         <input_file_ref idref="fl-f4"/>
      </object_component>
      <object_component id="oc-715">
         <name>.text:SetupDMASend</name>
         <load_address>0x2000a338</load_address>
         <run_address>0x2000a338</run_address>
         <size>0x8c</size>
         <input_file_ref idref="fl-f4"/>
      </object_component>
      <object_component id="oc-5d3">
         <name>.text:_SlDrvIsTimeoutExpired</name>
         <load_address>0x2000a3c4</load_address>
         <run_address>0x2000a3c4</run_address>
         <size>0x8c</size>
         <input_file_ref idref="fl-ee"/>
      </object_component>
      <object_component id="oc-840">
         <name>.text:_sl_HandleAsync_InitComplete</name>
         <load_address>0x2000a450</load_address>
         <run_address>0x2000a450</run_address>
         <size>0x8c</size>
         <input_file_ref idref="fl-ed"/>
      </object_component>
      <object_component id="oc-13c">
         <name>.text:sl_Socket</name>
         <load_address>0x2000a4dc</load_address>
         <run_address>0x2000a4dc</run_address>
         <size>0x8c</size>
         <input_file_ref idref="fl-f2"/>
      </object_component>
      <object_component id="oc-551">
         <name>.text:PinConfigSet</name>
         <load_address>0x2000a568</load_address>
         <run_address>0x2000a568</run_address>
         <size>0x88</size>
         <input_file_ref idref="fl-e7"/>
      </object_component>
      <object_component id="oc-585">
         <name>.text:__aeabi_cdcmple</name>
         <load_address>0x2000a5f0</load_address>
         <run_address>0x2000a5f0</run_address>
         <size>0x86</size>
         <input_file_ref idref="fl-d6"/>
      </object_component>
      <object_component id="oc-685">
         <name>.text:__aeabi_cdrcmple</name>
         <load_address>0x2000a676</load_address>
         <run_address>0x2000a676</run_address>
         <size>0x86</size>
         <input_file_ref idref="fl-d6"/>
      </object_component>
      <object_component id="oc-114">
         <name>.text:sl_WlanRxFilterSet</name>
         <load_address>0x2000a6fc</load_address>
         <run_address>0x2000a6fc</run_address>
         <size>0x84</size>
         <input_file_ref idref="fl-f3"/>
      </object_component>
      <object_component id="oc-80f">
         <name>.text:_sl_HandleAsync_Connect</name>
         <load_address>0x2000a780</load_address>
         <run_address>0x2000a780</run_address>
         <size>0x80</size>
         <input_file_ref idref="fl-f2"/>
      </object_component>
      <object_component id="oc-795">
         <name>.text:spi_Read_CPU</name>
         <load_address>0x2000a800</load_address>
         <run_address>0x2000a800</run_address>
         <size>0x80</size>
         <input_file_ref idref="fl-f4"/>
      </object_component>
      <object_component id="oc-727">
         <name>.text:spi_Write_CPU</name>
         <load_address>0x2000a880</load_address>
         <run_address>0x2000a880</run_address>
         <size>0x80</size>
         <input_file_ref idref="fl-f4"/>
      </object_component>
      <object_component id="oc-3c5">
         <name>.text:split</name>
         <load_address>0x2000a900</load_address>
         <run_address>0x2000a900</run_address>
         <size>0x7c</size>
         <input_file_ref idref="fl-cb"/>
      </object_component>
      <object_component id="oc-88">
         <name>.text</name>
         <load_address>0x2000a97c</load_address>
         <run_address>0x2000a97c</run_address>
         <size>0x7a</size>
         <input_file_ref idref="fl-c4"/>
      </object_component>
      <object_component id="oc-2a0">
         <name>.text:spi_Close</name>
         <load_address>0x2000a9f8</load_address>
         <run_address>0x2000a9f8</run_address>
         <size>0x78</size>
         <input_file_ref idref="fl-f4"/>
      </object_component>
      <object_component id="oc-1d0">
         <name>.text:UARTConfigSetExpClk</name>
         <load_address>0x2000aa70</load_address>
         <run_address>0x2000aa70</run_address>
         <size>0x76</size>
         <input_file_ref idref="fl-e9"/>
      </object_component>
      <object_component id="oc-d5">
         <name>.text:_SlNonOsMainLoopTask</name>
         <load_address>0x2000aae8</load_address>
         <run_address>0x2000aae8</run_address>
         <size>0x74</size>
         <input_file_ref idref="fl-f1"/>
      </object_component>
      <object_component id="oc-6a5">
         <name>.text:_mcpy</name>
         <load_address>0x2000ab5c</load_address>
         <run_address>0x2000ab5c</run_address>
         <size>0x6e</size>
         <input_file_ref idref="fl-d0"/>
      </object_component>
      <object_component id="oc-84a">
         <name>.text:_SlDrvCmdSend</name>
         <load_address>0x2000abcc</load_address>
         <run_address>0x2000abcc</run_address>
         <size>0x6c</size>
         <input_file_ref idref="fl-ee"/>
      </object_component>
      <object_component id="oc-7f9">
         <name>.text:_sl_NetAppSendTokenValue</name>
         <load_address>0x2000ac38</load_address>
         <run_address>0x2000ac38</run_address>
         <size>0x6c</size>
         <input_file_ref idref="fl-ef"/>
      </object_component>
      <object_component id="oc-12">
         <name>.text:decompress:lzss:__TI_decompress_lzss</name>
         <load_address>0x2000aca4</load_address>
         <run_address>0x2000aca4</run_address>
         <size>0x68</size>
         <input_file_ref idref="fl-c7"/>
      </object_component>
      <object_component id="oc-4af">
         <name>.text:_SlNonOsSpawn</name>
         <load_address>0x2000ad0c</load_address>
         <run_address>0x2000ad0c</run_address>
         <size>0x64</size>
         <input_file_ref idref="fl-f1"/>
      </object_component>
      <object_component id="oc-809">
         <name>.text:_sl_HandleAsync_Accept</name>
         <load_address>0x2000ad70</load_address>
         <run_address>0x2000ad70</run_address>
         <size>0x64</size>
         <input_file_ref idref="fl-f2"/>
      </object_component>
      <object_component id="oc-6ba">
         <name>.text:frexp</name>
         <load_address>0x2000add4</load_address>
         <run_address>0x2000add4</run_address>
         <size>0x64</size>
         <input_file_ref idref="fl-d1"/>
      </object_component>
      <object_component id="oc-10b">
         <name>.text:sl_NetAppMDNSUnRegisterService</name>
         <load_address>0x2000ae38</load_address>
         <run_address>0x2000ae38</run_address>
         <size>0x64</size>
         <input_file_ref idref="fl-ef"/>
      </object_component>
      <object_component id="oc-5ea">
         <name>.text:uDMAChannelAttributeDisable</name>
         <load_address>0x2000ae9c</load_address>
         <run_address>0x2000ae9c</run_address>
         <size>0x64</size>
         <input_file_ref idref="fl-f7"/>
      </object_component>
      <object_component id="oc-829">
         <name>.text:uDMAChannelAttributeEnable</name>
         <load_address>0x2000af00</load_address>
         <run_address>0x2000af00</run_address>
         <size>0x64</size>
         <input_file_ref idref="fl-f7"/>
      </object_component>
      <object_component id="oc-148">
         <name>.text:sl_Close</name>
         <load_address>0x2000af64</load_address>
         <run_address>0x2000af64</run_address>
         <size>0x60</size>
         <input_file_ref idref="fl-f2"/>
      </object_component>
      <object_component id="oc-f3">
         <name>.text:sl_WlanProfileDel</name>
         <load_address>0x2000afc4</load_address>
         <run_address>0x2000afc4</run_address>
         <size>0x60</size>
         <input_file_ref idref="fl-f3"/>
      </object_component>
      <object_component id="oc-db">
         <name>.text:sl_WlanSetMode</name>
         <load_address>0x2000b024</load_address>
         <run_address>0x2000b024</run_address>
         <size>0x60</size>
         <input_file_ref idref="fl-f3"/>
      </object_component>
      <object_component id="oc-47b">
         <name>.text:IntPendClear</name>
         <load_address>0x2000b084</load_address>
         <run_address>0x2000b084</run_address>
         <size>0x58</size>
         <input_file_ref idref="fl-e6"/>
      </object_component>
      <object_component id="oc-315">
         <name>.text:PRCMPeripheralReset</name>
         <load_address>0x2000b0dc</load_address>
         <run_address>0x2000b0dc</run_address>
         <size>0x58</size>
         <input_file_ref idref="fl-e8"/>
      </object_component>
      <object_component id="oc-590">
         <name>.text:_pconv_f</name>
         <load_address>0x2000b134</load_address>
         <run_address>0x2000b134</run_address>
         <size>0x56</size>
         <input_file_ref idref="fl-d0"/>
      </object_component>
      <object_component id="oc-430">
         <name>.text:IntPrioritySet</name>
         <load_address>0x2000b18c</load_address>
         <run_address>0x2000b18c</run_address>
         <size>0x54</size>
         <input_file_ref idref="fl-e6"/>
      </object_component>
      <object_component id="oc-273">
         <name>.text:_SlDrvRxIrqHandler</name>
         <load_address>0x2000b1e0</load_address>
         <run_address>0x2000b1e0</run_address>
         <size>0x54</size>
         <input_file_ref idref="fl-ee"/>
      </object_component>
      <object_component id="oc-815">
         <name>.text:_sl_HandleAsync_Select</name>
         <load_address>0x2000b234</load_address>
         <run_address>0x2000b234</run_address>
         <size>0x54</size>
         <input_file_ref idref="fl-f2"/>
      </object_component>
      <object_component id="oc-68f">
         <name>.text:ltoa</name>
         <load_address>0x2000b288</load_address>
         <run_address>0x2000b288</run_address>
         <size>0x54</size>
         <input_file_ref idref="fl-e1"/>
      </object_component>
      <object_component id="oc-69f">
         <name>.text:_ecpy</name>
         <load_address>0x2000b2dc</load_address>
         <run_address>0x2000b2dc</run_address>
         <size>0x52</size>
         <input_file_ref idref="fl-d0"/>
      </object_component>
      <object_component id="oc-81b">
         <name>.text:_sl_HandleAsync_Stop</name>
         <load_address>0x2000b330</load_address>
         <run_address>0x2000b330</run_address>
         <size>0x50</size>
         <input_file_ref idref="fl-ed"/>
      </object_component>
      <object_component id="oc-436">
         <name>.text:SPIIntEnable</name>
         <load_address>0x2000b380</load_address>
         <run_address>0x2000b380</run_address>
         <size>0x4c</size>
         <input_file_ref idref="fl-f5"/>
      </object_component>
      <object_component id="oc-63f">
         <name>.text:SPIIntNumberGet</name>
         <load_address>0x2000b3cc</load_address>
         <run_address>0x2000b3cc</run_address>
         <size>0x4c</size>
         <input_file_ref idref="fl-f5"/>
      </object_component>
      <object_component id="oc-243">
         <name>.text:_SlDrvProtectAsyncRespSetting</name>
         <load_address>0x2000b418</load_address>
         <run_address>0x2000b418</run_address>
         <size>0x4c</size>
         <input_file_ref idref="fl-ee"/>
      </object_component>
      <object_component id="oc-16b">
         <name>.text:atoi</name>
         <load_address>0x2000b464</load_address>
         <run_address>0x2000b464</run_address>
         <size>0x4c</size>
         <input_file_ref idref="fl-c8"/>
      </object_component>
      <object_component id="oc-5e4">
         <name>.text:uDMAChannelAssign</name>
         <load_address>0x2000b4b0</load_address>
         <run_address>0x2000b4b0</run_address>
         <size>0x4c</size>
         <input_file_ref idref="fl-f7"/>
      </object_component>
      <object_component id="oc-60a">
         <name>.text:SPIIntClear</name>
         <load_address>0x2000b4fc</load_address>
         <run_address>0x2000b4fc</run_address>
         <size>0x48</size>
         <input_file_ref idref="fl-f5"/>
      </object_component>
      <object_component id="oc-2cc">
         <name>.text:_SlDrvBasicCmd</name>
         <load_address>0x2000b544</load_address>
         <run_address>0x2000b544</run_address>
         <size>0x48</size>
         <input_file_ref idref="fl-ee"/>
      </object_component>
      <object_component id="oc-68a">
         <name>.text</name>
         <load_address>0x2000b58c</load_address>
         <run_address>0x2000b58c</run_address>
         <size>0x48</size>
         <input_file_ref idref="fl-d9"/>
      </object_component>
      <object_component id="oc-5f9">
         <name>.text:SPIDmaMaskGet</name>
         <load_address>0x2000b5d4</load_address>
         <run_address>0x2000b5d4</run_address>
         <size>0x44</size>
         <input_file_ref idref="fl-f5"/>
      </object_component>
      <object_component id="oc-7bf">
         <name>.text:TimerConfigure</name>
         <load_address>0x2000b618</load_address>
         <run_address>0x2000b618</run_address>
         <size>0x44</size>
         <input_file_ref idref="fl-f6"/>
      </object_component>
      <object_component id="oc-25b">
         <name>.text:_SlDrvSyncObjWaitTimeout</name>
         <load_address>0x2000b65c</load_address>
         <run_address>0x2000b65c</run_address>
         <size>0x44</size>
         <input_file_ref idref="fl-ee"/>
      </object_component>
      <object_component id="oc-198">
         <name>.text:__TI_auto_init_nobinit_nopinit:__TI_auto_init_nobinit_nopinit</name>
         <load_address>0x2000b6a0</load_address>
         <run_address>0x2000b6a0</run_address>
         <size>0x44</size>
         <input_file_ref idref="fl-db"/>
      </object_component>
      <object_component id="oc-7a2">
         <name>.text:cc_SetupTransfer</name>
         <load_address>0x2000b6e4</load_address>
         <run_address>0x2000b6e4</run_address>
         <size>0x44</size>
         <input_file_ref idref="fl-f4"/>
      </object_component>
      <object_component id="oc-54b">
         <name>.text:PinModeSet</name>
         <load_address>0x2000b728</load_address>
         <run_address>0x2000b728</run_address>
         <size>0x40</size>
         <input_file_ref idref="fl-e7"/>
      </object_component>
      <object_component id="oc-336">
         <name>.text:_sl_TruncatePayloadByProtocol</name>
         <load_address>0x2000b768</load_address>
         <run_address>0x2000b768</run_address>
         <size>0x40</size>
         <input_file_ref idref="fl-f2"/>
      </object_component>
      <object_component id="oc-1d6">
         <name>.text:vsnprintf</name>
         <load_address>0x2000b7a8</load_address>
         <run_address>0x2000b7a8</run_address>
         <size>0x40</size>
         <input_file_ref idref="fl-c2"/>
      </object_component>
      <object_component id="oc-24f">
         <name>.text:NwpRegisterInterruptHandler</name>
         <load_address>0x2000b7e8</load_address>
         <run_address>0x2000b7e8</run_address>
         <size>0x3e</size>
         <input_file_ref idref="fl-f4"/>
      </object_component>
      <object_component id="oc-6b2">
         <name>.text:_fcpy</name>
         <load_address>0x2000b826</load_address>
         <run_address>0x2000b826</run_address>
         <size>0x3e</size>
         <input_file_ref idref="fl-d0"/>
      </object_component>
      <object_component id="oc-800">
         <name>.text:CopyPingResultsToReport</name>
         <load_address>0x2000b864</load_address>
         <run_address>0x2000b864</run_address>
         <size>0x3c</size>
         <input_file_ref idref="fl-ef"/>
      </object_component>
      <object_component id="oc-30f">
         <name>.text:PRCMPeripheralClkEnable</name>
         <load_address>0x2000b8a0</load_address>
         <run_address>0x2000b8a0</run_address>
         <size>0x3c</size>
         <input_file_ref idref="fl-e8"/>
      </object_component>
      <object_component id="oc-768">
         <name>.text:simplelink_timerA2_start</name>
         <load_address>0x2000b8dc</load_address>
         <run_address>0x2000b8dc</run_address>
         <size>0x3c</size>
         <input_file_ref idref="fl-f4"/>
      </object_component>
      <object_component id="oc-823">
         <name>.text:uDMAChannelControlSet</name>
         <load_address>0x2000b918</load_address>
         <run_address>0x2000b918</run_address>
         <size>0x3c</size>
         <input_file_ref idref="fl-f7"/>
      </object_component>
      <object_component id="oc-249">
         <name>.text:NwpPowerOff</name>
         <load_address>0x2000b954</load_address>
         <run_address>0x2000b954</run_address>
         <size>0x38</size>
         <input_file_ref idref="fl-f4"/>
      </object_component>
      <object_component id="oc-f9">
         <name>.text:sl_WlanDisconnect</name>
         <load_address>0x2000b98c</load_address>
         <run_address>0x2000b98c</run_address>
         <size>0x38</size>
         <input_file_ref idref="fl-f3"/>
      </object_component>
      <object_component id="oc-40c">
         <name>.text:PRCMPeripheralStatusGet</name>
         <load_address>0x2000b9c4</load_address>
         <run_address>0x2000b9c4</run_address>
         <size>0x34</size>
         <input_file_ref idref="fl-e8"/>
      </object_component>
      <object_component id="oc-424">
         <name>.text:SPIFIFOLevelSet</name>
         <load_address>0x2000b9f8</load_address>
         <run_address>0x2000b9f8</run_address>
         <size>0x34</size>
         <input_file_ref idref="fl-f5"/>
      </object_component>
      <object_component id="oc-58">
         <name>.text:_c_int00_noargs:_c_int00_noargs</name>
         <load_address>0x2000ba2c</load_address>
         <run_address>0x2000ba2c</run_address>
         <size>0x34</size>
         <input_file_ref idref="fl-cf"/>
      </object_component>
      <object_component id="oc-387">
         <name>.text:UARTDisable</name>
         <load_address>0x2000ba60</load_address>
         <run_address>0x2000ba60</run_address>
         <size>0x30</size>
         <input_file_ref idref="fl-e9"/>
      </object_component>
      <object_component id="oc-39a">
         <name>.text:_outs</name>
         <load_address>0x2000ba90</load_address>
         <run_address>0x2000ba90</run_address>
         <size>0x30</size>
         <input_file_ref idref="fl-c2"/>
      </object_component>
      <object_component id="oc-695">
         <name>.text</name>
         <load_address>0x2000bac0</load_address>
         <run_address>0x2000bac0</run_address>
         <size>0x2e</size>
         <input_file_ref idref="fl-da"/>
      </object_component>
      <object_component id="oc-255">
         <name>.text:NwpPowerOn</name>
         <load_address>0x2000baf0</load_address>
         <run_address>0x2000baf0</run_address>
         <size>0x2c</size>
         <input_file_ref idref="fl-f4"/>
      </object_component>
      <object_component id="oc-2fd">
         <name>.text:PRCMSysResetCauseGet</name>
         <load_address>0x2000bb1c</load_address>
         <run_address>0x2000bb1c</run_address>
         <size>0x2c</size>
         <input_file_ref idref="fl-e8"/>
      </object_component>
      <object_component id="oc-4c2">
         <name>.text:_SlDrvObjGlobalLockWaitForever</name>
         <load_address>0x2000bb48</load_address>
         <run_address>0x2000bb48</run_address>
         <size>0x2c</size>
         <input_file_ref idref="fl-ee"/>
      </object_component>
      <object_component id="oc-45b">
         <name>.text:_SlDrvProtectionObjLockWaitForever</name>
         <load_address>0x2000bb74</load_address>
         <run_address>0x2000bb74</run_address>
         <size>0x2c</size>
         <input_file_ref idref="fl-ee"/>
      </object_component>
      <object_component id="oc-7cb">
         <name>.text:TimerLoadSet</name>
         <load_address>0x2000bba0</load_address>
         <run_address>0x2000bba0</run_address>
         <size>0x2a</size>
         <input_file_ref idref="fl-f6"/>
      </object_component>
      <object_component id="oc-7c5">
         <name>.text:TimerPrescaleSet</name>
         <load_address>0x2000bbca</load_address>
         <run_address>0x2000bbca</run_address>
         <size>0x2a</size>
         <input_file_ref idref="fl-f6"/>
      </object_component>
      <object_component id="oc-31b">
         <name>.text:PRCMPeripheralClkDisable</name>
         <load_address>0x2000bbf4</load_address>
         <run_address>0x2000bbf4</run_address>
         <size>0x28</size>
         <input_file_ref idref="fl-e8"/>
      </object_component>
      <object_component id="oc-4c8">
         <name>.text:_SlDrvGlobalObjUnLock</name>
         <load_address>0x2000bc1c</load_address>
         <run_address>0x2000bc1c</run_address>
         <size>0x28</size>
         <input_file_ref idref="fl-ee"/>
      </object_component>
      <object_component id="oc-461">
         <name>.text:_SlDrvProtectionObjUnLock</name>
         <load_address>0x2000bc44</load_address>
         <run_address>0x2000bc44</run_address>
         <size>0x28</size>
         <input_file_ref idref="fl-ee"/>
      </object_component>
      <object_component id="oc-53b">
         <name>.text:_SlDrvSyncObjWaitForever</name>
         <load_address>0x2000bc6c</load_address>
         <run_address>0x2000bc6c</run_address>
         <size>0x28</size>
         <input_file_ref idref="fl-ee"/>
      </object_component>
      <object_component id="oc-3cc">
         <name>.text:free_list_insert</name>
         <load_address>0x2000bc94</load_address>
         <run_address>0x2000bc94</run_address>
         <size>0x28</size>
         <input_file_ref idref="fl-cb"/>
      </object_component>
      <object_component id="oc-52f">
         <name>.text:_SlDrvObjLockWaitForever</name>
         <load_address>0x2000bcbc</load_address>
         <run_address>0x2000bcbc</run_address>
         <size>0x26</size>
         <input_file_ref idref="fl-ee"/>
      </object_component>
      <object_component id="oc-448">
         <name>.text:DmaSpiSwIntHandler</name>
         <load_address>0x2000bce4</load_address>
         <run_address>0x2000bce4</run_address>
         <size>0x24</size>
         <input_file_ref idref="fl-f4"/>
      </object_component>
      <object_component id="oc-475">
         <name>.text:IntUnregister</name>
         <load_address>0x2000bd08</load_address>
         <run_address>0x2000bd08</run_address>
         <size>0x24</size>
         <input_file_ref idref="fl-e6"/>
      </object_component>
      <object_component id="oc-38d">
         <name>.text:UARTEnable</name>
         <load_address>0x2000bd2c</load_address>
         <run_address>0x2000bd2c</run_address>
         <size>0x24</size>
         <input_file_ref idref="fl-e9"/>
      </object_component>
      <object_component id="oc-1ee">
         <name>.text:memmove</name>
         <load_address>0x2000bd50</load_address>
         <run_address>0x2000bd50</run_address>
         <size>0x24</size>
         <input_file_ref idref="fl-ca"/>
      </object_component>
      <object_component id="oc-400">
         <name>.text:SPIReset</name>
         <load_address>0x2000bd74</load_address>
         <run_address>0x2000bd74</run_address>
         <size>0x22</size>
         <input_file_ref idref="fl-f5"/>
      </object_component>
      <object_component id="oc-721">
         <name>.text:SPIWordCountSet</name>
         <load_address>0x2000bd96</load_address>
         <run_address>0x2000bd96</run_address>
         <size>0x22</size>
         <input_file_ref idref="fl-f5"/>
      </object_component>
      <object_component id="oc-42a">
         <name>.text:IntRegister</name>
         <load_address>0x2000bdb8</load_address>
         <run_address>0x2000bdb8</run_address>
         <size>0x20</size>
         <input_file_ref idref="fl-e6"/>
      </object_component>
      <object_component id="oc-29a">
         <name>.text:NwpPrePowerOffTimout0</name>
         <load_address>0x2000bdd8</load_address>
         <run_address>0x2000bdd8</run_address>
         <size>0x20</size>
         <input_file_ref idref="fl-f4"/>
      </object_component>
      <object_component id="oc-6e4">
         <name>.text:TimerGetCurrentTimestamp</name>
         <load_address>0x2000bdf8</load_address>
         <run_address>0x2000bdf8</run_address>
         <size>0x20</size>
         <input_file_ref idref="fl-f4"/>
      </object_component>
      <object_component id="oc-535">
         <name>.text:_SlDrvObjUnLock</name>
         <load_address>0x2000be18</load_address>
         <run_address>0x2000be18</run_address>
         <size>0x20</size>
         <input_file_ref idref="fl-ee"/>
      </object_component>
      <object_component id="oc-496">
         <name>.text:_SlDrvSyncObjSignal</name>
         <load_address>0x2000be38</load_address>
         <run_address>0x2000be38</run_address>
         <size>0x20</size>
         <input_file_ref idref="fl-ee"/>
      </object_component>
      <object_component id="oc-7d1">
         <name>.text:TimerEnable</name>
         <load_address>0x2000be58</load_address>
         <run_address>0x2000be58</run_address>
         <size>0x1e</size>
         <input_file_ref idref="fl-f6"/>
      </object_component>
      <object_component id="oc-165">
         <name>.text:UARTCharPut</name>
         <load_address>0x2000be76</load_address>
         <run_address>0x2000be76</run_address>
         <size>0x1e</size>
         <input_file_ref idref="fl-e9"/>
      </object_component>
      <object_component id="oc-412">
         <name>.text:cc_UDMAChannelSelect</name>
         <load_address>0x2000be94</load_address>
         <run_address>0x2000be94</run_address>
         <size>0x1e</size>
         <input_file_ref idref="fl-f4"/>
      </object_component>
      <object_component id="oc-76e">
         <name>.text:TimerValueGet</name>
         <load_address>0x2000beb2</load_address>
         <run_address>0x2000beb2</run_address>
         <size>0x1c</size>
         <input_file_ref idref="fl-f6"/>
      </object_component>
      <object_component id="oc-1e2">
         <name>.text:UARTCharGetNonBlocking</name>
         <load_address>0x2000bece</load_address>
         <run_address>0x2000bece</run_address>
         <size>0x1c</size>
         <input_file_ref idref="fl-e9"/>
      </object_component>
      <object_component id="oc-5cd">
         <name>.text:_SlDrvStartMeasureTimeout</name>
         <load_address>0x2000beea</load_address>
         <run_address>0x2000beea</run_address>
         <size>0x1c</size>
         <input_file_ref idref="fl-ee"/>
      </object_component>
      <object_component id="oc-3bf">
         <name>.text:free_list_remove</name>
         <load_address>0x2000bf08</load_address>
         <run_address>0x2000bf08</run_address>
         <size>0x1c</size>
         <input_file_ref idref="fl-cb"/>
      </object_component>
      <object_component id="oc-5a2">
         <name>.text:memccpy</name>
         <load_address>0x2000bf24</load_address>
         <run_address>0x2000bf24</run_address>
         <size>0x1c</size>
         <input_file_ref idref="fl-e2"/>
      </object_component>
      <object_component id="oc-159">
         <name>.text</name>
         <load_address>0x2000bf40</load_address>
         <run_address>0x2000bf40</run_address>
         <size>0x1c</size>
         <input_file_ref idref="fl-4"/>
      </object_component>
      <object_component id="oc-835">
         <name>.text:uDMAChannelEnable</name>
         <load_address>0x2000bf5c</load_address>
         <run_address>0x2000bf5c</run_address>
         <size>0x1c</size>
         <input_file_ref idref="fl-f7"/>
      </object_component>
      <object_component id="oc-357">
         <name>.text:PinTypeUART</name>
         <load_address>0x2000bf78</load_address>
         <run_address>0x2000bf78</run_address>
         <size>0x1a</size>
         <input_file_ref idref="fl-e7"/>
      </object_component>
      <object_component id="oc-4ec">
         <name>.text:SPIDmaDisable</name>
         <load_address>0x2000bf92</load_address>
         <run_address>0x2000bf92</run_address>
         <size>0x1a</size>
         <input_file_ref idref="fl-f5"/>
      </object_component>
      <object_component id="oc-41e">
         <name>.text:SPIDmaEnable</name>
         <load_address>0x2000bfac</load_address>
         <run_address>0x2000bfac</run_address>
         <size>0x1a</size>
         <input_file_ref idref="fl-f5"/>
      </object_component>
      <object_component id="oc-4e6">
         <name>.text:SPIFIFODisable</name>
         <load_address>0x2000bfc6</load_address>
         <run_address>0x2000bfc6</run_address>
         <size>0x1a</size>
         <input_file_ref idref="fl-f5"/>
      </object_component>
      <object_component id="oc-418">
         <name>.text:SPIFIFOEnable</name>
         <load_address>0x2000bfe0</load_address>
         <run_address>0x2000bfe0</run_address>
         <size>0x1a</size>
         <input_file_ref idref="fl-f5"/>
      </object_component>
      <object_component id="oc-4e0">
         <name>.text:SPIIntUnregister</name>
         <load_address>0x2000bffa</load_address>
         <run_address>0x2000bffa</run_address>
         <size>0x1a</size>
         <input_file_ref idref="fl-f5"/>
      </object_component>
      <object_component id="oc-750">
         <name>.text:copysign</name>
         <load_address>0x2000c014</load_address>
         <run_address>0x2000c014</run_address>
         <size>0x1a</size>
         <input_file_ref idref="fl-d3"/>
      </object_component>
      <object_component id="oc-3f4">
         <name>.text:SPICSDisable</name>
         <load_address>0x2000c02e</load_address>
         <run_address>0x2000c02e</run_address>
         <size>0x18</size>
         <input_file_ref idref="fl-f5"/>
      </object_component>
      <object_component id="oc-71b">
         <name>.text:SPICSEnable</name>
         <load_address>0x2000c046</load_address>
         <run_address>0x2000c046</run_address>
         <size>0x18</size>
         <input_file_ref idref="fl-f5"/>
      </object_component>
      <object_component id="oc-3fa">
         <name>.text:SPIDisable</name>
         <load_address>0x2000c05e</load_address>
         <run_address>0x2000c05e</run_address>
         <size>0x18</size>
         <input_file_ref idref="fl-f5"/>
      </object_component>
      <object_component id="oc-43c">
         <name>.text:SPIEnable</name>
         <load_address>0x2000c076</load_address>
         <run_address>0x2000c076</run_address>
         <size>0x18</size>
         <input_file_ref idref="fl-f5"/>
      </object_component>
      <object_component id="oc-1dc">
         <name>.text:UARTCharsAvail</name>
         <load_address>0x2000c08e</load_address>
         <run_address>0x2000c08e</run_address>
         <size>0x18</size>
         <input_file_ref idref="fl-e9"/>
      </object_component>
      <object_component id="oc-3e3">
         <name>.text:_SlNonOsSemSet</name>
         <load_address>0x2000c0a6</load_address>
         <run_address>0x2000c0a6</run_address>
         <size>0x18</size>
         <input_file_ref idref="fl-f1"/>
      </object_component>
      <object_component id="oc-3a0">
         <name>.text:_outc</name>
         <load_address>0x2000c0be</load_address>
         <run_address>0x2000c0be</run_address>
         <size>0x18</size>
         <input_file_ref idref="fl-c2"/>
      </object_component>
      <object_component id="oc-267">
         <name>.text:_sl_GetStartResponseConvert</name>
         <load_address>0x2000c0d8</load_address>
         <run_address>0x2000c0d8</run_address>
         <size>0x18</size>
         <input_file_ref idref="fl-ed"/>
      </object_component>
      <object_component id="oc-303">
         <name>.text:PRCMHIBRegRead</name>
         <load_address>0x2000c0f0</load_address>
         <run_address>0x2000c0f0</run_address>
         <size>0x16</size>
         <input_file_ref idref="fl-e8"/>
      </object_component>
      <object_component id="oc-309">
         <name>.text:PRCMHIBRegWrite</name>
         <load_address>0x2000c106</load_address>
         <run_address>0x2000c106</run_address>
         <size>0x16</size>
         <input_file_ref idref="fl-e8"/>
      </object_component>
      <object_component id="oc-15f">
         <name>.text:UARTCharGet</name>
         <load_address>0x2000c11c</load_address>
         <run_address>0x2000c11c</run_address>
         <size>0x16</size>
         <input_file_ref idref="fl-e9"/>
      </object_component>
      <object_component id="oc-3dd">
         <name>.text:_SlDrvMemZero</name>
         <load_address>0x2000c132</load_address>
         <run_address>0x2000c132</run_address>
         <size>0x16</size>
         <input_file_ref idref="fl-ee"/>
      </object_component>
      <object_component id="oc-6c6">
         <name>.text:strchr</name>
         <load_address>0x2000c148</load_address>
         <run_address>0x2000c148</run_address>
         <size>0x16</size>
         <input_file_ref idref="fl-e3"/>
      </object_component>
      <object_component id="oc-2f2">
         <name>.text:CPUcpsie</name>
         <load_address>0x2000c15e</load_address>
         <run_address>0x2000c15e</run_address>
         <size>0x14</size>
         <input_file_ref idref="fl-eb"/>
      </object_component>
      <object_component id="oc-11e">
         <name>.text:IntVTableBaseSet</name>
         <load_address>0x2000c174</load_address>
         <run_address>0x2000c174</run_address>
         <size>0x14</size>
         <input_file_ref idref="fl-e6"/>
      </object_component>
      <object_component id="oc-1e8">
         <name>.text:strlen</name>
         <load_address>0x2000c188</load_address>
         <run_address>0x2000c188</run_address>
         <size>0x14</size>
         <input_file_ref idref="fl-cc"/>
      </object_component>
      <object_component id="oc-46">
         <name>.text:decompress:ZI:__TI_zero_init_nomemset:__TI_zero_init_nomemset</name>
         <load_address>0x2000c19c</load_address>
         <run_address>0x2000c19c</run_address>
         <size>0x12</size>
         <input_file_ref idref="fl-c5"/>
      </object_component>
      <object_component id="oc-5a8">
         <name>.text:wcslen</name>
         <load_address>0x2000c1ae</load_address>
         <run_address>0x2000c1ae</run_address>
         <size>0x12</size>
         <input_file_ref idref="fl-e4"/>
      </object_component>
      <object_component id="oc-7f3">
         <name>.text:_SlDrvDispatchHttpServerEvents</name>
         <load_address>0x2000c1c0</load_address>
         <run_address>0x2000c1c0</run_address>
         <size>0x10</size>
         <input_file_ref idref="fl-ee"/>
      </object_component>
      <object_component id="oc-2b5">
         <name>.text:_SlDrvResetCmdExt</name>
         <load_address>0x2000c1d0</load_address>
         <run_address>0x2000c1d0</run_address>
         <size>0xe</size>
         <input_file_ref idref="fl-ee"/>
      </object_component>
      <object_component id="oc-18">
         <name>.text:decompress:none:__TI_decompress_none</name>
         <load_address>0x2000c1de</load_address>
         <run_address>0x2000c1de</run_address>
         <size>0xe</size>
         <input_file_ref idref="fl-c6"/>
      </object_component>
      <object_component id="oc-26">
         <name>.text</name>
         <load_address>0x2000c1ec</load_address>
         <run_address>0x2000c1ec</run_address>
         <size>0xe</size>
         <input_file_ref idref="fl-5"/>
      </object_component>
      <object_component id="oc-468">
         <name>.text:NwpMaskInterrupt</name>
         <load_address>0x2000c1fc</load_address>
         <run_address>0x2000c1fc</run_address>
         <size>0xc</size>
         <input_file_ref idref="fl-f4"/>
      </object_component>
      <object_component id="oc-482">
         <name>.text:NwpUnMaskInterrupt</name>
         <load_address>0x2000c208</load_address>
         <run_address>0x2000c208</run_address>
         <size>0xc</size>
         <input_file_ref idref="fl-f4"/>
      </object_component>
      <object_component id="oc-124">
         <name>.text:IntMasterEnable</name>
         <load_address>0x2000c214</load_address>
         <run_address>0x2000c214</run_address>
         <size>0xa</size>
         <input_file_ref idref="fl-e6"/>
      </object_component>
      <object_component id="oc-322">
         <name>.text:__aeabi_errno_addr</name>
         <load_address>0x2000c220</load_address>
         <run_address>0x2000c220</run_address>
         <size>0x8</size>
         <input_file_ref idref="fl-ce"/>
      </object_component>
      <object_component id="oc-1f4">
         <name>.text:malloc</name>
         <load_address>0x2000c228</load_address>
         <run_address>0x2000c228</run_address>
         <size>0x8</size>
         <input_file_ref idref="fl-cb"/>
      </object_component>
      <object_component id="oc-14e">
         <name>.text:UtilsDelay</name>
         <load_address>0x2000c230</load_address>
         <run_address>0x2000c230</run_address>
         <size>0x6</size>
         <input_file_ref idref="fl-ea"/>
      </object_component>
      <object_component id="oc-8e">
         <name>.text:_system_pre_init</name>
         <load_address>0x2000c236</load_address>
         <run_address>0x2000c236</run_address>
         <size>0x4</size>
         <input_file_ref idref="fl-dc"/>
      </object_component>
      <object_component id="oc-18c">
         <name>.text:abort:abort</name>
         <load_address>0x2000c23a</load_address>
         <run_address>0x2000c23a</run_address>
         <size>0x4</size>
         <input_file_ref idref="fl-de"/>
      </object_component>
      <object_component id="oc-328">
         <name>.const:.string:_ctypes_</name>
         <load_address>0x2000c240</load_address>
         <run_address>0x2000c240</run_address>
         <size>0x101</size>
         <input_file_ref idref="fl-c9"/>
      </object_component>
      <object_component id="oc-660">
         <name>.const:g_ulPinToPadMap</name>
         <load_address>0x2000c344</load_address>
         <run_address>0x2000c344</run_address>
         <size>0x100</size>
         <input_file_ref idref="fl-e7"/>
      </object_component>
      <object_component id="oc-5f5">
         <name>.const:g_pulRegs</name>
         <load_address>0x2000c444</load_address>
         <run_address>0x2000c444</run_address>
         <size>0xd4</size>
         <input_file_ref idref="fl-e6"/>
      </object_component>
      <object_component id="oc-518">
         <name>.const:PRCM_PeriphRegsList</name>
         <load_address>0x2000c518</load_address>
         <run_address>0x2000c518</run_address>
         <size>0xa8</size>
         <input_file_ref idref="fl-e8"/>
      </object_component>
      <object_component id="oc-2f9">
         <name>.const</name>
         <load_address>0x2000c5c0</load_address>
         <run_address>0x2000c5c0</run_address>
         <size>0x80</size>
         <input_file_ref idref="fl-e6"/>
      </object_component>
      <object_component id="oc-711">
         <name>.const:OpcodeTranslateTable</name>
         <load_address>0x2000c640</load_address>
         <run_address>0x2000c640</run_address>
         <size>0x3c</size>
         <input_file_ref idref="fl-ee"/>
      </object_component>
      <object_component id="oc-79c">
         <name>.const:_SlActionLookupTable</name>
         <load_address>0x2000c67c</load_address>
         <run_address>0x2000c67c</run_address>
         <size>0x38</size>
         <input_file_ref idref="fl-ee"/>
      </object_component>
      <object_component id="oc-111">
         <name>.const:$P$T1$2</name>
         <load_address>0x2000c6b4</load_address>
         <run_address>0x2000c6b4</run_address>
         <size>0x2c</size>
         <input_file_ref idref="fl-2"/>
      </object_component>
      <object_component id="oc-730">
         <name>.const:g_ppulSPIIntMap</name>
         <load_address>0x2000c6e0</load_address>
         <run_address>0x2000c6e0</run_address>
         <size>0x24</size>
         <input_file_ref idref="fl-f5"/>
      </object_component>
      <object_component id="oc-11d">
         <name>.const:.string:$P$T0$1</name>
         <load_address>0x2000c704</load_address>
         <run_address>0x2000c704</run_address>
         <size>0x22</size>
         <input_file_ref idref="fl-2"/>
      </object_component>
      <object_component id="oc-77f">
         <name>.const:RxMsgClassLUT</name>
         <load_address>0x2000c728</load_address>
         <run_address>0x2000c728</run_address>
         <size>0x20</size>
         <input_file_ref idref="fl-ee"/>
      </object_component>
      <object_component id="oc-6f2">
         <name>.const</name>
         <load_address>0x2000c748</load_address>
         <run_address>0x2000c748</run_address>
         <size>0x18</size>
         <input_file_ref idref="fl-f5"/>
      </object_component>
      <object_component id="oc-778">
         <name>.const:$P$T0$1</name>
         <load_address>0x2000c760</load_address>
         <run_address>0x2000c760</run_address>
         <size>0x14</size>
         <input_file_ref idref="fl-ee"/>
      </object_component>
      <object_component id="oc-5d9">
         <name>.const:$P$T0$1</name>
         <load_address>0x2000c774</load_address>
         <run_address>0x2000c774</run_address>
         <size>0x14</size>
         <input_file_ref idref="fl-f1"/>
      </object_component>
      <object_component id="oc-11a">
         <name>.const:$P$T2$3</name>
         <load_address>0x2000c788</load_address>
         <run_address>0x2000c788</run_address>
         <size>0x14</size>
         <input_file_ref idref="fl-2"/>
      </object_component>
      <object_component id="oc-52b">
         <name>.const:.string:_SlPayloadByProtocolLUT</name>
         <load_address>0x2000c79c</load_address>
         <run_address>0x2000c79c</run_address>
         <size>0x10</size>
         <input_file_ref idref="fl-f2"/>
      </object_component>
      <object_component id="oc-14f">
         <name>.const:.string:$P$T3$4</name>
         <load_address>0x2000c7ac</load_address>
         <run_address>0x2000c7ac</run_address>
         <size>0xe</size>
         <input_file_ref idref="fl-2"/>
      </object_component>
      <object_component id="oc-49d">
         <name>.const:StartResponseLUT</name>
         <load_address>0x2000c7ba</load_address>
         <run_address>0x2000c7ba</run_address>
         <size>0x8</size>
         <input_file_ref idref="fl-ed"/>
      </object_component>
      <object_component id="oc-77b">
         <name>.const:g_H2NCnysPattern</name>
         <load_address>0x2000c7c4</load_address>
         <run_address>0x2000c7c4</run_address>
         <size>0x8</size>
         <input_file_ref idref="fl-ee"/>
      </object_component>
      <object_component id="oc-63a">
         <name>.const:g_H2NSyncPattern</name>
         <load_address>0x2000c7cc</load_address>
         <run_address>0x2000c7cc</run_address>
         <size>0x8</size>
         <input_file_ref idref="fl-ee"/>
      </object_component>
      <object_component id="oc-2bb">
         <name>.const:_SlDeviceGetCmdCtrl</name>
         <load_address>0x2000c7d4</load_address>
         <run_address>0x2000c7d4</run_address>
         <size>0x4</size>
         <input_file_ref idref="fl-ed"/>
      </object_component>
      <object_component id="oc-850">
         <name>.const:_SlNetAppSendTokenValueCmdCtrl</name>
         <load_address>0x2000c7d8</load_address>
         <run_address>0x2000c7d8</run_address>
         <size>0x4</size>
         <input_file_ref idref="fl-ef"/>
      </object_component>
      <object_component id="oc-362">
         <name>.const:_SlNetCfgGetCmdCtrl</name>
         <load_address>0x2000c7dc</load_address>
         <run_address>0x2000c7dc</run_address>
         <size>0x4</size>
         <input_file_ref idref="fl-f0"/>
      </object_component>
      <object_component id="oc-2d3">
         <name>.const:_SlNetCfgSetCmdCtrl</name>
         <load_address>0x2000c7e0</load_address>
         <run_address>0x2000c7e0</run_address>
         <size>0x4</size>
         <input_file_ref idref="fl-f0"/>
      </object_component>
      <object_component id="oc-2c4">
         <name>.const:_SlPolicySetCmdCtrl</name>
         <load_address>0x2000c7e4</load_address>
         <run_address>0x2000c7e4</run_address>
         <size>0x4</size>
         <input_file_ref idref="fl-f3"/>
      </object_component>
      <object_component id="oc-2c8">
         <name>.const:_SlProfileDelCmdCtrl</name>
         <load_address>0x2000c7e8</load_address>
         <run_address>0x2000c7e8</run_address>
         <size>0x4</size>
         <input_file_ref idref="fl-f3"/>
      </object_component>
      <object_component id="oc-353">
         <name>.const:_SlRecvCmdCtrl</name>
         <load_address>0x2000c7ec</load_address>
         <run_address>0x2000c7ec</run_address>
         <size>0x4</size>
         <input_file_ref idref="fl-f2"/>
      </object_component>
      <object_component id="oc-504">
         <name>.const:_SlRegisterServiceCtrl</name>
         <load_address>0x2000c7f0</load_address>
         <run_address>0x2000c7f0</run_address>
         <size>0x4</size>
         <input_file_ref idref="fl-ef"/>
      </object_component>
      <object_component id="oc-2eb">
         <name>.const:_SlRxFilterSetCmdCtrl</name>
         <load_address>0x2000c7f4</load_address>
         <run_address>0x2000c7f4</run_address>
         <size>0x4</size>
         <input_file_ref idref="fl-f3"/>
      </object_component>
      <object_component id="oc-342">
         <name>.const:_SlSendCmdCtrl</name>
         <load_address>0x2000c7f8</load_address>
         <run_address>0x2000c7f8</run_address>
         <size>0x4</size>
         <input_file_ref idref="fl-f2"/>
      </object_component>
      <object_component id="oc-347">
         <name>.const:_SlSockCloseCmdCtrl</name>
         <load_address>0x2000c7fc</load_address>
         <run_address>0x2000c7fc</run_address>
         <size>0x4</size>
         <input_file_ref idref="fl-f2"/>
      </object_component>
      <object_component id="oc-32d">
         <name>.const:_SlSockSocketCmdCtrl</name>
         <load_address>0x2000c800</load_address>
         <run_address>0x2000c800</run_address>
         <size>0x4</size>
         <input_file_ref idref="fl-f2"/>
      </object_component>
      <object_component id="oc-2ac">
         <name>.const:_SlStopCmdCtrl</name>
         <load_address>0x2000c804</load_address>
         <run_address>0x2000c804</run_address>
         <size>0x4</size>
         <input_file_ref idref="fl-ed"/>
      </object_component>
      <object_component id="oc-2dd">
         <name>.const:_SlWlanCfgSetCmdCtrl</name>
         <load_address>0x2000c808</load_address>
         <run_address>0x2000c808</run_address>
         <size>0x4</size>
         <input_file_ref idref="fl-f3"/>
      </object_component>
      <object_component id="oc-290">
         <name>.const:_SlWlanSetModeCmdCtrl</name>
         <load_address>0x2000c80c</load_address>
         <run_address>0x2000c80c</run_address>
         <size>0x4</size>
         <input_file_ref idref="fl-f3"/>
      </object_component>
      <object_component id="oc-892">
         <name>.cinit..data.load</name>
         <load_address>0x2000c810</load_address>
         <run_address>0x2000c810</run_address>
         <size>0x60</size>
      </object_component>
      <object_component id="oc-890">
         <name>__TI_handler_table</name>
         <load_address>0x2000c870</load_address>
         <run_address>0x2000c870</run_address>
         <size>0xc</size>
      </object_component>
      <object_component id="oc-893">
         <name>.cinit..bss.load</name>
         <load_address>0x2000c880</load_address>
         <run_address>0x2000c880</run_address>
         <size>0x8</size>
      </object_component>
      <object_component id="oc-891">
         <name>__TI_cinit_table</name>
         <load_address>0x2000c888</load_address>
         <run_address>0x2000c888</run_address>
[...]
      </symbol>
      <symbol id="sm-840">
         <name>UARTDisable</name>
         <value>0x2000ba61</value>
         <object_component_ref idref="oc-387"/>
      </symbol>
      <symbol id="sm-841">
         <name>UARTCharsAvail</name>
         <value>0x2000c08f</value>
         <object_component_ref idref="oc-1dc"/>
      </symbol>
      <symbol id="sm-842">
         <name>UARTCharGetNonBlocking</name>
         <value>0x2000becf</value>
         <object_component_ref idref="oc-1e2"/>
      </symbol>
      <symbol id="sm-843">
         <name>UARTCharPut</name>
         <value>0x2000be77</value>
         <object_component_ref idref="oc-165"/>
      </symbol>
      <symbol id="sm-844">
         <name>UARTEnable</name>
         <value>0x2000bd2d</value>
         <object_component_ref idref="oc-38d"/>
      </symbol>
      <symbol id="sm-845">
         <name>UARTCharGet</name>
         <value>0x2000c11d</value>
         <object_component_ref idref="oc-15f"/>
      </symbol>
      <symbol id="sm-849">
         <name>UtilsDelay</name>
         <value>0x2000c231</value>
         <object_component_ref idref="oc-14e"/>
      </symbol>
      <symbol id="sm-853">
         <name>CPUcpsie</name>
         <value>0x2000c15f</value>
         <object_component_ref idref="oc-2f2"/>
      </symbol>
      <symbol id="sm-8f7">
         <name>_sl_HandleAsync_InitComplete</name>
         <value>0x2000a451</value>
         <object_component_ref idref="oc-840"/>
      </symbol>
      <symbol id="sm-8f8">
         <name>_SlDrvDeviceEventHandler</name>
         <value>0x20009d6d</value>
         <object_component_ref idref="oc-7df"/>
      </symbol>
      <symbol id="sm-8f9">
         <name>_sl_HandleAsync_Stop</name>
         <value>0x2000b331</value>
         <object_component_ref idref="oc-81b"/>
      </symbol>
      <symbol id="sm-8fa">
         <name>sl_Stop</name>
         <value>0x20008b39</value>
         <object_component_ref idref="oc-e1"/>
      </symbol>
      <symbol id="sm-8fb">
         <name>sl_Start</name>
         <value>0x20008e09</value>
         <object_component_ref idref="oc-cf"/>
      </symbol>
      <symbol id="sm-8fc">
         <name>sl_DevGet</name>
         <value>0x200095e9</value>
         <object_component_ref idref="oc-e7"/>
      </symbol>
      <symbol id="sm-bab">
         <name>RxIrqCnt</name>
         <value>0x2001f1e8</value>
      </symbol>
      <symbol id="sm-bac">
         <name>g_bDeviceRestartIsRequired</name>
         <value>0x2001f1e9</value>
      </symbol>
      <symbol id="sm-bad">
         <name>_SlDrvProtectionObjUnLock</name>
         <value>0x2000bc45</value>
         <object_component_ref idref="oc-461"/>
      </symbol>
      <symbol id="sm-bae">
         <name>_SlDrvBasicCmd</name>
         <value>0x2000b545</value>
         <object_component_ref idref="oc-2cc"/>
      </symbol>
      <symbol id="sm-baf">
         <name>_SlDrvObjUnLock</name>
         <value>0x2000be19</value>
         <object_component_ref idref="oc-535"/>
      </symbol>
      <symbol id="sm-bb0">
         <name>_SlDrvObjLockWaitForever</name>
         <value>0x2000bcbd</value>
         <object_component_ref idref="oc-52f"/>
      </symbol>
      <symbol id="sm-bb1">
         <name>_SlDrvMsgReadSpawnCtx</name>
         <value>0x20008fdd</value>
         <object_component_ref idref="oc-4b5"/>
      </symbol>
      <symbol id="sm-bb2">
         <name>_SlDrvDispatchHttpServerEvents</name>
         <value>0x2000c1c1</value>
         <object_component_ref idref="oc-7f3"/>
      </symbol>
      <symbol id="sm-bb3">
         <name>_SlDriverHandleError</name>
         <value>0x20009aed</value>
         <object_component_ref idref="oc-489"/>
      </symbol>
      <symbol id="sm-bb4">
         <name>_SlDrvDriverCBDeinit</name>
         <value>0x200083d1</value>
         <object_component_ref idref="oc-2a6"/>
      </symbol>
      <symbol id="sm-bb5">
         <name>_SlDrvStartMeasureTimeout</name>
         <value>0x2000beeb</value>
         <object_component_ref idref="oc-5cd"/>
      </symbol>
      <symbol id="sm-bb6">
         <name>_SlDrvResetCmdExt</name>
         <value>0x2000c1d1</value>
         <object_component_ref idref="oc-2b5"/>
      </symbol>
      <symbol id="sm-bb7">
         <name>_SlDrvIsTimeoutExpired</name>
         <value>0x2000a3c5</value>
         <object_component_ref idref="oc-5d3"/>
      </symbol>
      <symbol id="sm-bb8">
         <name>_SlDrvProtectAsyncRespSetting</name>
         <value>0x2000b419</value>
         <object_component_ref idref="oc-243"/>
      </symbol>
      <symbol id="sm-bb9">
         <name>_SlDrvReleasePoolObj</name>
         <value>0x20006f2d</value>
         <object_component_ref idref="oc-261"/>
      </symbol>
      <symbol id="sm-bba">
         <name>OpcodeTranslateTable</name>
         <value>0x2000c640</value>
         <object_component_ref idref="oc-711"/>
      </symbol>
      <symbol id="sm-bbb">
         <name>pPingCallBackFunc</name>
         <value>0x2001f354</value>
         <object_component_ref idref="oc-270"/>
      </symbol>
      <symbol id="sm-bbc">
         <name>_SlDrvDriverCBInit</name>
         <value>0x20007485</value>
         <object_component_ref idref="oc-237"/>
      </symbol>
      <symbol id="sm-bbd">
         <name>g_pCB</name>
         <value>0x2001f350</value>
         <object_component_ref idref="oc-270"/>
      </symbol>
      <symbol id="sm-bbe">
         <name>_SlDrvProtectionObjLockWaitForever</name>
         <value>0x2000bb75</value>
         <object_component_ref idref="oc-45b"/>
      </symbol>
      <symbol id="sm-bbf">
         <name>_SlDrvCmdOp</name>
         <value>0x20009779</value>
         <object_component_ref idref="oc-28a"/>
      </symbol>
      <symbol id="sm-bc0">
         <name>_SlDrvSyncObjWaitTimeout</name>
         <value>0x2000b65d</value>
         <object_component_ref idref="oc-25b"/>
      </symbol>
      <symbol id="sm-bc1">
         <name>_SlDrvGlobalObjUnLock</name>
         <value>0x2000bc1d</value>
         <object_component_ref idref="oc-4c8"/>
      </symbol>
      <symbol id="sm-bc2">
         <name>_SlDrvMemZero</name>
         <value>0x2000c133</value>
         <object_component_ref idref="oc-3dd"/>
      </symbol>
      <symbol id="sm-bc3">
         <name>_SlDrvWaitForPoolObj</name>
         <value>0x200077d5</value>
         <object_component_ref idref="oc-455"/>
      </symbol>
      <symbol id="sm-bc4">
         <name>_SlDrvSyncObjSignal</name>
         <value>0x2000be39</value>
         <object_component_ref idref="oc-496"/>
      </symbol>
      <symbol id="sm-bc5">
         <name>_SlDrvDataReadOp</name>
         <value>0x20006d49</value>
         <object_component_ref idref="oc-34d"/>
      </symbol>
      <symbol id="sm-bc6">
         <name>_SlDrvDataWriteOp</name>
         <value>0x20007c4d</value>
         <object_component_ref idref="oc-33c"/>
      </symbol>
      <symbol id="sm-bc7">
         <name>_SlDrvRxIrqHandler</name>
         <value>0x2000b1e1</value>
         <object_component_ref idref="oc-273"/>
      </symbol>
      <symbol id="sm-bc8">
         <name>_SlDrvSyncObjWaitForever</name>
         <value>0x2000bc6d</value>
         <object_component_ref idref="oc-53b"/>
      </symbol>
      <symbol id="sm-bc9">
         <name>g_SlDeviceStatus</name>
         <value>0x2001f34c</value>
         <object_component_ref idref="oc-270"/>
      </symbol>
      <symbol id="sm-bca">
         <name>_SlDrvCmdSend</name>
         <value>0x2000abcd</value>
         <object_component_ref idref="oc-84a"/>
      </symbol>
      <symbol id="sm-bcb">
         <name>_SlActionLookupTable</name>
         <value>0x2000c67c</value>
         <object_component_ref idref="oc-79c"/>
      </symbol>
      <symbol id="sm-c52">
         <name>sl_NetAppMDNSUnRegisterService</name>
         <value>0x2000ae39</value>
         <object_component_ref idref="oc-10b"/>
      </symbol>
      <symbol id="sm-c53">
         <name>_SlNetAppSendTokenValueCmdCtrl</name>
         <value>0x2000c7d8</value>
         <object_component_ref idref="oc-850"/>
      </symbol>
      <symbol id="sm-c54">
         <name>_sl_HandleAsync_DnsGetHostByName</name>
         <value>0x2000a0fd</value>
         <object_component_ref idref="oc-7e7"/>
      </symbol>
      <symbol id="sm-c55">
         <name>_sl_HandleAsync_PingResponse</name>
         <value>0x2000a18d</value>
         <object_component_ref idref="oc-788"/>
      </symbol>
      <symbol id="sm-c56">
         <name>_SlDrvNetAppEventHandler</name>
         <value>0x20008845</value>
         <object_component_ref idref="oc-782"/>
      </symbol>
      <symbol id="sm-c57">
         <name>_sl_HandleAsync_DnsGetHostByService</name>
         <value>0x2000951d</value>
         <object_component_ref idref="oc-7ed"/>
      </symbol>
      <symbol id="sm-c58">
         <name>_sl_NetAppSendTokenValue</name>
         <value>0x2000ac39</value>
         <object_component_ref idref="oc-7f9"/>
      </symbol>
      <symbol id="sm-c59">
         <name>sl_NetAppMDNSRegisterUnregisterService</name>
         <value>0x200091ad</value>
         <object_component_ref idref="oc-2e1"/>
      </symbol>
      <symbol id="sm-c99">
         <name>sl_NetCfgGet</name>
         <value>0x20009445</value>
         <object_component_ref idref="oc-171"/>
      </symbol>
      <symbol id="sm-c9a">
         <name>sl_NetCfgSet</name>
         <value>0x20009e09</value>
         <object_component_ref idref="oc-ff"/>
      </symbol>
      <symbol id="sm-ce2">
         <name>_SlNonOsSemSet</name>
         <value>0x2000c0a7</value>
         <object_component_ref idref="oc-3e3"/>
      </symbol>
      <symbol id="sm-ce3">
         <name>_SlNonOsSpawn</name>
         <value>0x2000ad0d</value>
         <object_component_ref idref="oc-4af"/>
      </symbol>
      <symbol id="sm-ce4">
         <name>_SlNonOsSemGet</name>
         <value>0x200098ed</value>
         <object_component_ref idref="oc-3e9"/>
      </symbol>
      <symbol id="sm-ce5">
         <name>_SlNonOsMainLoopTask</name>
         <value>0x2000aae9</value>
         <object_component_ref idref="oc-d5"/>
      </symbol>
      <symbol id="sm-ce6">
         <name>g__SlNonOsCB</name>
         <value>0x2001f310</value>
         <object_component_ref idref="oc-285"/>
      </symbol>
      <symbol id="sm-d8c">
         <name>sl_Recv</name>
         <value>0x20009c31</value>
         <object_component_ref idref="oc-153"/>
      </symbol>
      <symbol id="sm-d8d">
         <name>sl_Send</name>
         <value>0x2000829d</value>
         <object_component_ref idref="oc-142"/>
      </symbol>
      <symbol id="sm-d8e">
         <name>_sl_HandleAsync_Connect</name>
         <value>0x2000a781</value>
         <object_component_ref idref="oc-80f"/>
      </symbol>
      <symbol id="sm-d8f">
         <name>sl_Socket</name>
         <value>0x2000a4dd</value>
         <object_component_ref idref="oc-13c"/>
      </symbol>
      <symbol id="sm-d90">
         <name>_sl_HandleAsync_Select</name>
         <value>0x2000b235</value>
         <object_component_ref idref="oc-815"/>
      </symbol>
      <symbol id="sm-d91">
         <name>sl_Close</name>
         <value>0x2000af65</value>
         <object_component_ref idref="oc-148"/>
      </symbol>
      <symbol id="sm-d92">
         <name>_sl_HandleAsync_Accept</name>
         <value>0x2000ad71</value>
         <object_component_ref idref="oc-809"/>
      </symbol>
      <symbol id="sm-e23">
         <name>sl_WlanDisconnect</name>
         <value>0x2000b98d</value>
         <object_component_ref idref="oc-f9"/>
      </symbol>
      <symbol id="sm-e24">
         <name>sl_WlanPolicySet</name>
         <value>0x2000a21d</value>
         <object_component_ref idref="oc-ed"/>
      </symbol>
      <symbol id="sm-e25">
         <name>sl_WlanProfileDel</name>
         <value>0x2000afc5</value>
         <object_component_ref idref="oc-f3"/>
      </symbol>
      <symbol id="sm-e26">
         <name>sl_WlanRxFilterSet</name>
         <value>0x2000a6fd</value>
         <object_component_ref idref="oc-114"/>
      </symbol>
      <symbol id="sm-e27">
         <name>sl_WlanSet</name>
         <value>0x20009ea1</value>
         <object_component_ref idref="oc-105"/>
      </symbol>
      <symbol id="sm-e28">
         <name>sl_WlanSetMode</name>
         <value>0x2000b025</value>
         <object_component_ref idref="oc-db"/>
      </symbol>
      <symbol id="sm-f48">
         <name>g_ucDinDout</name>
         <value>0x2001f168</value>
      </symbol>
      <symbol id="sm-f49">
         <name>g_cDummy</name>
         <value>0x2001f1ea</value>
      </symbol>
      <symbol id="sm-f4a">
         <name>NwpMaskInterrupt</name>
         <value>0x2000c1fd</value>
         <object_component_ref idref="oc-468"/>
      </symbol>
      <symbol id="sm-f4b">
         <name>NwpPrePowerOffTimout0</name>
         <value>0x2000bdd9</value>
         <object_component_ref idref="oc-29a"/>
      </symbol>
      <symbol id="sm-f4c">
         <name>NwpRegisterInterruptHandler</name>
         <value>0x2000b7e9</value>
         <object_component_ref idref="oc-24f"/>
      </symbol>
      <symbol id="sm-f4d">
         <name>g_pHostIntHdl</name>
         <value>0x2001f360</value>
         <object_component_ref idref="oc-442"/>
      </symbol>
      <symbol id="sm-f4e">
         <name>simplelink_timerA2_start</name>
         <value>0x2000b8dd</value>
         <object_component_ref idref="oc-768"/>
      </symbol>
      <symbol id="sm-f4f">
         <name>NwpUnMaskInterrupt</name>
         <value>0x2000c209</value>
         <object_component_ref idref="oc-482"/>
      </symbol>
      <symbol id="sm-f50">
         <name>NwpPowerOff</name>
         <value>0x2000b955</value>
         <object_component_ref idref="oc-249"/>
      </symbol>
      <symbol id="sm-f51">
         <name>TimerGetCurrentTimestamp</name>
         <value>0x2000bdf9</value>
         <object_component_ref idref="oc-6e4"/>
      </symbol>
      <symbol id="sm-f52">
         <name>spi_Read</name>
         <value>0x20008c29</value>
         <object_component_ref idref="oc-704"/>
      </symbol>
      <symbol id="sm-f53">
         <name>DmaSpiSwIntHandler</name>
         <value>0x2000bce5</value>
         <object_component_ref idref="oc-448"/>
      </symbol>
      <symbol id="sm-f54">
         <name>NwpPowerOn</name>
         <value>0x2000baf1</value>
         <object_component_ref idref="oc-255"/>
      </symbol>
      <symbol id="sm-f55">
         <name>spi_Close</name>
         <value>0x2000a9f9</value>
         <object_component_ref idref="oc-2a0"/>
      </symbol>
      <symbol id="sm-f56">
         <name>spi_Write</name>
         <value>0x20009f39</value>
         <object_component_ref idref="oc-634"/>
      </symbol>
      <symbol id="sm-f57">
         <name>spi_Open</name>
         <value>0x20007d9d</value>
         <object_component_ref idref="oc-23d"/>
      </symbol>
      <symbol id="sm-f58">
         <name>g_ucDMAEnabled</name>
         <value>0x2001f364</value>
         <object_component_ref idref="oc-442"/>
      </symbol>
      <symbol id="sm-f59">
         <name>g_SpiFd</name>
         <value>0x2001f35c</value>
         <object_component_ref idref="oc-442"/>
      </symbol>
      <symbol id="sm-1014">
         <name>SPIFIFODisable</name>
         <value>0x2000bfc7</value>
         <object_component_ref idref="oc-4e6"/>
      </symbol>
      <symbol id="sm-1015">
         <name>SPICSEnable</name>
         <value>0x2000c047</value>
         <object_component_ref idref="oc-71b"/>
      </symbol>
      <symbol id="sm-1016">
         <name>SPIDisable</name>
         <value>0x2000c05f</value>
         <object_component_ref idref="oc-3fa"/>
      </symbol>
      <symbol id="sm-1017">
         <name>SPIFIFOEnable</name>
         <value>0x2000bfe1</value>
         <object_component_ref idref="oc-418"/>
      </symbol>
      <symbol id="sm-1018">
         <name>SPIWordCountSet</name>
         <value>0x2000bd97</value>
         <object_component_ref idref="oc-721"/>
      </symbol>
      <symbol id="sm-1019">
         <name>SPIEnable</name>
         <value>0x2000c077</value>
         <object_component_ref idref="oc-43c"/>
      </symbol>
      <symbol id="sm-101a">
         <name>SPIDmaEnable</name>
         <value>0x2000bfad</value>
         <object_component_ref idref="oc-41e"/>
      </symbol>
      <symbol id="sm-101b">
         <name>SPIConfigSetExpClk</name>
         <value>0x20009b91</value>
         <object_component_ref idref="oc-406"/>
      </symbol>
      <symbol id="sm-101c">
         <name>SPIIntUnregister</name>
         <value>0x2000bffb</value>
         <object_component_ref idref="oc-4e0"/>
      </symbol>
      <symbol id="sm-101d">
         <name>SPIFIFOLevelSet</name>
         <value>0x2000b9f9</value>
         <object_component_ref idref="oc-424"/>
      </symbol>
      <symbol id="sm-101e">
         <name>SPIDmaDisable</name>
         <value>0x2000bf93</value>
         <object_component_ref idref="oc-4ec"/>
      </symbol>
      <symbol id="sm-101f">
         <name>SPIReset</name>
         <value>0x2000bd75</value>
         <object_component_ref idref="oc-400"/>
      </symbol>
      <symbol id="sm-1020">
         <name>SPIIntEnable</name>
         <value>0x2000b381</value>
         <object_component_ref idref="oc-436"/>
      </symbol>
      <symbol id="sm-1021">
         <name>SPIIntClear</name>
         <value>0x2000b4fd</value>
         <object_component_ref idref="oc-60a"/>
      </symbol>
      <symbol id="sm-1022">
         <name>SPICSDisable</name>
         <value>0x2000c02f</value>
         <object_component_ref idref="oc-3f4"/>
      </symbol>
      <symbol id="sm-1055">
         <name>TimerLoadSet</name>
         <value>0x2000bba1</value>
         <object_component_ref idref="oc-7cb"/>
      </symbol>
      <symbol id="sm-1056">
         <name>TimerEnable</name>
         <value>0x2000be59</value>
         <object_component_ref idref="oc-7d1"/>
      </symbol>
      <symbol id="sm-1057">
         <name>TimerValueGet</name>
         <value>0x2000beb3</value>
         <object_component_ref idref="oc-76e"/>
      </symbol>
      <symbol id="sm-1058">
         <name>TimerPrescaleSet</name>
         <value>0x2000bbcb</value>
         <object_component_ref idref="oc-7c5"/>
      </symbol>
      <symbol id="sm-1059">
         <name>TimerConfigure</name>
         <value>0x2000b619</value>
         <object_component_ref idref="oc-7bf"/>
      </symbol>
      <symbol id="sm-10b0">
         <name>uDMAChannelControlSet</name>
         <value>0x2000b919</value>
         <object_component_ref idref="oc-823"/>
      </symbol>
      <symbol id="sm-10b1">
         <name>uDMAChannelAttributeEnable</name>
         <value>0x2000af01</value>
         <object_component_ref idref="oc-829"/>
      </symbol>
      <symbol id="sm-10b2">
         <name>uDMAChannelTransferSet</name>
         <value>0x20008d19</value>
         <object_component_ref idref="oc-82f"/>
      </symbol>
      <symbol id="sm-10b3">
         <name>uDMAChannelAssign</name>
         <value>0x2000b4b1</value>
         <object_component_ref idref="oc-5e4"/>
      </symbol>
      <symbol id="sm-10b4">
         <name>uDMAChannelAttributeDisable</name>
         <value>0x2000ae9d</value>
         <object_component_ref idref="oc-5ea"/>
      </symbol>
      <symbol id="sm-10b5">
         <name>uDMAChannelEnable</name>
         <value>0x2000bf5d</value>
         <object_component_ref idref="oc-835"/>
      </symbol>
      <symbol id="sm-10b6">
         <name>__TI_static_base__</name>
         <value>0x2000c810</value>
      </symbol>
      <symbol id="sm-10b9">
         <name>__mpu_init</name>
         <value>0x0</value>
      </symbol>
      <symbol id="sm-10ba">
         <name>_system_post_cinit</name>
         <value>0x0</value>
      </symbol>
   </symbol_table>
   <title>Link successful</title>
</link_info>
