******************************************************************************
                  TI ARM Linker PC v18.12.1                    
******************************************************************************
>> Linked Sat Apr  6 13:29:09 2019

OUTPUT FILE NAME:   <transceiver_mode.out>
ENTRY POINT SYMBOL: "_c_int00_noargs"  address: 2000ba2d


MEMORY CONFIGURATION

         name            origin    length      used     unused   attr    fill
----------------------  --------  ---------  --------  --------  ----  --------
  SRAM_CODE             20004000   00013000  00008896  0000a76a  RW X
  SRAM_DATA             20017000   00019000  00009883  0000f77d  RW X


SEGMENT ALLOCATION MAP

run origin  load origin   length   init length attrs members
----------  ----------- ---------- ----------- ----- -------
20004000    20004000    00008898   00008898    r-x
  20004000    20004000    00000400   00000400    r-- .intvecs
  20004400    20004400    00007e3e   00007e3e    r-x .text
  2000c240    2000c240    000005d0   000005d0    r-- .const
  2000c810    2000c810    00000088   00000088    r-- .cinit
20017000    20017000    00008384   00000000    rw-
  20017000    20017000    00008000   00000000    rw- .sysmem
  2001f000    2001f000    000001eb   00000000    rw- .bss
  2001f1ec    2001f1ec    00000198   00000000    rw- .data
2002eb00    2002eb00    00001500   00000000    rw-
  2002eb00    2002eb00    00001500   00000000    rw- .stack


SECTION ALLOCATION MAP

 output                                  attributes/
section   page    origin      length       input sections
--------  ----  ----------  ----------   ----------------
.intvecs   0    20004000    00000400     
                  20004000    00000400     startup_ccs.obj (.intvecs)

.init_array 
*          0    20004000    00000000     UNINITIALIZED

.text      0    20004400    00007e3e     
                  20004400    0000122c     main.obj (.text)
                  2000562c    00000a4e     rtsv7M4_T_le_v4SPD16_eabi.lib : _printfi.c.obj (.text:__TI_printfi)
                  2000607a    00000002     driverlib.a : interrupt.obj (.text:IntDefaultHandler)
                  2000607c    00000590     simplelink.a : driver.obj (.text:_SlDrvMsgRead)
                  2000660c    00000280     uart_if.obj (.text)
                  2000688c    00000270     rtsv7M4_T_le_v4SPD16_eabi.lib : _printfi.c.obj (.text:_pconv_a)
                  20006afc    0000024c     simplelink.a : driver.obj (.text:_SlDrvRxHdrRead)
                  20006d48    000001e4                  : driver.obj (.text:_SlDrvDataReadOp)
                  20006f2c    000001d0                  : driver.obj (.text:_SlDrvReleasePoolObj)
                  200070fc    000001d0     rtsv7M4_T_le_v4SPD16_eabi.lib : _printfi.c.obj (.text:_pconv_g)
                  200072cc    000001b6                                   : fd_add_t2.asm.obj (.text)
                  20007482    00000002                                   : _lock.c.obj (.text:_nop)
                  20007484    000001b4     simplelink.a : driver.obj (.text:_SlDrvDriverCBInit)
                  20007638    0000019c                  : driver.obj (.text:_SlDrvMsgWrite)
                  200077d4    00000190                  : driver.obj (.text:_SlDrvWaitForPoolObj)
                  20007964    00000178     driverlib.a : prcm.obj (.text:PRCMCC3200MCUInit)
                  20007adc    00000170     simplelink.a : driver.obj (.text:_SlFindAndSetActiveObj)
                  20007c4c    00000150                  : driver.obj (.text:_SlDrvDataWriteOp)
                  20007d9c    00000148                  : cc_pal.obj (.text:spi_Open)
                  20007ee4    00000144                  : driver.obj (.text:_SlDrvMsgReadCmdCtx)
                  20008028    0000013c     rtsv7M4_T_le_v4SPD16_eabi.lib : _printfi.c.obj (.text:_pconv_e)
                  20008164    00000136                                   : fd_div_t2.asm.obj (.text)
                  2000829a    00000002                                   : div0.asm.obj (.text)
                  2000829c    00000134     simplelink.a : socket.obj (.text:sl_Send)
                  200083d0    00000130                  : driver.obj (.text:_SlDrvDriverCBDeinit)
                  20008500    00000124     rtsv7M4_T_le_v4SPD16_eabi.lib : _printfi.c.obj (.text:fcvt)
                  20008624    00000110                                   : s_scalbn.c.obj (.text:scalbn)
                  20008734    00000110                                   : strtoul.c.obj (.text:strtoul)
                  20008844    00000104     simplelink.a : netapp.obj (.text:_SlDrvNetAppEventHandler)
                  20008948    000000fc     rtsv7M4_T_le_v4SPD16_eabi.lib : fd_mul_t2.asm.obj (.text)
                  20008a44    000000f4                                   : memory.c.obj (.text:aligned_alloc)
                  20008b38    000000f0     simplelink.a : device.obj (.text:sl_Stop)
                  20008c28    000000f0                  : cc_pal.obj (.text:spi_Read)
                  20008d18    000000f0     driverlib.a : udma.obj (.text:uDMAChannelTransferSet)
                  20008e08    000000ec     simplelink.a : device.obj (.text:sl_Start)
                  20008ef4    000000e8                  : driver.obj (.text:_SlAsyncEventGenericHandler)
                  20008fdc    000000e8                  : driver.obj (.text:_SlDrvMsgReadSpawnCtx)
                  200090c4    000000e8     rtsv7M4_T_le_v4SPD16_eabi.lib : memory.c.obj (.text:free)
                  200091ac    000000e4     simplelink.a : netapp.obj (.text:sl_NetAppMDNSRegisterUnregisterService)
                  20009290    000000dc                  : driver.obj (.text:_SlDrvClassifyRxMsg)
                  2000936c    000000d8     rtsv7M4_T_le_v4SPD16_eabi.lib : memory.c.obj (.text:realloc)
                  20009444    000000d8     simplelink.a : netcfg.obj (.text:sl_NetCfgGet)
                  2000951c    000000cc                  : netapp.obj (.text:_sl_HandleAsync_DnsGetHostByService)
                  200095e8    000000cc                  : device.obj (.text:sl_DevGet)
                  200096b4    000000c4                  : driver.obj (.text:_SlRemoveFromList)
                  20009778    000000c0                  : driver.obj (.text:_SlDrvCmdOp)
                  20009838    000000b1     rtsv7M4_T_le_v4SPD16_eabi.lib : _printfi.c.obj (.text:_ltostr)
                  200098e9    00000003     --HOLE-- [fill = 0]
                  200098ec    000000b0     simplelink.a : nonos.obj (.text:_SlNonOsSemGet)
                  2000999c    000000a8     driverlib.a : interrupt.obj (.text:IntDisable)
                  20009a44    000000a8                 : interrupt.obj (.text:IntEnable)
                  20009aec    000000a4     simplelink.a : driver.obj (.text:_SlDriverHandleError)
                  20009b90    000000a0     driverlib.a : spi.obj (.text:SPIConfigSetExpClk)
                  20009c30    000000a0     simplelink.a : socket.obj (.text:sl_Recv)
                  20009cd0    0000009c     rtsv7M4_T_le_v4SPD16_eabi.lib : memcpy_t2.asm.obj (.text)
                  20009d6c    0000009a     simplelink.a : device.obj (.text:_SlDrvDeviceEventHandler)
                  20009e06    00000002     --HOLE-- [fill = 0]
                  20009e08    00000098                  : netcfg.obj (.text:sl_NetCfgSet)
                  20009ea0    00000098                  : wlan.obj (.text:sl_WlanSet)
                  20009f38    00000098                  : cc_pal.obj (.text:spi_Write)
                  20009fd0    00000096     rtsv7M4_T_le_v4SPD16_eabi.lib : ull_div_t2.asm.obj (.text)
                  2000a066    00000002     --HOLE-- [fill = 0]
                  2000a068    00000094     driverlib.a : prcm.obj (.text:PRCMPeripheralClockGet)
                  2000a0fc    00000090     simplelink.a : netapp.obj (.text:_sl_HandleAsync_DnsGetHostByName)
                  2000a18c    00000090                  : netapp.obj (.text:_sl_HandleAsync_PingResponse)
                  2000a21c    00000090                  : wlan.obj (.text:sl_WlanPolicySet)
                  2000a2ac    0000008c                  : cc_pal.obj (.text:SetupDMAReceive)
                  2000a338    0000008c                  : cc_pal.obj (.text:SetupDMASend)
                  2000a3c4    0000008c                  : driver.obj (.text:_SlDrvIsTimeoutExpired)
                  2000a450    0000008c                  : device.obj (.text:_sl_HandleAsync_InitComplete)
                  2000a4dc    0000008c                  : socket.obj (.text:sl_Socket)
                  2000a568    00000088     driverlib.a : pin.obj (.text:PinConfigSet)
                  2000a5f0    00000086     rtsv7M4_T_le_v4SPD16_eabi.lib : fd_cmp_t2.asm.obj (.text:__aeabi_cdcmple)
                  2000a676    00000086                                   : fd_cmp_t2.asm.obj (.text:__aeabi_cdrcmple)
                  2000a6fc    00000084     simplelink.a : wlan.obj (.text:sl_WlanRxFilterSet)
                  2000a780    00000080                  : socket.obj (.text:_sl_HandleAsync_Connect)
                  2000a800    00000080                  : cc_pal.obj (.text:spi_Read_CPU)
                  2000a880    00000080                  : cc_pal.obj (.text:spi_Write_CPU)
                  2000a900    0000007c     rtsv7M4_T_le_v4SPD16_eabi.lib : memory.c.obj (.text:split)
                  2000a97c    0000007a                                   : memset_t2.asm.obj (.text)
                  2000a9f6    00000002     --HOLE-- [fill = 0]
                  2000a9f8    00000078     simplelink.a : cc_pal.obj (.text:spi_Close)
                  2000aa70    00000076     driverlib.a : uart.obj (.text:UARTConfigSetExpClk)
                  2000aae6    00000002     --HOLE-- [fill = 0]
                  2000aae8    00000074     simplelink.a : nonos.obj (.text:_SlNonOsMainLoopTask)
                  2000ab5c    0000006e     rtsv7M4_T_le_v4SPD16_eabi.lib : _printfi.c.obj (.text:_mcpy)
                  2000abca    00000002     --HOLE-- [fill = 0]
                  2000abcc    0000006c     simplelink.a : driver.obj (.text:_SlDrvCmdSend)
                  2000ac38    0000006c                  : netapp.obj (.text:_sl_NetAppSendTokenValue)
                  2000aca4    00000068     rtsv7M4_T_le_v4SPD16_eabi.lib : copy_decompress_lzss.c.obj (.text:decompress:lzss:__TI_decompress_lzss)
                  2000ad0c    00000064     simplelink.a : nonos.obj (.text:_SlNonOsSpawn)
                  2000ad70    00000064                  : socket.obj (.text:_sl_HandleAsync_Accept)
                  2000add4    00000064     rtsv7M4_T_le_v4SPD16_eabi.lib : s_frexp.c.obj (.text:frexp)
                  2000ae38    00000064     simplelink.a : netapp.obj (.text:sl_NetAppMDNSUnRegisterService)
                  2000ae9c    00000064     driverlib.a : udma.obj (.text:uDMAChannelAttributeDisable)
                  2000af00    00000064                 : udma.obj (.text:uDMAChannelAttributeEnable)
                  2000af64    00000060     simplelink.a : socket.obj (.text:sl_Close)
                  2000afc4    00000060                  : wlan.obj (.text:sl_WlanProfileDel)
                  2000b024    00000060                  : wlan.obj (.text:sl_WlanSetMode)
                  2000b084    00000058     driverlib.a : interrupt.obj (.text:IntPendClear)
                  2000b0dc    00000058                 : prcm.obj (.text:PRCMPeripheralReset)
                  2000b134    00000056     rtsv7M4_T_le_v4SPD16_eabi.lib : _printfi.c.obj (.text:_pconv_f)
                  2000b18a    00000002     --HOLE-- [fill = 0]
                  2000b18c    00000054     driverlib.a : interrupt.obj (.text:IntPrioritySet)
                  2000b1e0    00000054     simplelink.a : driver.obj (.text:_SlDrvRxIrqHandler)
                  2000b234    00000054                  : socket.obj (.text:_sl_HandleAsync_Select)
                  2000b288    00000054     rtsv7M4_T_le_v4SPD16_eabi.lib : ltoa.c.obj (.text:ltoa)
                  2000b2dc    00000052                                   : _printfi.c.obj (.text:_ecpy)
                  2000b32e    00000002     --HOLE-- [fill = 0]
                  2000b330    00000050     simplelink.a : device.obj (.text:_sl_HandleAsync_Stop)
                  2000b380    0000004c     driverlib.a : spi.obj (.text:SPIIntEnable)
                  2000b3cc    0000004c                 : spi.obj (.text:SPIIntNumberGet)
                  2000b418    0000004c     simplelink.a : driver.obj (.text:_SlDrvProtectAsyncRespSetting)
                  2000b464    0000004c     rtsv7M4_T_le_v4SPD16_eabi.lib : atoi.c.obj (.text:atoi)
                  2000b4b0    0000004c     driverlib.a : udma.obj (.text:uDMAChannelAssign)
                  2000b4fc    00000048                 : spi.obj (.text:SPIIntClear)
                  2000b544    00000048     simplelink.a : driver.obj (.text:_SlDrvBasicCmd)
                  2000b58c    00000048     rtsv7M4_T_le_v4SPD16_eabi.lib : fd_toi_t2.asm.obj (.text)
                  2000b5d4    00000044     driverlib.a : spi.obj (.text:SPIDmaMaskGet)
                  2000b618    00000044                 : timer.obj (.text:TimerConfigure)
                  2000b65c    00000044     simplelink.a : driver.obj (.text:_SlDrvSyncObjWaitTimeout)
                  2000b6a0    00000044     rtsv7M4_T_le_v4SPD16_eabi.lib : autoinit.c.obj (.text:__TI_auto_init_nobinit_nopinit:__TI_auto_init_nobinit_nopinit)
                  2000b6e4    00000044     simplelink.a : cc_pal.obj (.text:cc_SetupTransfer)
                  2000b728    00000040     driverlib.a : pin.obj (.text:PinModeSet)
                  2000b768    00000040     simplelink.a : socket.obj (.text:_sl_TruncatePayloadByProtocol)
                  2000b7a8    00000040     rtsv7M4_T_le_v4SPD16_eabi.lib : vsnprintf.c.obj (.text:vsnprintf)
                  2000b7e8    0000003e     simplelink.a : cc_pal.obj (.text:NwpRegisterInterruptHandler)
                  2000b826    0000003e     rtsv7M4_T_le_v4SPD16_eabi.lib : _printfi.c.obj (.text:_fcpy)
                  2000b864    0000003c     simplelink.a : netapp.obj (.text:CopyPingResultsToReport)
                  2000b8a0    0000003c     driverlib.a : prcm.obj (.text:PRCMPeripheralClkEnable)
                  2000b8dc    0000003c     simplelink.a : cc_pal.obj (.text:simplelink_timerA2_start)
                  2000b918    0000003c     driverlib.a : udma.obj (.text:uDMAChannelControlSet)
                  2000b954    00000038     simplelink.a : cc_pal.obj (.text:NwpPowerOff)
                  2000b98c    00000038                  : wlan.obj (.text:sl_WlanDisconnect)
                  2000b9c4    00000034     driverlib.a : prcm.obj (.text:PRCMPeripheralStatusGet)
                  2000b9f8    00000034                 : spi.obj (.text:SPIFIFOLevelSet)
                  2000ba2c    00000034     rtsv7M4_T_le_v4SPD16_eabi.lib : boot_cortex_m.c.obj (.text:_c_int00_noargs:_c_int00_noargs)
                  2000ba60    00000030     driverlib.a : uart.obj (.text:UARTDisable)
                  2000ba90    00000030     rtsv7M4_T_le_v4SPD16_eabi.lib : vsnprintf.c.obj (.text:_outs)
                  2000bac0    0000002e                                   : i_tofd_t2.asm.obj (.text)
                  2000baee    00000002     --HOLE-- [fill = 0]
                  2000baf0    0000002c     simplelink.a : cc_pal.obj (.text:NwpPowerOn)
                  2000bb1c    0000002c     driverlib.a : prcm.obj (.text:PRCMSysResetCauseGet)
                  2000bb48    0000002c     simplelink.a : driver.obj (.text:_SlDrvObjGlobalLockWaitForever)
                  2000bb74    0000002c                  : driver.obj (.text:_SlDrvProtectionObjLockWaitForever)
                  2000bba0    0000002a     driverlib.a : timer.obj (.text:TimerLoadSet)
                  2000bbca    0000002a                 : timer.obj (.text:TimerPrescaleSet)
                  2000bbf4    00000028                 : prcm.obj (.text:PRCMPeripheralClkDisable)
                  2000bc1c    00000028     simplelink.a : driver.obj (.text:_SlDrvGlobalObjUnLock)
                  2000bc44    00000028                  : driver.obj (.text:_SlDrvProtectionObjUnLock)
                  2000bc6c    00000028                  : driver.obj (.text:_SlDrvSyncObjWaitForever)
                  2000bc94    00000028     rtsv7M4_T_le_v4SPD16_eabi.lib : memory.c.obj (.text:free_list_insert)
                  2000bcbc    00000026     simplelink.a : driver.obj (.text:_SlDrvObjLockWaitForever)
                  2000bce2    00000002     --HOLE-- [fill = 0]
                  2000bce4    00000024                  : cc_pal.obj (.text:DmaSpiSwIntHandler)
                  2000bd08    00000024     driverlib.a : interrupt.obj (.text:IntUnregister)
                  2000bd2c    00000024                 : uart.obj (.text:UARTEnable)
                  2000bd50    00000024     rtsv7M4_T_le_v4SPD16_eabi.lib : memmov.c.obj (.text:memmove)
                  2000bd74    00000022     driverlib.a : spi.obj (.text:SPIReset)
                  2000bd96    00000022                 : spi.obj (.text:SPIWordCountSet)
                  2000bdb8    00000020                 : interrupt.obj (.text:IntRegister)
                  2000bdd8    00000020     simplelink.a : cc_pal.obj (.text:NwpPrePowerOffTimout0)
                  2000bdf8    00000020                  : cc_pal.obj (.text:TimerGetCurrentTimestamp)
                  2000be18    00000020                  : driver.obj (.text:_SlDrvObjUnLock)
                  2000be38    00000020                  : driver.obj (.text:_SlDrvSyncObjSignal)
                  2000be58    0000001e     driverlib.a : timer.obj (.text:TimerEnable)
                  2000be76    0000001e                 : uart.obj (.text:UARTCharPut)
                  2000be94    0000001e     simplelink.a : cc_pal.obj (.text:cc_UDMAChannelSelect)
                  2000beb2    0000001c     driverlib.a : timer.obj (.text:TimerValueGet)
                  2000bece    0000001c                 : uart.obj (.text:UARTCharGetNonBlocking)
                  2000beea    0000001c     simplelink.a : driver.obj (.text:_SlDrvStartMeasureTimeout)
                  2000bf06    00000002     --HOLE-- [fill = 0]
                  2000bf08    0000001c     rtsv7M4_T_le_v4SPD16_eabi.lib : memory.c.obj (.text:free_list_remove)
                  2000bf24    0000001c                                   : memccpy.c.obj (.text:memccpy)
                  2000bf40    0000001c     pinmux.obj (.text)
                  2000bf5c    0000001c     driverlib.a : udma.obj (.text:uDMAChannelEnable)
                  2000bf78    0000001a                 : pin.obj (.text:PinTypeUART)
                  2000bf92    0000001a                 : spi.obj (.text:SPIDmaDisable)
                  2000bfac    0000001a                 : spi.obj (.text:SPIDmaEnable)
                  2000bfc6    0000001a                 : spi.obj (.text:SPIFIFODisable)
                  2000bfe0    0000001a                 : spi.obj (.text:SPIFIFOEnable)
                  2000bffa    0000001a                 : spi.obj (.text:SPIIntUnregister)
                  2000c014    0000001a     rtsv7M4_T_le_v4SPD16_eabi.lib : s_copysign.c.obj (.text:copysign)
                  2000c02e    00000018     driverlib.a : spi.obj (.text:SPICSDisable)
                  2000c046    00000018                 : spi.obj (.text:SPICSEnable)
                  2000c05e    00000018                 : spi.obj (.text:SPIDisable)
                  2000c076    00000018                 : spi.obj (.text:SPIEnable)
                  2000c08e    00000018                 : uart.obj (.text:UARTCharsAvail)
                  2000c0a6    00000018     simplelink.a : nonos.obj (.text:_SlNonOsSemSet)
                  2000c0be    00000018     rtsv7M4_T_le_v4SPD16_eabi.lib : vsnprintf.c.obj (.text:_outc)
                  2000c0d6    00000002     --HOLE-- [fill = 0]
                  2000c0d8    00000018     simplelink.a : device.obj (.text:_sl_GetStartResponseConvert)
                  2000c0f0    00000016     driverlib.a : prcm.obj (.text:PRCMHIBRegRead)
                  2000c106    00000016                 : prcm.obj (.text:PRCMHIBRegWrite)
                  2000c11c    00000016                 : uart.obj (.text:UARTCharGet)
                  2000c132    00000016     simplelink.a : driver.obj (.text:_SlDrvMemZero)
                  2000c148    00000016     rtsv7M4_T_le_v4SPD16_eabi.lib : strchr.c.obj (.text:strchr)
                  2000c15e    00000014     driverlib.a : cpu.obj (.text:CPUcpsie)
                  2000c172    00000002     --HOLE-- [fill = 0]
                  2000c174    00000014                 : interrupt.obj (.text:IntVTableBaseSet)
                  2000c188    00000014     rtsv7M4_T_le_v4SPD16_eabi.lib : strlen.c.obj (.text:strlen)
                  2000c19c    00000012                                   : copy_zero_init.c.obj (.text:decompress:ZI:__TI_zero_init_nomemset:__TI_zero_init_nomemset)
                  2000c1ae    00000012                                   : wcslen.c.obj (.text:wcslen)
                  2000c1c0    00000010     simplelink.a : driver.obj (.text:_SlDrvDispatchHttpServerEvents)
                  2000c1d0    0000000e                  : driver.obj (.text:_SlDrvResetCmdExt)
                  2000c1de    0000000e     rtsv7M4_T_le_v4SPD16_eabi.lib : copy_decompress_none.c.obj (.text:decompress:none:__TI_decompress_none)
                  2000c1ec    0000000e     startup_ccs.obj (.text)
                  2000c1fa    00000002     --HOLE-- [fill = 0]
                  2000c1fc    0000000c     simplelink.a : cc_pal.obj (.text:NwpMaskInterrupt)
                  2000c208    0000000c                  : cc_pal.obj (.text:NwpUnMaskInterrupt)
                  2000c214    0000000a     driverlib.a : interrupt.obj (.text:IntMasterEnable)
                  2000c21e    00000002     --HOLE-- [fill = 0]
                  2000c220    00000008     rtsv7M4_T_le_v4SPD16_eabi.lib : errno.c.obj (.text:__aeabi_errno_addr)
                  2000c228    00000008                                   : memory.c.obj (.text:malloc)
                  2000c230    00000006     driverlib.a : utils.obj (.text:UtilsDelay)
                  2000c236    00000004     rtsv7M4_T_le_v4SPD16_eabi.lib : pre_init.c.obj (.text:_system_pre_init)
                  2000c23a    00000004                                   : exit.c.obj (.text:abort:abort)

.const     0    2000c240    000005d0     
                  2000c240    00000101     rtsv7M4_T_le_v4SPD16_eabi.lib : ctype.c.obj (.const:.string:_ctypes_)
                  2000c341    00000003     --HOLE-- [fill = 0]
                  2000c344    00000100     driverlib.a : pin.obj (.const:g_ulPinToPadMap)
                  2000c444    000000d4                 : interrupt.obj (.const:g_pulRegs)
                  2000c518    000000a8                 : prcm.obj (.const:PRCM_PeriphRegsList)
                  2000c5c0    00000080                 : interrupt.obj (.const)
                  2000c640    0000003c     simplelink.a : driver.obj (.const:OpcodeTranslateTable)
                  2000c67c    00000038                  : driver.obj (.const:_SlActionLookupTable)
                  2000c6b4    0000002c     main.obj (.const:$P$T1$2)
                  2000c6e0    00000024     driverlib.a : spi.obj (.const:g_ppulSPIIntMap)
                  2000c704    00000022     main.obj (.const:.string:$P$T0$1)
                  2000c726    00000002     --HOLE-- [fill = 0]
                  2000c728    00000020     simplelink.a : driver.obj (.const:RxMsgClassLUT)
                  2000c748    00000018     driverlib.a : spi.obj (.const)
                  2000c760    00000014     simplelink.a : driver.obj (.const:$P$T0$1)
                  2000c774    00000014                  : nonos.obj (.const:$P$T0$1)
                  2000c788    00000014     main.obj (.const:$P$T2$3)
                  2000c79c    00000010     simplelink.a : socket.obj (.const:.string:_SlPayloadByProtocolLUT)
                  2000c7ac    0000000e     main.obj (.const:.string:$P$T3$4)
                  2000c7ba    00000008     simplelink.a : device.obj (.const:StartResponseLUT)
                  2000c7c2    00000002     --HOLE-- [fill = 0]
                  2000c7c4    00000008                  : driver.obj (.const:g_H2NCnysPattern)
                  2000c7cc    00000008                  : driver.obj (.const:g_H2NSyncPattern)
                  2000c7d4    00000004                  : device.obj (.const:_SlDeviceGetCmdCtrl)
                  2000c7d8    00000004                  : netapp.obj (.const:_SlNetAppSendTokenValueCmdCtrl)
                  2000c7dc    00000004                  : netcfg.obj (.const:_SlNetCfgGetCmdCtrl)
                  2000c7e0    00000004                  : netcfg.obj (.const:_SlNetCfgSetCmdCtrl)
                  2000c7e4    00000004                  : wlan.obj (.const:_SlPolicySetCmdCtrl)
                  2000c7e8    00000004                  : wlan.obj (.const:_SlProfileDelCmdCtrl)
                  2000c7ec    00000004                  : socket.obj (.const:_SlRecvCmdCtrl)
                  2000c7f0    00000004                  : netapp.obj (.const:_SlRegisterServiceCtrl)
                  2000c7f4    00000004                  : wlan.obj (.const:_SlRxFilterSetCmdCtrl)
                  2000c7f8    00000004                  : socket.obj (.const:_SlSendCmdCtrl)
                  2000c7fc    00000004                  : socket.obj (.const:_SlSockCloseCmdCtrl)
                  2000c800    00000004                  : socket.obj (.const:_SlSockSocketCmdCtrl)
                  2000c804    00000004                  : device.obj (.const:_SlStopCmdCtrl)
                  2000c808    00000004                  : wlan.obj (.const:_SlWlanCfgSetCmdCtrl)
                  2000c80c    00000004                  : wlan.obj (.const:_SlWlanSetModeCmdCtrl)

.cinit     0    2000c810    00000088     
                  2000c810    00000060     (.cinit..data.load) [load image, compression = lzss]
                  2000c870    0000000c     (__TI_handler_table)
                  2000c87c    00000004     --HOLE-- [fill = 0]
                  2000c880    00000008     (.cinit..bss.load) [load image, compression = zero_init]
                  2000c888    00000010     (__TI_cinit_table)

.sysmem    0    20017000    00008000     UNINITIALIZED
                  20017000    00000010     rtsv7M4_T_le_v4SPD16_eabi.lib : memory.c.obj (.sysmem)
                  20017010    00007ff0     --HOLE--

.bss       0    2001f000    000001eb     UNINITIALIZED
                  2001f000    00000168     simplelink.a : driver.obj (.bss:g_StatMem)
                  2001f168    00000050     (.common:g_ucDinDout)
                  2001f1b8    00000024     (.common:g_ucConnectionSSID)
                  2001f1dc    00000008     (.common:g_ucConnectionBSSID)
                  2001f1e4    00000004     uart_if.obj (.bss)
                  2001f1e8    00000001     (.common:RxIrqCnt)
                  2001f1e9    00000001     (.common:g_bDeviceRestartIsRequired)
                  2001f1ea    00000001     (.common:g_cDummy)

.data      0    2001f1ec    00000198     UNINITIALIZED
                  2001f1ec    00000122     main.obj (.data:RawData_Ping)
                  2001f30e    00000002     --HOLE--
                  2001f310    0000003c     simplelink.a : nonos.obj (.data:g__SlNonOsCB)
                  2001f34c    0000000d                  : driver.obj (.data)
                  2001f359    00000003     --HOLE--
                  2001f35c    00000009                  : cc_pal.obj (.data)
                  2001f365    00000003     --HOLE--
                  2001f368    00000008     rtsv7M4_T_le_v4SPD16_eabi.lib : _lock.c.obj (.data:$O1$$)
                  2001f370    00000008                                   : memory.c.obj (.data:$O1$$)
                  2001f378    00000008     main.obj (.data)
                  2001f380    00000004     rtsv7M4_T_le_v4SPD16_eabi.lib : errno.c.obj (.data)

.stack     0    2002eb00    00001500     UNINITIALIZED
                  2002eb00    00000004     rtsv7M4_T_le_v4SPD16_eabi.lib : boot_cortex_m.c.obj (.stack)
                  2002eb04    000014fc     --HOLE--

MODULE SUMMARY

       Module                       code    ro data   rw data
       ------                       ----    -------   -------
    .\
       main.obj                     4652    112       342    
       startup_ccs.obj              14      1024      0      
       uart_if.obj                  640     0         4      
       pinmux.obj                   28      0         0      
    +--+----------------------------+-------+---------+---------+
       Total:                       5334    1136      346    
                                                             
    C:/ti/CC3200SDK_1.3.0/cc3200-sdk/driverlib/ccs/Release/driverlib.a
       prcm.obj                     852     168       0      
       interrupt.obj                608     340       0      
       spi.obj                      798     60        0      
       udma.obj                     604     0         0      
       pin.obj                      226     256       0      
       uart.obj                     306     0         0      
       timer.obj                    210     0         0      
       cpu.obj                      20      0         0      
       utils.obj                    6       0         0      
    +--+----------------------------+-------+---------+---------+
       Total:                       3630    824       0      
                                                             
    C:/ti/CC3200SDK_1.3.0/cc3200-sdk/simplelink/ccs/NON_OS/simplelink.a
       driver.obj                   7714    184       375    
       cc_pal.obj                   1820    0         90     
       netapp.obj                   1248    8         0      
       socket.obj                   1080    32        0      
       device.obj                   1078    16        0      
       wlan.obj                     676     20        0      
       nonos.obj                    416     20        60     
       netcfg.obj                   368     8         0      
    +--+----------------------------+-------+---------+---------+
       Total:                       14400   288       525    
                                                             
    C:\ti\ccs900\ccs\tools\compiler\ti-cgt-arm_18.12.1.LTS\lib\rtsv7M4_T_le_v4SPD16_eabi.lib
       _printfi.c.obj               4851    0         0      
       memory.c.obj                 892     0         8      
       fd_add_t2.asm.obj            438     0         0      
       fd_div_t2.asm.obj            310     0         0      
       s_scalbn.c.obj               272     0         0      
       strtoul.c.obj                272     0         0      
       fd_cmp_t2.asm.obj            268     0         0      
       ctype.c.obj                  0       257       0      
       fd_mul_t2.asm.obj            252     0         0      
       memcpy_t2.asm.obj            156     0         0      
       ull_div_t2.asm.obj           150     0         0      
       vsnprintf.c.obj              136     0         0      
       memset_t2.asm.obj            122     0         0      
       copy_decompress_lzss.c.obj   104     0         0      
       s_frexp.c.obj                100     0         0      
       ltoa.c.obj                   84      0         0      
       atoi.c.obj                   76      0         0      
       fd_toi_t2.asm.obj            72      0         0      
       autoinit.c.obj               68      0         0      
       boot_cortex_m.c.obj          52      0         0      
       i_tofd_t2.asm.obj            46      0         0      
       memmov.c.obj                 36      0         0      
       memccpy.c.obj                28      0         0      
       s_copysign.c.obj             26      0         0      
       strchr.c.obj                 22      0         0      
       strlen.c.obj                 20      0         0      
       copy_zero_init.c.obj         18      0         0      
       wcslen.c.obj                 18      0         0      
       copy_decompress_none.c.obj   14      0         0      
       errno.c.obj                  8       0         4      
       _lock.c.obj                  2       0         8      
       exit.c.obj                   4       0         0      
       pre_init.c.obj               4       0         0      
       div0.asm.obj                 2       0         0      
    +--+----------------------------+-------+---------+---------+
       Total:                       8923    257       20     
                                                             
       Heap:                        0       0         32768  
       Stack:                       0       0         5376   
       Linker Generated:            0       132       0      
    +--+----------------------------+-------+---------+---------+
       Grand Total:                 32287   2637      39035  


LINKER GENERATED COPY TABLES

__TI_cinit_table @ 2000c888 records: 2, size/record: 8, table size: 16
	.data: load addr=2000c810, load size=00000060 bytes, run addr=2001f1ec, run size=00000198 bytes, compression=lzss
	.bss: load addr=2000c880, load size=00000008 bytes, run addr=2001f000, run size=000001eb bytes, compression=zero_init


LINKER GENERATED HANDLER TABLE

__TI_handler_table @ 2000c870 records: 3, size/record: 4, table size: 12
	index: 0, handler: __TI_decompress_lzss
	index: 1, handler: __TI_decompress_none
	index: 2, handler: __TI_zero_init


GLOBAL SYMBOLS: SORTED ALPHABETICALLY BY Name 

address   name                                  
-------   ----                                  
2000c23b  C$$EXIT                               
2000c15f  CPUcpsie                              
2000664d  ClearTerm                             
2000bce5  DmaSpiSwIntHandler                    
20006657  Error                                 
2000668f  GetCmd                                
2000660d  InitTerm                              
2000999d  IntDisable                            
20009a45  IntEnable                             
2000c215  IntMasterEnable                       
2000b085  IntPendClear                          
2000b18d  IntPrioritySet                        
2000bdb9  IntRegister                           
2000bd09  IntUnregister                         
2000c175  IntVTableBaseSet                      
2000662b  Message                               
2000c1fd  NwpMaskInterrupt                      
2000b955  NwpPowerOff                           
2000baf1  NwpPowerOn                            
2000bdd9  NwpPrePowerOffTimout0                 
2000b7e9  NwpRegisterInterruptHandler           
2000c209  NwpUnMaskInterrupt                    
2000c640  OpcodeTranslateTable                  
20007965  PRCMCC3200MCUInit                     
2000c0f1  PRCMHIBRegRead                        
2000c107  PRCMHIBRegWrite                       
2000bbf5  PRCMPeripheralClkDisable              
2000b8a1  PRCMPeripheralClkEnable               
2000a069  PRCMPeripheralClockGet                
2000b0dd  PRCMPeripheralReset                   
2000b9c5  PRCMPeripheralStatusGet               
2000bb1d  PRCMSysResetCauseGet                  
2000a569  PinConfigSet                          
2000b729  PinModeSet                            
2000bf41  PinMuxConfig                          
2000bf79  PinTypeUART                           
2001f1ec  RawData_Ping                          
200067cd  Report                                
2000c1ed  ResetISR                              
2001f1e8  RxIrqCnt                              
2000c02f  SPICSDisable                          
2000c047  SPICSEnable                           
20009b91  SPIConfigSetExpClk                    
2000c05f  SPIDisable                            
2000bf93  SPIDmaDisable                         
2000bfad  SPIDmaEnable                          
2000c077  SPIEnable                             
2000bfc7  SPIFIFODisable                        
2000bfe1  SPIFIFOEnable                         
2000b9f9  SPIFIFOLevelSet                       
2000b4fd  SPIIntClear                           
2000b381  SPIIntEnable                          
2000bffb  SPIIntUnregister                      
2000bd75  SPIReset                              
2000bd97  SPIWordCountSet                       
200045c9  SimpleLinkGeneralEventHandler         
200045a1  SimpleLinkHttpServerCallback          
20004509  SimpleLinkNetAppEventHandler          
200045df  SimpleLinkSockEventHandler            
20004401  SimpleLinkWlanEventHandler            
2000b619  TimerConfigure                        
2000be59  TimerEnable                           
2000bdf9  TimerGetCurrentTimestamp              
2000bba1  TimerLoadSet                          
2000bbcb  TimerPrescaleSet                      
2000beb3  TimerValueGet                         
20005035  TransceiverModeRx                     
20006735  TrimSpace                             
2000c11d  UARTCharGet                           
2000becf  UARTCharGetNonBlocking                
2000be77  UARTCharPut                           
2000c08f  UARTCharsAvail                        
2000aa71  UARTConfigSetExpClk                   
2000ba61  UARTDisable                           
2000bd2d  UARTEnable                            
2000c231  UtilsDelay                            
2000c67c  _SlActionLookupTable                  
20009aed  _SlDriverHandleError                  
2000b545  _SlDrvBasicCmd                        
20009779  _SlDrvCmdOp                           
2000abcd  _SlDrvCmdSend                         
20006d49  _SlDrvDataReadOp                      
20007c4d  _SlDrvDataWriteOp                     
20009d6d  _SlDrvDeviceEventHandler              
2000c1c1  _SlDrvDispatchHttpServerEvents        
200083d1  _SlDrvDriverCBDeinit                  
20007485  _SlDrvDriverCBInit                    
2000bc1d  _SlDrvGlobalObjUnLock                 
2000a3c5  _SlDrvIsTimeoutExpired                
2000c133  _SlDrvMemZero                         
20008fdd  _SlDrvMsgReadSpawnCtx                 
20008845  _SlDrvNetAppEventHandler              
2000bcbd  _SlDrvObjLockWaitForever              
2000be19  _SlDrvObjUnLock                       
2000b419  _SlDrvProtectAsyncRespSetting         
2000bb75  _SlDrvProtectionObjLockWaitForever    
2000bc45  _SlDrvProtectionObjUnLock             
20006f2d  _SlDrvReleasePoolObj                  
2000c1d1  _SlDrvResetCmdExt                     
2000b1e1  _SlDrvRxIrqHandler                    
2000beeb  _SlDrvStartMeasureTimeout             
2000be39  _SlDrvSyncObjSignal                   
2000bc6d  _SlDrvSyncObjWaitForever              
2000b65d  _SlDrvSyncObjWaitTimeout              
200077d5  _SlDrvWaitForPoolObj                  
2000c7d8  _SlNetAppSendTokenValueCmdCtrl        
2000aae9  _SlNonOsMainLoopTask                  
200098ed  _SlNonOsSemGet                        
2000c0a7  _SlNonOsSemSet                        
2000ad0d  _SlNonOsSpawn                         
20030000  __STACK_END                           
00001500  __STACK_SIZE                          
00008000  __SYSMEM_SIZE                         
2000c888  __TI_CINIT_Base                       
2000c898  __TI_CINIT_Limit                      
2000c870  __TI_Handler_Table_Base               
2000c87c  __TI_Handler_Table_Limit              
2000b6a1  __TI_auto_init_nobinit_nopinit        
2000aca5  __TI_decompress_lzss                  
2000c1df  __TI_decompress_none                  
ffffffff  __TI_pprof_out_hndl                   
2000562d  __TI_printfi                          
ffffffff  __TI_prof_data_size                   
ffffffff  __TI_prof_data_start                  
2000c810  __TI_static_base__                    
2000c19d  __TI_zero_init_nomemset               
2000a5f1  __aeabi_cdcmpeq                       
2000a5f1  __aeabi_cdcmple                       
2000a677  __aeabi_cdrcmple                      
2000b58d  __aeabi_d2iz                          
200072d7  __aeabi_dadd                          
20008165  __aeabi_ddiv                          
20008949  __aeabi_dmul                          
200072cd  __aeabi_dsub                          
2000c221  __aeabi_errno_addr                    
2000bac1  __aeabi_i2d                           
2000829b  __aeabi_idiv0                         
2000829b  __aeabi_ldiv0                         
2000a97d  __aeabi_memclr                        
2000a97d  __aeabi_memclr4                       
2000a97d  __aeabi_memclr8                       
20009cd1  __aeabi_memcpy                        
20009cd1  __aeabi_memcpy4                       
20009cd1  __aeabi_memcpy8                       
2000a97f  __aeabi_memset                        
2000a97f  __aeabi_memset4                       
2000a97f  __aeabi_memset8                       
20009fd1  __aeabi_uldivmod                      
ffffffff  __binit__                             
ffffffff  __c_args__                            
UNDEFED   __mpu_init                            
2002eb00  __stack                               
2000ba2d  _c_int00_noargs                       
2000c240  _ctypes_                              
2001f368  _lock                                 
20007483  _nop                                  
2000ad71  _sl_HandleAsync_Accept                
2000a781  _sl_HandleAsync_Connect               
2000a0fd  _sl_HandleAsync_DnsGetHostByName      
2000951d  _sl_HandleAsync_DnsGetHostByService   
2000a451  _sl_HandleAsync_InitComplete          
2000a18d  _sl_HandleAsync_PingResponse          
2000b235  _sl_HandleAsync_Select                
2000b331  _sl_HandleAsync_Stop                  
2000ac39  _sl_NetAppSendTokenValue              
20017000  _sys_memory                           
UNDEFED   _system_post_cinit                    
2000c237  _system_pre_init                      
2001f36c  _unlock                               
2000c23b  abort                                 
20008a45  aligned_alloc                         
2000b465  atoi                                  
ffffffff  binit                                 
2000c015  copysign                              
2000c015  copysignl                             
2001f380  errno                                 
200090c5  free                                  
2000add5  frexp                                 
2000add5  frexpl                                
2001f34c  g_SlDeviceStatus                      
2001f35c  g_SpiFd                               
2001f310  g__SlNonOsCB                          
2001f1e9  g_bDeviceRestartIsRequired            
2001f1ea  g_cDummy                              
2001f350  g_pCB                                 
2001f360  g_pHostIntHdl                         
20004000  g_pfnVectors                          
2001f1dc  g_ucConnectionBSSID                   
2001f1b8  g_ucConnectionSSID                    
2001f364  g_ucDMAEnabled                        
2001f168  g_ucDinDout                           
2001f37c  g_ulGatewayIP                         
2001f378  g_ulStatus                            
20008625  ldexp                                 
20008625  ldexpl                                
2000b289  ltoa                                  
200051a1  main                                  
2000c229  malloc                                
20008a45  memalign                              
2000bf25  memccpy                               
20009cd1  memcpy                                
2000bd51  memmove                               
2000a985  memset                                
2001f354  pPingCallBackFunc                     
2000936d  realloc                               
20008625  scalbn                                
20008625  scalbnl                               
2000b8dd  simplelink_timerA2_start              
2000af65  sl_Close                              
200095e9  sl_DevGet                             
200091ad  sl_NetAppMDNSRegisterUnregisterService
2000ae39  sl_NetAppMDNSUnRegisterService        
20009445  sl_NetCfgGet                          
20009e09  sl_NetCfgSet                          
20009c31  sl_Recv                               
2000829d  sl_Send                               
2000a4dd  sl_Socket                             
20008e09  sl_Start                              
20008b39  sl_Stop                               
2000b98d  sl_WlanDisconnect                     
2000a21d  sl_WlanPolicySet                      
2000afc5  sl_WlanProfileDel                     
2000a6fd  sl_WlanRxFilterSet                    
20009ea1  sl_WlanSet                            
2000b025  sl_WlanSetMode                        
2000a9f9  spi_Close                             
20007d9d  spi_Open                              
20008c29  spi_Read                              
20009f39  spi_Write                             
2000c149  strchr                                
2000c189  strlen                                
20008735  strtoul                               
2000b4b1  uDMAChannelAssign                     
2000ae9d  uDMAChannelAttributeDisable           
2000af01  uDMAChannelAttributeEnable            
2000b919  uDMAChannelControlSet                 
2000bf5d  uDMAChannelEnable                     
20008d19  uDMAChannelTransferSet                
2000b7a9  vsnprintf                             
2000c1af  wcslen                                


GLOBAL SYMBOLS: SORTED BY Symbol Address 

address   name                                  
-------   ----                                  
00001500  __STACK_SIZE                          
00008000  __SYSMEM_SIZE                         
20004000  g_pfnVectors                          
20004401  SimpleLinkWlanEventHandler            
20004509  SimpleLinkNetAppEventHandler          
200045a1  SimpleLinkHttpServerCallback          
200045c9  SimpleLinkGeneralEventHandler         
200045df  SimpleLinkSockEventHandler            
20005035  TransceiverModeRx                     
200051a1  main                                  
2000562d  __TI_printfi                          
2000660d  InitTerm                              
2000662b  Message                               
2000664d  ClearTerm                             
20006657  Error                                 
2000668f  GetCmd                                
20006735  TrimSpace                             
200067cd  Report                                
20006d49  _SlDrvDataReadOp                      
20006f2d  _SlDrvReleasePoolObj                  
200072cd  __aeabi_dsub                          
200072d7  __aeabi_dadd                          
20007483  _nop                                  
20007485  _SlDrvDriverCBInit                    
200077d5  _SlDrvWaitForPoolObj                  
20007965  PRCMCC3200MCUInit                     
20007c4d  _SlDrvDataWriteOp                     
20007d9d  spi_Open                              
20008165  __aeabi_ddiv                          
2000829b  __aeabi_idiv0                         
2000829b  __aeabi_ldiv0                         
2000829d  sl_Send                               
200083d1  _SlDrvDriverCBDeinit                  
20008625  ldexp                                 
20008625  ldexpl                                
20008625  scalbn                                
20008625  scalbnl                               
20008735  strtoul                               
20008845  _SlDrvNetAppEventHandler              
20008949  __aeabi_dmul                          
20008a45  aligned_alloc                         
20008a45  memalign                              
20008b39  sl_Stop                               
20008c29  spi_Read                              
20008d19  uDMAChannelTransferSet                
20008e09  sl_Start                              
20008fdd  _SlDrvMsgReadSpawnCtx                 
200090c5  free                                  
200091ad  sl_NetAppMDNSRegisterUnregisterService
2000936d  realloc                               
20009445  sl_NetCfgGet                          
2000951d  _sl_HandleAsync_DnsGetHostByService   
200095e9  sl_DevGet                             
20009779  _SlDrvCmdOp                           
200098ed  _SlNonOsSemGet                        
2000999d  IntDisable                            
20009a45  IntEnable                             
20009aed  _SlDriverHandleError                  
20009b91  SPIConfigSetExpClk                    
20009c31  sl_Recv                               
20009cd1  __aeabi_memcpy                        
20009cd1  __aeabi_memcpy4                       
20009cd1  __aeabi_memcpy8                       
20009cd1  memcpy                                
20009d6d  _SlDrvDeviceEventHandler              
20009e09  sl_NetCfgSet                          
20009ea1  sl_WlanSet                            
20009f39  spi_Write                             
20009fd1  __aeabi_uldivmod                      
2000a069  PRCMPeripheralClockGet                
2000a0fd  _sl_HandleAsync_DnsGetHostByName      
2000a18d  _sl_HandleAsync_PingResponse          
2000a21d  sl_WlanPolicySet                      
2000a3c5  _SlDrvIsTimeoutExpired                
2000a451  _sl_HandleAsync_InitComplete          
2000a4dd  sl_Socket                             
2000a569  PinConfigSet                          
2000a5f1  __aeabi_cdcmpeq                       
2000a5f1  __aeabi_cdcmple                       
2000a677  __aeabi_cdrcmple                      
2000a6fd  sl_WlanRxFilterSet                    
2000a781  _sl_HandleAsync_Connect               
2000a97d  __aeabi_memclr                        
2000a97d  __aeabi_memclr4                       
2000a97d  __aeabi_memclr8                       
2000a97f  __aeabi_memset                        
2000a97f  __aeabi_memset4                       
2000a97f  __aeabi_memset8                       
2000a985  memset                                
2000a9f9  spi_Close                             
2000aa71  UARTConfigSetExpClk                   
2000aae9  _SlNonOsMainLoopTask                  
2000abcd  _SlDrvCmdSend                         
2000ac39  _sl_NetAppSendTokenValue              
2000aca5  __TI_decompress_lzss                  
2000ad0d  _SlNonOsSpawn                         
2000ad71  _sl_HandleAsync_Accept                
2000add5  frexp                                 
2000add5  frexpl                                
2000ae39  sl_NetAppMDNSUnRegisterService        
2000ae9d  uDMAChannelAttributeDisable           
2000af01  uDMAChannelAttributeEnable            
2000af65  sl_Close                              
2000afc5  sl_WlanProfileDel                     
2000b025  sl_WlanSetMode                        
2000b085  IntPendClear                          
2000b0dd  PRCMPeripheralReset                   
2000b18d  IntPrioritySet                        
2000b1e1  _SlDrvRxIrqHandler                    
2000b235  _sl_HandleAsync_Select                
2000b289  ltoa                                  
2000b331  _sl_HandleAsync_Stop                  
2000b381  SPIIntEnable                          
2000b419  _SlDrvProtectAsyncRespSetting         
2000b465  atoi                                  
2000b4b1  uDMAChannelAssign                     
2000b4fd  SPIIntClear                           
2000b545  _SlDrvBasicCmd                        
2000b58d  __aeabi_d2iz                          
2000b619  TimerConfigure                        
2000b65d  _SlDrvSyncObjWaitTimeout              
2000b6a1  __TI_auto_init_nobinit_nopinit        
2000b729  PinModeSet                            
2000b7a9  vsnprintf                             
2000b7e9  NwpRegisterInterruptHandler           
2000b8a1  PRCMPeripheralClkEnable               
2000b8dd  simplelink_timerA2_start              
2000b919  uDMAChannelControlSet                 
2000b955  NwpPowerOff                           
2000b98d  sl_WlanDisconnect                     
2000b9c5  PRCMPeripheralStatusGet               
2000b9f9  SPIFIFOLevelSet                       
2000ba2d  _c_int00_noargs                       
2000ba61  UARTDisable                           
2000bac1  __aeabi_i2d                           
2000baf1  NwpPowerOn                            
2000bb1d  PRCMSysResetCauseGet                  
2000bb75  _SlDrvProtectionObjLockWaitForever    
2000bba1  TimerLoadSet                          
2000bbcb  TimerPrescaleSet                      
2000bbf5  PRCMPeripheralClkDisable              
2000bc1d  _SlDrvGlobalObjUnLock                 
2000bc45  _SlDrvProtectionObjUnLock             
2000bc6d  _SlDrvSyncObjWaitForever              
2000bcbd  _SlDrvObjLockWaitForever              
2000bce5  DmaSpiSwIntHandler                    
2000bd09  IntUnregister                         
2000bd2d  UARTEnable                            
2000bd51  memmove                               
2000bd75  SPIReset                              
2000bd97  SPIWordCountSet                       
2000bdb9  IntRegister                           
2000bdd9  NwpPrePowerOffTimout0                 
2000bdf9  TimerGetCurrentTimestamp              
2000be19  _SlDrvObjUnLock                       
2000be39  _SlDrvSyncObjSignal                   
2000be59  TimerEnable                           
2000be77  UARTCharPut                           
2000beb3  TimerValueGet                         
2000becf  UARTCharGetNonBlocking                
2000beeb  _SlDrvStartMeasureTimeout             
2000bf25  memccpy                               
2000bf41  PinMuxConfig                          
2000bf5d  uDMAChannelEnable                     
2000bf79  PinTypeUART                           
2000bf93  SPIDmaDisable                         
2000bfad  SPIDmaEnable                          
2000bfc7  SPIFIFODisable                        
2000bfe1  SPIFIFOEnable                         
2000bffb  SPIIntUnregister                      
2000c015  copysign                              
2000c015  copysignl                             
2000c02f  SPICSDisable                          
2000c047  SPICSEnable                           
2000c05f  SPIDisable                            
2000c077  SPIEnable                             
2000c08f  UARTCharsAvail                        
2000c0a7  _SlNonOsSemSet                        
2000c0f1  PRCMHIBRegRead                        
2000c107  PRCMHIBRegWrite                       
2000c11d  UARTCharGet                           
2000c133  _SlDrvMemZero                         
2000c149  strchr                                
2000c15f  CPUcpsie                              
2000c175  IntVTableBaseSet                      
2000c189  strlen                                
2000c19d  __TI_zero_init_nomemset               
2000c1af  wcslen                                
2000c1c1  _SlDrvDispatchHttpServerEvents        
2000c1d1  _SlDrvResetCmdExt                     
2000c1df  __TI_decompress_none                  
2000c1ed  ResetISR                              
2000c1fd  NwpMaskInterrupt                      
2000c209  NwpUnMaskInterrupt                    
2000c215  IntMasterEnable                       
2000c221  __aeabi_errno_addr                    
2000c229  malloc                                
2000c231  UtilsDelay                            
2000c237  _system_pre_init                      
2000c23b  C$$EXIT                               
2000c23b  abort                                 
2000c240  _ctypes_                              
2000c640  OpcodeTranslateTable                  
2000c67c  _SlActionLookupTable                  
2000c7d8  _SlNetAppSendTokenValueCmdCtrl        
2000c810  __TI_static_base__                    
2000c870  __TI_Handler_Table_Base               
2000c87c  __TI_Handler_Table_Limit              
2000c888  __TI_CINIT_Base                       
2000c898  __TI_CINIT_Limit                      
20017000  _sys_memory                           
2001f168  g_ucDinDout                           
2001f1b8  g_ucConnectionSSID                    
2001f1dc  g_ucConnectionBSSID                   
2001f1e8  RxIrqCnt                              
2001f1e9  g_bDeviceRestartIsRequired            
2001f1ea  g_cDummy                              
2001f1ec  RawData_Ping                          
2001f310  g__SlNonOsCB                          
2001f34c  g_SlDeviceStatus                      
2001f350  g_pCB                                 
2001f354  pPingCallBackFunc                     
2001f35c  g_SpiFd                               
2001f360  g_pHostIntHdl                         
2001f364  g_ucDMAEnabled                        
2001f368  _lock                                 
2001f36c  _unlock                               
2001f378  g_ulStatus                            
2001f37c  g_ulGatewayIP                         
2001f380  errno                                 
2002eb00  __stack                               
20030000  __STACK_END                           
ffffffff  __TI_pprof_out_hndl                   
ffffffff  __TI_prof_data_size                   
ffffffff  __TI_prof_data_start                  
ffffffff  __binit__                             
ffffffff  __c_args__                            
ffffffff  binit                                 
UNDEFED   __mpu_init                            
UNDEFED   _system_post_cinit                    

[240 symbols]
